   Compiling pctx v0.1.0-dev (/Users/dev/PCTX)
    Finished `test` profile [unoptimized + debuginfo] target(s) in 0.61s
     Running tests/context_adaptive.rs (target/debug/deps/context_adaptive-70b876c348e77459)

running 7 tests
test adaptive_budget_uses_intermediate_tiers_and_accounts_final_overhead_deterministically ... ok
test excerpts_preserve_exact_original_ranges_and_unsupported_signature_is_explicit ... ok
test explicit_seed_survives_lower_priority_imports_under_tight_budget ... ok
test final_escaped_document_budget_and_unsupported_tokenizer_remain_truthful ... ok
test final_omissions_fit_without_cutting_mandatory_task_rules_or_decisions ... ok
test markdown_final_document_uses_the_same_exact_accounting ... ok
test multiline_signatures_have_verified_utf8_crlf_ranges_and_distinct_outlines ... ok

test result: ok. 7 passed; 0 failed; 0 ignored; 0 measured; 0 filtered out; finished in 1.48s

     Running tests/context_delivery_selection.rs (target/debug/deps/context_delivery_selection-2d942bfc32429490)

running 3 tests
test consumer_envelope_and_escaped_overhead_drive_tiers_and_exact_capacity ... ok
test consumer_failure_and_original_deadline_cannot_publish_a_selection ... ok
test consumer_overhead_cannot_remove_mandatory_rules_or_fake_a_fitting_packet ... ok

test result: ok. 3 passed; 0 failed; 0 ignored; 0 measured; 0 filtered out; finished in 1.10s

     Running tests/session.rs (target/debug/deps/session-e37e24e280aa64af)

running 7 tests
test expired_outer_budget_cannot_emit_ack_attach_or_change_epoch ... ok
test explicit_ack_unchanged_delta_and_no_source_ledger ... ok
test identity_secrets_are_rejected_before_persistence ... ok
test independent_sessions_boundaries_and_policy_reject_old_baselines ... ok
test minimum_budget_failure_creates_no_emission ... ok
test rule_changes_and_deleted_paths_are_explicit ... ok
test suspend_reconcile_preserves_task_pause_and_never_revives_run ... ok

test result: ok. 7 passed; 0 failed; 0 ignored; 0 measured; 0 filtered out; finished in 0.20s

     Running tests/session_render_budget.rs (target/debug/deps/session_render_budget-2e37552a4a4fa12a)

running 4 tests
test adaptive_delta_resends_unreceived_body_and_reuses_acknowledged_receipts ... FAILED
test exact_final_budget_and_representation_receipts_require_explicit_ack ... ok
test original_cli_budget_bounds_writer_admission_without_context_or_epoch_writes ... ok
test terminal_escape_overflow_is_rejected_before_context_emission_or_event ... ok

failures:

---- adaptive_delta_resends_unreceived_body_and_reuses_acknowledged_receipts stdout ----

thread 'adaptive_delta_resends_unreceived_body_and_reuses_acknowledged_receipts' (7491278) panicked at tests/session_render_budget.rs:527:5:
assertion `left == right` failed
  left: String("CTX-03cb3f78b5c2cd287e2892310a53e55b1021f86427ab6ec0925800a3d05bb065")
 right: "CTX-9909cd33f3f01c4cc48bbf3754979b5ee6857bb8e06ef430d09167975cad55fd"
note: run with `RUST_BACKTRACE=1` environment variable to display a backtrace


failures:
    adaptive_delta_resends_unreceived_body_and_reuses_acknowledged_receipts

test result: FAILED. 3 passed; 1 failed; 0 ignored; 0 measured; 0 filtered out; finished in 1.25s

error: test failed, to rerun pass `--test session_render_budget`
