   Compiling pctx v0.1.0-dev (/Users/dev/PCTX)
    Finished `test` profile [unoptimized + debuginfo] target(s) in 3.16s
     Running tests/context_adaptive.rs (target/debug/deps/context_adaptive-70b876c348e77459)

running 7 tests
test adaptive_budget_uses_intermediate_tiers_and_accounts_final_overhead_deterministically ... ok
test excerpts_preserve_exact_original_ranges_and_unsupported_signature_is_explicit ... ok
test explicit_seed_survives_lower_priority_imports_under_tight_budget ... ok
test final_escaped_document_budget_and_unsupported_tokenizer_remain_truthful ... ok
test final_omissions_fit_without_cutting_mandatory_task_rules_or_decisions ... ok
test markdown_final_document_uses_the_same_exact_accounting ... ok
test multiline_signatures_have_verified_utf8_crlf_ranges_and_distinct_outlines ... ok

test result: ok. 7 passed; 0 failed; 0 ignored; 0 measured; 0 filtered out; finished in 1.44s

     Running tests/context_delivery_selection.rs (target/debug/deps/context_delivery_selection-2d942bfc32429490)

running 4 tests
test consumer_envelope_and_escaped_overhead_drive_tiers_and_exact_capacity ... ok
test consumer_failure_and_original_deadline_cannot_publish_a_selection ... ok
test consumer_overhead_cannot_remove_mandatory_rules_or_fake_a_fitting_packet ... ok
test source_changed_during_delivery_preparation_cannot_publish_stale_spans ... ok

test result: ok. 4 passed; 0 failed; 0 ignored; 0 measured; 0 filtered out; finished in 1.12s

     Running tests/project_documents.rs (target/debug/deps/project_documents-7b87e5d6e076ca8b)

running 7 tests
test decision_lifecycle_never_promotes_retired_or_proposed_claims ... ok
test decisions_keep_superseded_records_and_report_unresolved_references ... ok
test legacy_instructions_are_opaque_and_all_returned_metadata_is_masked ... ok
test proposed_replacement_cannot_retire_current_claim_and_cancellation_cannot_revive_predecessor ... ok
test rules_are_scoped_required_and_keep_source_provenance ... ok
test structured_conflicts_fail_but_natural_contradictions_remain_data ... ok
test tags_aliases_duplicate_ids_and_excess_nesting_are_rejected ... ok

test result: ok. 7 passed; 0 failed; 0 ignored; 0 measured; 0 filtered out; finished in 0.10s

     Running tests/session.rs (target/debug/deps/session-e37e24e280aa64af)

running 7 tests
test expired_outer_budget_cannot_emit_ack_attach_or_change_epoch ... ok
test explicit_ack_unchanged_delta_and_no_source_ledger ... ok
test identity_secrets_are_rejected_before_persistence ... ok
test independent_sessions_boundaries_and_policy_reject_old_baselines ... ok
test minimum_budget_failure_creates_no_emission ... ok
test rule_changes_and_deleted_paths_are_explicit ... ok
test suspend_reconcile_preserves_task_pause_and_never_revives_run ... ok

test result: ok. 7 passed; 0 failed; 0 ignored; 0 measured; 0 filtered out; finished in 0.22s

     Running tests/session_render_budget.rs (target/debug/deps/session_render_budget-2e37552a4a4fa12a)

running 6 tests
test adaptive_delta_resends_unreceived_body_and_reuses_acknowledged_receipts ... ok
test exact_final_budget_and_representation_receipts_require_explicit_ack ... ok
test omitted_sources_are_not_acknowledged_and_later_delivery_is_explicit ... ok
test original_cli_budget_bounds_writer_admission_without_context_or_epoch_writes ... ok
test terminal_escape_overflow_is_rejected_before_context_emission_or_event ... ok
test unchanged_git_does_not_hide_decision_or_memory_change_retirement_and_deletion ... FAILED

failures:

---- unchanged_git_does_not_hide_decision_or_memory_change_retirement_and_deletion stdout ----

thread 'unchanged_git_does_not_hide_decision_or_memory_change_retirement_and_deletion' (7516333) panicked at tests/session_render_budget.rs:947:10:
called `Option::unwrap()` on a `None` value
note: run with `RUST_BACKTRACE=1` environment variable to display a backtrace


failures:
    unchanged_git_does_not_hide_decision_or_memory_change_retirement_and_deletion

test result: FAILED. 5 passed; 1 failed; 0 ignored; 0 measured; 0 filtered out; finished in 4.32s

error: test failed, to rerun pass `--test session_render_budget`
