   Compiling pctx v0.1.0-dev (/Users/dev/PCTX)
    Finished `test` profile [unoptimized + debuginfo] target(s) in 3.02s
     Running tests/context_adaptive.rs (target/debug/deps/context_adaptive-70b876c348e77459)

running 7 tests
test markdown_final_document_uses_the_same_exact_accounting ... ok
test final_escaped_document_budget_and_unsupported_tokenizer_remain_truthful ... ok
test excerpts_preserve_exact_original_ranges_and_unsupported_signature_is_explicit ... ok
test multiline_signatures_have_verified_utf8_crlf_ranges_and_distinct_outlines ... ok
test explicit_seed_survives_lower_priority_imports_under_tight_budget ... ok
test final_omissions_fit_without_cutting_mandatory_task_rules_or_decisions ... ok
test adaptive_budget_uses_intermediate_tiers_and_accounts_final_overhead_deterministically ... ok

test result: ok. 7 passed; 0 failed; 0 ignored; 0 measured; 0 filtered out; finished in 1.09s

     Running tests/context_delivery_barriers.rs (target/debug/deps/context_delivery_barriers-557a7f251a35cc4a)

running 7 tests
test canonical_id_wins_over_colliding_alias_and_expired_budget_never_writes ... ok
test uninitialized_controls_are_read_only_and_partial_schema_fails_closed ... ok
test relevant_control_mutation_rebinds_fingerprint_but_unrelated_controls_do_not ... ok
test canonical_alias_registered_role_and_wildcard_pauses_block_without_grant ... ok
test durable_role_event_revision_prevents_same_second_pause_resume_reuse ... ok
test topic_silence_normalizes_aliases_and_is_exact_to_role_recipient_topic ... ok
test relevant_topic_controls_are_bounded_and_corrupt_labels_fail_closed ... ok

test result: ok. 7 passed; 0 failed; 0 ignored; 0 measured; 0 filtered out; finished in 0.02s

     Running tests/context_delivery_selection.rs (target/debug/deps/context_delivery_selection-2d942bfc32429490)

running 6 tests
test source_changed_during_delivery_preparation_cannot_publish_stale_spans ... ok
test owner_pause_during_delivery_preparation_cannot_publish_selected_bodies ... ok
test consumer_overhead_cannot_remove_mandatory_rules_or_fake_a_fitting_packet ... ok
test consumer_envelope_and_escaped_overhead_drive_tiers_and_exact_capacity ... ok
test omitted_replacement_changed_during_delivery_invalidates_unchanged_selected_decision ... ok
test consumer_failure_and_original_deadline_cannot_publish_a_selection ... ok

test result: ok. 6 passed; 0 failed; 0 ignored; 0 measured; 0 filtered out; finished in 1.07s

     Running tests/pack.rs (target/debug/deps/pack-8d09189cdcc06191)

running 10 tests
test giant_item_and_total_budget_fail_without_plans_or_publication ... ok
test inspection_reapplies_source_artifact_policy_and_masks_untrusted_manifest ... ok
test forged_budgets_parts_and_json_complexity_are_rejected_before_load ... ok
test racing_artifact_parent_symlink_never_reads_outside_marker ... ok
test signatures_keep_notices_and_single_json_verifies ... ok
test stale_source_policy_task_and_wrong_expected_hash_do_not_publish ... ok
test integrity_tamper_missing_parts_and_missing_original_are_distinct ... ok
test symlink_output_input_overlap_and_overwrite_are_denied ... ok
test immutable_plan_has_no_source_metadata_default_and_full_masks_preserves_license ... ok
test task_or_parser_revision_changes_make_current_source_pack_stale ... ok

test result: ok. 10 passed; 0 failed; 0 ignored; 0 measured; 0 filtered out; finished in 0.44s

     Running tests/session.rs (target/debug/deps/session-e37e24e280aa64af)

running 7 tests
test identity_secrets_are_rejected_before_persistence ... ok
test suspend_reconcile_preserves_task_pause_and_never_revives_run ... ok
test expired_outer_budget_cannot_emit_ack_attach_or_change_epoch ... ok
test independent_sessions_boundaries_and_policy_reject_old_baselines ... ok
test minimum_budget_failure_creates_no_emission ... ok
test rule_changes_and_deleted_paths_are_explicit ... ok
test explicit_ack_unchanged_delta_and_no_source_ledger ... ok

test result: ok. 7 passed; 0 failed; 0 ignored; 0 measured; 0 filtered out; finished in 0.12s

     Running tests/session_render_budget.rs (target/debug/deps/session_render_budget-2e37552a4a4fa12a)

running 8 tests
test terminal_escape_overflow_is_rejected_before_context_emission_or_event ... ok
test exact_final_budget_and_representation_receipts_require_explicit_ack ... ok
test registered_role_and_topic_controls_precede_context_and_resume_requires_fresh_baseline ... ok
test adaptive_delta_resends_unreceived_body_and_reuses_acknowledged_receipts ... ok
test unchanged_git_does_not_hide_decision_or_memory_change_retirement_and_deletion ... ok
test supersession_links_invalidate_unchanged_source_without_reviving_it_on_replacement_cancellation ... ok
test original_cli_budget_bounds_writer_admission_without_context_or_epoch_writes ... ok
test omitted_sources_are_not_acknowledged_and_later_delivery_is_explicit ... ok

test result: ok. 8 passed; 0 failed; 0 ignored; 0 measured; 0 filtered out; finished in 3.01s

     Running tests/work_control.rs (target/debug/deps/work_control-8112bcadab3f8486)

running 11 tests
test database_rejects_event_modification_and_receipt_conflict ... ok
test external_report_is_an_allowed_claim_without_native_environment_authority ... ok
test zero_minimum_cannot_make_zero_tests_pass ... ok
test legacy_native_pass_without_authoritative_binding_is_not_current_evidence ... ok
test claims_reports_reassignment_and_cursor ... ok
test schedule_v2_backup_strips_local_binding_and_restore_revokes_running_authority ... ok
test current_source_change_blocks_completion ... ok
test zero_tests_and_revision_conflict ... ok
test backup_restore_revokes_live_leases_and_preserves_pause ... ok
test evidence_gate_and_historical_completion ... ok
test restore_preserves_session_history_without_ack_or_epoch_reuse ... ok

test result: ok. 11 passed; 0 failed; 0 ignored; 0 measured; 0 filtered out; finished in 0.32s

