   Compiling pctx v0.1.0-dev (/Users/dev/PCTX)
    Finished `test` profile [unoptimized + debuginfo] target(s) in 2.87s
     Running tests/context_delivery_barriers.rs (target/debug/deps/context_delivery_barriers-557a7f251a35cc4a)

running 7 tests
test canonical_id_wins_over_colliding_alias_and_expired_budget_never_writes ... ok
test uninitialized_controls_are_read_only_and_partial_schema_fails_closed ... ok
test canonical_alias_registered_role_and_wildcard_pauses_block_without_grant ... ok
test relevant_control_mutation_rebinds_fingerprint_but_unrelated_controls_do_not ... ok
test durable_role_event_revision_prevents_same_second_pause_resume_reuse ... ok
test topic_silence_normalizes_aliases_and_is_exact_to_role_recipient_topic ... ok
test relevant_topic_controls_are_bounded_and_corrupt_labels_fail_closed ... ok

test result: ok. 7 passed; 0 failed; 0 ignored; 0 measured; 0 filtered out; finished in 0.02s

     Running tests/session.rs (target/debug/deps/session-e37e24e280aa64af)

running 7 tests
test identity_secrets_are_rejected_before_persistence ... ok
test suspend_reconcile_preserves_task_pause_and_never_revives_run ... ok
test expired_outer_budget_cannot_emit_ack_attach_or_change_epoch ... ok
test independent_sessions_boundaries_and_policy_reject_old_baselines ... ok
test minimum_budget_failure_creates_no_emission ... ok
test rule_changes_and_deleted_paths_are_explicit ... ok
test explicit_ack_unchanged_delta_and_no_source_ledger ... ok

test result: ok. 7 passed; 0 failed; 0 ignored; 0 measured; 0 filtered out; finished in 0.19s

     Running tests/session_render_budget.rs (target/debug/deps/session_render_budget-2e37552a4a4fa12a)

running 8 tests
test registered_role_and_topic_controls_precede_context_and_resume_requires_fresh_baseline ... FAILED
test terminal_escape_overflow_is_rejected_before_context_emission_or_event ... ok
test exact_final_budget_and_representation_receipts_require_explicit_ack ... ok
test adaptive_delta_resends_unreceived_body_and_reuses_acknowledged_receipts ... ok
test unchanged_git_does_not_hide_decision_or_memory_change_retirement_and_deletion ... ok
test supersession_links_invalidate_unchanged_source_without_reviving_it_on_replacement_cancellation ... ok
test original_cli_budget_bounds_writer_admission_without_context_or_epoch_writes ... ok
test omitted_sources_are_not_acknowledged_and_later_delivery_is_explicit ... ok

failures:

---- registered_role_and_topic_controls_precede_context_and_resume_requires_fresh_baseline stdout ----

thread 'registered_role_and_topic_controls_precede_context_and_resume_requires_fresh_baseline' (7609439) panicked at tests/session_render_budget.rs:95:9:
assertion `left == right` failed: ["operations", "role", "pause", "developer", "--reason", "test owner pause"]: {"command":"arguments","coverage":{"reasons":[],"status":"complete"},"data":null,"errors":[{"code":"INVALID_ARGUMENT","message":"Invalid command or option; see pctx --help","retryable":false}],"generation_id":null,"project_id":null,"schema_version":"1.0","status":"error","truncation":{"reasons":[],"truncated":false},"validation":{"checked_at":"2026-10-08T07:37:47.051Z","mode":"matched","scope":[],"workspace_atomic":false},"warnings":[],"workspace_id":null}
  left: 2
 right: 0
note: run with `RUST_BACKTRACE=1` environment variable to display a backtrace


failures:
    registered_role_and_topic_controls_precede_context_and_resume_requires_fresh_baseline

test result: FAILED. 7 passed; 1 failed; 0 ignored; 0 measured; 0 filtered out; finished in 3.69s

error: test failed, to rerun pass `--test session_render_budget`
