2026-10-08T03:29:31.0666910Z Current runner version: '2.337.0'
2026-10-08T03:29:31.0690825Z ##[group]Runner Image Provisioner
2026-10-08T03:29:31.0691962Z Hosted Compute Agent
2026-10-08T03:29:31.0692503Z Version: 20260901.588
2026-10-08T03:29:31.0693052Z Commit: f88ec8081b781fac6c440065ac7ff9e710ce3d0b
2026-10-08T03:29:31.0693765Z Build Date: 2026-09-01T19:56:44Z
2026-10-08T03:29:31.0694399Z Worker ID: {3d18d8e6-8f35-40e4-a1c6-a8fbfe4bd657}
2026-10-08T03:29:31.0695124Z Azure Region: westus3
2026-10-08T03:29:31.0695638Z ##[endgroup]
2026-10-08T03:29:31.0697154Z ##[group]Operating System
2026-10-08T03:29:31.0697803Z Ubuntu
2026-10-08T03:29:31.0698297Z 24.04.5
2026-10-08T03:29:31.0698771Z LTS
2026-10-08T03:29:31.0699249Z ##[endgroup]
2026-10-08T03:29:31.0699739Z ##[group]Runner Image
2026-10-08T03:29:31.0700307Z Image: ubuntu-24.04
2026-10-08T03:29:31.0700842Z Version: 20260927.320.1
2026-10-08T03:29:31.0702187Z Included Software: https://github.com/actions/runner-images/blob/ubuntu24/20260927.320/images/ubuntu/Ubuntu2404-Readme.md
2026-10-08T03:29:31.0703544Z Image Release: https://github.com/actions/runner-images/releases/tag/ubuntu24%2F20260927.320
2026-10-08T03:29:31.0704431Z ##[endgroup]
2026-10-08T03:29:31.0705452Z ##[group]GITHUB_TOKEN Permissions
2026-10-08T03:29:31.0707663Z Contents: read
2026-10-08T03:29:31.0708277Z Metadata: read
2026-10-08T03:29:31.0709131Z ##[endgroup]
2026-10-08T03:29:31.0711475Z Secret source: Actions
2026-10-08T03:29:31.0712277Z Cache mode: write
2026-10-08T03:29:31.0713018Z Prepare workflow directory
2026-10-08T03:29:31.1037981Z Prepare all required actions
2026-10-08T03:29:31.1085801Z Getting action download info
2026-10-08T03:29:31.3978542Z Download action repository 'actions/checkout@v4' (SHA:11d5960a326750d5838078e36cf38b85af677262)
2026-10-08T03:29:31.4850898Z Download action repository 'dtolnay/rust-toolchain@stable' (SHA:89b12181fb390509a0842a86cc55eeb8eb928c1d)
2026-10-08T03:29:31.8470685Z Complete job name: validate (ubuntu-latest)
2026-10-08T03:29:31.9345188Z ##[group]Run actions/checkout@v4
2026-10-08T03:29:31.9345956Z with:
2026-10-08T03:29:31.9346355Z   repository: Jung95/pctx
2026-10-08T03:29:31.9349841Z   token: ***
2026-10-08T03:29:31.9350219Z   ssh-strict: true
2026-10-08T03:29:31.9350595Z   ssh-user: git
2026-10-08T03:29:31.9350987Z   persist-credentials: true
2026-10-08T03:29:31.9351807Z   clean: true
2026-10-08T03:29:31.9352217Z   sparse-checkout-cone-mode: true
2026-10-08T03:29:31.9352686Z   fetch-depth: 1
2026-10-08T03:29:31.9353072Z   fetch-tags: false
2026-10-08T03:29:31.9353467Z   show-progress: true
2026-10-08T03:29:31.9353869Z   lfs: false
2026-10-08T03:29:31.9354226Z   submodules: false
2026-10-08T03:29:31.9354617Z   set-safe-directory: true
2026-10-08T03:29:31.9355064Z   allow-unsafe-pr-checkout: false
2026-10-08T03:29:31.9355816Z ##[endgroup]
2026-10-08T03:29:32.0413854Z Syncing repository: Jung95/pctx
2026-10-08T03:29:32.0415476Z ##[group]Getting Git version info
2026-10-08T03:29:32.0416131Z Working directory is '/home/runner/work/pctx/pctx'
2026-10-08T03:29:32.0416970Z [command]/usr/bin/git version
2026-10-08T03:29:32.0500775Z git version 2.55.0
2026-10-08T03:29:32.0521834Z ##[endgroup]
2026-10-08T03:29:32.0538015Z Temporarily overriding HOME='/home/runner/work/_temp/db25fcee-bcef-485e-8628-95a0d1763e09' before making global git config changes
2026-10-08T03:29:32.0540722Z Adding repository directory to the temporary git global config as a safe directory
2026-10-08T03:29:32.0546365Z [command]/usr/bin/git config --global --add safe.directory /home/runner/work/pctx/pctx
2026-10-08T03:29:32.0595352Z Deleting the contents of '/home/runner/work/pctx/pctx'
2026-10-08T03:29:32.0599748Z ##[group]Initializing the repository
2026-10-08T03:29:32.0604701Z [command]/usr/bin/git init /home/runner/work/pctx/pctx
2026-10-08T03:29:32.0687427Z hint: Using 'master' as the name for the initial branch. This default branch name
2026-10-08T03:29:32.0689201Z hint: will change to "main" in Git 3.0. To configure the initial branch name
2026-10-08T03:29:32.0690947Z hint: to use in all of your new repositories, which will suppress this warning,
2026-10-08T03:29:32.0692381Z hint: call:
2026-10-08T03:29:32.0693146Z hint:
2026-10-08T03:29:32.0693715Z hint: 	git config --global init.defaultBranch <name>
2026-10-08T03:29:32.0694384Z hint:
2026-10-08T03:29:32.0694992Z hint: Names commonly chosen instead of 'master' are 'main', 'trunk' and
2026-10-08T03:29:32.0695914Z hint: 'development'. The just-created branch can be renamed via this command:
2026-10-08T03:29:32.0696661Z hint:
2026-10-08T03:29:32.0697132Z hint: 	git branch -m <name>
2026-10-08T03:29:32.0697755Z hint:
2026-10-08T03:29:32.0699309Z hint: Disable this message with "git config set advice.defaultBranchName false"
2026-10-08T03:29:32.0700410Z Initialized empty Git repository in /home/runner/work/pctx/pctx/.git/
2026-10-08T03:29:32.0702435Z [command]/usr/bin/git remote add origin https://github.com/Jung95/pctx
2026-10-08T03:29:32.0741462Z ##[endgroup]
2026-10-08T03:29:32.0742237Z ##[group]Disabling automatic garbage collection
2026-10-08T03:29:32.0746499Z [command]/usr/bin/git config --local gc.auto 0
2026-10-08T03:29:32.0776018Z ##[endgroup]
2026-10-08T03:29:32.0776674Z ##[group]Setting up auth
2026-10-08T03:29:32.0785067Z [command]/usr/bin/git config --local --name-only --get-regexp core\.sshCommand
2026-10-08T03:29:32.0815684Z [command]/usr/bin/git submodule foreach --recursive sh -c "git config --local --name-only --get-regexp 'core\.sshCommand' && git config --local --unset-all 'core.sshCommand' || :"
2026-10-08T03:29:32.1190943Z [command]/usr/bin/git config --local --name-only --get-regexp http\.https\:\/\/github\.com\/\.extraheader
2026-10-08T03:29:32.1219223Z [command]/usr/bin/git submodule foreach --recursive sh -c "git config --local --name-only --get-regexp 'http\.https\:\/\/github\.com\/\.extraheader' && git config --local --unset-all 'http.https://github.com/.extraheader' || :"
2026-10-08T03:29:32.1422034Z [command]/usr/bin/git config --local --name-only --get-regexp ^includeIf\.gitdir:
2026-10-08T03:29:32.1449603Z [command]/usr/bin/git submodule foreach --recursive git config --local --show-origin --name-only --get-regexp remote.origin.url
2026-10-08T03:29:32.1639098Z [command]/usr/bin/git config --local http.https://github.com/.extraheader AUTHORIZATION: basic ***
2026-10-08T03:29:32.1673129Z ##[endgroup]
2026-10-08T03:29:32.1673880Z ##[group]Fetching the repository
2026-10-08T03:29:32.1682249Z [command]/usr/bin/git -c protocol.version=2 fetch --no-tags --prune --no-recurse-submodules --depth=1 origin +eb938670d6003553eebf3f0840105e9b4c067b25:refs/remotes/origin/main
2026-10-08T03:29:33.1036811Z From https://github.com/Jung95/pctx
2026-10-08T03:29:33.1038544Z  * [new ref]         eb938670d6003553eebf3f0840105e9b4c067b25 -> origin/main
2026-10-08T03:29:33.1054891Z ##[endgroup]
2026-10-08T03:29:33.1056541Z ##[group]Determining the checkout info
2026-10-08T03:29:33.1058011Z ##[endgroup]
2026-10-08T03:29:33.1058997Z [command]/usr/bin/git sparse-checkout disable
2026-10-08T03:29:33.1098325Z [command]/usr/bin/git config --local --unset-all extensions.worktreeConfig
2026-10-08T03:29:33.1125089Z ##[group]Checking out the ref
2026-10-08T03:29:33.1129268Z [command]/usr/bin/git checkout --progress --force -B main refs/remotes/origin/main
2026-10-08T03:29:33.1357376Z Switched to a new branch 'main'
2026-10-08T03:29:33.1361771Z branch 'main' set up to track 'origin/main'.
2026-10-08T03:29:33.1375455Z ##[endgroup]
2026-10-08T03:29:33.1405975Z [command]/usr/bin/git log -1 --format=%H
2026-10-08T03:29:33.1428820Z eb938670d6003553eebf3f0840105e9b4c067b25
2026-10-08T03:29:33.2037549Z ##[group]Run dtolnay/rust-toolchain@stable
2026-10-08T03:29:33.2038826Z with:
2026-10-08T03:29:33.2039771Z   components: rustfmt, clippy
2026-10-08T03:29:33.2040863Z   toolchain: stable
2026-10-08T03:29:33.2041982Z ##[endgroup]
2026-10-08T03:29:33.2138176Z ##[start-action display=Parse toolchain version;id=__dtolnay_rust-toolchain.parse]
2026-10-08T03:29:33.2215942Z ##[group]Run if [[ -z $toolchain ]]; then
2026-10-08T03:29:33.2217285Z if [[ -z $toolchain ]]; then
2026-10-08T03:29:33.2219471Z   # GitHub does not enforce `required: true` inputs itself. https://github.com/actions/runner/issues/1070
2026-10-08T03:29:33.2221540Z   echo "'toolchain' is a required input" >&2
2026-10-08T03:29:33.2222729Z   exit 1
2026-10-08T03:29:33.2224012Z elif [[ $toolchain =~ ^stable' '[0-9]+' '(year|month|week|day)s?' 'ago$ ]]; then
2026-10-08T03:29:33.2225526Z   if [[ Linux == macOS ]]; then
2026-10-08T03:29:33.2227449Z     echo "toolchain=1.$((($(date -v-$(sed 's/stable \([0-9]*\) \(.\).*/\1\2/' <<< $toolchain) +%s)/60/60/24-16569)/7/6))" >> $GITHUB_OUTPUT
2026-10-08T03:29:33.2229311Z   else
2026-10-08T03:29:33.2230812Z     echo "toolchain=1.$((($(date --date "${toolchain#stable }" +%s)/60/60/24-16569)/7/6))" >> $GITHUB_OUTPUT
2026-10-08T03:29:33.2232822Z   fi
2026-10-08T03:29:33.2234003Z elif [[ $toolchain =~ ^stable' 'minus' '[0-9]+' 'releases?$ ]]; then
2026-10-08T03:29:33.2235914Z   echo "toolchain=1.$((($(date +%s)/60/60/24-16569)/7/6-${toolchain//[^0-9]/}))" >> $GITHUB_OUTPUT
2026-10-08T03:29:33.2237649Z elif [[ $toolchain =~ ^1\.[0-9]+$ ]]; then
2026-10-08T03:29:33.2239572Z   echo "toolchain=1.$((i=${toolchain#1.}, c=($(date +%s)/60/60/24-16569)/7/6, i+9*i*(10*i<=c)+90*i*(100*i<=c)))" >> $GITHUB_OUTPUT
2026-10-08T03:29:33.2241463Z else
2026-10-08T03:29:33.2242464Z   echo "toolchain=$toolchain" >> $GITHUB_OUTPUT
2026-10-08T03:29:33.2243648Z fi
2026-10-08T03:29:33.2415316Z shell: /usr/bin/bash --noprofile --norc -e -o pipefail {0}
2026-10-08T03:29:33.2416624Z env:
2026-10-08T03:29:33.2417431Z   toolchain: stable
2026-10-08T03:29:33.2418300Z ##[endgroup]
2026-10-08T03:29:33.2548091Z ##[end-action id=__dtolnay_rust-toolchain.parse;outcome=success;conclusion=success;duration_ms=40]
2026-10-08T03:29:33.2566033Z ##[start-action display=Construct rustup command line;id=__dtolnay_rust-toolchain.flags]
2026-10-08T03:29:33.2616254Z ##[group]Run echo "targets=$(for t in ${targets//,/ }; do echo -n ' --target' $t; done)" >> $GITHUB_OUTPUT
2026-10-08T03:29:33.2618522Z echo "targets=$(for t in ${targets//,/ }; do echo -n ' --target' $t; done)" >> $GITHUB_OUTPUT
2026-10-08T03:29:33.2620792Z echo "components=$(for c in ${components//,/ }; do echo -n ' --component' $c; done)" >> $GITHUB_OUTPUT
2026-10-08T03:29:33.2622755Z echo "downgrade=" >> $GITHUB_OUTPUT
2026-10-08T03:29:33.2659472Z shell: /usr/bin/bash --noprofile --norc -e -o pipefail {0}
2026-10-08T03:29:33.2660714Z env:
2026-10-08T03:29:33.2661573Z   targets: 
2026-10-08T03:29:33.2662419Z   components: rustfmt, clippy
2026-10-08T03:29:33.2663381Z ##[endgroup]
2026-10-08T03:29:33.2746929Z ##[end-action id=__dtolnay_rust-toolchain.flags;outcome=success;conclusion=success;duration_ms=17]
2026-10-08T03:29:33.2753542Z ##[start-action display=Set $CARGO_HOME;id=__dtolnay_rust-toolchain.__run]
2026-10-08T03:29:33.2793133Z ##[group]Run echo CARGO_HOME=${CARGO_HOME:-"$HOME/.cargo"} >> $GITHUB_ENV
2026-10-08T03:29:33.2794858Z echo CARGO_HOME=${CARGO_HOME:-"$HOME/.cargo"} >> $GITHUB_ENV
2026-10-08T03:29:33.2830208Z shell: /usr/bin/bash --noprofile --norc -e -o pipefail {0}
2026-10-08T03:29:33.2831773Z ##[endgroup]
2026-10-08T03:29:33.2909602Z ##[end-action id=__dtolnay_rust-toolchain.__run;outcome=success;conclusion=success;duration_ms=15]
2026-10-08T03:29:33.2916480Z ##[start-action display=Install rustup if needed;id=__dtolnay_rust-toolchain.__run_2]
2026-10-08T03:29:33.2967726Z ##[group]Run if ! command -v rustup &>/dev/null; then
2026-10-08T03:29:33.2969052Z if ! command -v rustup &>/dev/null; then
2026-10-08T03:29:33.2971703Z   curl --proto '=https' --tlsv1.2 --retry 10 --retry-connrefused --location --silent --show-error --fail https://sh.rustup.rs | sh -s -- --default-toolchain none -y
2026-10-08T03:29:33.2974184Z   echo "$CARGO_HOME/bin" >> $GITHUB_PATH
2026-10-08T03:29:33.2975300Z fi
2026-10-08T03:29:33.3009935Z shell: /usr/bin/bash --noprofile --norc -e -o pipefail {0}
2026-10-08T03:29:33.3011486Z env:
2026-10-08T03:29:33.3012337Z   CARGO_HOME: /home/runner/.cargo
2026-10-08T03:29:33.3013325Z ##[endgroup]
2026-10-08T03:29:33.3092068Z ##[end-action id=__dtolnay_rust-toolchain.__run_2;outcome=success;conclusion=success;duration_ms=17]
2026-10-08T03:29:33.3098449Z ##[start-action display=Install rustup if needed on windows;id=__dtolnay_rust-toolchain.__run_3]
2026-10-08T03:29:33.3113136Z ##[end-action id=__dtolnay_rust-toolchain.__run_3;outcome=skipped;conclusion=skipped;duration_ms=0]
2026-10-08T03:29:33.3128720Z ##[start-action display=rustup toolchain install stable;id=__dtolnay_rust-toolchain.__run_4]
2026-10-08T03:29:33.3167611Z ##[group]Run log=$(mktemp)
2026-10-08T03:29:33.3168566Z log=$(mktemp)
2026-10-08T03:29:33.3169553Z trap 'rm -f "$log"' EXIT
2026-10-08T03:29:33.3170544Z for attempt in 1 2 3 4 5; do
2026-10-08T03:29:33.3172975Z   if rustup toolchain install stable --component rustfmt --component clippy --profile minimal --no-self-update --force-non-host 2>&1 | tee "$log"; then
2026-10-08T03:29:33.3175220Z     break
2026-10-08T03:29:33.3176036Z   else
2026-10-08T03:29:33.3176845Z     status=$?
2026-10-08T03:29:33.3177680Z   fi
2026-10-08T03:29:33.3178765Z   if [[ $attempt == 5 ]] || ! grep -Fq 'checksum failed for ' "$log" \
2026-10-08T03:29:33.3180711Z       || ! grep -Fq 'this is likely due to an ongoing update of the official release server' "$log"; then
2026-10-08T03:29:33.3182475Z     exit "$status"
2026-10-08T03:29:33.3183374Z   fi
2026-10-08T03:29:33.3184666Z   echo "Retrying rustup toolchain install in 30 seconds (retry $attempt of 4)" >&2
2026-10-08T03:29:33.3186162Z   sleep 30
2026-10-08T03:29:33.3186978Z done
2026-10-08T03:29:33.3220070Z shell: /usr/bin/bash --noprofile --norc -e -o pipefail {0}
2026-10-08T03:29:33.3221498Z env:
2026-10-08T03:29:33.3222343Z   CARGO_HOME: /home/runner/.cargo
2026-10-08T03:29:33.3223341Z   RUSTUP_PERMIT_COPY_RENAME: 1
2026-10-08T03:29:33.3224274Z ##[endgroup]
2026-10-08T03:29:33.5125637Z info: syncing channel updates for stable-x86_64-unknown-linux-gnu
2026-10-08T03:29:33.7083852Z info: latest update on 2026-10-01 for version 1.99.0 (b940084d7 2026-09-28)
2026-10-08T03:29:33.7209087Z info: removing previous version of component rustfmt
2026-10-08T03:29:33.7301050Z info: removing previous version of component clippy
2026-10-08T03:29:33.7309031Z info: removing previous version of component cargo
2026-10-08T03:29:33.7548470Z info: removing previous version of component rust-std
2026-10-08T03:29:33.7610294Z info: removing previous version of component rustc
2026-10-08T03:29:33.7672714Z info: downloading 5 components
2026-10-08T03:29:42.6794256Z 
2026-10-08T03:29:42.6865002Z   stable-x86_64-unknown-linux-gnu updated - rustc 1.99.0 (b940084d7 2026-09-28) (from rustc 1.98.1 (48a229cea 2026-09-01))
2026-10-08T03:29:42.6865736Z 
2026-10-08T03:29:42.6915314Z ##[end-action id=__dtolnay_rust-toolchain.__run_4;outcome=success;conclusion=success;duration_ms=9378]
2026-10-08T03:29:42.6923466Z ##[start-action display=rustup default stable;id=__dtolnay_rust-toolchain.__run_5]
2026-10-08T03:29:42.6946989Z ##[group]Run rustup default stable --force-non-host
2026-10-08T03:29:42.6947419Z rustup default stable --force-non-host
2026-10-08T03:29:42.6988745Z shell: /usr/bin/bash --noprofile --norc -e -o pipefail {0}
2026-10-08T03:29:42.6989122Z env:
2026-10-08T03:29:42.6989382Z   CARGO_HOME: /home/runner/.cargo
2026-10-08T03:29:42.6989660Z ##[endgroup]
2026-10-08T03:29:42.7087977Z info: using existing install for stable-x86_64-unknown-linux-gnu
2026-10-08T03:29:42.7093167Z info: default toolchain set to stable-x86_64-unknown-linux-gnu
2026-10-08T03:29:42.7093470Z 
2026-10-08T03:29:42.7151292Z   stable-x86_64-unknown-linux-gnu unchanged - rustc 1.99.0 (b940084d7 2026-09-28)
2026-10-08T03:29:42.7152081Z 
2026-10-08T03:29:42.7165343Z ##[end-action id=__dtolnay_rust-toolchain.__run_5;outcome=success;conclusion=success;duration_ms=24]
2026-10-08T03:29:42.7168192Z ##[start-action display=Create cachekey;id=__dtolnay_rust-toolchain.rustc-version]
2026-10-08T03:29:42.7190769Z ##[group]Run DATE=$(rustc +stable --version --verbose | sed -ne 's/^commit-date: \(20[0-9][0-9]\)-\([01][0-9]\)-\([0-3][0-9]\)$/\1\2\3/p')
2026-10-08T03:29:42.7191906Z DATE=$(rustc +stable --version --verbose | sed -ne 's/^commit-date: \(20[0-9][0-9]\)-\([01][0-9]\)-\([0-3][0-9]\)$/\1\2\3/p')
2026-10-08T03:29:42.7192548Z HASH=$(rustc +stable --version --verbose | sed -ne 's/^commit-hash: //p')
2026-10-08T03:29:42.7193050Z echo "cachekey=$(echo $DATE$HASH | head -c12)" >> $GITHUB_OUTPUT
2026-10-08T03:29:42.7234145Z shell: /usr/bin/bash --noprofile --norc -e -o pipefail {0}
2026-10-08T03:29:42.7234521Z env:
2026-10-08T03:29:42.7234771Z   CARGO_HOME: /home/runner/.cargo
2026-10-08T03:29:42.7235057Z ##[endgroup]
2026-10-08T03:29:42.7520892Z ##[end-action id=__dtolnay_rust-toolchain.rustc-version;outcome=success;conclusion=success;duration_ms=35]
2026-10-08T03:29:42.7524337Z ##[start-action display=Disable incremental compilation;id=__dtolnay_rust-toolchain.__run_6]
2026-10-08T03:29:42.7545967Z ##[group]Run if [ -z "${CARGO_INCREMENTAL+set}" ]; then
2026-10-08T03:29:42.7546418Z if [ -z "${CARGO_INCREMENTAL+set}" ]; then
2026-10-08T03:29:42.7546800Z   echo CARGO_INCREMENTAL=0 >> $GITHUB_ENV
2026-10-08T03:29:42.7547139Z fi
2026-10-08T03:29:42.7592060Z shell: /usr/bin/bash --noprofile --norc -e -o pipefail {0}
2026-10-08T03:29:42.7592446Z env:
2026-10-08T03:29:42.7592731Z   CARGO_HOME: /home/runner/.cargo
2026-10-08T03:29:42.7593020Z ##[endgroup]
2026-10-08T03:29:42.7660604Z ##[end-action id=__dtolnay_rust-toolchain.__run_6;outcome=success;conclusion=success;duration_ms=13]
2026-10-08T03:29:42.7663295Z ##[start-action display=Enable colors in Cargo output;id=__dtolnay_rust-toolchain.__run_7]
2026-10-08T03:29:42.7761835Z ##[group]Run if [ -z "${CARGO_TERM_COLOR+set}" ]; then
2026-10-08T03:29:42.7762461Z if [ -z "${CARGO_TERM_COLOR+set}" ]; then
2026-10-08T03:29:42.7763045Z   echo CARGO_TERM_COLOR=always >> $GITHUB_ENV
2026-10-08T03:29:42.7763573Z fi
2026-10-08T03:29:42.7809337Z shell: /usr/bin/bash --noprofile --norc -e -o pipefail {0}
2026-10-08T03:29:42.7809723Z env:
2026-10-08T03:29:42.7809984Z   CARGO_HOME: /home/runner/.cargo
2026-10-08T03:29:42.7810290Z   CARGO_INCREMENTAL: 0
2026-10-08T03:29:42.7810543Z ##[endgroup]
2026-10-08T03:29:42.7879845Z ##[end-action id=__dtolnay_rust-toolchain.__run_7;outcome=success;conclusion=success;duration_ms=21]
2026-10-08T03:29:42.7882591Z ##[start-action display=Enable Cargo sparse registry;id=__dtolnay_rust-toolchain.__run_8]
2026-10-08T03:29:42.7906279Z ##[group]Run # implemented in 1.66, stabilized in 1.68, made default in 1.70
2026-10-08T03:29:42.7906824Z # implemented in 1.66, stabilized in 1.68, made default in 1.70
2026-10-08T03:29:42.7907551Z if [ -z "${CARGO_REGISTRIES_CRATES_IO_PROTOCOL+set}" -o -f "/home/runner/work/_temp"/.implicit_cargo_registries_crates_io_protocol ]; then
2026-10-08T03:29:42.7908265Z   if rustc +stable --version --verbose | grep -q '^release: 1\.6[89]\.'; then
2026-10-08T03:29:42.7908835Z     touch "/home/runner/work/_temp"/.implicit_cargo_registries_crates_io_protocol || true
2026-10-08T03:29:42.7909510Z     echo CARGO_REGISTRIES_CRATES_IO_PROTOCOL=sparse >> $GITHUB_ENV
2026-10-08T03:29:42.7910026Z   elif rustc +stable --version --verbose | grep -q '^release: 1\.6[67]\.'; then
2026-10-08T03:29:42.7910594Z     touch "/home/runner/work/_temp"/.implicit_cargo_registries_crates_io_protocol || true
2026-10-08T03:29:42.7911297Z     echo CARGO_REGISTRIES_CRATES_IO_PROTOCOL=git >> $GITHUB_ENV
2026-10-08T03:29:42.7911684Z   fi
2026-10-08T03:29:42.7911911Z fi
2026-10-08T03:29:42.7953528Z shell: /usr/bin/bash --noprofile --norc -e -o pipefail {0}
2026-10-08T03:29:42.7954051Z env:
2026-10-08T03:29:42.7954300Z   CARGO_HOME: /home/runner/.cargo
2026-10-08T03:29:42.7954591Z   CARGO_INCREMENTAL: 0
2026-10-08T03:29:42.7954857Z   CARGO_TERM_COLOR: always
2026-10-08T03:29:42.7955122Z ##[endgroup]
2026-10-08T03:29:42.8224415Z ##[end-action id=__dtolnay_rust-toolchain.__run_8;outcome=success;conclusion=success;duration_ms=34]
2026-10-08T03:29:42.8227289Z ##[start-action display=Work around spurious network errors in curl 8.0;id=__dtolnay_rust-toolchain.__run_9]
2026-10-08T03:29:42.8250494Z ##[group]Run # https://rust-lang.zulipchat.com/#narrow/stream/246057-t-cargo/topic/timeout.20investigation
2026-10-08T03:29:42.8251468Z # https://rust-lang.zulipchat.com/#narrow/stream/246057-t-cargo/topic/timeout.20investigation
2026-10-08T03:29:42.8252090Z if rustc +stable --version --verbose | grep -q '^release: 1\.7[01]\.'; then
2026-10-08T03:29:42.8252568Z   echo CARGO_HTTP_MULTIPLEXING=false >> $GITHUB_ENV
2026-10-08T03:29:42.8252932Z fi
2026-10-08T03:29:42.8297076Z shell: /usr/bin/bash --noprofile --norc -e -o pipefail {0}
2026-10-08T03:29:42.8297457Z env:
2026-10-08T03:29:42.8297706Z   CARGO_HOME: /home/runner/.cargo
2026-10-08T03:29:42.8298028Z   CARGO_INCREMENTAL: 0
2026-10-08T03:29:42.8298293Z   CARGO_TERM_COLOR: always
2026-10-08T03:29:42.8298557Z ##[endgroup]
2026-10-08T03:29:42.8464379Z ##[end-action id=__dtolnay_rust-toolchain.__run_9;outcome=success;conclusion=success;duration_ms=23]
2026-10-08T03:29:42.8468923Z ##[start-action display=rustc +stable --version --verbose;id=__dtolnay_rust-toolchain.__run_10]
2026-10-08T03:29:42.8491296Z ##[group]Run rustc +stable --version --verbose
2026-10-08T03:29:42.8491744Z rustc +stable --version --verbose
2026-10-08T03:29:42.8534034Z shell: /usr/bin/bash --noprofile --norc -e -o pipefail {0}
2026-10-08T03:29:42.8534444Z env:
2026-10-08T03:29:42.8534711Z   CARGO_HOME: /home/runner/.cargo
2026-10-08T03:29:42.8535004Z   CARGO_INCREMENTAL: 0
2026-10-08T03:29:42.8535292Z   CARGO_TERM_COLOR: always
2026-10-08T03:29:42.8535557Z ##[endgroup]
2026-10-08T03:29:42.8680999Z rustc 1.99.0 (b940084d7 2026-09-28)
2026-10-08T03:29:42.8681904Z binary: rustc
2026-10-08T03:29:42.8683345Z commit-hash: b940084d7eb6a299eb4bfeb8e34901bc051e7ac4
2026-10-08T03:29:42.8684031Z commit-date: 2026-09-28
2026-10-08T03:29:42.8684521Z host: x86_64-unknown-linux-gnu
2026-10-08T03:29:42.8685017Z release: 1.99.0
2026-10-08T03:29:42.8692294Z LLVM version: 23.1.1
2026-10-08T03:29:42.8698128Z ##[end-action id=__dtolnay_rust-toolchain.__run_10;outcome=success;conclusion=success;duration_ms=22]
2026-10-08T03:29:42.8759978Z ##[group]Run cargo fmt --all -- --check
2026-10-08T03:29:42.8760354Z cargo fmt --all -- --check
2026-10-08T03:29:42.8802171Z shell: /usr/bin/bash -e {0}
2026-10-08T03:29:42.8802496Z env:
2026-10-08T03:29:42.8802753Z   CARGO_HOME: /home/runner/.cargo
2026-10-08T03:29:42.8803056Z   CARGO_INCREMENTAL: 0
2026-10-08T03:29:42.8803325Z   CARGO_TERM_COLOR: always
2026-10-08T03:29:42.8803600Z ##[endgroup]
2026-10-08T03:29:43.3476312Z ##[group]Run cargo clippy --all-targets --locked -- -D warnings
2026-10-08T03:29:43.3476771Z cargo clippy --all-targets --locked -- -D warnings
2026-10-08T03:29:43.3511936Z shell: /usr/bin/bash -e {0}
2026-10-08T03:29:43.3512198Z env:
2026-10-08T03:29:43.3512400Z   CARGO_HOME: /home/runner/.cargo
2026-10-08T03:29:43.3512650Z   CARGO_INCREMENTAL: 0
2026-10-08T03:29:43.3512871Z   CARGO_TERM_COLOR: always
2026-10-08T03:29:43.3513090Z ##[endgroup]
2026-10-08T03:29:43.4058512Z     Updating crates.io index
2026-10-08T03:29:43.6542946Z  Downloading crates ...
2026-10-08T03:29:43.7334456Z   Downloaded generic-array v0.14.7
2026-10-08T03:29:43.7352841Z   Downloaded is_terminal_polyfill v1.70.2
2026-10-08T03:29:43.7551518Z   Downloaded anstyle-query v1.1.5
2026-10-08T03:29:43.7572465Z   Downloaded unicode-ident v1.0.26
2026-10-08T03:29:43.7592528Z   Downloaded walkdir v2.5.0
2026-10-08T03:29:43.7600106Z   Downloaded shlex v2.0.1
2026-10-08T03:29:43.7640521Z   Downloaded once_cell v1.21.4
2026-10-08T03:29:43.7659827Z   Downloaded zmij v1.0.23
2026-10-08T03:29:43.7672728Z   Downloaded crossbeam-utils v0.8.23
2026-10-08T03:29:43.7692134Z   Downloaded fallible-iterator v0.3.0
2026-10-08T03:29:43.7699980Z   Downloaded anstyle-parse v1.0.0
2026-10-08T03:29:43.7713228Z   Downloaded anstyle v1.0.14
2026-10-08T03:29:43.7732819Z   Downloaded find-msvc-tools v0.1.14
2026-10-08T03:29:43.7745108Z   Downloaded tempfile v3.27.0
2026-10-08T03:29:43.7772288Z   Downloaded anstream v1.0.0
2026-10-08T03:29:43.7782629Z   Downloaded bitflags v2.13.2
2026-10-08T03:29:43.7806527Z   Downloaded serde_core v1.0.229
2026-10-08T03:29:43.7830009Z   Downloaded streaming-iterator v0.1.9
2026-10-08T03:29:43.7838647Z   Downloaded tree-sitter-javascript v0.25.0
2026-10-08T03:29:43.7880286Z   Downloaded tree-sitter-python v0.25.0
2026-10-08T03:29:43.7932879Z   Downloaded fastrand v2.5.0
2026-10-08T03:29:43.7941753Z   Downloaded phf_shared v0.12.1
2026-10-08T03:29:43.7951990Z   Downloaded winnow v1.0.4
2026-10-08T03:29:43.8019533Z   Downloaded autocfg v1.5.1
2026-10-08T03:29:43.8031287Z   Downloaded fs2 v0.4.3
2026-10-08T03:29:43.8037671Z   Downloaded sha2 v0.10.9
2026-10-08T03:29:43.8052221Z   Downloaded proc-macro2 v1.0.107
2026-10-08T03:29:43.8069507Z   Downloaded serde v1.0.229
2026-10-08T03:29:43.8103893Z   Downloaded cc v1.6.0
2026-10-08T03:29:43.8129582Z   Downloaded heck v0.5.0
2026-10-08T03:29:43.8137806Z   Downloaded indexmap v2.14.2
2026-10-08T03:29:43.8163539Z   Downloaded regex v1.13.1
2026-10-08T03:29:43.8200469Z   Downloaded unsafe-libyaml v0.2.11
2026-10-08T03:29:43.8224145Z   Downloaded clap_derive v4.6.7
2026-10-08T03:29:43.8239586Z   Downloaded globset v0.4.20
2026-10-08T03:29:43.8258602Z   Downloaded rusqlite v0.40.2
2026-10-08T03:29:43.8303734Z   Downloaded siphasher v1.0.4
2026-10-08T03:29:43.8313265Z   Downloaded ignore v0.4.33
2026-10-08T03:29:43.8329813Z   Downloaded toml_writer v1.1.2+spec-1.1.0
2026-10-08T03:29:43.8339787Z   Downloaded cpufeatures v0.2.17
2026-10-08T03:29:43.8348986Z   Downloaded crossbeam-deque v0.8.8
2026-10-08T03:29:43.8360900Z   Downloaded cfg-if v1.0.5
2026-10-08T03:29:43.8369556Z   Downloaded crypto-common v0.1.7
2026-10-08T03:29:43.8376918Z   Downloaded fallible-streaming-iterator v0.1.9
2026-10-08T03:29:43.8382642Z   Downloaded strsim v0.11.1
2026-10-08T03:29:43.8390079Z   Downloaded memchr v2.8.3
2026-10-08T03:29:43.8421820Z   Downloaded clap_lex v1.1.1
2026-10-08T03:29:43.8428750Z   Downloaded errno v0.3.14
2026-10-08T03:29:43.8437420Z   Downloaded utf8parse v0.2.2
2026-10-08T03:29:43.8443502Z   Downloaded crossbeam-epoch v0.9.21
2026-10-08T03:29:43.8458579Z   Downloaded iana-time-zone v0.1.65
2026-10-08T03:29:43.8476751Z   Downloaded block-buffer v0.10.4
2026-10-08T03:29:43.8483619Z   Downloaded equivalent v1.0.2
2026-10-08T03:29:43.8489729Z   Downloaded itoa v1.0.18
2026-10-08T03:29:43.8498358Z   Downloaded serde_spanned v1.1.1
2026-10-08T03:29:43.8506337Z   Downloaded tree-sitter-language v0.1.8
2026-10-08T03:29:43.8516949Z   Downloaded serde_yaml_ng v0.10.0
2026-10-08T03:29:43.8537569Z   Downloaded toml_parser v1.1.3+spec-1.1.0
2026-10-08T03:29:43.8554806Z   Downloaded phf v0.12.1
2026-10-08T03:29:43.8566879Z   Downloaded serde_derive v1.0.229
2026-10-08T03:29:43.8587562Z   Downloaded digest v0.10.7
2026-10-08T03:29:43.8599157Z   Downloaded foldhash v0.2.0
2026-10-08T03:29:43.8607519Z   Downloaded num-traits v0.2.19
2026-10-08T03:29:43.8623680Z   Downloaded clap v4.6.7
2026-10-08T03:29:43.8677711Z   Downloaded toml v0.9.12+spec-1.1.0
2026-10-08T03:29:43.8702422Z   Downloaded getrandom v0.4.3
2026-10-08T03:29:43.8724246Z   Downloaded ryu v1.0.23
2026-10-08T03:29:43.8743257Z   Downloaded typenum v1.20.1
2026-10-08T03:29:43.8766298Z   Downloaded uuid v1.27.0
2026-10-08T03:29:43.8785763Z   Downloaded winnow v0.7.15
2026-10-08T03:29:43.8841515Z   Downloaded hashbrown v0.17.1
2026-10-08T03:29:43.8875836Z   Downloaded tree-sitter v0.25.10
2026-10-08T03:29:43.8914430Z   Downloaded chrono v0.4.45
2026-10-08T03:29:43.8960016Z   Downloaded vcpkg v0.2.15
2026-10-08T03:29:43.9227765Z   Downloaded toml_datetime v0.7.5+spec-1.1.0
2026-10-08T03:29:43.9237324Z   Downloaded regex-syntax v0.8.11
2026-10-08T03:29:43.9289055Z   Downloaded syn v3.0.6
2026-10-08T03:29:43.9358409Z   Downloaded bstr v1.13.1
2026-10-08T03:29:43.9415207Z   Downloaded pkg-config v0.3.34
2026-10-08T03:29:43.9425375Z   Downloaded rustix v1.1.5
2026-10-08T03:29:43.9576618Z   Downloaded libc v0.2.190
2026-10-08T03:29:43.9838396Z   Downloaded regex-automata v0.4.18
2026-10-08T03:29:43.9939019Z   Downloaded chrono-tz v0.10.4
2026-10-08T03:29:44.0058142Z   Downloaded tree-sitter-typescript v0.23.2
2026-10-08T03:29:44.0233169Z   Downloaded same-file v1.0.6
2026-10-08T03:29:44.0241608Z   Downloaded serde_json v1.0.151
2026-10-08T03:29:44.0292006Z   Downloaded linux-raw-sys v0.12.1
2026-10-08T03:29:44.0736445Z   Downloaded quote v1.0.47
2026-10-08T03:29:44.0750550Z   Downloaded hashlink v0.12.2
2026-10-08T03:29:44.0762922Z   Downloaded libsqlite3-sys v0.38.2
2026-10-08T03:29:44.1330213Z   Downloaded aho-corasick v1.1.5
2026-10-08T03:29:44.1366886Z   Downloaded smallvec v1.16.2
2026-10-08T03:29:44.1377257Z   Downloaded version_check v0.9.5
2026-10-08T03:29:44.1386228Z   Downloaded clap_builder v4.6.7
2026-10-08T03:29:44.1428054Z   Downloaded colorchoice v1.0.5
2026-10-08T03:29:44.1435704Z   Downloaded log v0.4.34
2026-10-08T03:29:44.1852309Z    Compiling shlex v2.0.1
2026-10-08T03:29:44.1862856Z    Compiling find-msvc-tools v0.1.14
2026-10-08T03:29:44.1863580Z    Compiling proc-macro2 v1.0.107
2026-10-08T03:29:44.1864317Z    Compiling serde_core v1.0.229
2026-10-08T03:29:44.2840948Z    Compiling cc v1.6.0
2026-10-08T03:29:44.3229360Z    Compiling unicode-ident v1.0.26
2026-10-08T03:29:44.3682842Z    Compiling tree-sitter-language v0.1.8
2026-10-08T03:29:44.3802798Z    Compiling quote v1.0.47
2026-10-08T03:29:44.5130795Z     Checking memchr v2.8.3
2026-10-08T03:29:44.9213051Z    Compiling zmij v1.0.23
2026-10-08T03:29:45.0112629Z    Compiling syn v3.0.6
2026-10-08T03:29:45.0473036Z    Compiling version_check v0.9.5
2026-10-08T03:29:45.2492655Z    Compiling generic-array v0.14.7
2026-10-08T03:29:45.4574067Z    Compiling libc v0.2.190
2026-10-08T03:29:45.7452528Z     Checking aho-corasick v1.1.5
2026-10-08T03:29:45.7552397Z    Compiling hashbrown v0.17.1
2026-10-08T03:29:46.1404053Z     Checking regex-syntax v0.8.11
2026-10-08T03:29:46.2602720Z     Checking foldhash v0.2.0
2026-10-08T03:29:46.3172449Z    Compiling crossbeam-utils v0.8.23
2026-10-08T03:29:46.3962655Z    Compiling serde_json v1.0.151
2026-10-08T03:29:46.4449049Z     Checking typenum v1.20.1
2026-10-08T03:29:46.4832493Z    Compiling autocfg v1.5.1
2026-10-08T03:29:46.7442578Z    Compiling equivalent v1.0.2
2026-10-08T03:29:46.7742419Z    Compiling serde v1.0.229
2026-10-08T03:29:46.9202271Z    Compiling indexmap v2.14.2
2026-10-08T03:29:47.3812552Z     Checking regex-automata v0.4.18
2026-10-08T03:29:47.4482511Z    Compiling num-traits v0.2.19
2026-10-08T03:29:48.3613200Z    Compiling serde_derive v1.0.229
2026-10-08T03:29:48.7832531Z     Checking utf8parse v0.2.2
2026-10-08T03:29:48.8122381Z     Checking cfg-if v1.0.5
2026-10-08T03:29:48.8302453Z    Compiling crossbeam-epoch v0.9.21
2026-10-08T03:29:48.9862652Z    Compiling getrandom v0.4.3
2026-10-08T03:29:49.0796775Z    Compiling pkg-config v0.3.34
2026-10-08T03:29:49.4663085Z    Compiling itoa v1.0.18
2026-10-08T03:29:49.4822641Z    Compiling vcpkg v0.2.15
2026-10-08T03:29:49.4953137Z     Checking anstyle-parse v1.0.0
2026-10-08T03:29:49.8783432Z    Compiling crossbeam-deque v0.8.8
2026-10-08T03:29:49.9933165Z     Checking anstyle v1.0.14
2026-10-08T03:29:50.0113295Z    Compiling libsqlite3-sys v0.38.2
2026-10-08T03:29:50.0882751Z     Checking is_terminal_polyfill v1.70.2
2026-10-08T03:29:50.1192643Z     Checking colorchoice v1.0.5
2026-10-08T03:29:50.1492604Z     Checking bitflags v2.13.2
2026-10-08T03:29:50.1927389Z     Checking siphasher v1.0.4
2026-10-08T03:29:50.2452711Z     Checking anstyle-query v1.1.5
2026-10-08T03:29:50.2722354Z     Checking anstream v1.0.0
2026-10-08T03:29:50.2866967Z     Checking phf_shared v0.12.1
2026-10-08T03:29:50.5492588Z    Compiling tree-sitter v0.25.10
2026-10-08T03:29:50.6985266Z     Checking block-buffer v0.10.4
2026-10-08T03:29:50.7514730Z     Checking crypto-common v0.1.7
2026-10-08T03:29:50.7804492Z    Compiling tree-sitter-javascript v0.25.0
2026-10-08T03:29:50.8615516Z    Compiling tree-sitter-typescript v0.23.2
2026-10-08T03:29:50.8901013Z    Compiling tree-sitter-python v0.25.0
2026-10-08T03:29:50.9489645Z     Checking bstr v1.13.1
2026-10-08T03:29:50.9772883Z     Checking same-file v1.0.6
2026-10-08T03:29:51.0826786Z     Checking winnow v1.0.4
2026-10-08T03:29:51.1979627Z     Checking iana-time-zone v0.1.65
2026-10-08T03:29:51.2092441Z    Compiling heck v0.5.0
2026-10-08T03:29:51.2400603Z     Checking log v0.4.34
2026-10-08T03:29:51.2996037Z     Checking strsim v0.11.1
2026-10-08T03:29:51.3040568Z     Checking clap_lex v1.1.1
2026-10-08T03:29:51.3292831Z    Compiling chrono-tz v0.10.4
2026-10-08T03:29:51.3703586Z    Compiling clap_derive v4.6.7
2026-10-08T03:29:51.3732147Z     Checking clap_builder v4.6.7
2026-10-08T03:29:51.3922923Z     Checking globset v0.4.20
2026-10-08T03:29:51.5647265Z     Checking toml_parser v1.1.3+spec-1.1.0
2026-10-08T03:29:51.8232579Z     Checking chrono v0.4.45
2026-10-08T03:29:52.6332386Z     Checking walkdir v2.5.0
2026-10-08T03:30:02.2785227Z     Checking digest v0.10.7
2026-10-08T03:30:02.3792495Z     Checking phf v0.12.1
2026-10-08T03:30:02.3830893Z     Checking regex v1.13.1
2026-10-08T03:30:02.4082582Z     Checking hashlink v0.12.2
2026-10-08T03:30:02.4492540Z     Checking toml_datetime v0.7.5+spec-1.1.0
2026-10-08T03:30:02.5722431Z     Checking serde_spanned v1.1.1
2026-10-08T03:30:02.6173128Z     Checking fallible-streaming-iterator v0.1.9
2026-10-08T03:30:02.6205947Z     Checking cpufeatures v0.2.17
2026-10-08T03:30:02.6442623Z     Checking fallible-iterator v0.3.0
2026-10-08T03:30:02.6925446Z     Checking ryu v1.0.23
2026-10-08T03:30:02.7643045Z     Checking streaming-iterator v0.1.9
2026-10-08T03:30:02.8153023Z     Checking winnow v0.7.15
2026-10-08T03:30:02.8682784Z     Checking toml_writer v1.1.2+spec-1.1.0
2026-10-08T03:30:02.9647894Z     Checking smallvec v1.16.2
2026-10-08T03:30:02.9707336Z     Checking unsafe-libyaml v0.2.11
2026-10-08T03:30:03.0799491Z    Compiling rustix v1.1.5
2026-10-08T03:30:03.3002497Z     Checking rusqlite v0.40.2
2026-10-08T03:30:03.4322653Z     Checking serde_yaml_ng v0.10.0
2026-10-08T03:30:03.9229390Z     Checking sha2 v0.10.9
2026-10-08T03:30:03.9992460Z     Checking toml v0.9.12+spec-1.1.0
2026-10-08T03:30:04.1462369Z     Checking ignore v0.4.33
2026-10-08T03:30:04.5404274Z     Checking clap v4.6.7
2026-10-08T03:30:04.5487622Z     Checking uuid v1.27.0
2026-10-08T03:30:04.5604197Z     Checking fs2 v0.4.3
2026-10-08T03:30:04.5625971Z     Checking linux-raw-sys v0.12.1
2026-10-08T03:30:04.6072708Z     Checking once_cell v1.21.4
2026-10-08T03:30:04.7032350Z     Checking fastrand v2.5.0
2026-10-08T03:30:05.6366555Z     Checking tempfile v3.27.0
2026-10-08T03:30:06.8945908Z     Checking pctx v0.1.0-dev (/home/runner/work/pctx/pctx)
2026-10-08T03:30:12.1783495Z     Finished `dev` profile [unoptimized + debuginfo] target(s) in 28.80s
2026-10-08T03:30:12.2170614Z ##[group]Run cargo test --locked
2026-10-08T03:30:12.2170900Z cargo test --locked
2026-10-08T03:30:12.2206080Z shell: /usr/bin/bash -e {0}
2026-10-08T03:30:12.2206329Z env:
2026-10-08T03:30:12.2206530Z   CARGO_HOME: /home/runner/.cargo
2026-10-08T03:30:12.2206783Z   CARGO_INCREMENTAL: 0
2026-10-08T03:30:12.2207003Z   CARGO_TERM_COLOR: always
2026-10-08T03:30:12.2207237Z ##[endgroup]
2026-10-08T03:30:12.3092437Z    Compiling serde_core v1.0.229
2026-10-08T03:30:12.3093457Z    Compiling memchr v2.8.3
2026-10-08T03:30:12.3116196Z    Compiling equivalent v1.0.2
2026-10-08T03:30:12.3122325Z    Compiling itoa v1.0.18
2026-10-08T03:30:12.3429722Z    Compiling zmij v1.0.23
2026-10-08T03:30:12.4166686Z    Compiling foldhash v0.2.0
2026-10-08T03:30:12.5122652Z    Compiling regex-syntax v0.8.11
2026-10-08T03:30:12.6282780Z    Compiling typenum v1.20.1
2026-10-08T03:30:12.9412038Z    Compiling aho-corasick v1.1.5
2026-10-08T03:30:13.2922800Z    Compiling generic-array v0.14.7
2026-10-08T03:30:13.7702577Z    Compiling indexmap v2.14.2
2026-10-08T03:30:14.2962588Z    Compiling regex-automata v0.4.18
2026-10-08T03:30:14.3411569Z    Compiling hashbrown v0.17.1
2026-10-08T03:30:14.8607737Z    Compiling libc v0.2.190
2026-10-08T03:30:14.9822700Z    Compiling tree-sitter-language v0.1.8
2026-10-08T03:30:15.0152427Z    Compiling cfg-if v1.0.5
2026-10-08T03:30:15.0392646Z    Compiling utf8parse v0.2.2
2026-10-08T03:30:15.0752531Z    Compiling serde_json v1.0.151
2026-10-08T03:30:15.3252648Z    Compiling anstyle-parse v1.0.0
2026-10-08T03:30:15.4164143Z    Compiling serde v1.0.229
2026-10-08T03:30:15.8217571Z    Compiling crossbeam-utils v0.8.23
2026-10-08T03:30:15.8812636Z    Compiling colorchoice v1.0.5
2026-10-08T03:30:15.9202650Z    Compiling anstyle v1.0.14
2026-10-08T03:30:16.0465286Z    Compiling anstyle-query v1.1.5
2026-10-08T03:30:16.0802548Z    Compiling bitflags v2.13.2
2026-10-08T03:30:16.1117574Z    Compiling is_terminal_polyfill v1.70.2
2026-10-08T03:30:16.1399933Z    Compiling siphasher v1.0.4
2026-10-08T03:30:16.2272599Z    Compiling crossbeam-epoch v0.9.21
2026-10-08T03:30:16.2452519Z    Compiling anstream v1.0.0
2026-10-08T03:30:16.2692580Z    Compiling phf_shared v0.12.1
2026-10-08T03:30:16.3692695Z    Compiling tree-sitter v0.25.10
2026-10-08T03:30:16.4519210Z    Compiling num-traits v0.2.19
2026-10-08T03:30:16.4732553Z    Compiling getrandom v0.4.3
2026-10-08T03:30:16.5012714Z    Compiling block-buffer v0.10.4
2026-10-08T03:30:16.5576754Z    Compiling crypto-common v0.1.7
2026-10-08T03:30:16.5822501Z    Compiling bstr v1.13.1
2026-10-08T03:30:16.6072582Z    Compiling strsim v0.11.1
2026-10-08T03:30:16.9162787Z    Compiling clap_lex v1.1.1
2026-10-08T03:30:16.9942607Z    Compiling same-file v1.0.6
2026-10-08T03:30:17.0156537Z    Compiling winnow v1.0.4
2026-10-08T03:30:17.0646488Z    Compiling iana-time-zone v0.1.65
2026-10-08T03:30:17.0727494Z    Compiling log v0.4.34
2026-10-08T03:30:17.1892777Z    Compiling globset v0.4.20
2026-10-08T03:30:17.2502812Z    Compiling chrono v0.4.45
2026-10-08T03:30:17.3112746Z    Compiling toml_parser v1.1.3+spec-1.1.0
2026-10-08T03:30:17.9622549Z    Compiling walkdir v2.5.0
2026-10-08T03:30:17.9789719Z    Compiling clap_builder v4.6.7
2026-10-08T03:30:18.0849460Z    Compiling digest v0.10.7
2026-10-08T03:30:18.2002744Z    Compiling libsqlite3-sys v0.38.2
2026-10-08T03:30:18.3376330Z    Compiling crossbeam-deque v0.8.8
2026-10-08T03:30:18.4487436Z    Compiling phf v0.12.1
2026-10-08T03:30:18.5403462Z    Compiling regex v1.13.1
2026-10-08T03:30:18.9163618Z    Compiling hashlink v0.12.2
2026-10-08T03:30:19.1472843Z    Compiling serde_spanned v1.1.1
2026-10-08T03:30:19.2072654Z    Compiling toml_datetime v0.7.5+spec-1.1.0
2026-10-08T03:30:19.3034306Z    Compiling fallible-streaming-iterator v0.1.9
2026-10-08T03:30:19.3762584Z    Compiling cpufeatures v0.2.17
2026-10-08T03:30:19.4042572Z    Compiling fallible-iterator v0.3.0
2026-10-08T03:30:19.4242543Z    Compiling ryu v1.0.23
2026-10-08T03:30:19.5367253Z    Compiling streaming-iterator v0.1.9
2026-10-08T03:30:19.5414105Z    Compiling smallvec v1.16.2
2026-10-08T03:30:19.6646684Z    Compiling winnow v0.7.15
2026-10-08T03:30:19.6862558Z    Compiling toml_writer v1.1.2+spec-1.1.0
2026-10-08T03:30:19.7742483Z    Compiling unsafe-libyaml v0.2.11
2026-10-08T03:30:20.4292794Z    Compiling serde_yaml_ng v0.10.0
2026-10-08T03:30:20.5352531Z    Compiling clap v4.6.7
2026-10-08T03:30:20.5673736Z    Compiling rusqlite v0.40.2
2026-10-08T03:30:21.0812596Z    Compiling toml v0.9.12+spec-1.1.0
2026-10-08T03:30:21.7952563Z    Compiling sha2 v0.10.9
2026-10-08T03:30:21.8322551Z    Compiling chrono-tz v0.10.4
2026-10-08T03:30:22.0892561Z    Compiling ignore v0.4.33
2026-10-08T03:30:22.1232666Z    Compiling tree-sitter-typescript v0.23.2
2026-10-08T03:30:22.1582720Z    Compiling tree-sitter-python v0.25.0
2026-10-08T03:30:22.1842461Z    Compiling tree-sitter-javascript v0.25.0
2026-10-08T03:30:22.5904851Z    Compiling uuid v1.27.0
2026-10-08T03:30:22.9652560Z    Compiling fs2 v0.4.3
2026-10-08T03:30:23.0382597Z    Compiling linux-raw-sys v0.12.1
2026-10-08T03:30:23.3132594Z    Compiling fastrand v2.5.0
2026-10-08T03:30:23.3402595Z    Compiling rustix v1.1.5
2026-10-08T03:30:23.4682611Z    Compiling once_cell v1.21.4
2026-10-08T03:30:24.4162815Z    Compiling tempfile v3.27.0
2026-10-08T03:30:25.2247777Z    Compiling pctx v0.1.0-dev (/home/runner/work/pctx/pctx)
2026-10-08T03:30:39.5897078Z     Finished `test` profile [unoptimized + debuginfo] target(s) in 27.35s
2026-10-08T03:30:39.5968102Z      Running unittests src/lib.rs (target/debug/deps/pctx-e2763bd1894f4e75)
2026-10-08T03:30:39.5979195Z 
2026-10-08T03:30:39.5979340Z running 7 tests
2026-10-08T03:30:39.6001551Z test output::capture_tests::incomplete_private_key_never_reaches_records ... ok
2026-10-08T03:30:39.6078714Z test broker::tests::nul_names_rename_and_unborn_metadata_are_machine_parsed ... ok
2026-10-08T03:30:39.6079977Z test search::tests::boolean_precedence_and_bounds ... ok
2026-10-08T03:30:39.6080873Z test search::tests::literal_smart_case ... ok
2026-10-08T03:30:39.6083650Z test output::capture_tests::split_secret_and_ansi_never_survive_normalization ... ok
2026-10-08T03:30:39.6087659Z test output::capture_tests::registered_git_nul_capture_preserves_filename_controls_and_record_boundaries ... ok
2026-10-08T03:30:39.6777362Z test output::capture_tests::oversize_binary_invalid_utf8_and_record_counts_are_bounded ... ok
2026-10-08T03:30:39.6778386Z 
2026-10-08T03:30:39.6778963Z test result: ok. 7 passed; 0 failed; 0 ignored; 0 measured; 0 filtered out; finished in 0.08s
2026-10-08T03:30:39.6779557Z 
2026-10-08T03:30:39.6782192Z      Running unittests src/main.rs (target/debug/deps/pctx-5ffb36ebe86a6ae8)
2026-10-08T03:30:39.6791013Z 
2026-10-08T03:30:39.6791626Z running 0 tests
2026-10-08T03:30:39.6791876Z 
2026-10-08T03:30:39.6792234Z test result: ok. 0 passed; 0 failed; 0 ignored; 0 measured; 0 filtered out; finished in 0.00s
2026-10-08T03:30:39.6792573Z 
2026-10-08T03:30:39.6795737Z      Running tests/adapter.rs (target/debug/deps/adapter-15893ad9f4390564)
2026-10-08T03:30:39.6807359Z 
2026-10-08T03:30:39.6813201Z running 10 tests
2026-10-08T03:30:39.9948087Z test malformed_and_version_variation_are_rejected_without_mutation ... ok
2026-10-08T03:30:39.9991471Z test permission_events_are_observation_only ... ok
2026-10-08T03:30:40.0021776Z test edited_owned_hook_conflicts_without_partial_removal ... ok
2026-10-08T03:30:40.0076626Z test pretool_decisions_never_rewrite_or_execute_declared_commands ... ok
2026-10-08T03:30:40.0088188Z test plans_are_hash_bound_and_preserve_existing_settings ... ok
2026-10-08T03:30:40.0107658Z test stale_plans_do_not_change_config ... ok
2026-10-08T03:30:40.0156262Z test symlink_configuration_is_rejected ... ok
2026-10-08T03:30:40.0194033Z test events_delegate_epoch_and_never_ack_or_store_dialogue ... ok
2026-10-08T03:30:40.0259291Z test uninstall_preserves_user_changes_and_only_removes_new_entries ... ok
2026-10-08T03:30:40.0328726Z test statusline_cost_is_estimate_context_is_snapshot_and_epoch_is_checked ... ok
2026-10-08T03:30:40.0329059Z 
2026-10-08T03:30:40.0329307Z test result: ok. 10 passed; 0 failed; 0 ignored; 0 measured; 0 filtered out; finished in 0.35s
2026-10-08T03:30:40.0329621Z 
2026-10-08T03:30:40.0333201Z      Running tests/atomic_publication.rs (target/debug/deps/atomic_publication-5b1b02c8aee6f997)
2026-10-08T03:30:40.0342289Z 
2026-10-08T03:30:40.0342419Z running 2 tests
2026-10-08T03:30:40.0433672Z test replacement_keeps_old_open_reader_and_publishes_complete_new_record ... ok
2026-10-08T03:30:40.0462026Z test create_only_race_publishes_one_complete_record_and_preserves_it ... ok
2026-10-08T03:30:40.0462742Z 
2026-10-08T03:30:40.0463430Z test result: ok. 2 passed; 0 failed; 0 ignored; 0 measured; 0 filtered out; finished in 0.01s
2026-10-08T03:30:40.0463777Z 
2026-10-08T03:30:40.0465453Z      Running tests/broker.rs (target/debug/deps/broker-05231579109f1e61)
2026-10-08T03:30:40.0476606Z 
2026-10-08T03:30:40.0476772Z running 9 tests
2026-10-08T03:30:40.1109709Z test field_selection_and_nul_filenames_do_not_emit_paths_or_source ... ok
2026-10-08T03:30:40.1756720Z test concurrent_refresh_is_shared_but_workspace_and_policy_keys_are_isolated ... ok
2026-10-08T03:30:40.1912304Z test five_actual_cli_processes_share_one_refresh ... ok
2026-10-08T03:30:40.2222958Z test non_git_is_unsupported_and_corrupt_git_is_never_empty_or_clean ... ok
2026-10-08T03:30:40.2663308Z test bounded_wait_without_snapshot_is_unavailable_and_never_reclaims_live_owner ... ok
2026-10-08T03:30:40.2682737Z test proven_dead_refresh_owner_can_be_reclaimed_without_ttl_guessing ... ok
2026-10-08T03:30:40.2899944Z test repo_fsmonitor_script_is_never_executed ... ok
2026-10-08T03:30:40.3559693Z test live_refresh_owner_is_not_stolen_by_age_and_returns_pending ... ok
2026-10-08T03:30:40.8730493Z test default_waiter_receives_shared_publication_after_old_half_second_cutoff ... ok
2026-10-08T03:30:40.8731075Z 
2026-10-08T03:30:40.8731637Z test result: ok. 9 passed; 0 failed; 0 ignored; 0 measured; 0 filtered out; finished in 0.83s
2026-10-08T03:30:40.8732162Z 
2026-10-08T03:30:40.8735971Z      Running tests/cli_contract.rs (target/debug/deps/cli_contract-8ed9d84663845a90)
2026-10-08T03:30:40.8746255Z 
2026-10-08T03:30:40.8746392Z running 14 tests
2026-10-08T03:30:40.8815856Z test invalid_json_cli_inputs_still_return_one_json_document ... ok
2026-10-08T03:30:40.8890869Z test invalid_capacity_is_json_even_for_markdown_and_never_writes_output ... ok
2026-10-08T03:30:40.9209492Z test every_stdout_budget_route_rejects_tiny_capacity_without_child_or_local_files ... ok
2026-10-08T03:30:40.9352472Z test inventory_cli_reports_static_candidates_without_execution_or_authority ... ok
2026-10-08T03:30:40.9522496Z test minimum_error_budget_boundary_is_argument_validation_before_project_access ... ok
2026-10-08T03:30:40.9639941Z test invalid_project_and_merged_user_policy_never_become_successful_empty_results ... ok
2026-10-08T03:30:40.9752729Z test context_budget_is_exact_json_and_required_rules_are_not_cut ... ok
2026-10-08T03:30:41.0085716Z test markdown_is_a_safe_document_and_unsupported_formats_precede_writes ... ok
2026-10-08T03:30:41.0413019Z test security_applies_to_direct_reads_and_cached_metadata ... ok
2026-10-08T03:30:41.0890109Z test non_git_exploration_changes_and_idempotent_init ... ok
2026-10-08T03:30:41.1028797Z test strict_lookup_retains_available_evidence_and_reports_incomplete_refresh ... ok
2026-10-08T03:30:41.1265767Z test valid_minimum_capacity_with_oversize_mandatory_rule_keeps_budget_exit_eight ... ok
2026-10-08T03:30:41.1910485Z test tiny_budgets_preserve_index_lease_checks_and_context_receipt_ledgers ... ok
2026-10-08T03:30:42.9889072Z test ndjson_snapshot_follow_and_resume_have_no_event_gap ... ok
2026-10-08T03:30:42.9889415Z 
2026-10-08T03:30:42.9889739Z test result: ok. 14 passed; 0 failed; 0 ignored; 0 measured; 0 filtered out; finished in 2.11s
2026-10-08T03:30:42.9890124Z 
2026-10-08T03:30:42.9892255Z      Running tests/concurrency.rs (target/debug/deps/concurrency-eca95134940eebdc)
2026-10-08T03:30:42.9900497Z 
2026-10-08T03:30:42.9900637Z running 9 tests
2026-10-08T03:30:43.0192890Z test agent_cannot_authorize_execution_trust ... ok
2026-10-08T03:30:43.0445114Z test git_status_does_not_run_unbound_repository_fsmonitor ... ok
2026-10-08T03:30:43.1012474Z test agent_capability_cannot_grant_owner_authority ... ok
2026-10-08T03:30:43.1711392Z test check_changed_during_external_execution_stays_stale ... ok
2026-10-08T03:30:43.1799649Z test report_replay_and_revision_conflict_are_visible_at_cli ... ok
2026-10-08T03:30:43.2457241Z test changed_source_and_definition_do_not_reuse_check_evidence ... ok
2026-10-08T03:30:43.2889298Z test ten_readers_and_two_writers_see_published_generations ... ok
2026-10-08T03:30:43.2913704Z test two_process_claims_have_one_winner ... ok
2026-10-08T03:30:43.3506656Z test session_ack_and_epoch_cannot_be_changed_by_other_agent ... ok
2026-10-08T03:30:43.3507266Z 
2026-10-08T03:30:43.3507946Z test result: ok. 9 passed; 0 failed; 0 ignored; 0 measured; 0 filtered out; finished in 0.36s
2026-10-08T03:30:43.3508396Z 
2026-10-08T03:30:43.3509809Z      Running tests/core_security.rs (target/debug/deps/core_security-e28fbf3717728511)
2026-10-08T03:30:43.3519110Z 
2026-10-08T03:30:43.3519267Z running 12 tests
2026-10-08T03:30:43.3912329Z test cr01_handoff_symlink_cannot_write_outside_project ... ok
2026-10-08T03:30:43.3942147Z test cr04_require_complete_does_not_hide_skipped_input ... ok
2026-10-08T03:30:43.4072457Z test cr06_equals_format_errors_are_single_json_documents ... ok
2026-10-08T03:30:43.4258257Z test checkpoint_scope_unique_rename_and_checksum_failure_are_explicit ... ok
2026-10-08T03:30:43.4549596Z test cr05_public_envelope_reports_truncation_and_parser_partial ... ok
2026-10-08T03:30:43.4597691Z test cr02_embedded_private_key_fragments_are_masked ... ok
2026-10-08T03:30:43.4702669Z test cr08_checkpoint_metadata_obeys_new_security_exclusions ... ok
2026-10-08T03:30:43.4776427Z test cr09_freshness_is_validated_and_off_is_visible ... ok
2026-10-08T03:30:43.5246152Z test rebuild_refuses_foreign_workspace_without_replacing_index ... ok
2026-10-08T03:30:43.5279929Z test rebuild_refuses_newer_schema_without_replacing_original ... ok
2026-10-08T03:30:43.5958349Z test rebuild_preserves_checkpoints_and_quarantines_corrupt_index ... ok
2026-10-08T03:30:44.3622494Z test cr10_explicit_seed_limit_is_reported ... ok
2026-10-08T03:30:44.3622796Z 
2026-10-08T03:30:44.3623074Z test result: ok. 12 passed; 0 failed; 0 ignored; 0 measured; 0 filtered out; finished in 1.01s
2026-10-08T03:30:44.3623464Z 
2026-10-08T03:30:44.3626890Z      Running tests/filters.rs (target/debug/deps/filters-9dea00f8755ee638)
2026-10-08T03:30:44.3638998Z 
2026-10-08T03:30:44.3639312Z running 7 tests
2026-10-08T03:30:44.4012913Z test protect_beats_drop_dedup_keeps_occurrences_ranges_and_no_pass_claim ... ok
2026-10-08T03:30:44.4332535Z test secrets_cr_and_unicode_are_safe_and_protected_survives_excerpt ... ok
2026-10-08T03:30:44.4572729Z test strict_keys_operations_and_regex_no_code_execution ... ok
2026-10-08T03:30:44.4869372Z test structured_fields_grouping_and_excerpt_keep_protected_metadata ... ok
2026-10-08T03:30:44.6312112Z test changed_fixture_cannot_activate_old_report_and_bounds_are_explicit ... ok
2026-10-08T03:30:44.7333459Z test saved_output_custom_render_preserves_observed_failure_without_rerun ... ok
2026-10-08T03:30:45.5875385Z test full_fixture_activation_hash_invalidation_and_exact_match_ambiguity ... ok
2026-10-08T03:30:45.5876448Z 
2026-10-08T03:30:45.5877421Z test result: ok. 7 passed; 0 failed; 0 ignored; 0 measured; 0 filtered out; finished in 1.22s
2026-10-08T03:30:45.5878144Z 
2026-10-08T03:30:45.5883361Z      Running tests/graph.rs (target/debug/deps/graph-7863aff3bf6357c9)
2026-10-08T03:30:45.5900287Z 
2026-10-08T03:30:45.5900671Z running 4 tests
2026-10-08T03:30:45.6519396Z test workspace_exports_and_dynamic_import_are_explicit ... ok
2026-10-08T03:30:45.6525186Z test alias_configuration_changes_invalidate_without_index_refresh ... ok
2026-10-08T03:30:45.6537966Z test import_cycles_have_bounded_traversal_and_reverse_impact_is_inferred ... ok
2026-10-08T03:30:45.6556361Z test workspaces_and_policy_are_never_cross_used ... ok
2026-10-08T03:30:45.6556658Z 
2026-10-08T03:30:45.6556927Z test result: ok. 4 passed; 0 failed; 0 ignored; 0 measured; 0 filtered out; finished in 0.07s
2026-10-08T03:30:45.6557261Z 
2026-10-08T03:30:45.6561299Z      Running tests/inventory.rs (target/debug/deps/inventory-02c2bde1104990e7)
2026-10-08T03:30:45.6572696Z 
2026-10-08T03:30:45.6572854Z running 8 tests
2026-10-08T03:30:45.6712373Z test dynamic_invalid_and_unsupported_configs_are_explicit ... ok
2026-10-08T03:30:45.6732229Z test stale_documents_and_changed_source_only_need_review ... ok
2026-10-08T03:30:45.6751973Z test audit_proposals_are_deterministic_hash_bound_and_do_not_write ... ok
2026-10-08T03:30:45.6762719Z test profile_confirms_observation_not_owner_authority_and_detects_conflict_and_stale ... ok
2026-10-08T03:30:45.6763866Z test symlinks_and_budgets_are_not_traversed ... ok
2026-10-08T03:30:45.6765275Z test exclusions_and_redaction_apply_to_scan_and_current_audit ... ok
2026-10-08T03:30:45.6782840Z test unknown_selectors_and_code_structure_do_not_invent_facts ... ok
2026-10-08T03:30:45.6796872Z test static_workspace_packages_and_checks_have_current_proof_without_execution ... ok
2026-10-08T03:30:45.6797954Z 
2026-10-08T03:30:45.6798344Z test result: ok. 8 passed; 0 failed; 0 ignored; 0 measured; 0 filtered out; finished in 0.02s
2026-10-08T03:30:45.6798959Z 
2026-10-08T03:30:45.6802700Z      Running tests/operations.rs (target/debug/deps/operations-6a0669a3470add15)
2026-10-08T03:30:45.6815261Z 
2026-10-08T03:30:45.6815393Z running 11 tests
2026-10-08T03:30:45.7243054Z test exact_decisions_deduplicate_but_changed_environment_amount_artifact_do_not ... ok
2026-10-08T03:30:45.7255602Z test mailbox_retry_is_queued_once_and_ack_is_recipient_bound ... ok
2026-10-08T03:30:45.7335208Z test forged_agent_owner_decision_does_not_generate_grant ... ok
2026-10-08T03:30:45.7461412Z test omitted_action_role_cannot_bypass_registered_actor_pause ... ok
2026-10-08T03:30:45.7587974Z test owner_queue_filters_oldest_hidden_actions_before_limit_without_disclosing_details ... ok
2026-10-08T03:30:45.7723174Z test owner_queue_honors_specific_recipients_and_owner_destination_without_globalizing_silence ... ok
2026-10-08T03:30:45.7902170Z test role_pause_blocks_claim_without_mutating_task_or_run ... ok
2026-10-08T03:30:45.7979257Z test silence_hides_topic_and_body_before_inbox_ranking ... ok
2026-10-08T03:30:45.8221827Z test unknown_cost_pause_and_silence_override_valid_grant ... ok
2026-10-08T03:30:45.8272415Z test owner_queue_delivery_barriers_survive_control_restore ... ok
2026-10-08T03:30:45.8322013Z test backup_restore_preserves_pause_silence_and_messages_but_revokes_grants ... ok
2026-10-08T03:30:45.8322619Z 
2026-10-08T03:30:45.8323275Z test result: ok. 11 passed; 0 failed; 0 ignored; 0 measured; 0 filtered out; finished in 0.15s
2026-10-08T03:30:45.8323890Z 
2026-10-08T03:30:45.8327273Z      Running tests/output.rs (target/debug/deps/output-309f9d9fdc2ba131)
2026-10-08T03:30:45.8339660Z 
2026-10-08T03:30:45.8339811Z running 10 tests
2026-10-08T03:30:45.8683521Z test agent_cannot_mint_execution_trust_and_git_helpers_are_unavailable ... ok
2026-10-08T03:30:45.8703583Z test exact_trust_child_exit_and_reread_without_execution ... ok
2026-10-08T03:30:45.8878477Z test masking_is_before_storage_and_cr_preserves_error ... ok
2026-10-08T03:30:45.8921899Z test diagnostic_extract_binds_original_source_and_rereads_without_execution ... ok
2026-10-08T03:30:45.8947406Z test opaque_shell_heavy_and_bad_identifiers_rejected ... ok
2026-10-08T03:30:45.8996118Z test none_expiry_tamper_and_policy_change_cannot_restore_records ... ok
2026-10-08T03:30:45.9137106Z test typed_full_report_preserves_failed_counts_without_becoming_gate_evidence ... ok
2026-10-08T03:30:46.0394580Z test nonzero_and_timeout_are_not_filter_success ... ok
2026-10-08T03:30:46.8908981Z test verbose_output_preserves_late_diagnostics_and_full_masked_denominator ... ok
2026-10-08T03:30:47.2063163Z test bounded_capture_retains_tail_and_original_record_positions ... ok
2026-10-08T03:30:47.2063716Z 
2026-10-08T03:30:47.2064141Z test result: ok. 10 passed; 0 failed; 0 ignored; 0 measured; 0 filtered out; finished in 1.37s
2026-10-08T03:30:47.2064760Z 
2026-10-08T03:30:47.2075408Z      Running tests/pack.rs (target/debug/deps/pack-5c6ff54012849a88)
2026-10-08T03:30:47.2089217Z 
2026-10-08T03:30:47.2089471Z running 10 tests
2026-10-08T03:30:47.2642433Z test inspection_reapplies_source_artifact_policy_and_masks_untrusted_manifest ... ok
2026-10-08T03:30:47.2674058Z test forged_budgets_parts_and_json_complexity_are_rejected_before_load ... ok
2026-10-08T03:30:47.2914639Z test giant_item_and_total_budget_fail_without_plans_or_publication ... ok
2026-10-08T03:30:47.2932154Z test immutable_plan_has_no_source_metadata_default_and_full_masks_preserves_license ... ok
2026-10-08T03:30:47.3152605Z test integrity_tamper_missing_parts_and_missing_original_are_distinct ... ok
2026-10-08T03:30:47.3157380Z test racing_artifact_parent_symlink_never_reads_outside_marker ... ok
2026-10-08T03:30:47.3337317Z test signatures_keep_notices_and_single_json_verifies ... ok
2026-10-08T03:30:47.3380616Z test stale_source_policy_task_and_wrong_expected_hash_do_not_publish ... ok
2026-10-08T03:30:47.3506576Z test symlink_output_input_overlap_and_overwrite_are_denied ... ok
2026-10-08T03:30:47.3697484Z test task_or_parser_revision_changes_make_current_source_pack_stale ... ok
2026-10-08T03:30:47.3697829Z 
2026-10-08T03:30:47.3698072Z test result: ok. 10 passed; 0 failed; 0 ignored; 0 measured; 0 filtered out; finished in 0.16s
2026-10-08T03:30:47.3698387Z 
2026-10-08T03:30:47.3704026Z      Running tests/parsers.rs (target/debug/deps/parsers-d5a1d82286ac0129)
2026-10-08T03:30:47.3714840Z 
2026-10-08T03:30:47.3715029Z running 15 tests
2026-10-08T03:30:47.3789676Z test duplicate_json_keys_never_override_failure_into_pass ... ok
2026-10-08T03:30:47.3790440Z test eslint_count_drift_or_metadata_wrapper_is_partial ... ok
2026-10-08T03:30:47.3791303Z test eslint_keeps_error_warning_fatal_ranges_and_distinct_files ... ok
2026-10-08T03:30:47.3807267Z test git_log_selected_fields_and_diff_ranges_remain_review_only ... ok
2026-10-08T03:30:47.3834125Z test git_nul_status_preserves_rename_whitespace_and_conflicts ... ok
2026-10-08T03:30:47.3835047Z test missing_final_and_unknown_assertions_are_partial ... ok
2026-10-08T03:30:47.3835793Z test native_complete_claim_is_never_gate_evidence ... ok
2026-10-08T03:30:47.3836486Z test native_capture_timeout_or_missing_final_never_pass ... ok
2026-10-08T03:30:47.3837203Z test malformed_complex_oversize_and_unknown_inputs_fail_safely ... ok
2026-10-08T03:30:47.3838028Z test retries_prior_failures_and_suite_crash_are_preserved ... ok
2026-10-08T03:30:47.3838842Z test test_report_counts_survive_but_retry_history_is_not_invented ... ok
2026-10-08T03:30:47.3861520Z test native_zero_all_skipped_nonzero_and_exit_mismatch_cannot_pass ... ok
2026-10-08T03:30:47.3862111Z test test_zero_all_skipped_and_observed_nonzero_never_pass ... ok
2026-10-08T03:30:47.3862567Z test typescript_diagnostics_keep_codes_locations_and_record_provenance ... ok
2026-10-08T03:30:47.3884359Z test diagnostic_limit_keeps_total_counts_and_masks_messages ... ok
2026-10-08T03:30:47.3884859Z 
2026-10-08T03:30:47.3885142Z test result: ok. 15 passed; 0 failed; 0 ignored; 0 measured; 0 filtered out; finished in 0.02s
2026-10-08T03:30:47.3885462Z 
2026-10-08T03:30:47.3888439Z      Running tests/project_documents.rs (target/debug/deps/project_documents-759fd2b97b4b6f95)
2026-10-08T03:30:47.3899634Z 
2026-10-08T03:30:47.3899761Z running 5 tests
2026-10-08T03:30:47.4082492Z test decisions_keep_superseded_records_and_report_unresolved_references ... ok
2026-10-08T03:30:47.4102269Z test legacy_instructions_are_opaque_and_all_returned_metadata_is_masked ... ok
2026-10-08T03:30:47.4104003Z test rules_are_scoped_required_and_keep_source_provenance ... ok
2026-10-08T03:30:47.4148923Z test structured_conflicts_fail_but_natural_contradictions_remain_data ... ok
2026-10-08T03:30:47.4164139Z test tags_aliases_duplicate_ids_and_excess_nesting_are_rejected ... ok
2026-10-08T03:30:47.4164626Z 
2026-10-08T03:30:47.4164899Z test result: ok. 5 passed; 0 failed; 0 ignored; 0 measured; 0 filtered out; finished in 0.03s
2026-10-08T03:30:47.4165239Z 
2026-10-08T03:30:47.4167619Z      Running tests/quota.rs (target/debug/deps/quota-7315edbb97d45102)
2026-10-08T03:30:47.4180304Z 
2026-10-08T03:30:47.4180461Z running 7 tests
2026-10-08T03:30:47.4641391Z test first_unknown_baseline_and_missing_provider_do_not_become_zero_or_normal ... ok
2026-10-08T03:30:47.4657087Z test cumulative_counters_are_deltas_and_collector_sources_do_not_double_count ... ok
2026-10-08T03:30:47.4659930Z test pools_are_isolated_and_manual_estimates_do_not_change_actual_usage ... ok
2026-10-08T03:30:47.4708201Z test epochs_resets_and_stale_counters_are_not_inherited ... ok
2026-10-08T03:30:47.4984449Z test quota_thresholds_reset_reobservation_and_persistent_pause_silence ... ok
2026-10-08T03:30:47.4996159Z test reservations_share_pool_same_unit_and_are_soft_idempotent ... ok
2026-10-08T03:30:47.5546890Z test restored_quota_requires_fresh_observation_and_event_ledgers_stay_immutable ... ok
2026-10-08T03:30:47.5547761Z 
2026-10-08T03:30:47.5548204Z test result: ok. 7 passed; 0 failed; 0 ignored; 0 measured; 0 filtered out; finished in 0.14s
2026-10-08T03:30:47.5548765Z 
2026-10-08T03:30:47.5551945Z      Running tests/reader_policy_cache.rs (target/debug/deps/reader_policy_cache-323c0b68d4edf2d8)
2026-10-08T03:30:47.5564236Z 
2026-10-08T03:30:47.5564366Z running 8 tests
2026-10-08T03:30:47.5585856Z test cloned_anchor_never_rebinds_after_root_is_deleted_and_recreated ... ok
2026-10-08T03:30:47.5600295Z test immutable_root_anchor_accepts_in_place_and_atomic_source_edits ... ok
2026-10-08T03:30:47.5617852Z test compiled_patterns_never_cache_path_access_or_source_across_projects ... ok
2026-10-08T03:30:47.5618734Z test warmed_patterns_do_not_authorize_a_path_replaced_by_a_symlink ... ok
2026-10-08T03:30:47.5619625Z test warmed_root_and_ancestor_replacement_cannot_redirect_current_source ... ok
2026-10-08T03:30:47.5764178Z test fifo_source_and_configuration_are_rejected_without_blocking ... ok
2026-10-08T03:30:47.5795740Z test concurrent_eviction_keeps_each_exact_policy_and_current_source ... ok
2026-10-08T03:30:47.5989992Z test initialized_project_rejects_normal_root_and_ancestor_replacement ... ok
2026-10-08T03:30:47.5990548Z 
2026-10-08T03:30:47.5990936Z test result: ok. 8 passed; 0 failed; 0 ignored; 0 measured; 0 filtered out; finished in 0.04s
2026-10-08T03:30:47.5991657Z 
2026-10-08T03:30:47.5995941Z      Running tests/render.rs (target/debug/deps/render-7ce8e684a4c7e9fb)
2026-10-08T03:30:47.6004184Z 
2026-10-08T03:30:47.6004302Z running 8 tests
2026-10-08T03:30:47.6012926Z test json_formats_are_one_minified_document_including_exact_final_newline ... ok
2026-10-08T03:30:47.6014072Z test malicious_fences_and_controls_cannot_escape_literal_source_and_roundtrip_exactly ... ok
2026-10-08T03:30:47.6026108Z test errors_partial_scope_and_negative_report_are_explicit_without_success_claim ... ok
2026-10-08T03:30:47.6031415Z test outline_and_handoff_display_source_provenance_and_keep_unknown_fields ... ok
2026-10-08T03:30:47.6032379Z test preexisting_masking_and_unicode_are_not_changed_or_inferred ... ok
2026-10-08T03:30:47.6033293Z test support_is_exact_and_unsupported_markdown_returns_argument_error ... ok
2026-10-08T03:30:47.6033968Z test renderer_never_enforces_or_silently_cuts_a_reported_budget ... ok
2026-10-08T03:30:47.6034691Z test terminal_hidden_unicode_is_json_escaped_without_changing_values ... ok
2026-10-08T03:30:47.6035018Z 
2026-10-08T03:30:47.6035245Z test result: ok. 8 passed; 0 failed; 0 ignored; 0 measured; 0 filtered out; finished in 0.00s
2026-10-08T03:30:47.6035684Z 
2026-10-08T03:30:47.6037407Z      Running tests/runner.rs (target/debug/deps/runner-f080788fb204bcfe)
2026-10-08T03:30:47.6047123Z 
2026-10-08T03:30:47.6047297Z running 23 tests
2026-10-08T03:30:47.7291676Z test cloud_helper_is_only_durable_intent ... ok
2026-10-08T03:30:47.8212408Z test changed_script_and_agent_forged_trust_are_denied ... ok
2026-10-08T03:30:47.9885730Z test explicit_script_input_change_requires_new_trust ... ok
2026-10-08T03:30:48.1028709Z test inherited_canonical_descriptor_retains_lock_after_invalid_proof_and_parent_close ... ok
2026-10-08T03:30:50.1326236Z test cross_project_heavy_capacity_is_one ... ok
2026-10-08T03:30:50.3201842Z test legacy_bridge_absence_prevents_execution ... ok
2026-10-08T03:30:50.3202857Z test legacy_lock_fixture ... ok
2026-10-08T03:30:50.5082409Z test linked_slot_child_directory_cannot_redirect_state ... ok
2026-10-08T03:30:52.7489327Z test local_auxiliary_provider_needs_registered_linked_workspace_and_capacity ... ok
2026-10-08T03:30:53.5572301Z test native_environment_change_or_missing_profile_invalidates_existing_pass ... ok
2026-10-08T03:30:53.9050330Z test native_pass_is_invalidated_by_external_executable_change_with_sources_unchanged ... ok
2026-10-08T03:30:54.3252144Z test parent_exit_does_not_release_living_child ... ok
2026-10-08T03:30:54.5752491Z test profile_change_during_execution_is_stale_at_report_recording ... ok
2026-10-08T03:30:55.8612049Z test source_mutation_during_check_is_stale ... ok
2026-10-08T03:30:56.2239327Z test synthetic_low_memory_defers_heavy_admission ... ok
2026-10-08T03:30:56.8642197Z test timeout_is_observed_without_success_evidence ... ok
2026-10-08T03:30:57.3191970Z test trusted_typed_check_is_real_evidence ... ok
2026-10-08T03:30:58.2272040Z test unknown_and_zero_tests_do_not_pass ... ok
2026-10-08T03:30:58.8032114Z test unknown_memory_requires_disclosed_exact_owner_override ... ok
2026-10-08T03:30:59.2072194Z test user_created_host_state_symlink_is_denied ... ok
2026-10-08T03:31:10.3770824Z test canonical_mutex_survives_main_parent_death ... ok
2026-10-08T03:31:14.6179879Z test killed_guardian_causes_negative_child_observation ... ok
2026-10-08T03:31:23.9727988Z test canonical_legacy_and_pctx_exclude_each_other ... ok
2026-10-08T03:31:23.9728313Z 
2026-10-08T03:31:23.9728635Z test result: ok. 23 passed; 0 failed; 0 ignored; 0 measured; 0 filtered out; finished in 36.37s
2026-10-08T03:31:23.9729128Z 
2026-10-08T03:31:23.9731667Z      Running tests/runner_spawn_binding.rs (target/debug/deps/runner_spawn_binding-f87d81431fa78c75)
2026-10-08T03:31:23.9741753Z 
2026-10-08T03:31:23.9741912Z running 1 test
2026-10-08T03:31:26.6013851Z test external_native_tool_changed_during_final_manifest_never_spawns ... ok
2026-10-08T03:31:26.6014418Z 
2026-10-08T03:31:26.6014699Z test result: ok. 1 passed; 0 failed; 0 ignored; 0 measured; 0 filtered out; finished in 2.63s
2026-10-08T03:31:26.6015006Z 
2026-10-08T03:31:26.6017392Z      Running tests/schedule.rs (target/debug/deps/schedule-327a3bf71db8fc88)
2026-10-08T03:31:26.6038465Z 
2026-10-08T03:31:26.6038977Z running 17 tests
2026-10-08T03:31:26.6268821Z test berlin_spring_gap_moves_to_next_valid_wall_time ... ok
2026-10-08T03:31:26.6303483Z test berlin_fall_back_occurs_once_per_local_date_and_restart_reuses_record ... ok
2026-10-08T03:31:26.6351912Z test elapsed_intervals_do_not_change_with_dst_and_missed_ticks_coalesce ... ok
2026-10-08T03:31:26.6548205Z test empty_readonly_tick_is_successful_without_notification_or_model_wake ... ok
2026-10-08T03:31:26.6732562Z test failed_attempt_is_recorded_and_retry_is_explicit_instead_of_synthetic_success ... ok
2026-10-08T03:31:26.6804319Z test namespaces_and_cas_pause_updates_are_independent ... ok
2026-10-08T03:31:26.6829145Z test non_read_job_requires_matching_operation_decision ... ok
2026-10-08T03:31:26.6924789Z test project_private_bridge_staging_rejects_user_symlinks_without_changing_target ... ok
2026-10-08T03:31:26.7034000Z test paused_role_blocks_actual_tick_and_loop_does_not_acquire_keep_awake ... ok
2026-10-08T03:31:26.7196027Z test reconcile_singleflight_and_managed_bridge_never_claim_install_or_success ... ok
2026-10-08T03:31:26.7224779Z test role_pause_topic_silence_do_not_reactivate ... ok
2026-10-08T03:31:26.7483390Z test session_boundary_invalidates_binding_without_reinstall_or_epoch_inheritance ... ok
2026-10-08T03:31:36.0343057Z test running_owner_is_never_released_by_ttl_and_restored_binding_is_not_inherited ... ok
2026-10-08T03:31:36.1282419Z test tick_executes_once_and_only_changed_results_queue_a_local_notice ... ok
2026-10-08T03:31:37.6208004Z test staged_bridge_uninstall_removes_only_owned_files_and_missing_manifest_can_be_repaired ... ok
2026-10-08T03:31:42.7370892Z test managed_bridge_requires_current_reviewed_plan_and_preserves_user_changes ... ok
2026-10-08T03:31:45.9071667Z test actual_cli_concurrent_ticks_claim_one_occurrence_and_fixture_bridge_invokes_tick ... ok
2026-10-08T03:31:45.9072468Z 
2026-10-08T03:31:45.9073020Z test result: ok. 17 passed; 0 failed; 0 ignored; 0 measured; 0 filtered out; finished in 19.30s
2026-10-08T03:31:45.9073765Z 
2026-10-08T03:31:45.9076502Z      Running tests/search.rs (target/debug/deps/search-3fb4dc3e1c82ee01)
2026-10-08T03:31:45.9089248Z 
2026-10-08T03:31:45.9089413Z running 18 tests
2026-10-08T03:31:45.9123522Z test boolean_complements_validate_candidates_without_positive_hits ... ok
2026-10-08T03:31:45.9124632Z test cached_policy_change_hides_metadata_and_boolean_remains_explicit ... ok
2026-10-08T03:31:45.9129108Z test alias_and_aggregate_regex_candidates_use_current_validation ... ok
2026-10-08T03:31:45.9173042Z test indexed_metadata_empty_generation_rejects_replaced_root_before_search ... ok
2026-10-08T03:31:45.9271327Z test indexed_metadata_invalid_policy_and_foreign_workspace_fail_closed ... ok
2026-10-08T03:31:45.9276384Z test invalid_policy_fails_even_without_metadata_candidates ... ok
2026-10-08T03:31:45.9288638Z test markdown_sections_ignore_fenced_examples_and_link_parents ... ok
2026-10-08T03:31:45.9292138Z test indexed_metadata_matches_including_complements_authorize_before_limit_even_off ... ok
2026-10-08T03:31:45.9304258Z test matched_metadata_validates_stale_candidates_without_discovering_new_names ... ok
2026-10-08T03:31:45.9305645Z test oversized_non_candidate_is_skipped_but_matching_candidate_fails ... ok
2026-10-08T03:31:45.9321503Z test indexed_metadata_search_hides_unopened_historical_counts_and_propagates_generation ... ok
2026-10-08T03:31:45.9322431Z test stale_symbol_and_ambiguous_names_never_select_code ... ok
2026-10-08T03:31:45.9323275Z test indexed_metadata_staleness_and_body_only_discovery_keep_their_boundaries ... ok
2026-10-08T03:31:45.9324108Z test metadata_non_candidates_are_not_opened_as_source ... ok
2026-10-08T03:31:45.9324611Z test structural_variants_use_real_grammar ... ok
2026-10-08T03:31:45.9325431Z test unsupported_is_distinct_from_empty_supported ... ok
2026-10-08T03:31:45.9325970Z test utf8_crlf_locations_and_version_ids ... ok
2026-10-08T03:31:45.9339824Z test text_and_all_still_read_sources_without_metadata_hits_and_policy_hides_candidates ... ok
2026-10-08T03:31:45.9340238Z 
2026-10-08T03:31:45.9340491Z test result: ok. 18 passed; 0 failed; 0 ignored; 0 measured; 0 filtered out; finished in 0.02s
2026-10-08T03:31:45.9340823Z 
2026-10-08T03:31:45.9343627Z      Running tests/session.rs (target/debug/deps/session-2f66e6f7e7aa2b65)
2026-10-08T03:31:45.9355809Z 
2026-10-08T03:31:45.9355980Z running 6 tests
2026-10-08T03:31:45.9648833Z test identity_secrets_are_rejected_before_persistence ... ok
2026-10-08T03:31:45.9745788Z test minimum_budget_failure_creates_no_emission ... ok
2026-10-08T03:31:45.9932741Z test explicit_ack_unchanged_delta_and_no_source_ledger ... ok
2026-10-08T03:31:45.9996899Z test rule_changes_and_deleted_paths_are_explicit ... ok
2026-10-08T03:31:46.0013829Z test independent_sessions_boundaries_and_policy_reject_old_baselines ... ok
2026-10-08T03:31:46.0104888Z test suspend_reconcile_preserves_task_pause_and_never_revives_run ... ok
2026-10-08T03:31:46.0105218Z 
2026-10-08T03:31:46.0105484Z test result: ok. 6 passed; 0 failed; 0 ignored; 0 measured; 0 filtered out; finished in 0.07s
2026-10-08T03:31:46.0105807Z 
2026-10-08T03:31:46.0109931Z      Running tests/watch.rs (target/debug/deps/watch-24f8218e0c49a425)
2026-10-08T03:31:46.0121751Z 
2026-10-08T03:31:46.0121876Z running 4 tests
2026-10-08T03:31:46.0896619Z test closed_stdout_returns_controlled_error_without_panic ... ok
2026-10-08T03:31:48.1561771Z test compact_watch_renders_essential_columns_and_refreshes ... ok
2026-10-08T03:31:48.4109323Z test finite_ndjson_drains_all_pages_and_resumes_after_cursor ... ok
2026-10-08T03:31:52.4859313Z test heartbeat_and_expiry_appear_as_ephemeral_observations ... ok
2026-10-08T03:31:52.4859989Z 
2026-10-08T03:31:52.4860501Z test result: ok. 4 passed; 0 failed; 0 ignored; 0 measured; 0 filtered out; finished in 6.47s
2026-10-08T03:31:52.4861334Z 
2026-10-08T03:31:52.4862624Z      Running tests/windows_guardian.rs (target/debug/deps/windows_guardian-1d4fe0a6f3bd68a6)
2026-10-08T03:31:52.4870664Z 
2026-10-08T03:31:52.4870878Z running 0 tests
2026-10-08T03:31:52.4872445Z 
2026-10-08T03:31:52.4873090Z test result: ok. 0 passed; 0 failed; 0 ignored; 0 measured; 0 filtered out; finished in 0.00s
2026-10-08T03:31:52.4873682Z 
2026-10-08T03:31:52.4874618Z      Running tests/windows_process.rs (target/debug/deps/windows_process-af38b9d0bb9b835a)
2026-10-08T03:31:52.4880720Z 
2026-10-08T03:31:52.4881341Z running 0 tests
2026-10-08T03:31:52.4881597Z 
2026-10-08T03:31:52.4882059Z test result: ok. 0 passed; 0 failed; 0 ignored; 0 measured; 0 filtered out; finished in 0.00s
2026-10-08T03:31:52.4882583Z 
2026-10-08T03:31:52.4882999Z      Running tests/work_control.rs (target/debug/deps/work_control-bb552d4c490041db)
2026-10-08T03:31:52.4900136Z 
2026-10-08T03:31:52.4900313Z running 11 tests
2026-10-08T03:31:52.5123554Z test database_rejects_event_modification_and_receipt_conflict ... ok
2026-10-08T03:31:52.5324911Z test claims_reports_reassignment_and_cursor ... ok
2026-10-08T03:31:52.5507870Z test current_source_change_blocks_completion ... ok
2026-10-08T03:31:52.5603267Z test external_report_is_an_allowed_claim_without_native_environment_authority ... ok
2026-10-08T03:31:52.5762752Z test backup_restore_revokes_live_leases_and_preserves_pause ... ok
2026-10-08T03:31:52.5788221Z test evidence_gate_and_historical_completion ... ok
2026-10-08T03:31:52.5877576Z test legacy_native_pass_without_authoritative_binding_is_not_current_evidence ... ok
2026-10-08T03:31:52.6071008Z test zero_minimum_cannot_make_zero_tests_pass ... ok
2026-10-08T03:31:52.6174978Z test zero_tests_and_revision_conflict ... ok
2026-10-08T03:31:52.6791624Z test restore_preserves_session_history_without_ack_or_epoch_reuse ... ok
2026-10-08T03:31:52.6955119Z test schedule_v2_backup_strips_local_binding_and_restore_revokes_running_authority ... ok
2026-10-08T03:31:52.6956817Z 
2026-10-08T03:31:52.6957218Z test result: ok. 11 passed; 0 failed; 0 ignored; 0 measured; 0 filtered out; finished in 0.21s
2026-10-08T03:31:52.6957705Z 
2026-10-08T03:31:52.6960551Z    Doc-tests pctx
2026-10-08T03:31:53.3900131Z 
2026-10-08T03:31:53.3901037Z running 0 tests
2026-10-08T03:31:53.3901872Z 
2026-10-08T03:31:53.3902546Z test result: ok. 0 passed; 0 failed; 0 ignored; 0 measured; 0 filtered out; finished in 0.00s
2026-10-08T03:31:53.3902902Z 
2026-10-08T03:31:53.4034993Z Post job cleanup.
2026-10-08T03:31:53.4872964Z [command]/usr/bin/git version
2026-10-08T03:31:53.4911777Z git version 2.55.0
2026-10-08T03:31:53.4947254Z Temporarily overriding HOME='/home/runner/work/_temp/7c30fabb-de35-432c-bcc9-a13ac5a33e95' before making global git config changes
2026-10-08T03:31:53.4948551Z Adding repository directory to the temporary git global config as a safe directory
2026-10-08T03:31:53.4953548Z [command]/usr/bin/git config --global --add safe.directory /home/runner/work/pctx/pctx
2026-10-08T03:31:53.4987506Z [command]/usr/bin/git config --local --name-only --get-regexp core\.sshCommand
2026-10-08T03:31:53.5016536Z [command]/usr/bin/git submodule foreach --recursive sh -c "git config --local --name-only --get-regexp 'core\.sshCommand' && git config --local --unset-all 'core.sshCommand' || :"
2026-10-08T03:31:53.5210441Z [command]/usr/bin/git config --local --name-only --get-regexp http\.https\:\/\/github\.com\/\.extraheader
2026-10-08T03:31:53.5246429Z http.https://github.com/.extraheader
2026-10-08T03:31:53.5258320Z [command]/usr/bin/git config --local --unset-all http.https://github.com/.extraheader
2026-10-08T03:31:53.5289686Z [command]/usr/bin/git submodule foreach --recursive sh -c "git config --local --name-only --get-regexp 'http\.https\:\/\/github\.com\/\.extraheader' && git config --local --unset-all 'http.https://github.com/.extraheader' || :"
2026-10-08T03:31:53.5505228Z [command]/usr/bin/git config --local --name-only --get-regexp ^includeIf\.gitdir:
2026-10-08T03:31:53.5539336Z [command]/usr/bin/git submodule foreach --recursive git config --local --show-origin --name-only --get-regexp remote.origin.url
2026-10-08T03:31:53.5898392Z Cleaning up orphan processes
2026-10-08T03:31:53.6141836Z ##[warning]Node.js 20 is deprecated. The following actions target Node.js 20 but are being forced to run on Node.js 24: actions/checkout@v4. For more information see: https://github.blog/changelog/2025-09-19-deprecation-of-node-20-on-github-actions-runners/
