   Compiling pctx v0.1.0-dev (/Users/dev/PCTX)
    Finished `test` profile [unoptimized + debuginfo] target(s) in 4.36s
     Running tests/cli_contract.rs (target/debug/deps/cli_contract-7fe808194ea4872f)

running 14 tests
test context_budget_is_exact_json_and_required_rules_are_not_cut ... ok
test every_stdout_budget_route_rejects_tiny_capacity_without_child_or_local_files ... ok
test invalid_capacity_is_json_even_for_markdown_and_never_writes_output ... ok
test invalid_json_cli_inputs_still_return_one_json_document ... ok
test invalid_project_and_merged_user_policy_never_become_successful_empty_results ... ok
test inventory_cli_reports_static_candidates_without_execution_or_authority ... ok
test markdown_is_a_safe_document_and_unsupported_formats_precede_writes ... ok
test minimum_error_budget_boundary_is_argument_validation_before_project_access ... ok
test ndjson_snapshot_follow_and_resume_have_no_event_gap ... ok
test non_git_exploration_changes_and_idempotent_init ... ok
test security_applies_to_direct_reads_and_cached_metadata ... ok
test strict_lookup_retains_available_evidence_and_reports_incomplete_refresh ... ok
test tiny_budgets_preserve_index_lease_checks_and_context_receipt_ledgers ... ok
test valid_minimum_capacity_with_oversize_mandatory_rule_keeps_budget_exit_eight ... ok

test result: ok. 14 passed; 0 failed; 0 ignored; 0 measured; 0 filtered out; finished in 3.72s

     Running tests/context_adaptive.rs (target/debug/deps/context_adaptive-70b876c348e77459)

running 7 tests
test adaptive_budget_uses_intermediate_tiers_and_accounts_final_overhead_deterministically ... ok
test excerpts_preserve_exact_original_ranges_and_unsupported_signature_is_explicit ... ok
test explicit_seed_survives_lower_priority_imports_under_tight_budget ... ok
test final_escaped_document_budget_and_unsupported_tokenizer_remain_truthful ... ok
test final_omissions_fit_without_cutting_mandatory_task_rules_or_decisions ... FAILED
test markdown_final_document_uses_the_same_exact_accounting ... ok
test multiline_signatures_have_verified_utf8_crlf_ranges_and_distinct_outlines ... ok

failures:

---- final_omissions_fit_without_cutting_mandatory_task_rules_or_decisions stdout ----

thread 'final_omissions_fit_without_cutting_mandatory_task_rules_or_decisions' (7429678) panicked at tests/context_adaptive.rs:167:5:
assertion `left == right` failed
  left: 2
 right: 1
note: run with `RUST_BACKTRACE=1` environment variable to display a backtrace


failures:
    final_omissions_fit_without_cutting_mandatory_task_rules_or_decisions

test result: FAILED. 6 passed; 1 failed; 0 ignored; 0 measured; 0 filtered out; finished in 0.64s

error: test failed, to rerun pass `--test context_adaptive`
