error: no test target named `cli_budget` in default-run packages
help: available test targets:
    adapter
    atomic_publication
    broker
    cli_contract
    concurrency
    context_adaptive
    context_input_deadline
    core_security
    derived_query_deadline
    filters
    graph
    inventory
    operations
    output
    output_deadline
    output_delivery_observation
    pack
    parsers
    project_deadline
    project_documents
    query_deadline_cli
    query_filter_guard
    quota
    reader_deadline
    reader_policy_cache
    render
    runner
    runner_spawn_binding
    schedule
    search
    session
    session_render_budget
    storage_deadline
    watch
    windows_guardian
    windows_process
    work_control
