   Compiling pctx v0.1.0-dev (/Users/dev/PCTX)
    Finished `test` profile [unoptimized + debuginfo] target(s) in 0.30s
     Running tests/cli_contract.rs (target/debug/deps/cli_contract-7fe808194ea4872f)

running 14 tests
test context_budget_is_exact_json_and_required_rules_are_not_cut ... ok
test every_stdout_budget_route_rejects_tiny_capacity_without_child_or_local_files ... ok
test invalid_capacity_is_json_even_for_markdown_and_never_writes_output ... ok
test invalid_json_cli_inputs_still_return_one_json_document ... ok
test invalid_project_and_merged_user_policy_never_become_successful_empty_results ... ok
test inventory_cli_reports_static_candidates_without_execution_or_authority ... ok
test markdown_is_a_safe_document_and_unsupported_formats_precede_writes ... ok
test minimum_error_budget_boundary_is_argument_validation_before_project_access ... ok
test ndjson_snapshot_follow_and_resume_have_no_event_gap ... ok
test non_git_exploration_changes_and_idempotent_init ... ok
test security_applies_to_direct_reads_and_cached_metadata ... ok
test strict_lookup_retains_available_evidence_and_reports_incomplete_refresh ... ok
test tiny_budgets_preserve_index_lease_checks_and_context_receipt_ledgers ... ok
test valid_minimum_capacity_with_oversize_mandatory_rule_keeps_budget_exit_eight ... ok

test result: ok. 14 passed; 0 failed; 0 ignored; 0 measured; 0 filtered out; finished in 3.71s

     Running tests/context_adaptive.rs (target/debug/deps/context_adaptive-70b876c348e77459)

running 7 tests
test adaptive_budget_uses_intermediate_tiers_and_accounts_final_overhead_deterministically ... ok
test excerpts_preserve_exact_original_ranges_and_unsupported_signature_is_explicit ... ok
test explicit_seed_survives_lower_priority_imports_under_tight_budget ... ok
test final_escaped_document_budget_and_unsupported_tokenizer_remain_truthful ... ok
test final_omissions_fit_without_cutting_mandatory_task_rules_or_decisions ... ok
test markdown_final_document_uses_the_same_exact_accounting ... ok
test multiline_signatures_have_verified_utf8_crlf_ranges_and_distinct_outlines ... ok

test result: ok. 7 passed; 0 failed; 0 ignored; 0 measured; 0 filtered out; finished in 0.71s

     Running tests/render.rs (target/debug/deps/render-cc917b0b7eea1064)

running 9 tests
test errors_partial_scope_and_negative_report_are_explicit_without_success_claim ... ok
test json_formats_are_one_minified_document_including_exact_final_newline ... ok
test malicious_fences_and_controls_cannot_escape_literal_source_and_roundtrip_exactly ... ok
test outline_and_handoff_display_source_provenance_and_keep_unknown_fields ... ok
test preexisting_masking_and_unicode_are_not_changed_or_inferred ... ok
test renderer_never_enforces_or_silently_cuts_a_reported_budget ... ok
test signatures_and_outlines_are_visible_with_ranges_and_literal_control_escaping ... ok
test support_is_exact_and_unsupported_markdown_returns_argument_error ... ok
test terminal_hidden_unicode_is_json_escaped_without_changing_values ... ok

test result: ok. 9 passed; 0 failed; 0 ignored; 0 measured; 0 filtered out; finished in 0.01s

     Running tests/session.rs (target/debug/deps/session-e37e24e280aa64af)

running 6 tests
test explicit_ack_unchanged_delta_and_no_source_ledger ... ok
test identity_secrets_are_rejected_before_persistence ... ok
test independent_sessions_boundaries_and_policy_reject_old_baselines ... ok
test minimum_budget_failure_creates_no_emission ... ok
test rule_changes_and_deleted_paths_are_explicit ... ok
test suspend_reconcile_preserves_task_pause_and_never_revives_run ... ok

test result: ok. 6 passed; 0 failed; 0 ignored; 0 measured; 0 filtered out; finished in 0.14s

     Running tests/session_render_budget.rs (target/debug/deps/session_render_budget-2e37552a4a4fa12a)

running 2 tests
test exact_final_budget_and_representation_receipts_require_explicit_ack ... FAILED
test terminal_escape_overflow_is_rejected_before_context_emission_or_event ... FAILED

failures:

---- exact_final_budget_and_representation_receipts_require_explicit_ack stdout ----

thread 'exact_final_budget_and_representation_receipts_require_explicit_ack' (7431215) panicked at tests/session_render_budget.rs:186:5:
assertion `left == right` failed: {"command":"context","coverage":{"reasons":["INVALID_CONFIG"],"status":"partial"},"data":null,"errors":[{"code":"INVALID_CONFIG","message":"Context selection: Invalid rule front matter fields","retryable":false}],"generation_id":null,"project_id":null,"schema_version":"1.0","status":"error","truncation":{"reasons":[],"truncated":false},"validation":{"checked_at":"2026-10-08T05:27:22.067Z","mode":"matched","scope":[],"workspace_atomic":false},"warnings":[],"workspace_id":null}
  left: 2
 right: 0
note: run with `RUST_BACKTRACE=1` environment variable to display a backtrace

---- terminal_escape_overflow_is_rejected_before_context_emission_or_event stdout ----

thread 'terminal_escape_overflow_is_rejected_before_context_emission_or_event' (7431227) panicked at tests/session_render_budget.rs:156:5:
assertion `left == right` failed: {"command":"context","coverage":{"reasons":["INVALID_CONFIG"],"status":"partial"},"data":null,"errors":[{"code":"INVALID_CONFIG","message":"Context selection: Invalid rule front matter fields","retryable":false}],"generation_id":null,"project_id":null,"schema_version":"1.0","status":"error","truncation":{"reasons":[],"truncated":false},"validation":{"checked_at":"2026-10-08T05:27:22.164Z","mode":"matched","scope":[],"workspace_atomic":false},"warnings":[],"workspace_id":null}
  left: 2
 right: 0


failures:
    exact_final_budget_and_representation_receipts_require_explicit_ack
    terminal_escape_overflow_is_rejected_before_context_emission_or_event

test result: FAILED. 0 passed; 2 failed; 0 ignored; 0 measured; 0 filtered out; finished in 0.21s

error: test failed, to rerun pass `--test session_render_budget`
