   Compiling shlex v2.0.1
   Compiling find-msvc-tools v0.1.14
   Compiling serde_core v1.0.229
   Compiling proc-macro2 v1.0.107
   Compiling quote v1.0.47
   Compiling unicode-ident v1.0.26
   Compiling tree-sitter-language v0.1.8
   Compiling zmij v1.0.23
   Compiling memchr v2.8.3
   Compiling libc v0.2.190
   Compiling cc v1.6.0
   Compiling version_check v0.9.5
   Compiling generic-array v0.14.7
   Compiling aho-corasick v1.1.5
   Compiling serde_json v1.0.151
   Compiling equivalent v1.0.2
   Compiling hashbrown v0.17.1
   Compiling serde v1.0.229
   Compiling autocfg v1.5.1
   Compiling foldhash v0.2.0
   Compiling crossbeam-utils v0.8.23
   Compiling typenum v1.20.1
   Compiling regex-syntax v0.8.11
   Compiling num-traits v0.2.19
   Compiling indexmap v2.14.2
   Compiling syn v3.0.6
   Compiling regex-automata v0.4.18
   Compiling itoa v1.0.18
   Compiling crossbeam-epoch v0.9.21
   Compiling vcpkg v0.2.15
   Compiling pkg-config v0.3.34
   Compiling utf8parse v0.2.2
   Compiling anstyle-parse v1.0.0
   Compiling libsqlite3-sys v0.38.2
   Compiling core-foundation-sys v0.8.7
   Compiling getrandom v0.4.3
   Compiling cfg-if v1.0.5
   Compiling colorchoice v1.0.5
   Compiling anstyle v1.0.14
   Compiling siphasher v1.0.4
   Compiling crossbeam-deque v0.8.8
   Compiling is_terminal_polyfill v1.70.2
   Compiling anstyle-query v1.1.5
   Compiling phf_shared v0.12.1
   Compiling anstream v1.0.0
   Compiling iana-time-zone v0.1.65
   Compiling crypto-common v0.1.7
   Compiling block-buffer v0.10.4
   Compiling tree-sitter-typescript v0.23.2
   Compiling tree-sitter-python v0.25.0
   Compiling serde_derive v1.0.229
   Compiling tree-sitter-javascript v0.25.0
   Compiling bstr v1.13.1
   Compiling same-file v1.0.6
   Compiling log v0.4.34
   Compiling strsim v0.11.1
   Compiling tree-sitter v0.25.10
   Compiling chrono-tz v0.10.4
   Compiling winnow v1.0.4
   Compiling heck v0.5.0
   Compiling clap_lex v1.1.1
   Compiling clap_derive v4.6.7
   Compiling clap_builder v4.6.7
   Compiling toml_parser v1.1.3+spec-1.1.0
   Compiling globset v0.4.20
   Compiling walkdir v2.5.0
   Compiling digest v0.10.7
   Compiling phf v0.12.1
   Compiling regex v1.13.1
   Compiling toml_datetime v0.7.5+spec-1.1.0
   Compiling serde_spanned v1.1.1
   Compiling cpufeatures v0.2.17
   Compiling hashlink v0.12.2
   Compiling fallible-streaming-iterator v0.1.9
   Compiling bitflags v2.13.2
   Compiling streaming-iterator v0.1.9
   Compiling winnow v0.7.15
   Compiling unsafe-libyaml v0.2.11
   Compiling chrono v0.4.45
   Compiling smallvec v1.16.2
   Compiling fallible-iterator v0.3.0
   Compiling toml_writer v1.1.2+spec-1.1.0
   Compiling ryu v1.0.23
   Compiling serde_yaml_ng v0.10.0
   Compiling toml v0.9.12+spec-1.1.0
   Compiling sha2 v0.10.9
   Compiling clap v4.6.7
   Compiling ignore v0.4.33
   Compiling uuid v1.27.0
   Compiling fs2 v0.4.3
   Compiling rusqlite v0.40.2
   Compiling pctx v0.1.0-dev (/Users/dev/PCTX)
    Finished `release` profile [optimized] target(s) in 37.77s
