    Finished `test` profile [unoptimized + debuginfo] target(s) in 0.15s
     Running tests/query_deadline_cli.rs (target/debug/deps/query_deadline_cli-91fccc6ca25b7a4f)

running 2 tests
test invalid_or_inapplicable_timeout_has_no_project_effects ... ok
test strict_find_waits_only_remaining_budget_and_preserves_active_generation ... ok

test result: ok. 2 passed; 0 failed; 0 ignored; 0 measured; 0 filtered out; finished in 0.75s

     Running tests/reader_deadline.rs (target/debug/deps/reader_deadline-d7b5d7001a3131cd)

running 4 tests
test cloned_project_keeps_same_expired_budget_instead_of_starting_a_new_phase ... ok
test expired_budget_is_timeout_for_read_inventory_manifest_and_path_authorization ... ok
test expired_inventory_never_returns_empty_or_converts_timeout_to_skipped_metadata ... ok
test bounded_chunks_keep_hash_utf8_and_source_policy_contracts ... ok

test result: ok. 4 passed; 0 failed; 0 ignored; 0 measured; 0 filtered out; finished in 0.03s

     Running tests/search.rs (target/debug/deps/search-751f23ebc1208c2d)

running 22 tests
test expired_queries_fail_even_when_the_candidate_universe_is_empty ... ok
test boolean_complements_validate_candidates_without_positive_hits ... ok
test alias_and_aggregate_regex_candidates_use_current_validation ... ok
test markdown_sections_ignore_fenced_examples_and_link_parents ... ok
test cached_policy_change_hides_metadata_and_boolean_remains_explicit ... ok
test invalid_policy_fails_even_without_metadata_candidates ... ok
test oversized_non_candidate_is_skipped_but_matching_candidate_fails ... ok
test indexed_metadata_empty_generation_rejects_replaced_root_before_search ... ok
test matched_metadata_validates_stale_candidates_without_discovering_new_names ... ok
test structural_variants_use_real_grammar ... ok
test metadata_non_candidates_are_not_opened_as_source ... ok
test unsupported_is_distinct_from_empty_supported ... ok
test utf8_crlf_locations_and_version_ids ... ok
test stale_symbol_and_ambiguous_names_never_select_code ... ok
test indexed_metadata_invalid_policy_and_foreign_workspace_fail_closed ... ok
test text_and_all_still_read_sources_without_metadata_hits_and_policy_hides_candidates ... ok
test indexed_metadata_matches_including_complements_authorize_before_limit_even_off ... ok
test indexed_metadata_search_hides_unopened_historical_counts_and_propagates_generation ... ok
test indexed_metadata_staleness_and_body_only_discovery_keep_their_boundaries ... ok
test parsing_cancellation_is_timeout_instead_of_empty_or_partial_ast_success ... ok
test candidate_scan_cap_remains_distinct_from_request_timeout ... ok
test deadline_partial_keeps_only_verified_matches_and_never_claims_complete_coverage ... ok

test result: ok. 22 passed; 0 failed; 0 ignored; 0 measured; 0 filtered out; finished in 0.28s

     Running tests/storage_deadline.rs (target/debug/deps/storage_deadline-8fad1ff023fe83b8)

running 4 tests
test parser_expiry_retains_previous_generation_instead_of_marking_source_skipped ... ok
test sqlite_writer_contention_times_out_without_publishing_or_losing_checkpoint ... FAILED
test expired_storage_requests_preserve_generation_and_checkpoint ... ok
test writer_and_snapshot_waits_consume_supplied_budget_without_five_second_reset ... ok

failures:

---- sqlite_writer_contention_times_out_without_publishing_or_losing_checkpoint stdout ----

thread 'sqlite_writer_contention_times_out_without_publishing_or_losing_checkpoint' (7316316) panicked at tests/storage_deadline.rs:145:5:
assertion `left == right` failed: Error { code: "INDEX_BUSY", message: "Database writer is busy", retryable: false, exit: 7 }
  left: "INDEX_BUSY"
 right: "TIMEOUT"
note: run with `RUST_BACKTRACE=1` environment variable to display a backtrace


failures:
    sqlite_writer_contention_times_out_without_publishing_or_losing_checkpoint

test result: FAILED. 3 passed; 1 failed; 0 ignored; 0 measured; 0 filtered out; finished in 0.15s

error: test failed, to rerun pass `--test storage_deadline`
