   Compiling pctx v0.1.0-dev (/Users/dev/PCTX)
    Finished `test` profile [unoptimized + debuginfo] target(s) in 2.95s
     Running tests/operations.rs (target/debug/deps/operations-530607f06d0857bd)

running 11 tests
test owner_queue_honors_specific_recipients_and_owner_destination_without_globalizing_silence ... ok
test silence_hides_topic_and_body_before_inbox_ranking ... ok
test omitted_action_role_cannot_bypass_registered_actor_pause ... ok
test owner_queue_filters_oldest_hidden_actions_before_limit_without_disclosing_details ... ok
test role_pause_blocks_claim_without_mutating_task_or_run ... ok
test mailbox_retry_is_queued_once_and_ack_is_recipient_bound ... ok
test exact_decisions_deduplicate_but_changed_environment_amount_artifact_do_not ... ok
test unknown_cost_pause_and_silence_override_valid_grant ... ok
test owner_queue_delivery_barriers_survive_control_restore ... ok
test backup_restore_preserves_pause_silence_and_messages_but_revokes_grants ... ok
test forged_agent_owner_decision_does_not_generate_grant ... ok

test result: ok. 11 passed; 0 failed; 0 ignored; 0 measured; 0 filtered out; finished in 0.91s

     Running tests/policy_controls_cli.rs (target/debug/deps/policy_controls_cli-526f5c770024b1b9)

running 5 tests
test original_owner_only_release_and_stale_revision_never_mutates_policy ... ok
test legacy_owner_is_unknown_until_explicit_attestation_and_agent_run_cannot_claim_owner ... ok
test explicitly_authored_reporting_precedence_scope_and_revocation ... ok
test reporting_exception_delivers_mailbox_only_and_revocation_blocks_ack ... ok
test reporting_pause_exception_expires_without_releasing_pause ... ok

test result: ok. 5 passed; 0 failed; 0 ignored; 0 measured; 0 filtered out; finished in 2.34s

