   Compiling pctx v0.1.0-dev (/Users/dev/PCTX)
    Finished `test` profile [unoptimized + debuginfo] target(s) in 6.65s
     Running tests/operations.rs (target/debug/deps/operations-530607f06d0857bd)

running 11 tests
test omitted_action_role_cannot_bypass_registered_actor_pause ... ok
test silence_hides_topic_and_body_before_inbox_ranking ... ok
test owner_queue_honors_specific_recipients_and_owner_destination_without_globalizing_silence ... ok
test role_pause_blocks_claim_without_mutating_task_or_run ... ok
test owner_queue_filters_oldest_hidden_actions_before_limit_without_disclosing_details ... ok
test mailbox_retry_is_queued_once_and_ack_is_recipient_bound ... ok
test exact_decisions_deduplicate_but_changed_environment_amount_artifact_do_not ... ok
test unknown_cost_pause_and_silence_override_valid_grant ... ok
test owner_queue_delivery_barriers_survive_control_restore ... ok
test backup_restore_preserves_pause_silence_and_messages_but_revokes_grants ... ok
test forged_agent_owner_decision_does_not_generate_grant ... ok

test result: ok. 11 passed; 0 failed; 0 ignored; 0 measured; 0 filtered out; finished in 0.79s

     Running tests/policy_controls_cli.rs (target/debug/deps/policy_controls_cli-526f5c770024b1b9)

running 4 tests
test reporting_exception_delivers_mailbox_only_and_revocation_blocks_ack ... FAILED
test original_owner_only_release_and_stale_revision_never_mutates_policy ... FAILED
test explicitly_authored_reporting_precedence_scope_and_revocation ... FAILED
test legacy_owner_is_unknown_until_explicit_attestation_and_agent_run_cannot_claim_owner ... FAILED

failures:

---- reporting_exception_delivers_mailbox_only_and_revocation_blocks_ack stdout ----

thread 'reporting_exception_delivers_mailbox_only_and_revocation_blocks_ack' (7738572) panicked at tests/policy_controls_cli.rs:46:9:
assertion `left == right` failed: {"command":"arguments","coverage":{"reasons":[],"status":"complete"},"data":null,"errors":[{"code":"INVALID_ARGUMENT","message":"--timeout-ms requires a supported finite query; child execution uses its execution timeout","retryable":false}],"generation_id":null,"project_id":null,"schema_version":"1.0","status":"error","truncation":{"reasons":[],"truncated":false},"validation":{"checked_at":"2026-10-08T09:14:14.399Z","mode":"matched","scope":[],"workspace_atomic":false},"warnings":[],"workspace_id":null}
  left: 2
 right: 0
note: run with `RUST_BACKTRACE=1` environment variable to display a backtrace

---- original_owner_only_release_and_stale_revision_never_mutates_policy stdout ----

thread 'original_owner_only_release_and_stale_revision_never_mutates_policy' (7738571) panicked at tests/policy_controls_cli.rs:46:9:
assertion `left == right` failed: {"command":"arguments","coverage":{"reasons":[],"status":"complete"},"data":null,"errors":[{"code":"INVALID_ARGUMENT","message":"--timeout-ms requires a supported finite query; child execution uses its execution timeout","retryable":false}],"generation_id":null,"project_id":null,"schema_version":"1.0","status":"error","truncation":{"reasons":[],"truncated":false},"validation":{"checked_at":"2026-10-08T09:14:14.399Z","mode":"matched","scope":[],"workspace_atomic":false},"warnings":[],"workspace_id":null}
  left: 2
 right: 0

---- explicitly_authored_reporting_precedence_scope_and_revocation stdout ----

thread 'explicitly_authored_reporting_precedence_scope_and_revocation' (7738569) panicked at tests/policy_controls_cli.rs:46:9:
assertion `left == right` failed: {"command":"arguments","coverage":{"reasons":[],"status":"complete"},"data":null,"errors":[{"code":"INVALID_ARGUMENT","message":"--timeout-ms requires a supported finite query; child execution uses its execution timeout","retryable":false}],"generation_id":null,"project_id":null,"schema_version":"1.0","status":"error","truncation":{"reasons":[],"truncated":false},"validation":{"checked_at":"2026-10-08T09:14:14.399Z","mode":"matched","scope":[],"workspace_atomic":false},"warnings":[],"workspace_id":null}
  left: 2
 right: 0

---- legacy_owner_is_unknown_until_explicit_attestation_and_agent_run_cannot_claim_owner stdout ----

thread 'legacy_owner_is_unknown_until_explicit_attestation_and_agent_run_cannot_claim_owner' (7738570) panicked at tests/policy_controls_cli.rs:46:9:
assertion `left == right` failed: {"command":"arguments","coverage":{"reasons":[],"status":"complete"},"data":null,"errors":[{"code":"INVALID_ARGUMENT","message":"--timeout-ms requires a supported finite query; child execution uses its execution timeout","retryable":false}],"generation_id":null,"project_id":null,"schema_version":"1.0","status":"error","truncation":{"reasons":[],"truncated":false},"validation":{"checked_at":"2026-10-08T09:14:14.399Z","mode":"matched","scope":[],"workspace_atomic":false},"warnings":[],"workspace_id":null}
  left: 2
 right: 0


failures:
    explicitly_authored_reporting_precedence_scope_and_revocation
    legacy_owner_is_unknown_until_explicit_attestation_and_agent_run_cannot_claim_owner
    original_owner_only_release_and_stale_revision_never_mutates_policy
    reporting_exception_delivers_mailbox_only_and_revocation_blocks_ack

test result: FAILED. 0 passed; 4 failed; 0 ignored; 0 measured; 0 filtered out; finished in 0.01s

error: test failed, to rerun pass `--test policy_controls_cli`
     Running tests/schedule.rs (target/debug/deps/schedule-2917b2dde9bd7c95)

running 17 tests
test non_read_job_requires_matching_operation_decision ... ok
test berlin_spring_gap_moves_to_next_valid_wall_time ... ok
test berlin_fall_back_occurs_once_per_local_date_and_restart_reuses_record ... ok
test elapsed_intervals_do_not_change_with_dst_and_missed_ticks_coalesce ... ok
test project_private_bridge_staging_rejects_user_symlinks_without_changing_target ... ok
test namespaces_and_cas_pause_updates_are_independent ... ok
test empty_readonly_tick_is_successful_without_notification_or_model_wake ... ok
test paused_role_blocks_actual_tick_and_loop_does_not_acquire_keep_awake ... ok
test reconcile_singleflight_and_managed_bridge_never_claim_install_or_success ... ok
test role_pause_topic_silence_do_not_reactivate ... ok
test session_boundary_invalidates_binding_without_reinstall_or_epoch_inheritance ... ok
test failed_attempt_is_recorded_and_retry_is_explicit_instead_of_synthetic_success ... ok
test tick_executes_once_and_only_changed_results_queue_a_local_notice ... ok
test running_owner_is_never_released_by_ttl_and_restored_binding_is_not_inherited ... ok
test staged_bridge_uninstall_removes_only_owned_files_and_missing_manifest_can_be_repaired ... ok
test managed_bridge_requires_current_reviewed_plan_and_preserves_user_changes ... ok
test actual_cli_concurrent_ticks_claim_one_occurrence_and_fixture_bridge_invokes_tick ... ok

test result: ok. 17 passed; 0 failed; 0 ignored; 0 measured; 0 filtered out; finished in 11.71s

     Running tests/session_render_budget.rs (target/debug/deps/session_render_budget-2e37552a4a4fa12a)

running 13 tests
test task_file_inside_project_cannot_bypass_source_topic_delivery ... ok
test managed_decision_topics_and_handoff_sources_are_not_packet_topic_overrides ... ok
test task_input_provenance_distinguishes_relative_project_external_and_stdin ... ok
test source_topics_cannot_be_bypassed_by_public_packet_seed_or_pack_scope ... ok
test exact_final_budget_and_representation_receipts_require_explicit_ack ... ok
test original_cli_budget_bounds_writer_admission_without_context_or_epoch_writes ... ok
test adaptive_delta_resends_unreceived_body_and_reuses_acknowledged_receipts ... ok
test terminal_escape_overflow_is_rejected_before_context_emission_or_event ... ok
test registered_role_and_topic_controls_precede_context_and_resume_requires_fresh_baseline ... ok
test supersession_links_invalidate_unchanged_source_without_reviving_it_on_replacement_cancellation ... ok
test unchanged_git_does_not_hide_decision_or_memory_change_retirement_and_deletion ... ok
test pack_consumer_binding_uses_actual_agent_lease_and_cannot_survive_policy_or_epoch_change ... ok
test omitted_sources_are_not_acknowledged_and_later_delivery_is_explicit ... ok

test result: ok. 13 passed; 0 failed; 0 ignored; 0 measured; 0 filtered out; finished in 3.34s

error: 1 target failed:
    `--test policy_controls_cli`
