   Compiling pctx v0.1.0-dev (/Users/dev/PCTX)
    Finished `test` profile [unoptimized + debuginfo] target(s) in 1.76s
     Running tests/pack.rs (target/debug/deps/pack-8d09189cdcc06191)

running 11 tests
test giant_item_and_total_budget_fail_without_plans_or_publication ... ok
test forged_budgets_parts_and_json_complexity_are_rejected_before_load ... ok
test inspection_reapplies_source_artifact_policy_and_masks_untrusted_manifest ... ok
test racing_artifact_parent_symlink_never_reads_outside_marker ... ok
test legacy_plan_requires_replanning_but_legacy_artifact_remains_readable ... ok
test stale_source_policy_task_and_wrong_expected_hash_do_not_publish ... ok
test signatures_keep_notices_and_single_json_verifies ... ok
test integrity_tamper_missing_parts_and_missing_original_are_distinct ... ok
test symlink_output_input_overlap_and_overwrite_are_denied ... ok
test immutable_plan_has_no_source_metadata_default_and_full_masks_preserves_license ... ok
test task_or_parser_revision_changes_make_current_source_pack_stale ... ok

test result: ok. 11 passed; 0 failed; 0 ignored; 0 measured; 0 filtered out; finished in 0.58s

     Running tests/session_render_budget.rs (target/debug/deps/session_render_budget-2e37552a4a4fa12a)

running 9 tests
test terminal_escape_overflow_is_rejected_before_context_emission_or_event ... ok
test exact_final_budget_and_representation_receipts_require_explicit_ack ... ok
test adaptive_delta_resends_unreceived_body_and_reuses_acknowledged_receipts ... ok
test unchanged_git_does_not_hide_decision_or_memory_change_retirement_and_deletion ... ok
test supersession_links_invalidate_unchanged_source_without_reviving_it_on_replacement_cancellation ... ok
test pack_consumer_binding_uses_actual_agent_lease_and_cannot_survive_policy_or_epoch_change ... FAILED
test registered_role_and_topic_controls_precede_context_and_resume_requires_fresh_baseline ... ok
test original_cli_budget_bounds_writer_admission_without_context_or_epoch_writes ... ok
test omitted_sources_are_not_acknowledged_and_later_delivery_is_explicit ... ok

failures:

---- pack_consumer_binding_uses_actual_agent_lease_and_cannot_survive_policy_or_epoch_change stdout ----

thread 'pack_consumer_binding_uses_actual_agent_lease_and_cannot_survive_policy_or_epoch_change' (7641283) panicked at tests/session_render_budget.rs:113:9:
assertion `left == right` failed: ["agent", "register", "foreign-worker"]: {"command":"arguments","coverage":{"reasons":[],"status":"complete"},"data":null,"errors":[{"code":"INVALID_ARGUMENT","message":"Invalid command or option; see pctx --help","retryable":false}],"generation_id":null,"project_id":null,"schema_version":"1.0","status":"error","truncation":{"reasons":[],"truncated":false},"validation":{"checked_at":"2026-10-08T08:00:45.734Z","mode":"matched","scope":[],"workspace_atomic":false},"warnings":[],"workspace_id":null}
  left: 2
 right: 0
note: run with `RUST_BACKTRACE=1` environment variable to display a backtrace


failures:
    pack_consumer_binding_uses_actual_agent_lease_and_cannot_survive_policy_or_epoch_change

test result: FAILED. 8 passed; 1 failed; 0 ignored; 0 measured; 0 filtered out; finished in 3.85s

error: test failed, to rerun pass `--test session_render_budget`
