*** Terminating app due to uncaught exception 'Fatal', reason: 'Cannot create temporary directory for Instruments Analysis Core: Error Domain=NSCocoaErrorDomain Code=513 "You don’t have permission to save the file “path_manager” in the folder “com.apple.dt.InstrumentsCLI”." UserInfo={NSFilePath=/var/folders/zz/zyxvpxvq6csfxvn_n00001yr0000gp/C/com.apple.dt.InstrumentsCLI/path_manager, NSURL=file:///var/folders/zz/zyxvpxvq6csfxvn_n00001yr0000gp/C/com.apple.dt.InstrumentsCLI/path_manager, NSUnderlyingError=0x83f9cad90 {Error Domain=NSPOSIXErrorDomain Code=1 "Operation not permitted"}}'
*** First throw call stack:
(
	0   CoreFoundation                      0x00000001832bb240 __exceptionPreprocess + 176
	1   libobjc.A.dylib                     0x0000000182d3691c objc_exception_throw + 88
	2   CoreFoundation                      0x00000001832bb130 +[NSException exceptionWithName:reason:userInfo:] + 0
	3   DVTInstrumentsAnalysisCore          0x0000000104d505cc swift_XRFrameActivityYieldFlagTest + 27588
	4   DVTInstrumentsAnalysisCore          0x0000000104d50e60 swift_XRFrameActivityYieldFlagTest + 29784
	5   libdispatch.dylib                   0x0000000182fed4b0 _dispatch_client_callout + 16
	6   libdispatch.dylib                   0x0000000182fe3360 _dispatch_lane_barrier_sync_invoke_and_complete + 56
	7   DVTInstrumentsAnalysisCore          0x0000000104d50de4 swift_XRFrameActivityYieldFlagTest + 29660
	8   InstrumentsPlugIn                   0x0000000106633dfc __PFTInitializeSharedFrameworks_block_invoke + 1132
	9   libdispatch.dylib                   0x0000000182fed4b0 _dispatch_client_callout + 16
	10  libdispatch.dylib                   0x0000000182fd6630 _dispatch_once_callout + 32
	11  InstrumentsPlugIn                   0x000000010663398c PFTInitializeSharedFrameworks + 160
	12  XCTraceCore                         0x00000001049344f4 $s11XCTraceCore6RunnerC3runyAC9RunResultOAA7CommandVF + 1528
	13  XCTraceCore                         0x0000000104933ca4 $s11XCTraceCore6RunnerC3run4withAC9RunResultOSaySSG_tF + 704
	14  xctrace                             0x000000010479cf64 xctrace + 3940
	15  dyld                                0x0000000182dc44e4 start + 6992
)
libc++abi: terminating due to uncaught exception of type NSException
