   Compiling pctx v0.1.0-dev (/Users/dev/PCTX)
    Finished `test` profile [unoptimized + debuginfo] target(s) in 0.47s
     Running tests/cli_frontend.rs (target/debug/deps/cli_frontend-4948844b4d514170)

running 7 tests
test non_utf8_argument_returns_structured_error_without_panic_or_effect ... ok
test parser_diagnostics_mask_secrets_and_escape_control_characters ... FAILED
test unsupported_ndjson_is_rejected_before_project_discovery_or_init ... ok
test help_and_version_are_successful_without_project_access ... ok
test no_color_suppresses_help_on_a_real_terminal_including_nested_help ... ok
test parser_errors_respect_actual_json_option_and_do_not_load_project ... ok
test invalid_strict_queries_preserve_generation_database_sources_and_output_path ... ok

failures:

---- parser_diagnostics_mask_secrets_and_escape_control_characters stdout ----

thread 'parser_diagnostics_mask_secrets_and_escape_control_characters' (7860406) panicked at tests/cli_frontend.rs:231:5:
assertion failed: text.contains("REDACTED")
note: run with `RUST_BACKTRACE=1` environment variable to display a backtrace


failures:
    parser_diagnostics_mask_secrets_and_escape_control_characters

test result: FAILED. 6 passed; 1 failed; 0 ignored; 0 measured; 0 filtered out; finished in 0.70s

error: test failed, to rerun pass `--test cli_frontend`
