   Compiling pctx v0.1.0-dev (/Users/dev/PCTX)
warning: unused variable: `limit`
    --> src/main.rs:1131:21
     |
1131 |         && let Some(limit) = limit
     |                     ^^^^^ help: if this is intentional, prefix it with an underscore: `_limit`
     |
     = note: `#[warn(unused_variables)]` (part of `#[warn(unused)]`) on by default

warning: `pctx` (bin "pctx") generated 1 warning (run `cargo fix --bin "pctx" -p pctx` to apply 1 suggestion)
    Finished `test` profile [unoptimized + debuginfo] target(s) in 1.64s
     Running tests/cli_run_exit.rs (target/debug/deps/cli_run_exit-6950b2b7b4cecebc)

running 1 test
test final_serialized_budget_preserves_actual_child_truth_and_full_reread ... FAILED

failures:

---- final_serialized_budget_preserves_actual_child_truth_and_full_reread stdout ----

thread 'final_serialized_budget_preserves_actual_child_truth_and_full_reread' (8394527) panicked at tests/cli_run_exit.rs:480:17:
assertion `left == right` failed: {"command":"run","coverage":{"reasons":["presentation_budget"],"status":"partial"},"data":{"capture_complete":true,"child_exit_code":0,"output_id":"OUT-cc25ffd1-e854-4b25-8110-74acede10ff2","pctx_error":null,"query_ref":"pctx output show OUT-cc25ffd1-e854-4b25-8110-74acede10ff2 --view full","raw_available":true,"signal":null,"spawned":true,"task_completion":"not_evaluated","termination":"exited","test_result":"not_evaluated"},"errors":[{"code":"BUDGET_TOO_SMALL","message":"Output exceeds byte budget","retryable":false}],"generation_id":null,"project_id":null,"schema_version":"1.0","status":"error","truncation":{"reasons":[],"truncated":false},"validation":{"checked_at":"2026-10-08T17:00:04.693Z","mode":"matched","scope":[],"workspace_atomic":false},"warnings":[],"workspace_id":null}
  left: Some(8)
 right: Some(0)
note: run with `RUST_BACKTRACE=1` environment variable to display a backtrace


failures:
    final_serialized_budget_preserves_actual_child_truth_and_full_reread

test result: FAILED. 0 passed; 1 failed; 0 ignored; 0 measured; 10 filtered out; finished in 1.22s

error: test failed, to rerun pass `--test cli_run_exit`
