   Compiling pctx v0.1.0-dev (/Users/dev/PCTX)
    Finished `test` profile [unoptimized + debuginfo] target(s) in 5.12s
     Running tests/adapter_errors.rs (target/debug/deps/adapter_errors-c6d5fa4673ac7e39)

running 9 tests
test direct_adapter_plan_input_source_and_binding_are_distinct ... ok
test direct_adapter_receipt_conflicts_and_reconciliation_retain_nine ... ok
test direct_adapter_schema_and_ownership_integrity_are_storage_seven ... ok
test direct_adapter_corrupt_persisted_json_and_shapes_are_storage_errors ... ok
test native_adapter_symlink_refusal_is_access_five ... ok
test native_adapter_hook_error_and_io_keep_envelope_and_state ... ok
test native_adapter_owner_refusal_is_policy_five_in_both_formats ... ok
test native_adapter_unsupported_protocol_is_capability_six ... ok
test native_adapter_input_cap_and_configuration_shape_are_input_two ... ok

test result: ok. 9 passed; 0 failed; 0 ignored; 0 measured; 0 filtered out; finished in 0.90s

     Running tests/adapter_install_preflight.rs (target/debug/deps/adapter_install_preflight-c596ba16db1decb6)

running 5 tests
test install_hash_admission_preserves_exact_hex_grammar ... ok
test direct_invalid_install_keeps_state_and_original_expiry ... ok
test isolated_nonowner_direct_install_admission_and_authority ... ok
test native_accepted_install_keeps_authority_and_publishes_only_planned_settings ... ok
test native_invalid_install_is_before_scope_authority_and_response ... ok

test result: ok. 5 passed; 0 failed; 0 ignored; 0 measured; 0 filtered out; finished in 0.39s

     Running tests/cli_contract.rs (target/debug/deps/cli_contract-7fe808194ea4872f)

running 14 tests
test invalid_json_cli_inputs_still_return_one_json_document ... ok
test invalid_capacity_is_json_even_for_markdown_and_never_writes_output ... ok
test minimum_error_budget_boundary_is_argument_validation_before_project_access ... ok
test every_stdout_budget_route_rejects_tiny_capacity_without_child_or_local_files ... ok
test inventory_cli_reports_static_candidates_without_execution_or_authority ... ok
test valid_minimum_capacity_with_oversize_mandatory_rule_keeps_budget_exit_eight ... ok
test security_applies_to_direct_reads_and_cached_metadata ... ok
test invalid_project_and_merged_user_policy_never_become_successful_empty_results ... ok
test markdown_is_a_safe_document_and_unsupported_formats_precede_writes ... ok
test strict_lookup_retains_available_evidence_and_reports_incomplete_refresh ... ok
test context_budget_is_exact_json_and_required_rules_are_not_cut ... ok
test non_git_exploration_changes_and_idempotent_init ... ok
test tiny_budgets_preserve_index_lease_checks_and_context_receipt_ledgers ... ok
test ndjson_snapshot_follow_and_resume_have_no_event_gap ... ok

test result: ok. 14 passed; 0 failed; 0 ignored; 0 measured; 0 filtered out; finished in 2.26s

     Running tests/cli_frontend.rs (target/debug/deps/cli_frontend-4948844b4d514170)

running 23 tests
test non_utf8_argument_returns_structured_error_without_panic_or_effect ... ok
test no_color_suppresses_help_on_a_real_terminal_including_nested_help ... ok
test help_and_version_are_successful_without_project_access ... ok
test parser_diagnostics_mask_secrets_and_escape_control_characters ... ok
test parser_errors_respect_actual_json_option_and_do_not_load_project ... ok
test native_hook_invalid_transports_refuse_before_project_or_output_access ... ok
test parsed_run_preflight_refusals_attest_no_child_before_any_access ... ok
test root_version_is_exact_and_ignores_project_output_and_query_options ... ok
test plain_parser_diagnostics_escape_bidi_c1_and_line_controls ... ok
test undeliverable_parser_capacity_semantic_and_timeout_refusals_return_io_exit ... ok
test semantic_refusals_are_one_safe_json_document_for_every_requested_format ... ok
test partial_refresh_does_not_claim_the_requested_outline_is_wholly_unsupported ... ok
test nested_global_positions_select_the_same_root_format_and_timeout ... ok
test singular_global_duplicates_are_rejected_before_project_and_output_effects ... ok
test unsupported_ndjson_is_rejected_before_project_discovery_or_init ... ok
test invalid_strict_queries_preserve_generation_database_sources_and_output_path ... ok
test undeliverable_plain_parser_diagnostic_returns_io_exit_without_panic ... ok
test valid_minimum_capacity_bounds_semantic_and_timeout_refusals_without_writes ... ok
test saved_output_invalid_arguments_refuse_before_project_and_response_access ... ok
test unsupported_markdown_refuses_before_response_files_and_stream_dispatch ... ok
test pack_artifact_output_is_required_once_and_works_at_every_command_depth ... ok
test outline_empty_unsupported_and_partial_are_distinct_in_every_representation ... ok
test every_visible_help_path_describes_schema_and_effects_without_project_access ... ok

test result: ok. 23 passed; 0 failed; 0 ignored; 0 measured; 0 filtered out; finished in 1.04s

     Running tests/cli_refusal_envelope.rs (target/debug/deps/cli_refusal_envelope-e0fa1efd013109e3)

running 4 tests
test semantic_and_representation_refusals_do_not_claim_completed_execution ... ok
test install_required_and_duplicate_options_keep_parser_envelope_and_no_effects ... ok
test admitted_install_failures_keep_state_classification_and_response_destination ... ok
test all_visible_leaf_unknown_options_refuse_before_project_and_output ... ok

test result: ok. 4 passed; 0 failed; 0 ignored; 0 measured; 0 filtered out; finished in 3.79s

     Running tests/cli_run_exit.rs (target/debug/deps/cli_run_exit-6950b2b7b4cecebc)

running 11 tests
test missing_project_is_prelaunch_failure_in_both_modes_without_files ... ok
test project_refusal_near_minimum_keeps_original_exit_and_fits ... ok
test project_refusals_preserve_typed_exit_and_message_before_spawn ... ok
test actual_prelaunch_refusal_has_no_child_outcome_or_invocation ... ok
test admitted_small_run_budgets_preserve_prelaunch_truth_without_artifact ... ok
test actual_spawn_failure_never_becomes_success_or_child_exit ... ok
test incomplete_capture_is_partial_without_replacing_child_success ... ok
test actual_execution_timeout_preserves_observation_but_returns_wrapper_error ... ok
test publication_failure_preserves_child_outcome_and_never_retries ... ok
test final_serialized_budget_preserves_actual_child_truth_and_full_reread ... ok
test actual_child_codes_and_signal_are_distinct_from_wrapper_status ... ok

test result: ok. 11 passed; 0 failed; 0 ignored; 0 measured; 0 filtered out; finished in 2.96s

