   Compiling pctx v0.1.0-dev (/Users/dev/PCTX)
    Finished `test` profile [unoptimized + debuginfo] target(s) in 0.60s
     Running tests/runner.rs (target/debug/deps/runner-262d46ab6960599b)

running 36 tests
test cloud_helper_is_only_durable_intent ... ok
test changed_script_and_agent_forged_trust_are_denied ... ok
test check_plan_with_finite_budget_inspects_registered_auxiliary_workspace_without_launch ... ok
test ctrl_c_before_check_begin_releases_proven_unspawned_capacity ... ok
test check_alias_preserves_nested_timeout_processing_error ... ok
test check_capture_partial_is_not_wrapper_success_in_either_route ... ok
test explicit_script_input_change_requires_new_trust ... ok
test ctrl_c_check_publication_failure_keeps_native_truth_and_released_capacity ... ok
test ctrl_c_local_helper_preserves_child_receipt_and_releases_observed_aux_capacity ... ok
test inherited_canonical_descriptor_retains_lock_after_invalid_proof_and_parent_close ... ok
test legacy_lock_fixture ... ok
test finite_auxiliary_plan_refuses_fifo_metadata_without_waiting_or_launching ... ok
test legacy_bridge_absence_prevents_execution ... ok
test invalid_memory_fixture_never_spawns_or_grants_heavy_resources ... ok
test ctrl_c_reaps_registered_child_preserves_truth_and_releases_only_observed_slots ... ok
test linked_slot_child_directory_cannot_redirect_state ... ok
test native_pass_is_invalidated_by_external_executable_change_with_sources_unchanged ... ok
test observed_failed_check_is_distinct_from_processing_failure ... ok
test cross_project_heavy_capacity_is_one ... ok
test producer_capacity_guards_preserve_budget_eight_owner_priority_and_intent_exception ... ok
test local_helper_preserves_nested_timeout_and_partial_capture ... ok
test profile_change_during_execution_is_stale_at_report_recording ... ok
test parent_exit_does_not_release_living_child ... ok
test native_environment_change_or_missing_profile_invalidates_existing_pass ... ok
test synthetic_low_memory_defers_heavy_admission ... ok
test trusted_typed_check_is_real_evidence ... ok
test local_auxiliary_provider_needs_registered_linked_workspace_and_capacity ... ok
test timeout_is_observed_without_success_evidence ... ok
test user_created_host_state_symlink_is_denied ... ok
test unknown_memory_requires_disclosed_exact_owner_override ... ok
test source_mutation_during_check_is_stale ... ok
test unknown_and_zero_tests_do_not_pass ... ok
test canonical_mutex_survives_main_parent_death ... ok
test ctrl_c_canonical_check_finishes_guardian_before_releasing_mutex ... ok
test killed_guardian_causes_negative_child_observation ... ok
test canonical_legacy_and_pctx_exclude_each_other ... ok

test result: ok. 36 passed; 0 failed; 0 ignored; 0 measured; 0 filtered out; finished in 26.26s

