   Compiling pctx v0.1.0-dev (/Users/dev/PCTX)
    Finished `test` profile [unoptimized + debuginfo] target(s) in 1.28s
     Running unittests src/lib.rs (target/debug/deps/pctx-ae897bec01e143c7)

running 1 test

thread 'runner::auxiliary_deadline_tests::trust_plan_establishes_one_default_scope_and_preserves_supplied_scope' (8027108) panicked at src/runner.rs:2431:9:

running 1 test
test runner::auxiliary_deadline_tests::trust_plan_establishes_one_default_scope_and_preserves_supplied_scope ... FAILED

failures:

failures:
    runner::auxiliary_deadline_tests::trust_plan_establishes_one_default_scope_and_preserves_supplied_scope

test result: FAILED. 0 passed; 1 failed; 0 ignored; 0 measured; 24 filtered out; finished in 0.01s

 
thread 'runner::auxiliary_deadline_tests::trust_plan_establishes_one_default_scope_and_preserves_supplied_scope' (8027110) panicked at src/runner.rs:2771:61:
called `Option::unwrap()` on a `None` value
note: run with `RUST_BACKTRACE=1` environment variable to display a backtrace

note: run with `RUST_BACKTRACE=1` environment variable to display a backtrace
test runner::auxiliary_deadline_tests::trust_plan_establishes_one_default_scope_and_preserves_supplied_scope ... FAILED

failures:

failures:
    runner::auxiliary_deadline_tests::trust_plan_establishes_one_default_scope_and_preserves_supplied_scope

test result: FAILED. 0 passed; 1 failed; 0 ignored; 0 measured; 24 filtered out; finished in 0.03s

error: test failed, to rerun pass `--lib`
