   Compiling pctx v0.1.0-dev (/Users/dev/PCTX)
    Finished `test` profile [unoptimized + debuginfo] target(s) in 4.04s
     Running tests/cli_contract.rs (target/debug/deps/cli_contract-7fe808194ea4872f)

running 14 tests
test invalid_json_cli_inputs_still_return_one_json_document ... ok
test invalid_capacity_is_json_even_for_markdown_and_never_writes_output ... ok
test minimum_error_budget_boundary_is_argument_validation_before_project_access ... ok
test every_stdout_budget_route_rejects_tiny_capacity_without_child_or_local_files ... ok
test inventory_cli_reports_static_candidates_without_execution_or_authority ... ok
test valid_minimum_capacity_with_oversize_mandatory_rule_keeps_budget_exit_eight ... ok
test markdown_is_a_safe_document_and_unsupported_formats_precede_writes ... ok
test security_applies_to_direct_reads_and_cached_metadata ... ok
test invalid_project_and_merged_user_policy_never_become_successful_empty_results ... ok
test strict_lookup_retains_available_evidence_and_reports_incomplete_refresh ... ok
test context_budget_is_exact_json_and_required_rules_are_not_cut ... ok
test non_git_exploration_changes_and_idempotent_init ... ok
test tiny_budgets_preserve_index_lease_checks_and_context_receipt_ledgers ... ok
test ndjson_snapshot_follow_and_resume_have_no_event_gap ... ok

test result: ok. 14 passed; 0 failed; 0 ignored; 0 measured; 0 filtered out; finished in 3.05s

     Running tests/cli_run_exit.rs (target/debug/deps/cli_run_exit-6950b2b7b4cecebc)

running 4 tests
test actual_prelaunch_refusal_has_no_child_outcome_or_invocation ... ok
test actual_spawn_failure_never_becomes_success_or_child_exit ... ok
test actual_execution_timeout_preserves_observation_but_returns_wrapper_error ... ok
test actual_child_codes_and_signal_are_distinct_from_wrapper_status ... FAILED

failures:

---- actual_child_codes_and_signal_are_distinct_from_wrapper_status stdout ----

thread 'actual_child_codes_and_signal_are_distinct_from_wrapper_status' (8318301) panicked at tests/cli_run_exit.rs:114:13:
assertion `left == right` failed
  left: Null
 right: Number(15)
note: run with `RUST_BACKTRACE=1` environment variable to display a backtrace


failures:
    actual_child_codes_and_signal_are_distinct_from_wrapper_status

test result: FAILED. 3 passed; 1 failed; 0 ignored; 0 measured; 0 filtered out; finished in 1.83s

error: test failed, to rerun pass `--test cli_run_exit`
