   Compiling pctx v0.1.0-dev (/Users/dev/PCTX)
    Finished `test` profile [unoptimized + debuginfo] target(s) in 5.16s
     Running unittests src/lib.rs (target/debug/deps/pctx-ae897bec01e143c7)

running 50 tests
test input::identity_tests::explicit_file_transport_preserves_literal_dash_and_regular_file_symlink_semantics ... ok
test input::identity_tests::explicit_file_cap_detects_growth_after_metadata_at_each_caller_limit ... ok
test input::identity_tests::project_read_identity_rejects_replace_and_restore_even_with_same_bytes ... ok
test input::identity_tests::explicit_file_cap_rejects_large_archive_before_read_and_keeps_original_expiry ... ok
test broker::tests::nul_names_rename_and_unborn_metadata_are_machine_parsed ... ok
test filters::deadline_tests::explain_preserves_admitted_executable_symlink_denial_and_size_limit ... ok
test inventory::deadline_tests::confirmation_and_partial_fallback_cannot_absorb_expired_or_changed_root ... ok
test filters::deadline_tests::preview_default_scope_is_one_budget_over_all_actual_records ... ok
test output::capture_tests::incomplete_private_key_never_reaches_records ... ok
test operations::reporting_aggregation_tests::source_classification_changed_after_last_admission_is_not_emitted ... ok
test output::capture_tests::continuously_readable_capture_obeys_finalization_deadline ... ok
test filters::deadline_tests::original_budget_expires_during_actual_loaded_input_record_admission ... ok
test filters::deadline_tests::original_budget_expires_during_actual_preview_record_admission ... ok
test output::capture_tests::registered_git_nul_capture_preserves_filename_controls_and_record_boundaries ... ok
test output::capture_tests::split_secret_and_ansi_never_survive_normalization ... ok
test output::capture_tests::oversize_binary_invalid_utf8_and_record_counts_are_bounded ... ok
test output::capture_tests::native_job_receipt_failures_preserve_artifact_and_block_pass_evidence ... ok
test query_process::adapter_version_policy_tests::version_observation_does_not_admit_inference_or_extra_arguments ... ok
test query_process::managed_observation_policy_tests::schedule_queries_reject_mutations_wildcards_and_extra_arguments ... ok
test output::capture_tests::registered_native_callback_failures_preserve_processing_truth ... ok
test reader::search_candidate_tests::admitted_size_and_encoding_failures_are_errors ... ok
test reader::search_candidate_tests::authority_errors_never_become_absent_candidates ... ok
test reader::search_candidate_tests::deletion_and_identical_replacement_after_admission_are_fatal ... ok
test reader::search_candidate_tests::initial_local_missing_excluded_link_directory_fifo_and_permission_are_not_sources ... ok
test reader::search_candidate_tests::normal_body_hash_and_original_expired_deadline_are_preserved ... ok
test pack::validation_tests::committed_pause_during_source_validation_prevents_delivery_and_publication ... ok
test output::capture_tests::native_pipe_wait_and_worker_faults_preserve_surviving_capture ... ok
test pack::validation_tests::source_read_expiry_keeps_original_timeout_in_library_validation ... ok
test inventory::deadline_tests::profile_original_budget_expires_after_actual_confirmed_claims ... ok
test inventory::deadline_tests::audit_original_budget_expires_after_actual_claim_reads ... ok
test runner::auxiliary_deadline_tests::trust_plan_establishes_one_default_scope_and_preserves_supplied_scope ... ok
test runner::completion_contract_tests::backend_and_guardian_faults_keep_native_truth_and_conservative_ownership ... ok
test operations::reporting_aggregation_tests::expiry_during_later_role_evaluation_never_accepts_earlier_admission ... ok
test operations::reporting_aggregation_tests::inbox_batch_drops_earlier_expired_admission_and_rechecks_earlier_sources ... ok
test runner::stored_slot_contract_tests::stored_slot_decode_failure_preserves_ownership_and_acknowledgement_intent ... ok
test schedule::deadline_tests::stored_schedule_bridge_decode_retains_absence_and_changed_binding_order ... ok
test search::tests::boolean_precedence_and_bounds ... ok
test search::tests::literal_smart_case ... ok
test watch::tests::fixed_controls_in_event_error_and_board_frames_remain_safe ... ok
test watch::tests::frame_delivery_and_flush_failures_propagate_io_errors ... ok
test watch::tests::frames_escape_hidden_controls_without_changing_ndjson_values ... ok
test schedule::deadline_tests::stored_schedule_decision_decode_retains_expiry_and_original_deadline_order ... ok
test inventory::deadline_tests::scan_original_budget_expires_after_real_source_items_before_next_processing ... ok
test schedule::deadline_tests::list_original_budget_expires_after_actual_rows_before_assembly ... ok
test runner::auxiliary_deadline_tests::opened_auxiliary_keeps_budget_for_subsequent_source_reads ... ok
test runner::auxiliary_deadline_tests::resource_status_retains_original_budget_after_native_identity_observation ... ok
test runner::auxiliary_deadline_tests::auxiliary_loading_expires_after_actual_config_admission ... ok
test runner::auxiliary_deadline_tests::registered_fingerprint_expires_after_actual_executable_chunk_read ... ok
test schedule::deadline_tests::native_observation_original_expiry_does_not_become_registration_absence ... ok
test quota::aggregation_deadline_tests::public_report_stops_real_aggregation_at_original_deadline_after_rows_admitted ... ok

test result: ok. 50 passed; 0 failed; 0 ignored; 0 measured; 0 filtered out; finished in 4.69s

     Running unittests src/main.rs (target/debug/deps/pctx-5861ab217462b7f0)

running 7 tests
test finite_route_tests::renderer_refusal_keeps_typed_error_and_incomplete_coverage ... ok
test cli_help::tests::every_declared_leaf_has_an_explicit_effect_contract ... ok
test cli_args::tests::producer_repetition_and_literal_child_options_preserve_exact_values ... ok
test cli_args::tests::pack_artifact_output_and_global_output_share_one_singular_binding ... ok
test cli_args::tests::defaults_and_fresh_parses_do_not_count_as_duplicate_inputs ... ok
test finite_route_tests::finite_work_quota_adapter_reads_do_not_time_execution ... ok
test parser_contract_tests::frozen_visible_parser_schema_and_cases ... ok

test result: ok. 7 passed; 0 failed; 0 ignored; 0 measured; 0 filtered out; finished in 6.38s

     Running tests/adapter_errors.rs (target/debug/deps/adapter_errors-c6d5fa4673ac7e39)

running 10 tests
test checksum_matched_persisted_adapter_plan_corruption_is_not_caller_input ... ok
test direct_adapter_plan_input_source_and_binding_are_distinct ... ok
test direct_adapter_receipt_conflicts_and_reconciliation_retain_nine ... ok
test direct_adapter_schema_and_ownership_integrity_are_storage_seven ... ok
test direct_adapter_corrupt_persisted_json_and_shapes_are_storage_errors ... ok
test native_adapter_symlink_refusal_is_access_five ... ok
test native_adapter_hook_error_and_io_keep_envelope_and_state ... ok
test native_adapter_owner_refusal_is_policy_five_in_both_formats ... ok
test native_adapter_unsupported_protocol_is_capability_six ... ok
test native_adapter_input_cap_and_configuration_shape_are_input_two ... ok

test result: ok. 10 passed; 0 failed; 0 ignored; 0 measured; 0 filtered out; finished in 0.71s

     Running tests/adapter_preflight.rs (target/debug/deps/adapter_preflight-6aa1789fcd433973)

running 6 tests
test direct_adapter_labels_keep_original_expiry_and_no_effects ... ok
test adapter_label_boundaries_preserve_existing_grammar ... ok
test isolated_nonowner_adapter_admission_precedes_authority ... ok
test native_accepted_plan_labels_preserve_owner_authority ... ok
test native_event_keys_remain_input_dependent_and_replay_is_stable ... ok
test adapter_labels_precede_project_and_response_effects ... ok

test result: ok. 6 passed; 0 failed; 0 ignored; 0 measured; 0 filtered out; finished in 0.30s

     Running tests/cli_cancellation.rs (target/debug/deps/cli_cancellation-b8aaf1c4d3c7fb49)

running 5 tests
test watch_cancel_keeps_existing_ndjson_frames_and_reports_cancelled ... ok
test held_stdin_cancel_is_one_complete_json_and_creates_no_context ... ok
test finite_query_cancel_reaps_owned_query_child_instead_of_waiting_for_timeout ... ok
test run_cancel_preserves_native_truth_artifact_and_one_execution_for_both_policies ... ok
test cancelled_run_with_failed_publication_keeps_processing_error_and_native_truth ... ok

test result: ok. 5 passed; 0 failed; 0 ignored; 0 measured; 0 filtered out; finished in 1.20s

     Running tests/cli_contract.rs (target/debug/deps/cli_contract-7fe808194ea4872f)

running 14 tests
test invalid_json_cli_inputs_still_return_one_json_document ... ok
test invalid_capacity_is_json_even_for_markdown_and_never_writes_output ... ok
test minimum_error_budget_boundary_is_argument_validation_before_project_access ... ok
test every_stdout_budget_route_rejects_tiny_capacity_without_child_or_local_files ... ok
test inventory_cli_reports_static_candidates_without_execution_or_authority ... ok
test valid_minimum_capacity_with_oversize_mandatory_rule_keeps_budget_exit_eight ... ok
test security_applies_to_direct_reads_and_cached_metadata ... ok
test strict_lookup_retains_available_evidence_and_reports_incomplete_refresh ... ok
test markdown_is_a_safe_document_and_unsupported_formats_precede_writes ... ok
test invalid_project_and_merged_user_policy_never_become_successful_empty_results ... ok
test context_budget_is_exact_json_and_required_rules_are_not_cut ... ok
test non_git_exploration_changes_and_idempotent_init ... ok
test tiny_budgets_preserve_index_lease_checks_and_context_receipt_ledgers ... ok
test ndjson_snapshot_follow_and_resume_have_no_event_gap ... ok

test result: ok. 14 passed; 0 failed; 0 ignored; 0 measured; 0 filtered out; finished in 2.26s

     Running tests/cli_coverage_contract.rs (target/debug/deps/cli_coverage_contract-6a1b71a32123ed05)

running 5 tests
test requested_json_filter_parse_failure_is_incomplete ... ok
test known_incomplete_inventory_and_corrupt_status_are_not_successful_empty ... ok
test pack_optional_validation_differs_from_requested_but_unavailable_sources ... ok
test frozen_families_empty_and_missing_are_distinct ... ok
test saved_output_zero_matches_and_incomplete_capture_are_distinct_without_rerun ... ok

test result: ok. 5 passed; 0 failed; 0 ignored; 0 measured; 0 filtered out; finished in 6.02s

     Running tests/cli_delivery.rs (target/debug/deps/cli_delivery-d6142b38e0664ae4)

running 4 tests
test failed_response_file_and_closed_diagnostic_are_io_error_without_overwrite ... ok
test undeliverable_stream_refusal_returns_io_exit_without_project_effects ... ok
test undeliverable_help_and_version_return_io_exit_without_project_effects ... ok
test undeliverable_native_hook_output_is_io_error_without_repeating_import ... ok

test result: ok. 4 passed; 0 failed; 0 ignored; 0 measured; 0 filtered out; finished in 0.12s

     Running tests/cli_frontend.rs (target/debug/deps/cli_frontend-4948844b4d514170)

running 29 tests
test help_and_version_are_successful_without_project_access ... ok
test non_utf8_argument_returns_structured_error_without_panic_or_effect ... ok
test no_color_suppresses_help_on_a_real_terminal_including_nested_help ... ok
test native_hook_invalid_transports_refuse_before_project_or_output_access ... ok
test parsed_run_preflight_refusals_attest_no_child_before_any_access ... ok
test parser_diagnostics_mask_secrets_and_escape_control_characters ... ok
test native_metadata_overflow_keeps_prelaunch_truth_and_declares_omitted_identity ... ok
test parser_errors_respect_actual_json_option_and_do_not_load_project ... ok
test nested_global_positions_select_the_same_root_format_and_timeout ... ok
test invalid_strict_queries_preserve_generation_database_sources_and_output_path ... ok
test initialized_producer_errors_keep_identity_in_each_document_and_destination ... ok
test plain_parser_diagnostics_escape_bidi_c1_and_line_controls ... ok
test root_version_is_exact_and_ignores_project_output_and_query_options ... ok
test semantic_refusals_are_one_safe_json_document_for_every_requested_format ... ok
test partial_refresh_does_not_claim_the_requested_outline_is_wholly_unsupported ... ok
test singular_global_duplicates_are_rejected_before_project_and_output_effects ... ok
test undeliverable_parser_capacity_semantic_and_timeout_refusals_return_io_exit ... ok
test undeliverable_plain_parser_diagnostic_returns_io_exit_without_panic ... ok
test streaming_response_files_refuse_before_discovery_or_destination_access ... ok
test native_control_values_survive_success_errors_and_document_destinations ... ok
test unsupported_ndjson_is_rejected_before_project_discovery_or_init ... ok
test valid_minimum_capacity_bounds_semantic_and_timeout_refusals_without_writes ... ok
test saved_output_invalid_arguments_refuse_before_project_and_response_access ... ok
test unsupported_markdown_refuses_before_response_files_and_stream_dispatch ... ok
test pack_artifact_output_is_required_once_and_works_at_every_command_depth ... ok
test outline_empty_unsupported_and_partial_are_distinct_in_every_representation ... ok
test all_markdown_leaf_classes_keep_complete_envelopes_on_stdout_and_files ... ok
test read_final_document_budget_uses_emitted_format_and_preserves_excerpt_truth ... ok
test every_visible_help_path_describes_schema_and_effects_without_project_access ... ok

test result: ok. 29 passed; 0 failed; 0 ignored; 0 measured; 0 filtered out; finished in 1.09s

     Running tests/cli_run_exit.rs (target/debug/deps/cli_run_exit-6950b2b7b4cecebc)

running 11 tests
test missing_project_is_prelaunch_failure_in_both_modes_without_files ... ok
test project_refusal_near_minimum_keeps_original_exit_and_fits ... ok
test project_refusals_preserve_typed_exit_and_message_before_spawn ... ok
test actual_prelaunch_refusal_has_no_child_outcome_or_invocation ... ok
test admitted_small_run_budgets_preserve_prelaunch_truth_without_artifact ... ok
test actual_spawn_failure_never_becomes_success_or_child_exit ... ok
test incomplete_capture_is_partial_without_replacing_child_success ... ok
test actual_execution_timeout_preserves_observation_but_returns_wrapper_error ... ok
test publication_failure_preserves_child_outcome_and_never_retries ... ok
test actual_child_codes_and_signal_are_distinct_from_wrapper_status ... ok
test final_serialized_budget_preserves_actual_child_truth_and_full_reread ... ok

test result: ok. 11 passed; 0 failed; 0 ignored; 0 measured; 0 filtered out; finished in 3.49s

     Running tests/core_security.rs (target/debug/deps/core_security-7b0e487db632e698)

running 12 tests
test cr06_equals_format_errors_are_single_json_documents ... ok
test cr01_handoff_symlink_cannot_write_outside_project ... ok
test cr09_freshness_is_validated_and_off_is_visible ... ok
test cr04_require_complete_does_not_hide_skipped_input ... ok
test cr05_public_envelope_reports_truncation_and_parser_partial ... ok
test checkpoint_scope_unique_rename_and_checksum_failure_are_explicit ... ok
test cr02_embedded_private_key_fragments_are_masked ... ok
test cr08_checkpoint_metadata_obeys_new_security_exclusions ... ok
test rebuild_refuses_newer_schema_without_replacing_original ... ok
test rebuild_refuses_foreign_workspace_without_replacing_index ... ok
test rebuild_preserves_checkpoints_and_quarantines_corrupt_index ... ok
test cr10_explicit_seed_limit_is_reported ... ok

test result: ok. 12 passed; 0 failed; 0 ignored; 0 measured; 0 filtered out; finished in 0.87s

     Running tests/render.rs (target/debug/deps/render-cc917b0b7eea1064)

running 14 tests
test json_formats_are_one_minified_document_including_exact_final_newline ... ok
test preexisting_masking_and_unicode_are_not_changed_or_inferred ... ok
test budget_fallback_never_fabricates_child_truth_without_attestation ... ok
test budget_fallback_keeps_nested_execution_truth_and_retrieval_kind ... ok
test malicious_fences_and_controls_cannot_escape_literal_source_and_roundtrip_exactly ... ok
test errors_partial_scope_and_negative_report_are_explicit_without_success_claim ... ok
test outline_and_handoff_display_source_provenance_and_keep_unknown_fields ... ok
test signatures_and_outlines_are_visible_with_ranges_and_literal_control_escaping ... ok
test terminal_hidden_unicode_is_json_escaped_without_changing_values ... ok
test support_is_exact_and_unsupported_markdown_returns_argument_error ... ok
test renderer_never_enforces_or_silently_cuts_a_reported_budget ... ok
test oversized_fallback_metadata_is_explicitly_omitted_without_losing_execution ... ok
test fixed_control_inventory_preserves_success_partial_error_and_hook_values ... ok
test remaining_proof_overflow_is_complete_measured_budget_failure_with_primary_precedence ... ok

test result: ok. 14 passed; 0 failed; 0 ignored; 0 measured; 0 filtered out; finished in 0.56s

     Running tests/watch.rs (target/debug/deps/watch-0aa3808534cf4f9e)

running 5 tests
test native_stream_control_values_preserve_frames_and_escape_compact_rows ... ok
test finite_ndjson_drains_all_pages_and_resumes_after_cursor ... ok
test heartbeat_and_expiry_appear_as_ephemeral_observations ... ok
test compact_watch_renders_essential_columns_and_refreshes ... ok
test closed_stdout_returns_controlled_error_without_panic ... ok

test result: ok. 5 passed; 0 failed; 0 ignored; 0 measured; 0 filtered out; finished in 6.79s

