   Compiling pctx v0.1.0-dev (/Users/dev/PCTX)
    Finished `test` profile [unoptimized + debuginfo] target(s) in 4.74s
     Running tests/control_preflight.rs (target/debug/deps/control_preflight-1104ac0ed832cb66)

running 7 tests
test direct_producers_refuse_before_database_and_preserve_original_expiry ... ok
test role_pure_arguments_precede_project_and_response_effects ... ok
test valid_control_arguments_reach_existing_authorization_and_state_flows ... ok
test schedule_pure_arguments_precede_project_and_response_effects ... ok
test work_pure_arguments_precede_project_and_response_effects ... ok
test session_pure_arguments_precede_project_and_response_effects ... ok
test quota_pure_arguments_precede_project_and_response_effects ... ok

test result: ok. 7 passed; 0 failed; 0 ignored; 0 measured; 0 filtered out; finished in 1.11s

     Running tests/operations.rs (target/debug/deps/operations-530607f06d0857bd)

running 11 tests
test forged_agent_owner_decision_does_not_generate_grant ... ok
test omitted_action_role_cannot_bypass_registered_actor_pause ... ok
test silence_hides_topic_and_body_before_inbox_ranking ... ok
test owner_queue_honors_specific_recipients_and_owner_destination_without_globalizing_silence ... ok
test owner_queue_filters_oldest_hidden_actions_before_limit_without_disclosing_details ... ok
test role_pause_blocks_claim_without_mutating_task_or_run ... ok
test mailbox_retry_is_queued_once_and_ack_is_recipient_bound ... ok
test exact_decisions_deduplicate_but_changed_environment_amount_artifact_do_not ... ok
test unknown_cost_pause_and_silence_override_valid_grant ... ok
test owner_queue_delivery_barriers_survive_control_restore ... ok
test backup_restore_preserves_pause_silence_and_messages_but_revokes_grants ... ok

test result: ok. 11 passed; 0 failed; 0 ignored; 0 measured; 0 filtered out; finished in 0.22s

     Running tests/quota.rs (target/debug/deps/quota-2eee6f0607f85593)

running 7 tests
test first_unknown_baseline_and_missing_provider_do_not_become_zero_or_normal ... ok
test epochs_resets_and_stale_counters_are_not_inherited ... ok
test reservations_share_pool_same_unit_and_are_soft_idempotent ... ok
test pools_are_isolated_and_manual_estimates_do_not_change_actual_usage ... ok
test cumulative_counters_are_deltas_and_collector_sources_do_not_double_count ... ok
test quota_thresholds_reset_reobservation_and_persistent_pause_silence ... ok
test restored_quota_requires_fresh_observation_and_event_ledgers_stay_immutable ... ok

test result: ok. 7 passed; 0 failed; 0 ignored; 0 measured; 0 filtered out; finished in 0.15s

     Running tests/schedule.rs (target/debug/deps/schedule-2917b2dde9bd7c95)

running 17 tests
test non_read_job_requires_matching_operation_decision ... ok
test berlin_spring_gap_moves_to_next_valid_wall_time ... ok
test berlin_fall_back_occurs_once_per_local_date_and_restart_reuses_record ... ok
test project_private_bridge_staging_rejects_user_symlinks_without_changing_target ... ok
test elapsed_intervals_do_not_change_with_dst_and_missed_ticks_coalesce ... ok
test namespaces_and_cas_pause_updates_are_independent ... ok
test empty_readonly_tick_is_successful_without_notification_or_model_wake ... ok
test reconcile_singleflight_and_managed_bridge_never_claim_install_or_success ... ok
test paused_role_blocks_actual_tick_and_loop_does_not_acquire_keep_awake ... ok
test session_boundary_invalidates_binding_without_reinstall_or_epoch_inheritance ... ok
test role_pause_topic_silence_do_not_reactivate ... ok
test failed_attempt_is_recorded_and_retry_is_explicit_instead_of_synthetic_success ... ok
test tick_executes_once_and_only_changed_results_queue_a_local_notice ... ok
test running_owner_is_never_released_by_ttl_and_restored_binding_is_not_inherited ... ok
test staged_bridge_uninstall_removes_only_owned_files_and_missing_manifest_can_be_repaired ... ok
test managed_bridge_requires_current_reviewed_plan_and_preserves_user_changes ... ok
test actual_cli_concurrent_ticks_claim_one_occurrence_and_fixture_bridge_invokes_tick ... ok

test result: ok. 17 passed; 0 failed; 0 ignored; 0 measured; 0 filtered out; finished in 11.77s

     Running tests/schedule_deadline.rs (target/debug/deps/schedule_deadline-c1da61e345709366)

running 4 tests
test expired_schedule_reads_have_no_control_or_staging_effects ... ok
test default_empty_schedule_read_does_not_initialize_control_state ... ok
test initialized_control_without_schedule_tables_stays_unchanged_after_read ... ok
test inspect_fifo_owned_manifest_is_refused_without_blocking ... ok

test result: ok. 4 passed; 0 failed; 0 ignored; 0 measured; 0 filtered out; finished in 0.02s

     Running tests/schedule_deadline_cli.rs (target/debug/deps/schedule_deadline_cli-4eff725f6f36b33d)

running 2 tests
test schedule_read_budget_preflight_never_creates_missing_project ... ok
test finite_schedule_queries_preserve_state_and_expire_under_sql_contention ... ok

test result: ok. 2 passed; 0 failed; 0 ignored; 0 measured; 0 filtered out; finished in 4.84s

     Running tests/session.rs (target/debug/deps/session-e37e24e280aa64af)

running 7 tests
test identity_secrets_are_rejected_before_persistence ... ok
test suspend_reconcile_preserves_task_pause_and_never_revives_run ... ok
test expired_outer_budget_cannot_emit_ack_attach_or_change_epoch ... ok
test minimum_budget_failure_creates_no_emission ... ok
test independent_sessions_boundaries_and_policy_reject_old_baselines ... ok
test rule_changes_and_deleted_paths_are_explicit ... ok
test explicit_ack_unchanged_delta_and_no_source_ledger ... ok

test result: ok. 7 passed; 0 failed; 0 ignored; 0 measured; 0 filtered out; finished in 0.14s

     Running tests/work_control.rs (target/debug/deps/work_control-8112bcadab3f8486)

running 11 tests
test database_rejects_event_modification_and_receipt_conflict ... ok
test external_report_is_an_allowed_claim_without_native_environment_authority ... ok
test zero_minimum_cannot_make_zero_tests_pass ... ok
test legacy_native_pass_without_authoritative_binding_is_not_current_evidence ... ok
test claims_reports_reassignment_and_cursor ... ok
test zero_tests_and_revision_conflict ... ok
test current_source_change_blocks_completion ... ok
test backup_restore_revokes_live_leases_and_preserves_pause ... ok
test evidence_gate_and_historical_completion ... ok
test schedule_v2_backup_strips_local_binding_and_restore_revokes_running_authority ... ok
test restore_preserves_session_history_without_ack_or_epoch_reuse ... ok

test result: ok. 11 passed; 0 failed; 0 ignored; 0 measured; 0 filtered out; finished in 0.34s

     Running tests/work_quota_deadline.rs (target/debug/deps/work_quota_deadline-b12539874124d6ff)

running 5 tests
test already_expired_reads_do_not_initialize_control_storage_or_validate_missing_targets ... ok
test cpu_bound_sql_expires_inside_the_engine_under_the_original_budget ... ok
test reused_sql_connection_does_not_inherit_an_expired_prior_request_handler ... ok
test quota_read_exclusive_contention_returns_timeout_instead_of_empty_unknown_success ... ok
test work_read_transaction_contention_uses_remaining_budget_without_control_events ... ok

test result: ok. 5 passed; 0 failed; 0 ignored; 0 measured; 0 filtered out; finished in 0.23s

