   Compiling pctx v0.1.0-dev (/Users/dev/PCTX)
    Finished `test` profile [unoptimized + debuginfo] target(s) in 1.21s
     Running unittests src/lib.rs (target/debug/deps/pctx-ae897bec01e143c7)

running 18 tests
test output::capture_tests::incomplete_private_key_never_reaches_records ... ok
test input::identity_tests::project_read_identity_rejects_replace_and_restore_even_with_same_bytes ... ok
test broker::tests::nul_names_rename_and_unborn_metadata_are_machine_parsed ... ok
test reader::search_candidate_tests::admitted_size_and_encoding_failures_are_errors ... ok
test output::capture_tests::registered_git_nul_capture_preserves_filename_controls_and_record_boundaries ... ok
test output::capture_tests::split_secret_and_ansi_never_survive_normalization ... ok
test reader::search_candidate_tests::authority_errors_never_become_absent_candidates ... ok
test search::tests::boolean_precedence_and_bounds ... ok
test search::tests::literal_smart_case ... ok
test reader::search_candidate_tests::deletion_and_identical_replacement_after_admission_are_fatal ... ok
test reader::search_candidate_tests::initial_local_missing_excluded_link_directory_fifo_and_permission_are_not_sources ... ok
test reader::search_candidate_tests::normal_body_hash_and_original_expired_deadline_are_preserved ... ok
test output::capture_tests::oversize_binary_invalid_utf8_and_record_counts_are_bounded ... ok
test operations::reporting_aggregation_tests::source_classification_changed_after_last_admission_is_not_emitted ... ok
test pack::validation_tests::committed_pause_during_source_validation_prevents_delivery_and_publication ... ok
test pack::validation_tests::source_read_expiry_keeps_original_timeout_in_library_validation ... ok
test operations::reporting_aggregation_tests::inbox_batch_drops_earlier_expired_admission_and_rechecks_earlier_sources ... ok
test operations::reporting_aggregation_tests::expiry_during_later_role_evaluation_never_accepts_earlier_admission ... ok

test result: ok. 18 passed; 0 failed; 0 ignored; 0 measured; 0 filtered out; finished in 1.76s

     Running unittests src/main.rs (target/debug/deps/pctx-5861ab217462b7f0)

running 1 test
test cli_help::tests::every_declared_leaf_has_an_explicit_effect_contract ... ok

test result: ok. 1 passed; 0 failed; 0 ignored; 0 measured; 0 filtered out; finished in 0.00s

     Running tests/adapter.rs (target/debug/deps/adapter-8bd8637316f7f388)

running 10 tests
test symlink_configuration_is_rejected ... ok
test malformed_and_version_variation_are_rejected_without_mutation ... ok
test pretool_decisions_never_rewrite_or_execute_declared_commands ... ok
test stale_plans_do_not_change_config ... ok
test permission_events_are_observation_only ... ok
test edited_owned_hook_conflicts_without_partial_removal ... ok
test plans_are_hash_bound_and_preserve_existing_settings ... ok
test uninstall_preserves_user_changes_and_only_removes_new_entries ... ok
test events_delegate_epoch_and_never_ack_or_store_dialogue ... ok
test statusline_cost_is_estimate_context_is_snapshot_and_epoch_is_checked ... ok

test result: ok. 10 passed; 0 failed; 0 ignored; 0 measured; 0 filtered out; finished in 0.18s

     Running tests/atomic_publication.rs (target/debug/deps/atomic_publication-98bdbaf5c908cd10)

running 2 tests
test replacement_keeps_old_open_reader_and_publishes_complete_new_record ... ok
test create_only_race_publishes_one_complete_record_and_preserves_it ... ok

test result: ok. 2 passed; 0 failed; 0 ignored; 0 measured; 0 filtered out; finished in 0.07s

     Running tests/broker.rs (target/debug/deps/broker-9f124a6ad706c742)

running 9 tests
test non_git_is_unsupported_and_corrupt_git_is_never_empty_or_clean ... ok
test repo_fsmonitor_script_is_never_executed ... ok
test field_selection_and_nul_filenames_do_not_emit_paths_or_source ... ok
test proven_dead_refresh_owner_can_be_reclaimed_without_ttl_guessing ... ok
test concurrent_refresh_is_shared_but_workspace_and_policy_keys_are_isolated ... ok
test bounded_wait_without_snapshot_is_unavailable_and_never_reclaims_live_owner ... ok
test live_refresh_owner_is_not_stolen_by_age_and_returns_pending ... ok
test default_waiter_receives_shared_publication_after_old_half_second_cutoff ... ok
test five_actual_cli_processes_share_one_refresh ... ok

test result: ok. 9 passed; 0 failed; 0 ignored; 0 measured; 0 filtered out; finished in 0.86s

     Running tests/cli_contract.rs (target/debug/deps/cli_contract-7fe808194ea4872f)

running 14 tests
test invalid_json_cli_inputs_still_return_one_json_document ... ok
test invalid_capacity_is_json_even_for_markdown_and_never_writes_output ... ok
test minimum_error_budget_boundary_is_argument_validation_before_project_access ... ok
test every_stdout_budget_route_rejects_tiny_capacity_without_child_or_local_files ... ok
test inventory_cli_reports_static_candidates_without_execution_or_authority ... ok
test valid_minimum_capacity_with_oversize_mandatory_rule_keeps_budget_exit_eight ... ok
test security_applies_to_direct_reads_and_cached_metadata ... ok
test markdown_is_a_safe_document_and_unsupported_formats_precede_writes ... ok
test invalid_project_and_merged_user_policy_never_become_successful_empty_results ... ok
test strict_lookup_retains_available_evidence_and_reports_incomplete_refresh ... ok
test context_budget_is_exact_json_and_required_rules_are_not_cut ... ok
test non_git_exploration_changes_and_idempotent_init ... ok
test tiny_budgets_preserve_index_lease_checks_and_context_receipt_ledgers ... ok
test ndjson_snapshot_follow_and_resume_have_no_event_gap ... ok

test result: ok. 14 passed; 0 failed; 0 ignored; 0 measured; 0 filtered out; finished in 2.23s

     Running tests/cli_frontend.rs (target/debug/deps/cli_frontend-4948844b4d514170)

running 8 tests
test non_utf8_argument_returns_structured_error_without_panic_or_effect ... ok
test parser_diagnostics_mask_secrets_and_escape_control_characters ... ok
test unsupported_ndjson_is_rejected_before_project_discovery_or_init ... ok
test help_and_version_are_successful_without_project_access ... ok
test no_color_suppresses_help_on_a_real_terminal_including_nested_help ... ok
test parser_errors_respect_actual_json_option_and_do_not_load_project ... ok
test invalid_strict_queries_preserve_generation_database_sources_and_output_path ... ok
test every_visible_help_path_describes_schema_and_effects_without_project_access ... ok

test result: ok. 8 passed; 0 failed; 0 ignored; 0 measured; 0 filtered out; finished in 0.88s

     Running tests/concurrency.rs (target/debug/deps/concurrency-65105cc48d628f60)

running 9 tests
test git_status_does_not_run_unbound_repository_fsmonitor ... ok
test agent_cannot_authorize_execution_trust ... ok
test ten_readers_and_two_writers_see_published_generations ... ok
test two_process_claims_have_one_winner ... ok
test agent_capability_cannot_grant_owner_authority ... ok
test report_replay_and_revision_conflict_are_visible_at_cli ... ok
test check_changed_during_external_execution_stays_stale ... ok
test changed_source_and_definition_do_not_reuse_check_evidence ... ok
test session_ack_and_epoch_cannot_be_changed_by_other_agent ... ok

test result: ok. 9 passed; 0 failed; 0 ignored; 0 measured; 0 filtered out; finished in 0.40s

     Running tests/context_adaptive.rs (target/debug/deps/context_adaptive-70b876c348e77459)

running 7 tests
test markdown_final_document_uses_the_same_exact_accounting ... ok
test final_escaped_document_budget_and_unsupported_tokenizer_remain_truthful ... ok
test excerpts_preserve_exact_original_ranges_and_unsupported_signature_is_explicit ... ok
test multiline_signatures_have_verified_utf8_crlf_ranges_and_distinct_outlines ... ok
test explicit_seed_survives_lower_priority_imports_under_tight_budget ... ok
test final_omissions_fit_without_cutting_mandatory_task_rules_or_decisions ... ok
test adaptive_budget_uses_intermediate_tiers_and_accounts_final_overhead_deterministically ... ok

test result: ok. 7 passed; 0 failed; 0 ignored; 0 measured; 0 filtered out; finished in 0.34s

     Running tests/context_delivery_barriers.rs (target/debug/deps/context_delivery_barriers-557a7f251a35cc4a)

running 7 tests
test canonical_id_wins_over_colliding_alias_and_expired_budget_never_writes ... ok
test uninitialized_controls_are_read_only_and_partial_schema_fails_closed ... ok
test relevant_control_mutation_rebinds_fingerprint_but_unrelated_controls_do_not ... ok
test durable_role_event_revision_prevents_same_second_pause_resume_reuse ... ok
test canonical_alias_registered_role_and_wildcard_pauses_block_without_grant ... ok
test topic_silence_normalizes_aliases_and_is_exact_to_role_recipient_topic ... ok
test relevant_topic_controls_are_bounded_and_corrupt_labels_fail_closed ... ok

test result: ok. 7 passed; 0 failed; 0 ignored; 0 measured; 0 filtered out; finished in 0.01s

     Running tests/context_delivery_selection.rs (target/debug/deps/context_delivery_selection-2d942bfc32429490)

running 8 tests
test source_changed_during_delivery_preparation_cannot_publish_stale_spans ... ok
test consumer_overhead_cannot_remove_mandatory_rules_or_fake_a_fitting_packet ... ok
test owner_pause_during_delivery_preparation_cannot_publish_selected_bodies ... ok
test task_file_source_change_during_measurement_never_emits_captured_body ... ok
test changed_or_deleted_source_classification_during_measurement_prevents_delivery ... ok
test consumer_envelope_and_escaped_overhead_drive_tiers_and_exact_capacity ... ok
test omitted_replacement_changed_during_delivery_invalidates_unchanged_selected_decision ... ok
test consumer_failure_and_original_deadline_cannot_publish_a_selection ... ok

test result: ok. 8 passed; 0 failed; 0 ignored; 0 measured; 0 filtered out; finished in 1.10s

     Running tests/context_input_deadline.rs (target/debug/deps/context_input_deadline-0de6c57f731310c2)

running 5 tests
test unix_stdin_flags_probe ... ok
test task_file_reader_preserves_utf8_and_rejects_oversize_invalid_and_expired_inputs ... ok
test fifo_task_path_is_rejected_without_waiting_for_a_writer_or_publishing ... ok
test stdin_flag_restoration_is_observed_in_a_separate_process ... ok
test held_open_task_stdin_times_out_without_index_publication ... ok

test result: ok. 5 passed; 0 failed; 0 ignored; 0 measured; 0 filtered out; finished in 0.50s

     Running tests/core_security.rs (target/debug/deps/core_security-7b0e487db632e698)

running 12 tests
test cr06_equals_format_errors_are_single_json_documents ... ok
test cr01_handoff_symlink_cannot_write_outside_project ... ok
test cr04_require_complete_does_not_hide_skipped_input ... ok
test cr05_public_envelope_reports_truncation_and_parser_partial ... ok
test cr09_freshness_is_validated_and_off_is_visible ... ok
test cr08_checkpoint_metadata_obeys_new_security_exclusions ... ok
test cr02_embedded_private_key_fragments_are_masked ... ok
test checkpoint_scope_unique_rename_and_checksum_failure_are_explicit ... ok
test rebuild_refuses_foreign_workspace_without_replacing_index ... ok
test rebuild_refuses_newer_schema_without_replacing_original ... ok
test rebuild_preserves_checkpoints_and_quarantines_corrupt_index ... ok
test cr10_explicit_seed_limit_is_reported ... ok

test result: ok. 12 passed; 0 failed; 0 ignored; 0 measured; 0 filtered out; finished in 0.83s

     Running tests/derived_query_deadline.rs (target/debug/deps/derived_query_deadline-b322265965e4a570)

running 4 tests
test expired_derived_entries_reject_before_index_or_source_changes ... ok
test extract_default_and_supplied_budget_preserve_source_span ... ok
test graph_default_and_supplied_budget_preserve_edges_and_inferred_impact ... ok
test nested_extract_refresh_cannot_restart_budget_while_writer_is_busy ... ok

test result: ok. 4 passed; 0 failed; 0 ignored; 0 measured; 0 filtered out; finished in 0.06s

     Running tests/filters.rs (target/debug/deps/filters-9e3df5656f93ef1c)

running 7 tests
test strict_keys_operations_and_regex_no_code_execution ... ok
test structured_fields_grouping_and_excerpt_keep_protected_metadata ... ok
test protect_beats_drop_dedup_keeps_occurrences_ranges_and_no_pass_claim ... ok
test secrets_cr_and_unicode_are_safe_and_protected_survives_excerpt ... ok
test changed_fixture_cannot_activate_old_report_and_bounds_are_explicit ... ok
test saved_output_custom_render_preserves_observed_failure_without_rerun ... ok
test full_fixture_activation_hash_invalidation_and_exact_match_ambiguity ... ok

test result: ok. 7 passed; 0 failed; 0 ignored; 0 measured; 0 filtered out; finished in 0.45s

     Running tests/graph.rs (target/debug/deps/graph-c4946a32891779f4)

running 4 tests
test workspace_exports_and_dynamic_import_are_explicit ... ok
test alias_configuration_changes_invalidate_without_index_refresh ... ok
test workspaces_and_policy_are_never_cross_used ... ok
test import_cycles_have_bounded_traversal_and_reverse_impact_is_inferred ... ok

test result: ok. 4 passed; 0 failed; 0 ignored; 0 measured; 0 filtered out; finished in 0.04s

     Running tests/inventory.rs (target/debug/deps/inventory-3ccb113965ac776c)

running 8 tests
test dynamic_invalid_and_unsupported_configs_are_explicit ... ok
test symlinks_and_budgets_are_not_traversed ... ok
test stale_documents_and_changed_source_only_need_review ... ok
test static_workspace_packages_and_checks_have_current_proof_without_execution ... ok
test audit_proposals_are_deterministic_hash_bound_and_do_not_write ... ok
test exclusions_and_redaction_apply_to_scan_and_current_audit ... ok
test unknown_selectors_and_code_structure_do_not_invent_facts ... ok
test profile_confirms_observation_not_owner_authority_and_detects_conflict_and_stale ... ok

test result: ok. 8 passed; 0 failed; 0 ignored; 0 measured; 0 filtered out; finished in 0.03s

     Running tests/operations.rs (target/debug/deps/operations-530607f06d0857bd)

running 11 tests
test forged_agent_owner_decision_does_not_generate_grant ... ok
test omitted_action_role_cannot_bypass_registered_actor_pause ... ok
test silence_hides_topic_and_body_before_inbox_ranking ... ok
test owner_queue_honors_specific_recipients_and_owner_destination_without_globalizing_silence ... ok
test owner_queue_filters_oldest_hidden_actions_before_limit_without_disclosing_details ... ok
test role_pause_blocks_claim_without_mutating_task_or_run ... ok
test mailbox_retry_is_queued_once_and_ack_is_recipient_bound ... ok
test exact_decisions_deduplicate_but_changed_environment_amount_artifact_do_not ... ok
test unknown_cost_pause_and_silence_override_valid_grant ... ok
test owner_queue_delivery_barriers_survive_control_restore ... ok
test backup_restore_preserves_pause_silence_and_messages_but_revokes_grants ... ok

test result: ok. 11 passed; 0 failed; 0 ignored; 0 measured; 0 filtered out; finished in 0.22s

     Running tests/output.rs (target/debug/deps/output-6e0a106d5d0b7325)

running 10 tests
test opaque_shell_heavy_and_bad_identifiers_rejected ... ok
test agent_cannot_mint_execution_trust_and_git_helpers_are_unavailable ... ok
test masking_is_before_storage_and_cr_preserves_error ... ok
test typed_full_report_preserves_failed_counts_without_becoming_gate_evidence ... ok
test exact_trust_child_exit_and_reread_without_execution ... ok
test none_expiry_tamper_and_policy_change_cannot_restore_records ... ok
test diagnostic_extract_binds_original_source_and_rereads_without_execution ... ok
test nonzero_and_timeout_are_not_filter_success ... ok
test verbose_output_preserves_late_diagnostics_and_full_masked_denominator ... ok
test bounded_capture_retains_tail_and_original_record_positions ... ok

test result: ok. 10 passed; 0 failed; 0 ignored; 0 measured; 0 filtered out; finished in 1.23s

     Running tests/output_deadline.rs (target/debug/deps/output_deadline-9a5db5bcae11ac4f)

running 5 tests
test fifo_artifact_is_rejected_without_waiting_for_writer ... ok
test retention_expiry_is_distinct_from_request_expiry_and_never_rewrites_artifact ... ok
test expired_saved_queries_and_accounting_preserve_exact_artifact ... ok
test failed_accounting_under_contention_never_increments_observed_bytes ... ok
test saved_views_keep_unicode_and_original_budget_without_executing_or_mutating ... ok

test result: ok. 5 passed; 0 failed; 0 ignored; 0 measured; 0 filtered out; finished in 0.02s

     Running tests/output_delivery_observation.rs (target/debug/deps/output_delivery_observation-513791f406dd7de4)

running 2 tests
test successful_full_delivery_counts_exact_stdout_including_final_newline ... ok
test observed_live_pipe_write_keeps_delivery_success_after_original_budget_expires ... ok

test result: ok. 2 passed; 0 failed; 0 ignored; 0 measured; 0 filtered out; finished in 1.39s

     Running tests/pack.rs (target/debug/deps/pack-8d09189cdcc06191)

running 11 tests
test giant_item_and_total_budget_fail_without_plans_or_publication ... ok
test signatures_keep_notices_and_single_json_verifies ... ok
test forged_budgets_parts_and_json_complexity_are_rejected_before_load ... ok
test inspection_reapplies_source_artifact_policy_and_masks_untrusted_manifest ... ok
test legacy_plan_requires_replanning_but_legacy_artifact_remains_readable ... ok
test stale_source_policy_task_and_wrong_expected_hash_do_not_publish ... ok
test racing_artifact_parent_symlink_never_reads_outside_marker ... ok
test symlink_output_input_overlap_and_overwrite_are_denied ... ok
test integrity_tamper_missing_parts_and_missing_original_are_distinct ... ok
test immutable_plan_has_no_source_metadata_default_and_full_masks_preserves_license ... ok
test task_or_parser_revision_changes_make_current_source_pack_stale ... ok

test result: ok. 11 passed; 0 failed; 0 ignored; 0 measured; 0 filtered out; finished in 0.71s

     Running tests/parsers.rs (target/debug/deps/parsers-2fd9c38c5c974848)

running 15 tests
test eslint_count_drift_or_metadata_wrapper_is_partial ... ok
test malformed_complex_oversize_and_unknown_inputs_fail_safely ... ok
test native_complete_claim_is_never_gate_evidence ... ok
test git_log_selected_fields_and_diff_ranges_remain_review_only ... ok
test git_nul_status_preserves_rename_whitespace_and_conflicts ... ok
test duplicate_json_keys_never_override_failure_into_pass ... ok
test eslint_keeps_error_warning_fatal_ranges_and_distinct_files ... ok
test retries_prior_failures_and_suite_crash_are_preserved ... ok
test missing_final_and_unknown_assertions_are_partial ... ok
test native_zero_all_skipped_nonzero_and_exit_mismatch_cannot_pass ... ok
test test_report_counts_survive_but_retry_history_is_not_invented ... ok
test native_capture_timeout_or_missing_final_never_pass ... ok
test test_zero_all_skipped_and_observed_nonzero_never_pass ... ok
test typescript_diagnostics_keep_codes_locations_and_record_provenance ... ok
test diagnostic_limit_keeps_total_counts_and_masks_messages ... ok

test result: ok. 15 passed; 0 failed; 0 ignored; 0 measured; 0 filtered out; finished in 0.01s

     Running tests/policy_controls_cli.rs (target/debug/deps/policy_controls_cli-526f5c770024b1b9)

running 7 tests
test original_owner_only_release_and_stale_revision_never_mutates_policy ... ok
test legacy_owner_is_unknown_until_explicit_attestation_and_agent_run_cannot_claim_owner ... ok
test report_source_topics_require_explicit_coverage_and_unknown_sources_hold ... ok
test explicitly_authored_reporting_precedence_scope_and_revocation ... ok
test managed_source_topic_change_blocks_previously_allowed_report_and_ack ... ok
test reporting_exception_delivers_mailbox_only_and_revocation_blocks_ack ... ok
test reporting_pause_exception_expires_without_releasing_pause ... ok

test result: ok. 7 passed; 0 failed; 0 ignored; 0 measured; 0 filtered out; finished in 3.15s

     Running tests/project_deadline.rs (target/debug/deps/project_deadline-f7e8b9d913251d84)

running 14 tests
test deadline_project_loading_child_entry ... ok
test query_supervisor_rejects_mutation_before_spawn ... ok
test expired_loading_and_detection_do_not_touch_nonexistent_project ... ok
test expired_connection_does_not_even_create_initialization_lock ... ok
test actual_registered_project_loading_and_ancestor_discovery_keep_same_deadline ... ok
test connection_initialization_wait_respects_remaining_request_not_five_seconds ... ok
test busy_sqlite_read_is_bounded_by_remaining_request ... ok
test successive_database_connections_share_the_original_request_budget ... ok
test query_program_resolution_uses_captured_command_path ... ok
test relative_query_path_uses_child_cwd_and_skips_non_executable_path_entry ... FAILED
test concurrent_query_startup_preserves_group_streams_and_original_one_second_budget ... FAILED
test simultaneous_streams_are_collected_and_overflow_never_infers_success ... FAILED
test query_cannot_succeed_with_live_descendant_that_closed_both_streams ... ok
test query_deadline_includes_inherited_pipe_eof_after_root_exit ... ok

failures:

---- relative_query_path_uses_child_cwd_and_skips_non_executable_path_entry stdout ----

thread 'relative_query_path_uses_child_cwd_and_skips_non_executable_path_entry' (7870048) panicked at tests/project_deadline.rs:546:9:
Relative PATH query failed; evidence=/var/folders/dh/vzwzck1n4rx_bntdyff83ssc0000gp/T/.tmpuVFymW

---- concurrent_query_startup_preserves_group_streams_and_original_one_second_budget stdout ----

thread '<unnamed>' (7870038) panicked at tests/project_deadline.rs:584:26:
called `Result::unwrap()` on an `Err` value: Error { code: "TIMEOUT", message: "Request deadline expired (phase=wait_next_observation, elapsed_ms=999, spawn_ms=1, iterations=165, stdout_eof=false, stderr_eof=false, stdout_bytes=0, stderr_bytes=0, root_exit_observed=false, waitid_signo=0, waitid_code=0, group_probes=0, group_has_others=None, root_pid=85282, native_child=Some(\"status=2,flags=20987920,pgid_matches=true,ppid_matches=true,start_sec=1791456345,start_usec=76380,threads=1,running=0,cpu_user=0,cpu_system=1007,mach_calls=0,unix_calls=0,context_switches=2\"))", retryable: false, exit: 7 }
note: run with `RUST_BACKTRACE=1` environment variable to display a backtrace

thread '<unnamed>' (7870044) panicked at tests/project_deadline.rs:584:26:
called `Result::unwrap()` on an `Err` value: Error { code: "TIMEOUT", message: "Request deadline expired (phase=wait_next_observation, elapsed_ms=999, spawn_ms=1, iterations=166, stdout_eof=false, stderr_eof=false, stdout_bytes=0, stderr_bytes=0, root_exit_observed=false, waitid_signo=0, waitid_code=0, group_probes=0, group_has_others=None, root_pid=85286, native_child=Some(\"status=2,flags=20987920,pgid_matches=true,ppid_matches=true,start_sec=1791456345,start_usec=76429,threads=1,running=0,cpu_user=0,cpu_system=531,mach_calls=0,unix_calls=0,context_switches=1\"))", retryable: false, exit: 7 }

thread '<unnamed>' (7870043) panicked at tests/project_deadline.rs:584:26:
called `Result::unwrap()` on an `Err` value: Error { code: "TIMEOUT", message: "Request deadline expired (phase=wait_next_observation, elapsed_ms=999, spawn_ms=1, iterations=164, stdout_eof=false, stderr_eof=false, stdout_bytes=0, stderr_bytes=0, root_exit_observed=false, waitid_signo=0, waitid_code=0, group_probes=0, group_has_others=None, root_pid=85277, native_child=Some(\"status=2,flags=20987920,pgid_matches=true,ppid_matches=true,start_sec=1791456345,start_usec=76230,threads=1,running=0,cpu_user=0,cpu_system=638,mach_calls=0,unix_calls=0,context_switches=2\"))", retryable: false, exit: 7 }

thread '<unnamed>' (7870039) panicked at tests/project_deadline.rs:584:26:
called `Result::unwrap()` on an `Err` value: Error { code: "TIMEOUT", message: "Request deadline expired (phase=wait_next_observation, elapsed_ms=999, spawn_ms=1, iterations=163, stdout_eof=false, stderr_eof=false, stdout_bytes=0, stderr_bytes=0, root_exit_observed=false, waitid_signo=0, waitid_code=0, group_probes=0, group_has_others=None, root_pid=85280, native_child=Some(\"status=2,flags=20987920,pgid_matches=true,ppid_matches=true,start_sec=1791456345,start_usec=76300,threads=1,running=0,cpu_user=0,cpu_system=1050,mach_calls=0,unix_calls=0,context_switches=1\"))", retryable: false, exit: 7 }

thread '<unnamed>' (7870041) panicked at tests/project_deadline.rs:584:26:
called `Result::unwrap()` on an `Err` value: Error { code: "TIMEOUT", message: "Request deadline expired (phase=wait_next_observation, elapsed_ms=999, spawn_ms=1, iterations=164, stdout_eof=false, stderr_eof=false, stdout_bytes=0, stderr_bytes=0, root_exit_observed=false, waitid_signo=0, waitid_code=0, group_probes=0, group_has_others=None, root_pid=85283, native_child=Some(\"status=2,flags=20987920,pgid_matches=true,ppid_matches=true,start_sec=1791456345,start_usec=76389,threads=1,running=0,cpu_user=0,cpu_system=812,mach_calls=0,unix_calls=0,context_switches=2\"))", retryable: false, exit: 7 }

thread 'concurrent_query_startup_preserves_group_streams_and_original_one_second_budget' (7870028) panicked at tests/project_deadline.rs:593:27:
called `Result::unwrap()` on an `Err` value: Any { .. }

---- simultaneous_streams_are_collected_and_overflow_never_infers_success stdout ----

thread 'simultaneous_streams_are_collected_and_overflow_never_infers_success' (7870072) panicked at tests/project_deadline.rs:440:13:
Simple builtin query failed; evidence at /tmp/pctx-query-eof-failure-yDoO9H: {"diagnostic":"Request deadline expired (phase=wait_next_observation, elapsed_ms=1001, spawn_ms=0, iterations=164, stdout_eof=false, stderr_eof=false, stdout_bytes=0, stderr_bytes=0, root_exit_observed=false, waitid_signo=0, waitid_code=0, group_probes=0, group_has_others=None, root_pid=85288, native_child=Some(\"status=2,flags=20987920,pgid_matches=true,ppid_matches=true,start_sec=1791456345,start_usec=79295,threads=1,running=0,cpu_user=0,cpu_system=341,mach_calls=0,unix_calls=0,context_switches=2\"))","error_code":"TIMEOUT","root_exiting":false,"root_started":false}


failures:
    concurrent_query_startup_preserves_group_streams_and_original_one_second_budget
    relative_query_path_uses_child_cwd_and_skips_non_executable_path_entry
    simultaneous_streams_are_collected_and_overflow_never_infers_success

test result: FAILED. 11 passed; 3 failed; 0 ignored; 0 measured; 0 filtered out; finished in 3.01s

error: test failed, to rerun pass `--test project_deadline`
