   Compiling pctx v0.1.0-dev (/Users/dev/PCTX)
    Finished `test` profile [unoptimized + debuginfo] target(s) in 1.51s
     Running tests/inventory_preflight.rs (target/debug/deps/inventory_preflight-07a39eacf3239e33)

running 4 tests
test expired_scan_limits_keep_original_timeout_priority ... FAILED
test direct_inventory_paths_precede_root_checks_and_preserve_original_expiry ... FAILED
test lexical_inventory_arguments_precede_project_and_response_effects ... FAILED
test accepted_inventory_paths_preserve_profile_audit_scan_and_policy_contracts ... FAILED

failures:

---- expired_scan_limits_keep_original_timeout_priority stdout ----

thread 'expired_scan_limits_keep_original_timeout_priority' (8727716) panicked at tests/inventory_preflight.rs:125:13:
assertion `left == right` failed
  left: "INVALID_ARGUMENT"
 right: "TIMEOUT"
note: run with `RUST_BACKTRACE=1` environment variable to display a backtrace

---- direct_inventory_paths_precede_root_checks_and_preserve_original_expiry stdout ----

thread 'direct_inventory_paths_precede_root_checks_and_preserve_original_expiry' (8727715) panicked at tests/inventory_preflight.rs:97:13:
assertion `left == right` failed
  left: ("POLICY_DENIED", 5)
 right: ("PATH_OUTSIDE_ROOT", 5)

---- lexical_inventory_arguments_precede_project_and_response_effects stdout ----

thread 'lexical_inventory_arguments_precede_project_and_response_effects' (8727717) panicked at tests/inventory_preflight.rs:70:21:
assertion `left == right` failed: ["inventory", "profile", "--path", ""]: Output { status: ExitStatus(unix_wait_status(512)), stdout: "{\"command\":\"arguments\",\"coverage\":{\"reasons\":[],\"status\":\"complete\"},\"data\":null,\"errors\":[{\"code\":\"INVALID_ARGUMENT\",\"message\":\"Invalid command or option; see pctx --help\",\"retryable\":false}],\"generation_id\":null,\"project_id\":null,\"schema_version\":\"1.0\",\"status\":\"error\",\"truncation\":{\"reasons\":[],\"truncated\":false},\"validation\":{\"checked_at\":\"2026-10-08T20:11:02.709Z\",\"mode\":\"matched\",\"scope\":[],\"workspace_atomic\":false},\"warnings\":[],\"workspace_id\":null}\n", stderr: "" }
  left: Some(2)
 right: Some(5)

---- accepted_inventory_paths_preserve_profile_audit_scan_and_policy_contracts stdout ----

thread 'accepted_inventory_paths_preserve_profile_audit_scan_and_policy_contracts' (8727714) panicked at tests/inventory_preflight.rs:165:9:
assertion failed: !value["project_id"].is_null()


failures:
    accepted_inventory_paths_preserve_profile_audit_scan_and_policy_contracts
    direct_inventory_paths_precede_root_checks_and_preserve_original_expiry
    expired_scan_limits_keep_original_timeout_priority
    lexical_inventory_arguments_precede_project_and_response_effects

test result: FAILED. 0 passed; 4 failed; 0 ignored; 0 measured; 0 filtered out; finished in 0.86s

error: test failed, to rerun pass `--test inventory_preflight`
error: 1 target failed:
    `--test inventory_preflight`
