   Compiling pctx v0.1.0-dev (/Users/dev/PCTX)
    Finished `test` profile [unoptimized + debuginfo] target(s) in 0.86s
     Running tests/caller_input_contract.rs (target/debug/deps/caller_input_contract-08b980fca1808cc1)

running 11 tests
test handoff_metadata_syntax_is_distinct_from_permitted_raw_body_and_unvalidated_shape ... ok

thread 'filter_manifest_refusals_precede_reports_and_external_pack_syntax_is_input_two' (9180418) panicked at tests/caller_input_contract.rs:225:5:
assertion `left == right` failed: Output { status: ExitStatus(unix_wait_status(1280)), stdout: "{\"command\":\"pack\",\"coverage\":{\"reasons\":[\"PATH_OUTSIDE_ROOT\"],\"status\":\"partial\"},\"data\":null,\"errors\":[{\"code\":\"PATH_OUTSIDE_ROOT\",\"message\":\"Invalid relative path\",\"retryable\":false}],\"generation_id\":null,\"project_id\":null,\"schema_version\":\"1.0\",\"status\":\"error\",\"truncation\":{\"reasons\":[],\"truncated\":false},\"validation\":{\"checked_at\":\"2026-10-09T00:50:16.227Z\",\"mode\":\"matched\",\"scope\":[],\"workspace_atomic\":false},\"warnings\":[],\"workspace_id\":null}\n", stderr: "" }
  left: Some(5)
 right: Some(2)
note: run with `RUST_BACKTRACE=1` environment variable to display a backtrace
test filter_manifest_refusals_precede_reports_and_external_pack_syntax_is_input_two ... FAILED
test caller_owner_and_task_revision_priorities_do_not_become_universal_input_first ... ok
test exact_file_caps_reach_json_decoder_and_overflow_preserves_existing_input_errors ... ok
test authored_inventory_profile_and_registry_refuse_schema_before_publication ... ok
test statusline_shape_and_version_refusals_precede_session_binding ... ok
test quota_batch_schema_and_restore_identity_refusals_are_safe_input_errors ... ok
test hook_required_shapes_and_unsupported_protocol_keep_distinct_refusals ... ok
Caller syntax/shape native combinations:80
test caller_json_syntax_and_typed_shape_are_input_two_and_preserve_prepared_state ... ok
Authored Task/Schedule schema native combinations:72
test authored_task_and_schedule_schema_refusals_preserve_prepared_state ... ok
Operations raw/sanitized native combinations:100; cap20; owner2
test operations_raw_and_sanitized_consumers_reject_bad_json_before_effects ... ok

failures:

failures:
    filter_manifest_refusals_precede_reports_and_external_pack_syntax_is_input_two

test result: FAILED. 10 passed; 1 failed; 0 ignored; 0 measured; 0 filtered out; finished in 2.29s

error: test failed, to rerun pass `--test caller_input_contract`
