Linux
aarch64
7.0.12-linuxkit
PRETTY_NAME="Ubuntu 24.04.4 LTS"
NAME="Ubuntu"
VERSION_ID="24.04"
VERSION="24.04.4 LTS (Noble Numbat)"
VERSION_CODENAME=noble
ID=ubuntu
ID_LIKE=debian
HOME_URL="https://www.ubuntu.com/"
SUPPORT_URL="https://help.ubuntu.com/"
BUG_REPORT_URL="https://bugs.launchpad.net/ubuntu/"
PRIVACY_POLICY_URL="https://www.ubuntu.com/legal/terms-and-policies/privacy-policy"
UBUNTU_CODENAME=noble
LOGO=ubuntu-logo
rustc 1.99.0 (b940084d7 2026-09-28)
cargo 1.99.0 (5f94df478 2026-08-27)
cc (Ubuntu 13.3.0-6ubuntu2~24.04.1) 13.3.0
git version 2.55.0
