error: no test target named `policy_controls` in default-run packages
help: available test targets:
    adapter
    adapter_deadline
    adapter_deadline_cli
    argument_preflight
    argument_preflight_cli
    atomic_publication
    broker
    checkpoint_preflight
    cli_contract
    cli_delivery
    cli_frontend
    cli_run_exit
    concurrency
    context_adaptive
    context_delivery_barriers
    context_delivery_selection
    context_input_deadline
    context_preflight
    control_preflight
    core_security
    delivery_isolation
    derived_query_deadline
    filter_deadline
    filter_deadline_cli
    filters
    graph
    handoff_preflight
    inventory
    inventory_deadline
    inventory_deadline_cli
    operations
    output
    output_deadline
    output_delivery_observation
    pack
    pack_preflight
    parsers
    policy_controls_cli
    project_deadline
    project_documents
    query_deadline_cli
    query_filter_guard
    quota
    reader_deadline
    reader_policy_cache
    render
    repo_preflight
    runner
    runner_read_deadline
    runner_spawn_binding
    schedule
    schedule_deadline
    schedule_deadline_cli
    search
    session
    session_render_budget
    source_delivery
    storage_deadline
    task_input_source
    watch
    windows_guardian
    windows_process
    work_control
    work_quota_deadline
