   Compiling pctx v0.1.0-dev (/Users/dev/PCTX)
    Finished `test` profile [unoptimized + debuginfo] target(s) in 0.86s
     Running tests/adapter_errors.rs (target/debug/deps/adapter_errors-c6d5fa4673ac7e39)

running 10 tests
test checksum_matched_persisted_adapter_plan_corruption_is_not_caller_input ... FAILED
test direct_adapter_plan_input_source_and_binding_are_distinct ... ok
test direct_adapter_receipt_conflicts_and_reconciliation_retain_nine ... ok
test direct_adapter_schema_and_ownership_integrity_are_storage_seven ... ok
test direct_adapter_corrupt_persisted_json_and_shapes_are_storage_errors ... ok
test native_adapter_symlink_refusal_is_access_five ... ok
test native_adapter_hook_error_and_io_keep_envelope_and_state ... ok
test native_adapter_owner_refusal_is_policy_five_in_both_formats ... ok
test native_adapter_unsupported_protocol_is_capability_six ... ok
test native_adapter_input_cap_and_configuration_shape_are_input_two ... ok

failures:

---- checksum_matched_persisted_adapter_plan_corruption_is_not_caller_input stdout ----

thread 'checksum_matched_persisted_adapter_plan_corruption_is_not_caller_input' (9106213) panicked at tests/adapter_errors.rs:563:9:
assertion `left == right` failed
  left: ({"": None}, {"": None, "control": None, "control/adapter-plans": None, "control/adapter-plans/c8ced2d5e2a1f8c11fdd4c6cf4a15c99e3828679a695e54dd2e6c69dc5f8eb7f.json": Some([123, 34, 115, 99, 104, 101, 109, 97, 34, 58, 49, 44, 34, 112, 114, 111, 106, 101, 99, 116, 34, 58, 34, 102, 105, 120, 116, 117, 114, 101, 34, 44, 34, 119, 111, 114, 107, 115, 112, 97, 99, 101, 34, 58, 34, 119, 111, 114, 107, 115, 112, 97, 99, 101, 34, 44, 34, 97, 103, 101, 110, 116, 34, 58, 34, 102, 105, 120, 116, 117, 114, 101, 34, 44, 34, 99, 111, 110, 102, 105, 103, 95, 104, 97, 115, 104, 34, 58, 34, 101, 51, 98, 48, 99, 52, 52, 50, 57, 56, 102, 99, 49, 99, 49, 52, 57, 97, 102, 98, 102, 52, 99, 56, 57, 57, 54, 102, 98, 57, 50, 52, 50, 55, 97, 101, 52, 49, 101, 52, 54, 52, 57, 98, 57, 51, 52, 99, 97, 52, 57, 53, 57, 57, 49, 98, 55, 56, 53, 50, 98, 56, 53, 53, 34, 44, 34, 97, 100, 100, 105, 116, 105, 111, 110, 115, 34, 58, 123, 34, 80, 114, 101, 67, 111, 109, 112, 97, 99, 116, 34, 58, 91, 123, 34, 104, 111, 111, 107, 115, 34, 58, 91, 123, 34, 99, 111, 109, 109, 97, 110, 100, 34, 58, 34, 112, 99, 116, 120, 32, 97, 100, 97, 112, 116, 101, 114, 32, 99, 108, 97, 117, 100, 101, 32, 101, 118, 101, 110, 116, 32, 45, 45, 104, 111, 111, 107, 32, 45, 45, 97, 103, 101, 110, 116, 32, 39, 102, 105, 120, 116, 117, 114, 101, 39, 34, 44, 34, 116, 105, 109, 101, 111, 117, 116, 34, 58, 53, 44, 34, 116, 121, 112, 101, 34, 58, 34, 99, 111, 109, 109, 97, 110, 100, 34, 125, 93, 125, 93, 44, 34, 80, 114, 101, 84, 111, 111, 108, 85, 115, 101, 34, 58, 91, 123, 34, 104, 111, 111, 107, 115, 34, 58, 91, 123, 34, 99, 111, 109, 109, 97, 110, 100, 34, 58, 34, 112, 99, 116, 120, 32, 97, 100, 97, 112, 116, 101, 114, 32, 99, 108, 97, 117, 100, 101, 32, 101, 118, 101, 110, 116, 32, 45, 45, 104, 111, 111, 107, 32, 45, 45, 97, 103, 101, 110, 116, 32, 39, 102, 105, 120, 116, 117, 114, 101, 39, 34, 44, 34, 116, 105, 109, 101, 111, 117, 116, 34, 58, 53, 44, 34, 116, 121, 112, 101, 34, 58, 34, 99, 111, 109, 109, 97, 110, 100, 34, 125, 93, 125, 93, 44, 34, 83, 101, 115, 115, 105, 111, 110, 69, 110, 100, 34, 58, 91, 123, 34, 104, 111, 111, 107, 115, 34, 58, 91, 123, 34, 99, 111, 109, 109, 97, 110, 100, 34, 58, 34, 112, 99, 116, 120, 32, 97, 100, 97, 112, 116, 101, 114, 32, 99, 108, 97, 117, 100, 101, 32, 101, 118, 101, 110, 116, 32, 45, 45, 104, 111, 111, 107, 32, 45, 45, 97, 103, 101, 110, 116, 32, 39, 102, 105, 120, 116, 117, 114, 101, 39, 34, 44, 34, 116, 105, 109, 101, 111, 117, 116, 34, 58, 53, 44, 34, 116, 121, 112, 101, 34, 58, 34, 99, 111, 109, 109, 97, 110, 100, 34, 125, 93, 125, 93, 44, 34, 83, 101, 115, 115, 105, 111, 110, 83, 116, 97, 114, 116, 34, 58, 91, 123, 34, 104, 111, 111, 107, 115, 34, 58, 91, 123, 34, 99, 111, 109, 109, 97, 110, 100, 34, 58, 34, 112, 99, 116, 120, 32, 97, 100, 97, 112, 116, 101, 114, 32, 99, 108, 97, 117, 100, 101, 32, 101, 118, 101, 110, 116, 32, 45, 45, 104, 111, 111, 107, 32, 45, 45, 97, 103, 101, 110, 116, 32, 39, 102, 105, 120, 116, 117, 114, 101, 39, 34, 44, 34, 116, 105, 109, 101, 111, 117, 116, 34, 58, 53, 44, 34, 116, 121, 112, 101, 34, 58, 34, 99, 111, 109, 109, 97, 110, 100, 34, 125, 93, 125, 93, 125, 125]), "control/adapter-plans/fc14566bf21302ecc9a8995af0e29a24d504f1e5ea193d52eb586b4475a313dc.json": Some([123, 80, 67, 84, 88, 95, 83, 84, 79, 82, 69, 68, 95, 83, 69, 78, 84, 73, 78, 69, 76]), "control/adapter.lock": Some([])})
 right: ({"": None}, {"": None, "control": None, "control/adapter-plans": None, "control/adapter-plans/c8ced2d5e2a1f8c11fdd4c6cf4a15c99e3828679a695e54dd2e6c69dc5f8eb7f.json": Some([123, 34, 115, 99, 104, 101, 109, 97, 34, 58, 49, 44, 34, 112, 114, 111, 106, 101, 99, 116, 34, 58, 34, 102, 105, 120, 116, 117, 114, 101, 34, 44, 34, 119, 111, 114, 107, 115, 112, 97, 99, 101, 34, 58, 34, 119, 111, 114, 107, 115, 112, 97, 99, 101, 34, 44, 34, 97, 103, 101, 110, 116, 34, 58, 34, 102, 105, 120, 116, 117, 114, 101, 34, 44, 34, 99, 111, 110, 102, 105, 103, 95, 104, 97, 115, 104, 34, 58, 34, 101, 51, 98, 48, 99, 52, 52, 50, 57, 56, 102, 99, 49, 99, 49, 52, 57, 97, 102, 98, 102, 52, 99, 56, 57, 57, 54, 102, 98, 57, 50, 52, 50, 55, 97, 101, 52, 49, 101, 52, 54, 52, 57, 98, 57, 51, 52, 99, 97, 52, 57, 53, 57, 57, 49, 98, 55, 56, 53, 50, 98, 56, 53, 53, 34, 44, 34, 97, 100, 100, 105, 116, 105, 111, 110, 115, 34, 58, 123, 34, 80, 114, 101, 67, 111, 109, 112, 97, 99, 116, 34, 58, 91, 123, 34, 104, 111, 111, 107, 115, 34, 58, 91, 123, 34, 99, 111, 109, 109, 97, 110, 100, 34, 58, 34, 112, 99, 116, 120, 32, 97, 100, 97, 112, 116, 101, 114, 32, 99, 108, 97, 117, 100, 101, 32, 101, 118, 101, 110, 116, 32, 45, 45, 104, 111, 111, 107, 32, 45, 45, 97, 103, 101, 110, 116, 32, 39, 102, 105, 120, 116, 117, 114, 101, 39, 34, 44, 34, 116, 105, 109, 101, 111, 117, 116, 34, 58, 53, 44, 34, 116, 121, 112, 101, 34, 58, 34, 99, 111, 109, 109, 97, 110, 100, 34, 125, 93, 125, 93, 44, 34, 80, 114, 101, 84, 111, 111, 108, 85, 115, 101, 34, 58, 91, 123, 34, 104, 111, 111, 107, 115, 34, 58, 91, 123, 34, 99, 111, 109, 109, 97, 110, 100, 34, 58, 34, 112, 99, 116, 120, 32, 97, 100, 97, 112, 116, 101, 114, 32, 99, 108, 97, 117, 100, 101, 32, 101, 118, 101, 110, 116, 32, 45, 45, 104, 111, 111, 107, 32, 45, 45, 97, 103, 101, 110, 116, 32, 39, 102, 105, 120, 116, 117, 114, 101, 39, 34, 44, 34, 116, 105, 109, 101, 111, 117, 116, 34, 58, 53, 44, 34, 116, 121, 112, 101, 34, 58, 34, 99, 111, 109, 109, 97, 110, 100, 34, 125, 93, 125, 93, 44, 34, 83, 101, 115, 115, 105, 111, 110, 69, 110, 100, 34, 58, 91, 123, 34, 104, 111, 111, 107, 115, 34, 58, 91, 123, 34, 99, 111, 109, 109, 97, 110, 100, 34, 58, 34, 112, 99, 116, 120, 32, 97, 100, 97, 112, 116, 101, 114, 32, 99, 108, 97, 117, 100, 101, 32, 101, 118, 101, 110, 116, 32, 45, 45, 104, 111, 111, 107, 32, 45, 45, 97, 103, 101, 110, 116, 32, 39, 102, 105, 120, 116, 117, 114, 101, 39, 34, 44, 34, 116, 105, 109, 101, 111, 117, 116, 34, 58, 53, 44, 34, 116, 121, 112, 101, 34, 58, 34, 99, 111, 109, 109, 97, 110, 100, 34, 125, 93, 125, 93, 44, 34, 83, 101, 115, 115, 105, 111, 110, 83, 116, 97, 114, 116, 34, 58, 91, 123, 34, 104, 111, 111, 107, 115, 34, 58, 91, 123, 34, 99, 111, 109, 109, 97, 110, 100, 34, 58, 34, 112, 99, 116, 120, 32, 97, 100, 97, 112, 116, 101, 114, 32, 99, 108, 97, 117, 100, 101, 32, 101, 118, 101, 110, 116, 32, 45, 45, 104, 111, 111, 107, 32, 45, 45, 97, 103, 101, 110, 116, 32, 39, 102, 105, 120, 116, 117, 114, 101, 39, 34, 44, 34, 116, 105, 109, 101, 111, 117, 116, 34, 58, 53, 44, 34, 116, 121, 112, 101, 34, 58, 34, 99, 111, 109, 109, 97, 110, 100, 34, 125, 93, 125, 93, 125, 125]), "control/adapter-plans/fc14566bf21302ecc9a8995af0e29a24d504f1e5ea193d52eb586b4475a313dc.json": Some([123, 80, 67, 84, 88, 95, 83, 84, 79, 82, 69, 68, 95, 83, 69, 78, 84, 73, 78, 69, 76])})
note: run with `RUST_BACKTRACE=1` environment variable to display a backtrace


failures:
    checksum_matched_persisted_adapter_plan_corruption_is_not_caller_input

test result: FAILED. 9 passed; 1 failed; 0 ignored; 0 measured; 0 filtered out; finished in 0.75s

error: test failed, to rerun pass `--test adapter_errors`
     Running tests/persisted_error_contract.rs (target/debug/deps/persisted_error_contract-257962e0e1215410)

running 21 tests
test caller_json_syntax_remains_input_error_without_storage_effects ... ok
test corrupted_activity_syntax_is_storage_failure_on_every_existing_transport ... ok
test grouped_paired_index_cache_checkpoint_get_and_registry_shape_decoders ... FAILED
test grouped_decision_payloads_preserve_caller_errors_and_safe_storage_refusal ... ok
test grouped_index_metadata_and_checksum_matched_checkpoint_json_are_storage_errors ... ok
test grouped_broker_saved_snapshot_preserves_parser_priority ... ok
test grouped_job_and_helper_consumers_refuse_corrupt_metadata_without_releasing_slots ... ok
test grouped_private_execution_trust_refuses_corruption_before_spawn ... ok
test grouped_registry_pack_output_and_helper_metadata_refuse_without_publication ... ok
test grouped_quota_observation_syntax_and_shape_are_storage_errors ... ok
test grouped_context_selection_and_capsule_keep_identity_conflict_before_storage_decode ... ok
test grouped_message_queue_payloads_and_receipts_keep_recipient_and_replay_priority ... ok
test grouped_quota_receipt_and_prior_observation_decoders_preserve_conflict ... ok
test grouped_private_credentials_keep_missing_mismatch_and_revoked_priority ... ok
test stored_create_receipt_preserves_replay_conflict_and_original_expiry ... ok
test grouped_runner_trust_and_task_decode_do_not_mask_storage_failure_as_owner_permission ... ok
test grouped_schedule_stored_definition_and_receipt_preserve_replay_conflict ... ok
test stored_report_receipt_preserves_exact_replay_before_lease_and_hash_conflict_before_decode ... ok
test stored_task_fields_refuse_corruption_without_mutating_or_changing_input_errors ... ok
test valid_stored_json_values_and_later_page_failure_preserve_events_and_cursors ... ok
test busy_admission_is_retryable_but_original_request_expiry_is_not ... ok

failures:

---- grouped_paired_index_cache_checkpoint_get_and_registry_shape_decoders stdout ----

thread 'grouped_paired_index_cache_checkpoint_get_and_registry_shape_decoders' (9106277) panicked at tests/persisted_error_contract.rs:430:13:
["index", "update"] changed prepared paths: ["workspaces/WS-641497fa-36a1-4963-b688-a549e6444ba5/index.sqlite3"]
note: run with `RUST_BACKTRACE=1` environment variable to display a backtrace


failures:
    grouped_paired_index_cache_checkpoint_get_and_registry_shape_decoders

test result: FAILED. 20 passed; 1 failed; 0 ignored; 0 measured; 0 filtered out; finished in 10.30s

error: test failed, to rerun pass `--test persisted_error_contract`
error: 2 targets failed:
    `--test adapter_errors`
    `--test persisted_error_contract`
