   Compiling pctx v0.1.0-dev (/Users/dev/PCTX)
    Finished `test` profile [unoptimized + debuginfo] target(s) in 1.14s
     Running tests/control_preflight.rs (target/debug/deps/control_preflight-1104ac0ed832cb66)

running 12 tests
test direct_producers_refuse_before_database_and_preserve_original_expiry ... ok
test runner_direct_pure_refusal_preserves_storage_and_original_expiry ... ok
test runner_valid_boundaries_preserve_existing_non_owner_policy ... ok
test role_pure_arguments_precede_project_and_response_effects ... ok
test valid_control_arguments_reach_existing_authorization_and_state_flows ... ok
test valid_grammar_does_not_bypass_non_owner_authority ... ok
test schedule_pure_arguments_precede_project_and_response_effects ... ok
test session_pure_arguments_precede_project_and_response_effects ... ok
test runner_pure_arguments_precede_project_and_response_effects ... ok
test quota_pure_arguments_precede_project_and_response_effects ... ok
test work_pure_arguments_precede_project_and_response_effects ... ok
test malformed_reviewed_schedule_provider_refuses_without_panic_or_installation ... ok

test result: ok. 12 passed; 0 failed; 0 ignored; 0 measured; 0 filtered out; finished in 2.24s

     Running tests/query_deadline_cli.rs (target/debug/deps/query_deadline_cli-91fccc6ca25b7a4f)

running 9 tests
test invalid_or_inapplicable_timeout_has_no_project_effects ... ok
test runner_and_trust_read_budgets_validate_before_discovery ... ok
test resource_and_trust_plans_return_complete_envelopes_without_launching ... ok
test finite_saved_routes_accept_timeout_and_reject_zero_before_project_effects ... ok
test strict_find_waits_only_remaining_budget_and_preserves_active_generation ... ok
test doctor_contention_reports_timeout_with_original_budget_and_unchanged_database ... ok
test finite_ndjson_contention_preserves_error_code_without_creating_events ... ok
test saved_cli_reread_never_reruns_and_failed_metering_preserves_delivery_truth ... ok
test work_and_quota_reads_accept_request_budget_and_preserve_state_under_contention ... ok

test result: ok. 9 passed; 0 failed; 0 ignored; 0 measured; 0 filtered out; finished in 0.95s

