error[E0599]: no method named `birthtime` found for struct `Metadata` in the current scope
  --> docs/implementation/evidence/pctx01-startup-counterbalanced.rs.txt:38:845
   |
38 | ...:{}}}",worker%4,path.to_str().unwrap(),md.dev(),md.ino(),md.birthtime(),md.birthtime_nsec(),observed_code.map_or("null".into(),|x...
   |                                                                ^^^^^^^^^
   |
help: there is a method `created` with a similar name
   |
38 -    println!("{{\"worker\":{worker},\"order_row\":{},\"position\":{position},\"repetition\":{repetition},\"cell\":{cell},\"fresh\":{fresh},\"group\":{group},\"cold_path\":{cold},\"path\":{:?},\"dev\":{},\"inode\":{},\"creation_sec\":{},\"creation_nsec\":{},\"pid\":{pid},\"start_wall_ms\":{start_wall},\"spawn_us\":{spawn_us},\"observation_us\":{observation_us},\"expired\":{expired},\"ok\":{ok},\"pre_cancel_stdout_bytes\":{pre_out},\"pre_cancel_stderr_bytes\":{pre_err},\"pre_cancel_stdout_eof\":{pre_oe},\"pre_cancel_stderr_eof\":{pre_ee},\"observed_code\":{},\"observed_signal\":{},\"cancel_target\":{},\"kill_rc\":{},\"kill_errno\":{},\"reaped_code\":{},\"reaped_signal\":{},\"reap_us\":{reap_us},\"cleanup_us\":{cleanup_us},\"stdout_bytes\":{},\"stderr_bytes\":{},\"end_wall_ms\":{}}}",worker%4,path.to_str().unwrap(),md.dev(),md.ino(),md.birthtime(),md.birthtime_nsec(),observed_code.map_or("null".into(),|x|x.to_string()),observed_signal.map_or("null".into(),|x|x.to_string()),if expired{(if group{-(pid as i32)}else{pid as i32}).to_string()}else{"null".into()},kill_rc.map_or("null".into(),|x|x.to_string()),kill_errno.map_or("null".into(),|x|x.to_string()),status.code().map_or("null".into(),|x|x.to_string()),status.signal().map_or("null".into(),|x|x.to_string()),stdout.len(),stderr.len(),millis());
38 +    println!("{{\"worker\":{worker},\"order_row\":{},\"position\":{position},\"repetition\":{repetition},\"cell\":{cell},\"fresh\":{fresh},\"group\":{group},\"cold_path\":{cold},\"path\":{:?},\"dev\":{},\"inode\":{},\"creation_sec\":{},\"creation_nsec\":{},\"pid\":{pid},\"start_wall_ms\":{start_wall},\"spawn_us\":{spawn_us},\"observation_us\":{observation_us},\"expired\":{expired},\"ok\":{ok},\"pre_cancel_stdout_bytes\":{pre_out},\"pre_cancel_stderr_bytes\":{pre_err},\"pre_cancel_stdout_eof\":{pre_oe},\"pre_cancel_stderr_eof\":{pre_ee},\"observed_code\":{},\"observed_signal\":{},\"cancel_target\":{},\"kill_rc\":{},\"kill_errno\":{},\"reaped_code\":{},\"reaped_signal\":{},\"reap_us\":{reap_us},\"cleanup_us\":{cleanup_us},\"stdout_bytes\":{},\"stderr_bytes\":{},\"end_wall_ms\":{}}}",worker%4,path.to_str().unwrap(),md.dev(),md.ino(),md.created(),md.birthtime_nsec(),observed_code.map_or("null".into(),|x|x.to_string()),observed_signal.map_or("null".into(),|x|x.to_string()),if expired{(if group{-(pid as i32)}else{pid as i32}).to_string()}else{"null".into()},kill_rc.map_or("null".into(),|x|x.to_string()),kill_errno.map_or("null".into(),|x|x.to_string()),status.code().map_or("null".into(),|x|x.to_string()),status.signal().map_or("null".into(),|x|x.to_string()),stdout.len(),stderr.len(),millis());
   |

error[E0599]: no method named `birthtime_nsec` found for struct `Metadata` in the current scope
  --> docs/implementation/evidence/pctx01-startup-counterbalanced.rs.txt:38:860
   |
38 | ...th.to_str().unwrap(),md.dev(),md.ino(),md.birthtime(),md.birthtime_nsec(),observed_code.map_or("null".into(),|x|x.to_string()),ob...
   |                                                             ^^^^^^^^^^^^^^
   |
help: there is a method `st_birthtime_nsec` with a similar name
   |
38 |    println!("{{\"worker\":{worker},\"order_row\":{},\"position\":{position},\"repetition\":{repetition},\"cell\":{cell},\"fresh\":{fresh},\"group\":{group},\"cold_path\":{cold},\"path\":{:?},\"dev\":{},\"inode\":{},\"creation_sec\":{},\"creation_nsec\":{},\"pid\":{pid},\"start_wall_ms\":{start_wall},\"spawn_us\":{spawn_us},\"observation_us\":{observation_us},\"expired\":{expired},\"ok\":{ok},\"pre_cancel_stdout_bytes\":{pre_out},\"pre_cancel_stderr_bytes\":{pre_err},\"pre_cancel_stdout_eof\":{pre_oe},\"pre_cancel_stderr_eof\":{pre_ee},\"observed_code\":{},\"observed_signal\":{},\"cancel_target\":{},\"kill_rc\":{},\"kill_errno\":{},\"reaped_code\":{},\"reaped_signal\":{},\"reap_us\":{reap_us},\"cleanup_us\":{cleanup_us},\"stdout_bytes\":{},\"stderr_bytes\":{},\"end_wall_ms\":{}}}",worker%4,path.to_str().unwrap(),md.dev(),md.ino(),md.birthtime(),md.st_birthtime_nsec(),observed_code.map_or("null".into(),|x|x.to_string()),observed_signal.map_or("null".into(),|x|x.to_string()),if expired{(if group{-(pid as i32)}else{pid as i32}).to_string()}else{"null".into()},kill_rc.map_or("null".into(),|x|x.to_string()),kill_errno.map_or("null".into(),|x|x.to_string()),status.code().map_or("null".into(),|x|x.to_string()),status.signal().map_or("null".into(),|x|x.to_string()),stdout.len(),stderr.len(),millis());
   |                                                                                                                                                                                                                                                                                                                                                                                                                                                                                                                                                                                                                                                                                                                                                                                                                                                                                            +++

error: aborting due to 2 previous errors

For more information about this error, try `rustc --explain E0599`.
