   Compiling pctx v0.1.0-dev (/Users/dev/PCTX)
    Finished `test` profile [unoptimized + debuginfo] target(s) in 3.30s
     Running tests/cli_contract.rs (target/debug/deps/cli_contract-7fe808194ea4872f)

running 14 tests
test invalid_capacity_is_json_even_for_markdown_and_never_writes_output ... ok
test invalid_json_cli_inputs_still_return_one_json_document ... ok
test minimum_error_budget_boundary_is_argument_validation_before_project_access ... ok
test every_stdout_budget_route_rejects_tiny_capacity_without_child_or_local_files ... ok
test inventory_cli_reports_static_candidates_without_execution_or_authority ... ok
test valid_minimum_capacity_with_oversize_mandatory_rule_keeps_budget_exit_eight ... ok
test security_applies_to_direct_reads_and_cached_metadata ... ok
test strict_lookup_retains_available_evidence_and_reports_incomplete_refresh ... ok
test markdown_is_a_safe_document_and_unsupported_formats_precede_writes ... ok
test invalid_project_and_merged_user_policy_never_become_successful_empty_results ... ok
test context_budget_is_exact_json_and_required_rules_are_not_cut ... ok
test non_git_exploration_changes_and_idempotent_init ... ok
test tiny_budgets_preserve_index_lease_checks_and_context_receipt_ledgers ... ok
test ndjson_snapshot_follow_and_resume_have_no_event_gap ... ok

test result: ok. 14 passed; 0 failed; 0 ignored; 0 measured; 0 filtered out; finished in 3.03s

     Running tests/cli_run_exit.rs (target/debug/deps/cli_run_exit-6950b2b7b4cecebc)

running 6 tests
test actual_prelaunch_refusal_has_no_child_outcome_or_invocation ... ok
test actual_spawn_failure_never_becomes_success_or_child_exit ... ok
test publication_failure_preserves_child_outcome_and_never_retries ... FAILED
test incomplete_capture_is_partial_without_replacing_child_success ... ok
test actual_execution_timeout_preserves_observation_but_returns_wrapper_error ... ok
test actual_child_codes_and_signal_are_distinct_from_wrapper_status ... ok

failures:

---- publication_failure_preserves_child_outcome_and_never_retries stdout ----

thread 'publication_failure_preserves_child_outcome_and_never_retries' (8320469) panicked at tests/cli_run_exit.rs:77:5:
Output { status: ExitStatus(unix_wait_status(1792)), stdout: "{\"command\":\"run\",\"coverage\":{\"reasons\":[\"RESOURCE_BUSY\"],\"status\":\"partial\"},\"data\":{\"baseline_completeness\":\"complete\",\"budget_bytes\":8192,\"capture_complete\":true,\"captured_bytes\":26,\"child_exit_code\":0,\"evidence_origin\":\"runner_observed\",\"execution_id\":\"EXEC-6e73a0af-efe7-45b8-9372-8bca2c382831\",\"exit_policy\":\"child\",\"input_stage\":\"captured\",\"normalized_bytes\":26,\"omitted_bytes\":0,\"output_id\":\"OUT-f5f3e4eb-4263-4c64-80a1-d56dba9ab0d2\",\"parse_status\":\"unsupported\",\"pctx_error\":\"RESOURCE_BUSY\",\"processing_error\":{\"code\":\"RESOURCE_BUSY\",\"message\":\"Output publication is busy\",\"retryable\":false},\"processing_exit\":7,\"protected_records\":0,\"query_ref\":\"pctx output show OUT-f5f3e4eb-4263-4c64-80a1-d56dba9ab0d2 --view full\",\"raw_available\":false,\"raw_semantics\":\"redacted_uncompressed\",\"records\":[{\"redacted\":false,\"sequence\":0,\"stream\":\"stdout\",\"text\":\"child stdout\"},{\"redacted\":false,\"sequence\":0,\"stream\":\"stderr\",\"text\":\"child stderr\"}],\"records_included\":2,\"records_omitted\":0,\"redacted_bytes\":26,\"redaction_applied\":true,\"redaction_changed_content\":false,\"signal\":null,\"spawned\":true,\"task_completion\":\"not_evaluated\",\"termination\":\"exited\",\"test_result\":\"not_evaluated\"},\"errors\":[{\"code\":\"RESOURCE_BUSY\",\"message\":\"Output publication is busy\",\"retryable\":false}],\"generation_id\":null,\"project_id\":\"99e921ec-5b04-451e-9e6f-d81fa0163928\",\"schema_version\":\"1.0\",\"status\":\"error\",\"truncation\":{\"reasons\":[],\"truncated\":false},\"validation\":{\"checked_at\":\"2026-10-08T16:01:21.857Z\",\"mode\":\"matched\",\"scope\":[],\"workspace_atomic\":false},\"warnings\":[],\"workspace_id\":\"WS-eff0ec33-7314-4c53-9e25-61c11492e3c2\"}\n", stderr: "{\"code\":\"OUTPUT_MEASUREMENT_UNRECORDED\",\"delivery_written\":true,\"measurement_recorded\":\"unknown\",\"message\":\"Output was written; byte accounting could not be confirmed\",\"reason\":\"OUTPUT_EXPIRED\"}\n" }
note: run with `RUST_BACKTRACE=1` environment variable to display a backtrace


failures:
    publication_failure_preserves_child_outcome_and_never_retries

test result: FAILED. 5 passed; 1 failed; 0 ignored; 0 measured; 0 filtered out; finished in 2.13s

error: test failed, to rerun pass `--test cli_run_exit`
