   Compiling pctx v0.1.0-dev (/Users/dev/PCTX)
    Finished `test` profile [unoptimized + debuginfo] target(s) in 2.34s
     Running unittests src/lib.rs (target/debug/deps/pctx-ae897bec01e143c7)

running 1 test
test runner::auxiliary_deadline_tests::opened_auxiliary_keeps_budget_for_subsequent_source_reads ... FAILED

failures:

---- runner::auxiliary_deadline_tests::opened_auxiliary_keeps_budget_for_subsequent_source_reads stdout ----

thread 'runner::auxiliary_deadline_tests::opened_auxiliary_keeps_budget_for_subsequent_source_reads' (7920512) panicked at src/runner.rs:2145:13:

running 1 test
test runner::auxiliary_deadline_tests::opened_auxiliary_keeps_budget_for_subsequent_source_reads ... FAILED

failures:

failures:
    runner::auxiliary_deadline_tests::opened_auxiliary_keeps_budget_for_subsequent_source_reads

test result: FAILED. 0 passed; 1 failed; 0 ignored; 0 measured; 18 filtered out; finished in 1.02s

 
thread 'runner::auxiliary_deadline_tests::opened_auxiliary_keeps_budget_for_subsequent_source_reads' (7920514) panicked at src/runner.rs:2220:56:
called `Result::unwrap_err()` on an `Ok` value: VerifiedFile { path: "source.rs", text: "fn changed_after_expiry() {}\n", hash: "8f0e3546c886e016b9d5d124b37d1372020b57c467e6e2cdc24c0133ebd54106", size_bytes: 29 }
note: run with `RUST_BACKTRACE=1` environment variable to display a backtrace

note: run with `RUST_BACKTRACE=1` environment variable to display a backtrace


failures:
    runner::auxiliary_deadline_tests::opened_auxiliary_keeps_budget_for_subsequent_source_reads

test result: FAILED. 0 passed; 1 failed; 0 ignored; 0 measured; 18 filtered out; finished in 1.03s

error: test failed, to rerun pass `--lib`
