   Compiling pctx v0.1.0-dev (/Users/dev/PCTX)
warning: unused variable: `deadline`
   --> src/project.rs:901:21
    |
901 |         if let Some(deadline) = self.deadline {
    |                     ^^^^^^^^ help: if this is intentional, prefix it with an underscore: `_deadline`
    |
    = note: `#[warn(unused_variables)]` (part of `#[warn(unused)]`) on by default

warning: `pctx` (lib) generated 1 warning (run `cargo fix --lib -p pctx` to apply 1 suggestion)
    Finished `test` profile [unoptimized + debuginfo] target(s) in 2.57s
     Running tests/work_quota_deadline.rs (target/debug/deps/work_quota_deadline-b12539874124d6ff)

running 1 test
test cpu_bound_sql_expires_inside_the_engine_under_the_original_budget ... FAILED

failures:

---- cpu_bound_sql_expires_inside_the_engine_under_the_original_budget stdout ----

thread 'cpu_bound_sql_expires_inside_the_engine_under_the_original_budget' (7966442) panicked at tests/work_quota_deadline.rs:63:5:
SQL fixture required emergency interruption
note: run with `RUST_BACKTRACE=1` environment variable to display a backtrace


failures:
    cpu_bound_sql_expires_inside_the_engine_under_the_original_budget

test result: FAILED. 0 passed; 1 failed; 0 ignored; 0 measured; 4 filtered out; finished in 2.02s

error: test failed, to rerun pass `--test work_quota_deadline`
