{"container": "pctx-linux-99946", "phase": "clippy", "source_tree_sha256": "b99439192c77dfbd35b9bed651be287e2e0eee6b13ae83c573d221fd22823b7b"}
    Checking serde_core v1.0.229
    Checking memchr v2.8.3
    Checking libc v0.2.190
    Checking aho-corasick v1.1.5
    Checking foldhash v0.2.0
    Checking typenum v1.20.1
   Compiling equivalent v1.0.2
    Checking regex-syntax v0.8.11
   Compiling indexmap v2.14.2
    Checking generic-array v0.14.7
    Checking hashbrown v0.17.1
    Checking regex-automata v0.4.18
   Compiling zmij v1.0.23
    Checking tree-sitter-language v0.1.8
   Compiling itoa v1.0.18
    Checking utf8parse v0.2.2
    Checking cfg-if v1.0.5
   Compiling serde_json v1.0.151
    Checking anstyle-parse v1.0.0
    Checking serde v1.0.229
    Checking crossbeam-utils v0.8.23
    Checking is_terminal_polyfill v1.70.2
    Checking anstyle-query v1.1.5
    Checking anstyle v1.0.14
    Checking bitflags v2.13.2
    Checking colorchoice v1.0.5
    Checking siphasher v1.0.4
    Checking anstream v1.0.0
    Checking phf_shared v0.12.1
   Compiling tree-sitter v0.25.10
    Checking crossbeam-epoch v0.9.21
    Checking num-traits v0.2.19
    Checking getrandom v0.4.3
    Checking block-buffer v0.10.4
    Checking crypto-common v0.1.7
    Checking bstr v1.13.1
    Checking winnow v1.0.4
    Checking same-file v1.0.6
    Checking iana-time-zone v0.1.65
    Checking strsim v0.11.1
    Checking log v0.4.34
    Checking clap_lex v1.1.1
    Checking globset v0.4.20
    Checking clap_builder v4.6.7
    Checking chrono v0.4.45
    Checking walkdir v2.5.0
    Checking toml_parser v1.1.3+spec-1.1.0
    Checking digest v0.10.7
    Checking libsqlite3-sys v0.38.2
    Checking crossbeam-deque v0.8.8
    Checking phf v0.12.1
    Checking regex v1.13.1
    Checking hashlink v0.12.2
    Checking toml_datetime v0.7.5+spec-1.1.0
    Checking serde_spanned v1.1.1
    Checking cpufeatures v0.2.17
    Checking toml_writer v1.1.2+spec-1.1.0
    Checking fallible-iterator v0.3.0
    Checking ryu v1.0.23
    Checking unsafe-libyaml v0.2.11
    Checking streaming-iterator v0.1.9
    Checking winnow v0.7.15
    Checking fallible-streaming-iterator v0.1.9
    Checking smallvec v1.16.2
    Checking rusqlite v0.40.2
    Checking toml v0.9.12+spec-1.1.0
    Checking serde_yaml_ng v0.10.0
    Checking sha2 v0.10.9
    Checking chrono-tz v0.10.4
    Checking ignore v0.4.33
    Checking tree-sitter-javascript v0.25.0
    Checking tree-sitter-python v0.25.0
    Checking tree-sitter-typescript v0.23.2
    Checking clap v4.6.7
    Checking uuid v1.27.0
    Checking fs2 v0.4.3
    Checking linux-raw-sys v0.12.1
    Checking rustix v1.1.5
    Checking fastrand v2.5.0
    Checking once_cell v1.21.4
    Checking tempfile v3.27.0
    Checking pctx v0.1.0-dev (/workspace)
    Finished `dev` profile [unoptimized + debuginfo] target(s) in 23.65s
