   Compiling pctx v0.1.0-dev (/Users/dev/PCTX)
    Finished `test` profile [unoptimized + debuginfo] target(s) in 4.24s
     Running tests/adapter_errors.rs (target/debug/deps/adapter_errors-c6d5fa4673ac7e39)

running 9 tests
test direct_adapter_plan_input_source_and_binding_are_distinct ... ok
test direct_adapter_receipt_conflicts_and_reconciliation_retain_nine ... ok
test direct_adapter_schema_and_ownership_integrity_are_storage_seven ... ok
test direct_adapter_corrupt_persisted_json_and_shapes_are_storage_errors ... ok
test native_adapter_symlink_refusal_is_access_five ... ok
test native_adapter_hook_error_and_io_keep_envelope_and_state ... ok
test native_adapter_owner_refusal_is_policy_five_in_both_formats ... ok
test native_adapter_unsupported_protocol_is_capability_six ... ok
test native_adapter_input_cap_and_configuration_shape_are_input_two ... ok

test result: ok. 9 passed; 0 failed; 0 ignored; 0 measured; 0 filtered out; finished in 0.75s

     Running tests/cli_contract.rs (target/debug/deps/cli_contract-7fe808194ea4872f)

running 14 tests
test invalid_json_cli_inputs_still_return_one_json_document ... ok
test invalid_capacity_is_json_even_for_markdown_and_never_writes_output ... ok
test minimum_error_budget_boundary_is_argument_validation_before_project_access ... ok
test every_stdout_budget_route_rejects_tiny_capacity_without_child_or_local_files ... ok
test inventory_cli_reports_static_candidates_without_execution_or_authority ... ok
test valid_minimum_capacity_with_oversize_mandatory_rule_keeps_budget_exit_eight ... ok
test markdown_is_a_safe_document_and_unsupported_formats_precede_writes ... ok
test security_applies_to_direct_reads_and_cached_metadata ... ok
test invalid_project_and_merged_user_policy_never_become_successful_empty_results ... ok
test context_budget_is_exact_json_and_required_rules_are_not_cut ... ok
test strict_lookup_retains_available_evidence_and_reports_incomplete_refresh ... ok
test non_git_exploration_changes_and_idempotent_init ... ok
test tiny_budgets_preserve_index_lease_checks_and_context_receipt_ledgers ... ok
test ndjson_snapshot_follow_and_resume_have_no_event_gap ... ok

test result: ok. 14 passed; 0 failed; 0 ignored; 0 measured; 0 filtered out; finished in 2.25s

     Running tests/filters.rs (target/debug/deps/filters-9e3df5656f93ef1c)

running 7 tests
test strict_keys_operations_and_regex_no_code_execution ... ok
test structured_fields_grouping_and_excerpt_keep_protected_metadata ... ok
test protect_beats_drop_dedup_keeps_occurrences_ranges_and_no_pass_claim ... ok
test secrets_cr_and_unicode_are_safe_and_protected_survives_excerpt ... ok
test changed_fixture_cannot_activate_old_report_and_bounds_are_explicit ... ok
test saved_output_custom_render_preserves_observed_failure_without_rerun ... ok
test full_fixture_activation_hash_invalidation_and_exact_match_ambiguity ... ok

test result: ok. 7 passed; 0 failed; 0 ignored; 0 measured; 0 filtered out; finished in 0.45s

     Running tests/operations.rs (target/debug/deps/operations-530607f06d0857bd)

running 11 tests
test forged_agent_owner_decision_does_not_generate_grant ... ok
test omitted_action_role_cannot_bypass_registered_actor_pause ... ok
test silence_hides_topic_and_body_before_inbox_ranking ... ok
test owner_queue_honors_specific_recipients_and_owner_destination_without_globalizing_silence ... ok
test owner_queue_filters_oldest_hidden_actions_before_limit_without_disclosing_details ... ok
test role_pause_blocks_claim_without_mutating_task_or_run ... ok
test exact_decisions_deduplicate_but_changed_environment_amount_artifact_do_not ... ok
test mailbox_retry_is_queued_once_and_ack_is_recipient_bound ... ok
test unknown_cost_pause_and_silence_override_valid_grant ... ok
test owner_queue_delivery_barriers_survive_control_restore ... ok
test backup_restore_preserves_pause_silence_and_messages_but_revokes_grants ... ok

test result: ok. 11 passed; 0 failed; 0 ignored; 0 measured; 0 filtered out; finished in 0.23s

     Running tests/output.rs (target/debug/deps/output-6e0a106d5d0b7325)

running 11 tests
test invalid_saved_output_queries_precede_artifact_reads ... ok
test opaque_shell_heavy_and_bad_identifiers_rejected ... ok
test agent_cannot_mint_execution_trust_and_git_helpers_are_unavailable ... ok
test masking_is_before_storage_and_cr_preserves_error ... ok
test typed_full_report_preserves_failed_counts_without_becoming_gate_evidence ... ok
test exact_trust_child_exit_and_reread_without_execution ... ok
test none_expiry_tamper_and_policy_change_cannot_restore_records ... ok
test diagnostic_extract_binds_original_source_and_rereads_without_execution ... ok
test nonzero_and_timeout_are_not_filter_success ... ok
test verbose_output_preserves_late_diagnostics_and_full_masked_denominator ... ok
test bounded_capture_retains_tail_and_original_record_positions ... ok

test result: ok. 11 passed; 0 failed; 0 ignored; 0 measured; 0 filtered out; finished in 1.21s

     Running tests/pack.rs (target/debug/deps/pack-8d09189cdcc06191)

running 11 tests
test giant_item_and_total_budget_fail_without_plans_or_publication ... ok
test legacy_plan_requires_replanning_but_legacy_artifact_remains_readable ... ok
test racing_artifact_parent_symlink_never_reads_outside_marker ... ok
test stale_source_policy_task_and_wrong_expected_hash_do_not_publish ... ok
test forged_budgets_parts_and_json_complexity_are_rejected_before_load ... ok
test inspection_reapplies_source_artifact_policy_and_masks_untrusted_manifest ... ok
test signatures_keep_notices_and_single_json_verifies ... ok
test symlink_output_input_overlap_and_overwrite_are_denied ... ok
test integrity_tamper_missing_parts_and_missing_original_are_distinct ... ok
test immutable_plan_has_no_source_metadata_default_and_full_masks_preserves_license ... ok
test task_or_parser_revision_changes_make_current_source_pack_stale ... ok

test result: ok. 11 passed; 0 failed; 0 ignored; 0 measured; 0 filtered out; finished in 0.68s

     Running tests/persisted_error_contract.rs (target/debug/deps/persisted_error_contract-257962e0e1215410)

running 12 tests
test caller_json_syntax_remains_input_error_without_storage_effects ... ok
test corrupted_activity_syntax_is_storage_failure_on_every_existing_transport ... ok
test grouped_decision_payloads_preserve_caller_errors_and_safe_storage_refusal ... ok
test grouped_index_metadata_and_checksum_matched_checkpoint_json_are_storage_errors ... ok
test grouped_registry_pack_output_and_helper_metadata_refuse_without_publication ... ok
test grouped_schedule_stored_definition_and_receipt_preserve_replay_conflict ... FAILED
test grouped_quota_observation_syntax_and_shape_are_storage_errors ... ok
test stored_create_receipt_preserves_replay_conflict_and_original_expiry ... ok
test stored_report_receipt_preserves_exact_replay_before_lease_and_hash_conflict_before_decode ... ok
test stored_task_fields_refuse_corruption_without_mutating_or_changing_input_errors ... ok
test valid_stored_json_values_and_later_page_failure_preserve_events_and_cursors ... ok
test busy_admission_is_retryable_but_original_request_expiry_is_not ... ok

failures:

---- grouped_schedule_stored_definition_and_receipt_preserve_replay_conflict stdout ----

thread 'grouped_schedule_stored_definition_and_receipt_preserve_replay_conflict' (9089106) panicked at tests/persisted_error_contract.rs:392:13:
["schedule", "add", "--from-file", "/private/var/folders/dh/vzwzck1n4rx_bntdyff83ssc0000gp/T/.tmpbcQVNO/schedule.json", "--idempotency-key", "stored-schedule"] changed prepared paths: ["controls/COORD-6a86796a-2e7a-44f8-bbda-9df8d0d3e243/control.sqlite3", "controls/COORD-6a86796a-2e7a-44f8-bbda-9df8d0d3e243/control.sqlite3-wal"]
note: run with `RUST_BACKTRACE=1` environment variable to display a backtrace


failures:
    grouped_schedule_stored_definition_and_receipt_preserve_replay_conflict

test result: FAILED. 11 passed; 1 failed; 0 ignored; 0 measured; 0 filtered out; finished in 10.31s

error: test failed, to rerun pass `--test persisted_error_contract`
