   Compiling pctx v0.1.0-dev (/Users/dev/PCTX)
    Finished `test` profile [unoptimized + debuginfo] target(s) in 0.61s
     Running tests/adapter_errors.rs (target/debug/deps/adapter_errors-c6d5fa4673ac7e39)

running 9 tests
test direct_adapter_plan_input_source_and_binding_are_distinct ... ok
test direct_adapter_receipt_conflicts_and_reconciliation_retain_nine ... ok
test direct_adapter_schema_and_ownership_integrity_are_storage_seven ... ok
test direct_adapter_corrupt_persisted_json_and_shapes_are_storage_errors ... ok
test native_adapter_symlink_refusal_is_access_five ... ok
test native_adapter_hook_error_and_io_keep_envelope_and_state ... ok
test native_adapter_owner_refusal_is_policy_five_in_both_formats ... ok
test native_adapter_unsupported_protocol_is_capability_six ... ok
test native_adapter_input_cap_and_configuration_shape_are_input_two ... ok

test result: ok. 9 passed; 0 failed; 0 ignored; 0 measured; 0 filtered out; finished in 0.93s

     Running tests/cli_contract.rs (target/debug/deps/cli_contract-7fe808194ea4872f)

running 14 tests
test invalid_json_cli_inputs_still_return_one_json_document ... ok
test invalid_capacity_is_json_even_for_markdown_and_never_writes_output ... ok
test minimum_error_budget_boundary_is_argument_validation_before_project_access ... ok
test every_stdout_budget_route_rejects_tiny_capacity_without_child_or_local_files ... ok
test inventory_cli_reports_static_candidates_without_execution_or_authority ... ok
test valid_minimum_capacity_with_oversize_mandatory_rule_keeps_budget_exit_eight ... ok
test security_applies_to_direct_reads_and_cached_metadata ... ok
test markdown_is_a_safe_document_and_unsupported_formats_precede_writes ... ok
test invalid_project_and_merged_user_policy_never_become_successful_empty_results ... ok
test strict_lookup_retains_available_evidence_and_reports_incomplete_refresh ... ok
test context_budget_is_exact_json_and_required_rules_are_not_cut ... ok
test non_git_exploration_changes_and_idempotent_init ... ok
test tiny_budgets_preserve_index_lease_checks_and_context_receipt_ledgers ... ok
test ndjson_snapshot_follow_and_resume_have_no_event_gap ... ok

test result: ok. 14 passed; 0 failed; 0 ignored; 0 measured; 0 filtered out; finished in 2.24s

     Running tests/filters.rs (target/debug/deps/filters-9e3df5656f93ef1c)

running 7 tests
test strict_keys_operations_and_regex_no_code_execution ... ok
test secrets_cr_and_unicode_are_safe_and_protected_survives_excerpt ... ok
test protect_beats_drop_dedup_keeps_occurrences_ranges_and_no_pass_claim ... ok
test structured_fields_grouping_and_excerpt_keep_protected_metadata ... ok
test changed_fixture_cannot_activate_old_report_and_bounds_are_explicit ... ok
test saved_output_custom_render_preserves_observed_failure_without_rerun ... ok
test full_fixture_activation_hash_invalidation_and_exact_match_ambiguity ... ok

test result: ok. 7 passed; 0 failed; 0 ignored; 0 measured; 0 filtered out; finished in 0.43s

     Running tests/operations.rs (target/debug/deps/operations-530607f06d0857bd)

running 11 tests
test silence_hides_topic_and_body_before_inbox_ranking ... ok
test forged_agent_owner_decision_does_not_generate_grant ... ok
test omitted_action_role_cannot_bypass_registered_actor_pause ... ok
test owner_queue_honors_specific_recipients_and_owner_destination_without_globalizing_silence ... ok
test owner_queue_filters_oldest_hidden_actions_before_limit_without_disclosing_details ... ok
test role_pause_blocks_claim_without_mutating_task_or_run ... ok
test exact_decisions_deduplicate_but_changed_environment_amount_artifact_do_not ... ok
test mailbox_retry_is_queued_once_and_ack_is_recipient_bound ... ok
test unknown_cost_pause_and_silence_override_valid_grant ... ok
test owner_queue_delivery_barriers_survive_control_restore ... ok
test backup_restore_preserves_pause_silence_and_messages_but_revokes_grants ... ok

test result: ok. 11 passed; 0 failed; 0 ignored; 0 measured; 0 filtered out; finished in 0.21s

     Running tests/output.rs (target/debug/deps/output-6e0a106d5d0b7325)

running 11 tests
test opaque_shell_heavy_and_bad_identifiers_rejected ... ok
test invalid_saved_output_queries_precede_artifact_reads ... ok
test agent_cannot_mint_execution_trust_and_git_helpers_are_unavailable ... ok
test typed_full_report_preserves_failed_counts_without_becoming_gate_evidence ... ok
test masking_is_before_storage_and_cr_preserves_error ... ok
test exact_trust_child_exit_and_reread_without_execution ... ok
test none_expiry_tamper_and_policy_change_cannot_restore_records ... ok
test diagnostic_extract_binds_original_source_and_rereads_without_execution ... ok
test nonzero_and_timeout_are_not_filter_success ... ok
test verbose_output_preserves_late_diagnostics_and_full_masked_denominator ... ok
test bounded_capture_retains_tail_and_original_record_positions ... ok

test result: ok. 11 passed; 0 failed; 0 ignored; 0 measured; 0 filtered out; finished in 1.20s

     Running tests/pack.rs (target/debug/deps/pack-8d09189cdcc06191)

running 11 tests
test giant_item_and_total_budget_fail_without_plans_or_publication ... ok
test forged_budgets_parts_and_json_complexity_are_rejected_before_load ... ok
test legacy_plan_requires_replanning_but_legacy_artifact_remains_readable ... ok
test racing_artifact_parent_symlink_never_reads_outside_marker ... ok
test stale_source_policy_task_and_wrong_expected_hash_do_not_publish ... ok
test inspection_reapplies_source_artifact_policy_and_masks_untrusted_manifest ... ok
test signatures_keep_notices_and_single_json_verifies ... ok
test symlink_output_input_overlap_and_overwrite_are_denied ... ok
test integrity_tamper_missing_parts_and_missing_original_are_distinct ... ok
test immutable_plan_has_no_source_metadata_default_and_full_masks_preserves_license ... ok
test task_or_parser_revision_changes_make_current_source_pack_stale ... ok

test result: ok. 11 passed; 0 failed; 0 ignored; 0 measured; 0 filtered out; finished in 0.68s

     Running tests/persisted_error_contract.rs (target/debug/deps/persisted_error_contract-257962e0e1215410)

running 12 tests
test caller_json_syntax_remains_input_error_without_storage_effects ... ok
test corrupted_activity_syntax_is_storage_failure_on_every_existing_transport ... ok
test grouped_decision_payloads_preserve_caller_errors_and_safe_storage_refusal ... ok
test grouped_index_metadata_and_checksum_matched_checkpoint_json_are_storage_errors ... ok
test grouped_registry_pack_output_and_helper_metadata_refuse_without_publication ... ok
test grouped_quota_observation_syntax_and_shape_are_storage_errors ... ok
test stored_create_receipt_preserves_replay_conflict_and_original_expiry ... ok
test stored_report_receipt_preserves_exact_replay_before_lease_and_hash_conflict_before_decode ... ok
test grouped_schedule_stored_definition_and_receipt_preserve_replay_conflict ... ok
test stored_task_fields_refuse_corruption_without_mutating_or_changing_input_errors ... ok
test valid_stored_json_values_and_later_page_failure_preserve_events_and_cursors ... ok
test busy_admission_is_retryable_but_original_request_expiry_is_not ... ok

test result: ok. 12 passed; 0 failed; 0 ignored; 0 measured; 0 filtered out; finished in 10.31s

     Running tests/quota.rs (target/debug/deps/quota-2eee6f0607f85593)

running 7 tests
test pools_are_isolated_and_manual_estimates_do_not_change_actual_usage ... ok
test first_unknown_baseline_and_missing_provider_do_not_become_zero_or_normal ... ok
test cumulative_counters_are_deltas_and_collector_sources_do_not_double_count ... ok
test quota_thresholds_reset_reobservation_and_persistent_pause_silence ... ok
test epochs_resets_and_stale_counters_are_not_inherited ... ok
test reservations_share_pool_same_unit_and_are_soft_idempotent ... ok
test restored_quota_requires_fresh_observation_and_event_ledgers_stay_immutable ... ok

test result: ok. 7 passed; 0 failed; 0 ignored; 0 measured; 0 filtered out; finished in 0.16s

     Running tests/runner.rs (target/debug/deps/runner-262d46ab6960599b)

running 29 tests
test explicit_script_input_change_requires_new_trust ... ok
test changed_script_and_agent_forged_trust_are_denied ... ok
test cloud_helper_is_only_durable_intent ... ok
test check_plan_with_finite_budget_inspects_registered_auxiliary_workspace_without_launch ... ok
test legacy_lock_fixture ... ok
test finite_auxiliary_plan_refuses_fifo_metadata_without_waiting_or_launching ... ok
test inherited_canonical_descriptor_retains_lock_after_invalid_proof_and_parent_close ... ok
test check_alias_preserves_nested_timeout_processing_error ... ok
test legacy_bridge_absence_prevents_execution ... ok
test check_capture_partial_is_not_wrapper_success_in_either_route ... ok
test linked_slot_child_directory_cannot_redirect_state ... ok
test observed_failed_check_is_distinct_from_processing_failure ... ok
test native_pass_is_invalidated_by_external_executable_change_with_sources_unchanged ... ok
test parent_exit_does_not_release_living_child ... ok
test profile_change_during_execution_is_stale_at_report_recording ... ok
test synthetic_low_memory_defers_heavy_admission ... ok
test local_helper_preserves_nested_timeout_and_partial_capture ... ok
test native_environment_change_or_missing_profile_invalidates_existing_pass ... ok
test cross_project_heavy_capacity_is_one ... ok
test trusted_typed_check_is_real_evidence ... ok
test timeout_is_observed_without_success_evidence ... ok
test local_auxiliary_provider_needs_registered_linked_workspace_and_capacity ... ok
test unknown_memory_requires_disclosed_exact_owner_override ... ok
test user_created_host_state_symlink_is_denied ... ok
test source_mutation_during_check_is_stale ... ok
test unknown_and_zero_tests_do_not_pass ... ok
test canonical_mutex_survives_main_parent_death ... ok
test killed_guardian_causes_negative_child_observation ... ok
test canonical_legacy_and_pctx_exclude_each_other ... ok

test result: ok. 29 passed; 0 failed; 0 ignored; 0 measured; 0 filtered out; finished in 25.33s

     Running tests/session.rs (target/debug/deps/session-e37e24e280aa64af)

running 7 tests
test identity_secrets_are_rejected_before_persistence ... ok
test suspend_reconcile_preserves_task_pause_and_never_revives_run ... ok
test expired_outer_budget_cannot_emit_ack_attach_or_change_epoch ... ok
test minimum_budget_failure_creates_no_emission ... ok
test independent_sessions_boundaries_and_policy_reject_old_baselines ... ok
test rule_changes_and_deleted_paths_are_explicit ... ok
test explicit_ack_unchanged_delta_and_no_source_ledger ... ok

test result: ok. 7 passed; 0 failed; 0 ignored; 0 measured; 0 filtered out; finished in 0.14s

     Running tests/storage_deadline.rs (target/debug/deps/storage_deadline-8fad1ff023fe83b8)

running 4 tests
test parser_expiry_retains_previous_generation_instead_of_marking_source_skipped ... ok
test expired_storage_requests_preserve_generation_and_checkpoint ... ok
test sqlite_writer_contention_times_out_without_publishing_or_losing_checkpoint ... ok
test writer_and_snapshot_waits_consume_supplied_budget_without_five_second_reset ... ok

test result: ok. 4 passed; 0 failed; 0 ignored; 0 measured; 0 filtered out; finished in 0.15s

     Running tests/work_quota_deadline.rs (target/debug/deps/work_quota_deadline-b12539874124d6ff)

running 5 tests
test already_expired_reads_do_not_initialize_control_storage_or_validate_missing_targets ... ok
test cpu_bound_sql_expires_inside_the_engine_under_the_original_budget ... ok
test reused_sql_connection_does_not_inherit_an_expired_prior_request_handler ... ok
test quota_read_exclusive_contention_returns_timeout_instead_of_empty_unknown_success ... ok
test work_read_transaction_contention_uses_remaining_budget_without_control_events ... ok

test result: ok. 5 passed; 0 failed; 0 ignored; 0 measured; 0 filtered out; finished in 0.20s

