   Compiling pctx v0.1.0-dev (/Users/dev/PCTX)
    Finished `test` profile [unoptimized + debuginfo] target(s) in 2.95s
     Running tests/cli_cancellation.rs (target/debug/deps/cli_cancellation-b8aaf1c4d3c7fb49)

running 3 tests
test held_stdin_cancel_is_one_complete_json_and_creates_no_context ... ok
test run_cancel_preserves_native_truth_artifact_and_one_execution_for_both_policies ... ok
test watch_cancel_keeps_existing_ndjson_frames_and_reports_cancelled ... ok

test result: ok. 3 passed; 0 failed; 0 ignored; 0 measured; 0 filtered out; finished in 1.97s

     Running tests/cli_run_exit.rs (target/debug/deps/cli_run_exit-6950b2b7b4cecebc)

running 11 tests
test actual_child_codes_and_signal_are_distinct_from_wrapper_status ... ok
test actual_execution_timeout_preserves_observation_but_returns_wrapper_error ... ok
test actual_prelaunch_refusal_has_no_child_outcome_or_invocation ... ok
test actual_spawn_failure_never_becomes_success_or_child_exit ... ok
test admitted_small_run_budgets_preserve_prelaunch_truth_without_artifact ... ok
test final_serialized_budget_preserves_actual_child_truth_and_full_reread ... ok
test incomplete_capture_is_partial_without_replacing_child_success ... ok
test missing_project_is_prelaunch_failure_in_both_modes_without_files ... ok
test project_refusal_near_minimum_keeps_original_exit_and_fits ... ok
test project_refusals_preserve_typed_exit_and_message_before_spawn ... ok
test publication_failure_preserves_child_outcome_and_never_retries ... ok

test result: ok. 11 passed; 0 failed; 0 ignored; 0 measured; 0 filtered out; finished in 6.61s

     Running tests/runner.rs (target/debug/deps/runner-262d46ab6960599b)

running 32 tests
test canonical_legacy_and_pctx_exclude_each_other ... ok
test canonical_mutex_survives_main_parent_death ... ok
test changed_script_and_agent_forged_trust_are_denied ... ok
test check_alias_preserves_nested_timeout_processing_error ... ok
test check_capture_partial_is_not_wrapper_success_in_either_route ... ok
test check_plan_with_finite_budget_inspects_registered_auxiliary_workspace_without_launch ... ok
test cloud_helper_is_only_durable_intent ... ok
test cross_project_heavy_capacity_is_one ... ok
test ctrl_c_reaps_registered_child_preserves_truth_and_releases_only_observed_slots ... FAILED
test explicit_script_input_change_requires_new_trust ... ok
test finite_auxiliary_plan_refuses_fifo_metadata_without_waiting_or_launching ... ok
test inherited_canonical_descriptor_retains_lock_after_invalid_proof_and_parent_close ... ok
test invalid_memory_fixture_never_spawns_or_grants_heavy_resources ... ok
test killed_guardian_causes_negative_child_observation ... ok
test legacy_bridge_absence_prevents_execution ... ok
test legacy_lock_fixture ... ok
test linked_slot_child_directory_cannot_redirect_state ... ok
test local_auxiliary_provider_needs_registered_linked_workspace_and_capacity ... ok
test local_helper_preserves_nested_timeout_and_partial_capture ... ok
test native_environment_change_or_missing_profile_invalidates_existing_pass ... ok
test native_pass_is_invalidated_by_external_executable_change_with_sources_unchanged ... ok
test observed_failed_check_is_distinct_from_processing_failure ... ok
test parent_exit_does_not_release_living_child ... ok
test producer_capacity_guards_preserve_budget_eight_owner_priority_and_intent_exception ... ok
test profile_change_during_execution_is_stale_at_report_recording ... ok
test source_mutation_during_check_is_stale ... ok
test synthetic_low_memory_defers_heavy_admission ... ok
test timeout_is_observed_without_success_evidence ... ok
test trusted_typed_check_is_real_evidence ... ok
test unknown_and_zero_tests_do_not_pass ... ok
test unknown_memory_requires_disclosed_exact_owner_override ... ok
test user_created_host_state_symlink_is_denied ... ok

failures:

---- ctrl_c_reaps_registered_child_preserves_truth_and_releases_only_observed_slots stdout ----

thread 'ctrl_c_reaps_registered_child_preserves_truth_and_releases_only_observed_slots' (9204880) panicked at tests/runner.rs:276:9:
assertion `left == right` failed
  left: String("failed")
 right: "unverified"
note: run with `RUST_BACKTRACE=1` environment variable to display a backtrace


failures:
    ctrl_c_reaps_registered_child_preserves_truth_and_releases_only_observed_slots

test result: FAILED. 31 passed; 1 failed; 0 ignored; 0 measured; 0 filtered out; finished in 67.40s

error: test failed, to rerun pass `--test runner`
