   Compiling pctx v0.1.0-dev (/Users/dev/PCTX)
    Finished `test` profile [unoptimized + debuginfo] target(s) in 2.41s
     Running tests/adapter_errors.rs (target/debug/deps/adapter_errors-c6d5fa4673ac7e39)

running 10 tests
test checksum_matched_persisted_adapter_plan_corruption_is_not_caller_input ... ok
test direct_adapter_corrupt_persisted_json_and_shapes_are_storage_errors ... ok
test direct_adapter_plan_input_source_and_binding_are_distinct ... ok
test direct_adapter_receipt_conflicts_and_reconciliation_retain_nine ... ok
test direct_adapter_schema_and_ownership_integrity_are_storage_seven ... ok
test native_adapter_hook_error_and_io_keep_envelope_and_state ... ok
test native_adapter_input_cap_and_configuration_shape_are_input_two ... ok
test native_adapter_owner_refusal_is_policy_five_in_both_formats ... ok
test native_adapter_symlink_refusal_is_access_five ... ok
test native_adapter_unsupported_protocol_is_capability_six ... ok

test result: ok. 10 passed; 0 failed; 0 ignored; 0 measured; 0 filtered out; finished in 1.02s

     Running tests/cli_cancellation.rs (target/debug/deps/cli_cancellation-b8aaf1c4d3c7fb49)

running 5 tests
test cancelled_run_with_failed_publication_keeps_processing_error_and_native_truth ... ok
test finite_query_cancel_reaps_owned_query_child_instead_of_waiting_for_timeout ... ok
test held_stdin_cancel_is_one_complete_json_and_creates_no_context ... ok
test run_cancel_preserves_native_truth_artifact_and_one_execution_for_both_policies ... ok
test watch_cancel_keeps_existing_ndjson_frames_and_reports_cancelled ... ok

test result: ok. 5 passed; 0 failed; 0 ignored; 0 measured; 0 filtered out; finished in 2.23s

     Running tests/cli_contract.rs (target/debug/deps/cli_contract-7fe808194ea4872f)

running 14 tests
test context_budget_is_exact_json_and_required_rules_are_not_cut ... ok
test every_stdout_budget_route_rejects_tiny_capacity_without_child_or_local_files ... ok
test invalid_capacity_is_json_even_for_markdown_and_never_writes_output ... ok
test invalid_json_cli_inputs_still_return_one_json_document ... ok
test invalid_project_and_merged_user_policy_never_become_successful_empty_results ... ok
test inventory_cli_reports_static_candidates_without_execution_or_authority ... ok
test markdown_is_a_safe_document_and_unsupported_formats_precede_writes ... ok
test minimum_error_budget_boundary_is_argument_validation_before_project_access ... ok
test ndjson_snapshot_follow_and_resume_have_no_event_gap ... ok
test non_git_exploration_changes_and_idempotent_init ... ok
test security_applies_to_direct_reads_and_cached_metadata ... ok
test strict_lookup_retains_available_evidence_and_reports_incomplete_refresh ... ok
test tiny_budgets_preserve_index_lease_checks_and_context_receipt_ledgers ... ok
test valid_minimum_capacity_with_oversize_mandatory_rule_keeps_budget_exit_eight ... ok

test result: ok. 14 passed; 0 failed; 0 ignored; 0 measured; 0 filtered out; finished in 3.16s

     Running tests/cli_refusal_envelope.rs (target/debug/deps/cli_refusal_envelope-e0fa1efd013109e3)

running 4 tests
test admitted_install_failures_keep_state_classification_and_response_destination ... ok
test all_visible_leaf_unknown_options_refuse_before_project_and_output ... ok
test install_required_and_duplicate_options_keep_parser_envelope_and_no_effects ... ok
test semantic_and_representation_refusals_do_not_claim_completed_execution ... ok

test result: ok. 4 passed; 0 failed; 0 ignored; 0 measured; 0 filtered out; finished in 4.20s

     Running tests/cli_run_exit.rs (target/debug/deps/cli_run_exit-6950b2b7b4cecebc)

running 11 tests
test actual_child_codes_and_signal_are_distinct_from_wrapper_status ... ok
test actual_execution_timeout_preserves_observation_but_returns_wrapper_error ... ok
test actual_prelaunch_refusal_has_no_child_outcome_or_invocation ... ok
test actual_spawn_failure_never_becomes_success_or_child_exit ... ok
test admitted_small_run_budgets_preserve_prelaunch_truth_without_artifact ... ok
test final_serialized_budget_preserves_actual_child_truth_and_full_reread ... ok
test incomplete_capture_is_partial_without_replacing_child_success ... ok
test missing_project_is_prelaunch_failure_in_both_modes_without_files ... ok
test project_refusal_near_minimum_keeps_original_exit_and_fits ... ok
test project_refusals_preserve_typed_exit_and_message_before_spawn ... ok
test publication_failure_preserves_child_outcome_and_never_retries ... ok

test result: ok. 11 passed; 0 failed; 0 ignored; 0 measured; 0 filtered out; finished in 6.46s

     Running tests/concurrency.rs (target/debug/deps/concurrency-65105cc48d628f60)

running 9 tests
test agent_cannot_authorize_execution_trust ... ok
test agent_capability_cannot_grant_owner_authority ... ok
test changed_source_and_definition_do_not_reuse_check_evidence ... ok
test check_changed_during_external_execution_stays_stale ... ok
test git_status_does_not_run_unbound_repository_fsmonitor ... ok
test report_replay_and_revision_conflict_are_visible_at_cli ... ok
test session_ack_and_epoch_cannot_be_changed_by_other_agent ... ok
test ten_readers_and_two_writers_see_published_generations ... ok
test two_process_claims_have_one_winner ... ok

test result: ok. 9 passed; 0 failed; 0 ignored; 0 measured; 0 filtered out; finished in 1.18s

     Running tests/persisted_error_contract.rs (target/debug/deps/persisted_error_contract-257962e0e1215410)

running 22 tests
test busy_admission_is_retryable_but_original_request_expiry_is_not ... ok
test caller_json_syntax_remains_input_error_without_storage_effects ... ok
test corrupted_activity_syntax_is_storage_failure_on_every_existing_transport ... ok
test grouped_broker_saved_snapshot_preserves_parser_priority ... ok
test grouped_context_selection_and_capsule_keep_identity_conflict_before_storage_decode ... ok
test grouped_decision_payloads_preserve_caller_errors_and_safe_storage_refusal ... ok
test grouped_index_metadata_and_checksum_matched_checkpoint_json_are_storage_errors ... ok
test grouped_job_and_helper_consumers_refuse_corrupt_metadata_without_releasing_slots ... ok
test grouped_message_queue_payloads_and_receipts_keep_recipient_and_replay_priority ... ok
test grouped_paired_index_cache_checkpoint_get_and_registry_shape_decoders ... ok
test grouped_private_credentials_keep_missing_mismatch_and_revoked_priority ... ok
test grouped_private_execution_trust_refuses_corruption_before_spawn ... ok
test grouped_quota_observation_syntax_and_shape_are_storage_errors ... ok
test grouped_quota_receipt_and_prior_observation_decoders_preserve_conflict ... ok
test grouped_registry_pack_output_and_helper_metadata_refuse_without_publication ... ok
test grouped_remaining_schedule_storage_branches_preserve_state_and_input_priority ... ok
test grouped_runner_trust_and_task_decode_do_not_mask_storage_failure_as_owner_permission ... ok
test grouped_schedule_stored_definition_and_receipt_preserve_replay_conflict ... ok
test stored_create_receipt_preserves_replay_conflict_and_original_expiry ... ok
test stored_report_receipt_preserves_exact_replay_before_lease_and_hash_conflict_before_decode ... ok
test stored_task_fields_refuse_corruption_without_mutating_or_changing_input_errors ... ok
test valid_stored_json_values_and_later_page_failure_preserve_events_and_cursors ... ok

test result: ok. 22 passed; 0 failed; 0 ignored; 0 measured; 0 filtered out; finished in 14.74s

     Running tests/query_deadline_cli.rs (target/debug/deps/query_deadline_cli-91fccc6ca25b7a4f)

running 9 tests
test doctor_contention_reports_timeout_with_original_budget_and_unchanged_database ... ok
test finite_ndjson_contention_preserves_error_code_without_creating_events ... ok
test finite_saved_routes_accept_timeout_and_reject_zero_before_project_effects ... ok
test invalid_or_inapplicable_timeout_has_no_project_effects ... ok
test resource_and_trust_plans_return_complete_envelopes_without_launching ... ok
test runner_and_trust_read_budgets_validate_before_discovery ... ok
test saved_cli_reread_never_reruns_and_failed_metering_preserves_delivery_truth ... ok
test strict_find_waits_only_remaining_budget_and_preserves_active_generation ... ok
test work_and_quota_reads_accept_request_budget_and_preserve_state_under_contention ... ok

test result: ok. 9 passed; 0 failed; 0 ignored; 0 measured; 0 filtered out; finished in 2.61s

