   Compiling pctx v0.1.0-dev (/Users/dev/PCTX)
    Finished `test` profile [unoptimized + debuginfo] target(s) in 1.55s
     Running tests/filter_preflight.rs (target/debug/deps/filter_preflight-c42afe2a3953f33b)

running 2 tests
test direct_filter_refusals_preserve_storage_and_original_expiry ... FAILED
test filter_arguments_precede_project_and_response_effects ... FAILED

failures:

---- direct_filter_refusals_preserve_storage_and_original_expiry stdout ----

thread 'direct_filter_refusals_preserve_storage_and_original_expiry' (8778175) panicked at tests/filter_preflight.rs:158:62:
assertion `left == right` failed
  left: ("POLICY_DENIED", 5)
 right: ("FILTER_INVALID", 2)
note: run with `RUST_BACKTRACE=1` environment variable to display a backtrace

---- filter_arguments_precede_project_and_response_effects stdout ----

thread 'filter_arguments_precede_project_and_response_effects' (8778176) panicked at tests/filter_preflight.rs:149:13:
assertion `left == right` failed: Output { status: ExitStatus(unix_wait_status(1792)), stdout: "", stderr: "" }
  left: Some(7)
 right: Some(2)


failures:
    direct_filter_refusals_preserve_storage_and_original_expiry
    filter_arguments_precede_project_and_response_effects

test result: FAILED. 0 passed; 2 failed; 0 ignored; 0 measured; 0 filtered out; finished in 0.91s

error: test failed, to rerun pass `--test filter_preflight`
error: 1 target failed:
    `--test filter_preflight`
