   Compiling pctx v0.1.0-dev (/Users/dev/PCTX)
    Finished `test` profile [unoptimized + debuginfo] target(s) in 0.40s
     Running tests/cli_contract.rs (target/debug/deps/cli_contract-7fe808194ea4872f)

running 14 tests
test context_budget_is_exact_json_and_required_rules_are_not_cut ... ok
test every_stdout_budget_route_rejects_tiny_capacity_without_child_or_local_files ... ok
test invalid_capacity_is_json_even_for_markdown_and_never_writes_output ... ok
test invalid_json_cli_inputs_still_return_one_json_document ... ok
test invalid_project_and_merged_user_policy_never_become_successful_empty_results ... ok
test inventory_cli_reports_static_candidates_without_execution_or_authority ... ok
test markdown_is_a_safe_document_and_unsupported_formats_precede_writes ... ok
test minimum_error_budget_boundary_is_argument_validation_before_project_access ... ok
test ndjson_snapshot_follow_and_resume_have_no_event_gap ... ok
test non_git_exploration_changes_and_idempotent_init ... ok
test security_applies_to_direct_reads_and_cached_metadata ... ok
test strict_lookup_retains_available_evidence_and_reports_incomplete_refresh ... ok
test tiny_budgets_preserve_index_lease_checks_and_context_receipt_ledgers ... ok
test valid_minimum_capacity_with_oversize_mandatory_rule_keeps_budget_exit_eight ... ok

test result: ok. 14 passed; 0 failed; 0 ignored; 0 measured; 0 filtered out; finished in 3.90s

     Running tests/cli_frontend.rs (target/debug/deps/cli_frontend-4948844b4d514170)

running 12 tests
test every_visible_help_path_describes_schema_and_effects_without_project_access ... ok
test help_and_version_are_successful_without_project_access ... ok
test invalid_strict_queries_preserve_generation_database_sources_and_output_path ... ok
test no_color_suppresses_help_on_a_real_terminal_including_nested_help ... ok
test non_utf8_argument_returns_structured_error_without_panic_or_effect ... ok
test parser_diagnostics_mask_secrets_and_escape_control_characters ... ok
test parser_errors_respect_actual_json_option_and_do_not_load_project ... ok
test plain_parser_diagnostics_escape_bidi_c1_and_line_controls ... ok
test semantic_refusals_are_one_safe_json_document_for_every_requested_format ... ok
test undeliverable_parser_capacity_semantic_and_timeout_refusals_return_io_exit ... ok
test unsupported_ndjson_is_rejected_before_project_discovery_or_init ... ok
test valid_minimum_capacity_bounds_semantic_and_timeout_refusals_without_writes ... ok

test result: ok. 12 passed; 0 failed; 0 ignored; 0 measured; 0 filtered out; finished in 1.17s

     Running tests/context_input_deadline.rs (target/debug/deps/context_input_deadline-0de6c57f731310c2)

running 5 tests
test fifo_task_path_is_rejected_without_waiting_for_a_writer_or_publishing ... ok
test held_open_task_stdin_times_out_without_index_publication ... ok
test stdin_flag_restoration_is_observed_in_a_separate_process ... ok
test task_file_reader_preserves_utf8_and_rejects_oversize_invalid_and_expired_inputs ... ok
test unix_stdin_flags_probe ... ok

test result: ok. 5 passed; 0 failed; 0 ignored; 0 measured; 0 filtered out; finished in 0.64s

     Running tests/core_security.rs (target/debug/deps/core_security-7b0e487db632e698)

running 12 tests
test checkpoint_scope_unique_rename_and_checksum_failure_are_explicit ... ok
test cr01_handoff_symlink_cannot_write_outside_project ... ok
test cr02_embedded_private_key_fragments_are_masked ... ok
test cr04_require_complete_does_not_hide_skipped_input ... ok
test cr05_public_envelope_reports_truncation_and_parser_partial ... ok
test cr06_equals_format_errors_are_single_json_documents ... ok
test cr08_checkpoint_metadata_obeys_new_security_exclusions ... ok
test cr09_freshness_is_validated_and_off_is_visible ... ok
test cr10_explicit_seed_limit_is_reported ... ok
test rebuild_preserves_checkpoints_and_quarantines_corrupt_index ... ok
test rebuild_refuses_foreign_workspace_without_replacing_index ... ok
test rebuild_refuses_newer_schema_without_replacing_original ... ok

test result: ok. 12 passed; 0 failed; 0 ignored; 0 measured; 0 filtered out; finished in 1.49s

     Running tests/handoff_preflight.rs (target/debug/deps/handoff_preflight-00ee29a516bfb75e)

running 5 tests
test explicit_regular_file_semantics_and_create_update_show_are_preserved ... ok
test fifo_input_is_refused_without_blocking_or_creating_checkpoints ... ok
test invalid_names_on_every_leaf_refuse_before_discovery_or_response_writes ... ok
test library_invalid_name_and_original_expiry_refuse_before_input_or_artifacts ... ok
test oversize_and_invalid_utf8_inputs_preserve_every_index_checkpoint_and_file ... ok

test result: ok. 5 passed; 0 failed; 0 ignored; 0 measured; 0 filtered out; finished in 0.41s

     Running tests/task_input_source.rs (target/debug/deps/task_input_source-58b95f4079975e1d)

running 6 tests
test bounds_encoding_and_original_deadline_are_enforced ... ok
test external_alias_into_project_is_admitted_but_internal_aliases_and_escapes_are_denied ... ok
test external_input_is_explicit_and_content_or_same_bytes_replacement_is_detected ... ok
test fifo_is_rejected_without_waiting_for_a_writer ... ok
test original_external_ancestor_and_canonical_parent_remain_bound ... ok
test project_admission_precedes_body_and_provenance_has_no_path ... ok

test result: ok. 6 passed; 0 failed; 0 ignored; 0 measured; 0 filtered out; finished in 0.02s

