   Compiling pctx v0.1.0-dev (/Users/dev/PCTX)
    Finished `test` profile [unoptimized + debuginfo] target(s) in 7.72s
     Running unittests src/lib.rs (target/debug/deps/pctx-ae897bec01e143c7)

running 49 tests
test input::identity_tests::explicit_file_transport_preserves_literal_dash_and_regular_file_symlink_semantics ... ok
test input::identity_tests::explicit_file_cap_detects_growth_after_metadata_at_each_caller_limit ... ok
test input::identity_tests::project_read_identity_rejects_replace_and_restore_even_with_same_bytes ... ok
test input::identity_tests::explicit_file_cap_rejects_large_archive_before_read_and_keeps_original_expiry ... ok
test broker::tests::nul_names_rename_and_unborn_metadata_are_machine_parsed ... ok
test filters::deadline_tests::explain_preserves_admitted_executable_symlink_denial_and_size_limit ... ok
test inventory::deadline_tests::confirmation_and_partial_fallback_cannot_absorb_expired_or_changed_root ... ok
test filters::deadline_tests::preview_default_scope_is_one_budget_over_all_actual_records ... ok
test output::capture_tests::incomplete_private_key_never_reaches_records ... ok
test operations::reporting_aggregation_tests::source_classification_changed_after_last_admission_is_not_emitted ... ok
test output::capture_tests::continuously_readable_capture_obeys_finalization_deadline ... ok
test filters::deadline_tests::original_budget_expires_during_actual_preview_record_admission ... ok
test output::capture_tests::registered_git_nul_capture_preserves_filename_controls_and_record_boundaries ... ok
test filters::deadline_tests::original_budget_expires_during_actual_loaded_input_record_admission ... ok
test output::capture_tests::split_secret_and_ansi_never_survive_normalization ... ok
test output::capture_tests::oversize_binary_invalid_utf8_and_record_counts_are_bounded ... ok
test output::capture_tests::native_job_receipt_failures_preserve_artifact_and_block_pass_evidence ... ok
test query_process::adapter_version_policy_tests::version_observation_does_not_admit_inference_or_extra_arguments ... ok
test query_process::managed_observation_policy_tests::schedule_queries_reject_mutations_wildcards_and_extra_arguments ... ok
test output::capture_tests::registered_native_callback_failures_preserve_processing_truth ... ok
test reader::search_candidate_tests::admitted_size_and_encoding_failures_are_errors ... ok
test reader::search_candidate_tests::authority_errors_never_become_absent_candidates ... ok
test reader::search_candidate_tests::deletion_and_identical_replacement_after_admission_are_fatal ... ok
test reader::search_candidate_tests::initial_local_missing_excluded_link_directory_fifo_and_permission_are_not_sources ... ok
test reader::search_candidate_tests::normal_body_hash_and_original_expired_deadline_are_preserved ... ok
test output::capture_tests::native_pipe_wait_and_worker_faults_preserve_surviving_capture ... ok
test pack::validation_tests::committed_pause_during_source_validation_prevents_delivery_and_publication ... ok
test pack::validation_tests::source_read_expiry_keeps_original_timeout_in_library_validation ... ok
test inventory::deadline_tests::profile_original_budget_expires_after_actual_confirmed_claims ... ok
test inventory::deadline_tests::audit_original_budget_expires_after_actual_claim_reads ... ok
test runner::auxiliary_deadline_tests::trust_plan_establishes_one_default_scope_and_preserves_supplied_scope ... ok
test runner::completion_contract_tests::backend_and_guardian_faults_keep_native_truth_and_conservative_ownership ... ok
test runner::stored_slot_contract_tests::stored_slot_decode_failure_preserves_ownership_and_acknowledgement_intent ... ok
test inventory::deadline_tests::scan_original_budget_expires_after_real_source_items_before_next_processing ... ok
test schedule::deadline_tests::stored_schedule_bridge_decode_retains_absence_and_changed_binding_order ... ok
test schedule::deadline_tests::stored_schedule_decision_decode_retains_expiry_and_original_deadline_order ... ok
test search::tests::boolean_precedence_and_bounds ... ok
test search::tests::literal_smart_case ... ok
test watch::tests::frame_delivery_and_flush_failures_propagate_io_errors ... ok
test watch::tests::frames_escape_hidden_controls_without_changing_ndjson_values ... ok
test operations::reporting_aggregation_tests::inbox_batch_drops_earlier_expired_admission_and_rechecks_earlier_sources ... ok
test operations::reporting_aggregation_tests::expiry_during_later_role_evaluation_never_accepts_earlier_admission ... ok
test schedule::deadline_tests::list_original_budget_expires_after_actual_rows_before_assembly ... ok
test runner::auxiliary_deadline_tests::opened_auxiliary_keeps_budget_for_subsequent_source_reads ... ok
test runner::auxiliary_deadline_tests::resource_status_retains_original_budget_after_native_identity_observation ... ok
test runner::auxiliary_deadline_tests::auxiliary_loading_expires_after_actual_config_admission ... ok
test runner::auxiliary_deadline_tests::registered_fingerprint_expires_after_actual_executable_chunk_read ... ok
test schedule::deadline_tests::native_observation_original_expiry_does_not_become_registration_absence ... ok
test quota::aggregation_deadline_tests::public_report_stops_real_aggregation_at_original_deadline_after_rows_admitted ... ok

test result: ok. 49 passed; 0 failed; 0 ignored; 0 measured; 0 filtered out; finished in 4.71s

     Running unittests src/main.rs (target/debug/deps/pctx-5861ab217462b7f0)

running 7 tests
test finite_route_tests::renderer_refusal_keeps_typed_error_and_incomplete_coverage ... ok
test cli_help::tests::every_declared_leaf_has_an_explicit_effect_contract ... ok
test cli_args::tests::producer_repetition_and_literal_child_options_preserve_exact_values ... ok
test cli_args::tests::pack_artifact_output_and_global_output_share_one_singular_binding ... ok
test cli_args::tests::defaults_and_fresh_parses_do_not_count_as_duplicate_inputs ... ok
test finite_route_tests::finite_work_quota_adapter_reads_do_not_time_execution ... ok
test parser_contract_tests::frozen_visible_parser_schema_and_cases ... ok

test result: ok. 7 passed; 0 failed; 0 ignored; 0 measured; 0 filtered out; finished in 6.48s

     Running tests/broker.rs (target/debug/deps/broker-9f124a6ad706c742)

running 9 tests
test non_git_is_unsupported_and_corrupt_git_is_never_empty_or_clean ... ok
test field_selection_and_nul_filenames_do_not_emit_paths_or_source ... ok
test repo_fsmonitor_script_is_never_executed ... ok
test proven_dead_refresh_owner_can_be_reclaimed_without_ttl_guessing ... ok
test live_refresh_owner_is_not_stolen_by_age_and_returns_pending ... ok
test bounded_wait_without_snapshot_is_unavailable_and_never_reclaims_live_owner ... ok
test concurrent_refresh_is_shared_but_workspace_and_policy_keys_are_isolated ... ok
test default_waiter_receives_shared_publication_after_old_half_second_cutoff ... ok
test five_actual_cli_processes_share_one_refresh ... ok

test result: ok. 9 passed; 0 failed; 0 ignored; 0 measured; 0 filtered out; finished in 1.18s

     Running tests/cli_contract.rs (target/debug/deps/cli_contract-7fe808194ea4872f)

running 14 tests
test invalid_json_cli_inputs_still_return_one_json_document ... ok
test invalid_capacity_is_json_even_for_markdown_and_never_writes_output ... ok
test minimum_error_budget_boundary_is_argument_validation_before_project_access ... ok
test every_stdout_budget_route_rejects_tiny_capacity_without_child_or_local_files ... ok
test inventory_cli_reports_static_candidates_without_execution_or_authority ... ok
test security_applies_to_direct_reads_and_cached_metadata ... ok
test valid_minimum_capacity_with_oversize_mandatory_rule_keeps_budget_exit_eight ... ok
test strict_lookup_retains_available_evidence_and_reports_incomplete_refresh ... ok
test invalid_project_and_merged_user_policy_never_become_successful_empty_results ... ok
test markdown_is_a_safe_document_and_unsupported_formats_precede_writes ... ok
test context_budget_is_exact_json_and_required_rules_are_not_cut ... ok
test non_git_exploration_changes_and_idempotent_init ... ok
test tiny_budgets_preserve_index_lease_checks_and_context_receipt_ledgers ... ok
test ndjson_snapshot_follow_and_resume_have_no_event_gap ... ok

test result: ok. 14 passed; 0 failed; 0 ignored; 0 measured; 0 filtered out; finished in 2.24s

     Running tests/cli_coverage_contract.rs (target/debug/deps/cli_coverage_contract-6a1b71a32123ed05)

running 5 tests
test requested_json_filter_parse_failure_is_incomplete ... ok
test known_incomplete_inventory_and_corrupt_status_are_not_successful_empty ... ok
test pack_optional_validation_differs_from_requested_but_unavailable_sources ... ok
test frozen_families_empty_and_missing_are_distinct ... ok
test saved_output_zero_matches_and_incomplete_capture_are_distinct_without_rerun ... ok

test result: ok. 5 passed; 0 failed; 0 ignored; 0 measured; 0 filtered out; finished in 6.06s

     Running tests/cli_frontend.rs (target/debug/deps/cli_frontend-4948844b4d514170)

running 28 tests
test non_utf8_argument_returns_structured_error_without_panic_or_effect ... ok
test help_and_version_are_successful_without_project_access ... ok
test no_color_suppresses_help_on_a_real_terminal_including_nested_help ... ok
test native_hook_invalid_transports_refuse_before_project_or_output_access ... ok
test parser_diagnostics_mask_secrets_and_escape_control_characters ... ok
test parser_errors_respect_actual_json_option_and_do_not_load_project ... ok
test parsed_run_preflight_refusals_attest_no_child_before_any_access ... ok
test invalid_strict_queries_preserve_generation_database_sources_and_output_path ... ok
test native_metadata_overflow_keeps_prelaunch_truth_and_declares_omitted_identity ... ok
test initialized_producer_errors_keep_identity_in_each_document_and_destination ... ok
test nested_global_positions_select_the_same_root_format_and_timeout ... ok
test plain_parser_diagnostics_escape_bidi_c1_and_line_controls ... ok
test root_version_is_exact_and_ignores_project_output_and_query_options ... ok
test semantic_refusals_are_one_safe_json_document_for_every_requested_format ... ok
test partial_refresh_does_not_claim_the_requested_outline_is_wholly_unsupported ... ok
test singular_global_duplicates_are_rejected_before_project_and_output_effects ... ok
test streaming_response_files_refuse_before_discovery_or_destination_access ... ok
test undeliverable_parser_capacity_semantic_and_timeout_refusals_return_io_exit ... ok
test unsupported_ndjson_is_rejected_before_project_discovery_or_init ... ok
test undeliverable_plain_parser_diagnostic_returns_io_exit_without_panic ... ok
test valid_minimum_capacity_bounds_semantic_and_timeout_refusals_without_writes ... ok
test saved_output_invalid_arguments_refuse_before_project_and_response_access ... ok
test unsupported_markdown_refuses_before_response_files_and_stream_dispatch ... ok
test pack_artifact_output_is_required_once_and_works_at_every_command_depth ... ok
test outline_empty_unsupported_and_partial_are_distinct_in_every_representation ... ok
test all_markdown_leaf_classes_keep_complete_envelopes_on_stdout_and_files ... ok
test read_final_document_budget_uses_emitted_format_and_preserves_excerpt_truth ... ok
test every_visible_help_path_describes_schema_and_effects_without_project_access ... ok

test result: ok. 28 passed; 0 failed; 0 ignored; 0 measured; 0 filtered out; finished in 1.09s

     Running tests/cli_refusal_envelope.rs (target/debug/deps/cli_refusal_envelope-e0fa1efd013109e3)

running 4 tests
test semantic_and_representation_refusals_do_not_claim_completed_execution ... ok
test install_required_and_duplicate_options_keep_parser_envelope_and_no_effects ... ok
test admitted_install_failures_keep_state_classification_and_response_destination ... ok
test all_visible_leaf_unknown_options_refuse_before_project_and_output ... ok

test result: ok. 4 passed; 0 failed; 0 ignored; 0 measured; 0 filtered out; finished in 3.60s

     Running tests/cli_run_exit.rs (target/debug/deps/cli_run_exit-6950b2b7b4cecebc)

running 11 tests
test missing_project_is_prelaunch_failure_in_both_modes_without_files ... ok
test project_refusal_near_minimum_keeps_original_exit_and_fits ... ok
test project_refusals_preserve_typed_exit_and_message_before_spawn ... ok
test actual_prelaunch_refusal_has_no_child_outcome_or_invocation ... ok
test admitted_small_run_budgets_preserve_prelaunch_truth_without_artifact ... ok
test actual_spawn_failure_never_becomes_success_or_child_exit ... ok
test incomplete_capture_is_partial_without_replacing_child_success ... ok
test actual_execution_timeout_preserves_observation_but_returns_wrapper_error ... ok
test publication_failure_preserves_child_outcome_and_never_retries ... ok
test actual_child_codes_and_signal_are_distinct_from_wrapper_status ... ok
test final_serialized_budget_preserves_actual_child_truth_and_full_reread ... ok

test result: ok. 11 passed; 0 failed; 0 ignored; 0 measured; 0 filtered out; finished in 3.48s

     Running tests/core_security.rs (target/debug/deps/core_security-7b0e487db632e698)

running 12 tests
test cr06_equals_format_errors_are_single_json_documents ... ok
test cr01_handoff_symlink_cannot_write_outside_project ... ok
test cr04_require_complete_does_not_hide_skipped_input ... ok
test cr09_freshness_is_validated_and_off_is_visible ... ok
test cr05_public_envelope_reports_truncation_and_parser_partial ... ok
test cr02_embedded_private_key_fragments_are_masked ... ok
test checkpoint_scope_unique_rename_and_checksum_failure_are_explicit ... ok
test cr08_checkpoint_metadata_obeys_new_security_exclusions ... ok
test rebuild_refuses_foreign_workspace_without_replacing_index ... ok
test rebuild_refuses_newer_schema_without_replacing_original ... ok
test rebuild_preserves_checkpoints_and_quarantines_corrupt_index ... ok
test cr10_explicit_seed_limit_is_reported ... ok

test result: ok. 12 passed; 0 failed; 0 ignored; 0 measured; 0 filtered out; finished in 0.87s

     Running tests/filters.rs (target/debug/deps/filters-9e3df5656f93ef1c)

running 8 tests
test strict_keys_operations_and_regex_no_code_execution ... ok
test secrets_cr_and_unicode_are_safe_and_protected_survives_excerpt ... ok
test structured_fields_grouping_and_excerpt_keep_protected_metadata ... ok
test protect_beats_drop_dedup_keeps_occurrences_ranges_and_no_pass_claim ... ok
test changed_fixture_cannot_activate_old_report_and_bounds_are_explicit ... ok
test stored_filter_authority_corruption_keeps_hash_priority_and_cannot_publish_binding ... ok
test saved_output_custom_render_preserves_observed_failure_without_rerun ... ok
test full_fixture_activation_hash_invalidation_and_exact_match_ambiguity ... ok

test result: ok. 8 passed; 0 failed; 0 ignored; 0 measured; 0 filtered out; finished in 0.48s

     Running tests/inventory.rs (target/debug/deps/inventory-3ccb113965ac776c)

running 8 tests
test dynamic_invalid_and_unsupported_configs_are_explicit ... ok
test symlinks_and_budgets_are_not_traversed ... ok
test stale_documents_and_changed_source_only_need_review ... ok
test static_workspace_packages_and_checks_have_current_proof_without_execution ... ok
test audit_proposals_are_deterministic_hash_bound_and_do_not_write ... ok
test exclusions_and_redaction_apply_to_scan_and_current_audit ... ok
test unknown_selectors_and_code_structure_do_not_invent_facts ... ok
test profile_confirms_observation_not_owner_authority_and_detects_conflict_and_stale ... ok

test result: ok. 8 passed; 0 failed; 0 ignored; 0 measured; 0 filtered out; finished in 0.03s

     Running tests/output.rs (target/debug/deps/output-6e0a106d5d0b7325)

running 11 tests
test invalid_saved_output_queries_precede_artifact_reads ... ok
test opaque_shell_heavy_and_bad_identifiers_rejected ... ok
test agent_cannot_mint_execution_trust_and_git_helpers_are_unavailable ... ok
test masking_is_before_storage_and_cr_preserves_error ... ok
test typed_full_report_preserves_failed_counts_without_becoming_gate_evidence ... ok
test exact_trust_child_exit_and_reread_without_execution ... ok
test none_expiry_tamper_and_policy_change_cannot_restore_records ... ok
test diagnostic_extract_binds_original_source_and_rereads_without_execution ... ok
test nonzero_and_timeout_are_not_filter_success ... ok
test verbose_output_preserves_late_diagnostics_and_full_masked_denominator ... ok
test bounded_capture_retains_tail_and_original_record_positions ... ok

test result: ok. 11 passed; 0 failed; 0 ignored; 0 measured; 0 filtered out; finished in 1.24s

     Running tests/pack.rs (target/debug/deps/pack-8d09189cdcc06191)

running 11 tests
test giant_item_and_total_budget_fail_without_plans_or_publication ... ok
test racing_artifact_parent_symlink_never_reads_outside_marker ... ok
test inspection_reapplies_source_artifact_policy_and_masks_untrusted_manifest ... ok
test signatures_keep_notices_and_single_json_verifies ... ok
test forged_budgets_parts_and_json_complexity_are_rejected_before_load ... ok
test stale_source_policy_task_and_wrong_expected_hash_do_not_publish ... ok
test legacy_plan_requires_replanning_but_legacy_artifact_remains_readable ... ok
test symlink_output_input_overlap_and_overwrite_are_denied ... ok
test integrity_tamper_missing_parts_and_missing_original_are_distinct ... ok
test immutable_plan_has_no_source_metadata_default_and_full_masks_preserves_license ... ok
test task_or_parser_revision_changes_make_current_source_pack_stale ... ok

test result: ok. 11 passed; 0 failed; 0 ignored; 0 measured; 0 filtered out; finished in 0.68s

     Running tests/persisted_error_contract.rs (target/debug/deps/persisted_error_contract-257962e0e1215410)

running 22 tests
test caller_json_syntax_remains_input_error_without_storage_effects ... ok
test corrupted_activity_syntax_is_storage_failure_on_every_existing_transport ... ok
test grouped_index_metadata_and_checksum_matched_checkpoint_json_are_storage_errors ... ok
test grouped_decision_payloads_preserve_caller_errors_and_safe_storage_refusal ... ok
test grouped_broker_saved_snapshot_preserves_parser_priority ... ok
test grouped_paired_index_cache_checkpoint_get_and_registry_shape_decoders ... ok
test grouped_job_and_helper_consumers_refuse_corrupt_metadata_without_releasing_slots ... ok
test grouped_private_execution_trust_refuses_corruption_before_spawn ... ok
test grouped_message_queue_payloads_and_receipts_keep_recipient_and_replay_priority ... ok
test grouped_context_selection_and_capsule_keep_identity_conflict_before_storage_decode ... ok
test grouped_registry_pack_output_and_helper_metadata_refuse_without_publication ... ok
test grouped_quota_observation_syntax_and_shape_are_storage_errors ... ok
test grouped_private_credentials_keep_missing_mismatch_and_revoked_priority ... ok
test grouped_quota_receipt_and_prior_observation_decoders_preserve_conflict ... ok
test grouped_runner_trust_and_task_decode_do_not_mask_storage_failure_as_owner_permission ... ok
test grouped_schedule_stored_definition_and_receipt_preserve_replay_conflict ... ok
test stored_create_receipt_preserves_replay_conflict_and_original_expiry ... ok
test stored_report_receipt_preserves_exact_replay_before_lease_and_hash_conflict_before_decode ... ok
test grouped_remaining_schedule_storage_branches_preserve_state_and_input_priority ... ok
test stored_task_fields_refuse_corruption_without_mutating_or_changing_input_errors ... ok
test valid_stored_json_values_and_later_page_failure_preserve_events_and_cursors ... ok
test busy_admission_is_retryable_but_original_request_expiry_is_not ... ok

test result: ok. 22 passed; 0 failed; 0 ignored; 0 measured; 0 filtered out; finished in 10.32s

     Running tests/reader_deadline.rs (target/debug/deps/reader_deadline-d7b5d7001a3131cd)

running 4 tests
test cloned_project_keeps_same_expired_budget_instead_of_starting_a_new_phase ... ok
test expired_budget_is_timeout_for_read_inventory_manifest_and_path_authorization ... ok
test expired_inventory_never_returns_empty_or_converts_timeout_to_skipped_metadata ... ok
test bounded_chunks_keep_hash_utf8_and_source_policy_contracts ... ok

test result: ok. 4 passed; 0 failed; 0 ignored; 0 measured; 0 filtered out; finished in 0.03s

     Running tests/reader_policy_cache.rs (target/debug/deps/reader_policy_cache-c10dd914991c07d2)

running 8 tests
test immutable_root_anchor_accepts_in_place_and_atomic_source_edits ... ok
test cloned_anchor_never_rebinds_after_root_is_deleted_and_recreated ... ok
test warmed_patterns_do_not_authorize_a_path_replaced_by_a_symlink ... ok
test warmed_root_and_ancestor_replacement_cannot_redirect_current_source ... ok
test compiled_patterns_never_cache_path_access_or_source_across_projects ... ok
test fifo_source_and_configuration_are_rejected_without_blocking ... ok
test concurrent_eviction_keeps_each_exact_policy_and_current_source ... ok
test initialized_project_rejects_normal_root_and_ancestor_replacement ... ok

test result: ok. 8 passed; 0 failed; 0 ignored; 0 measured; 0 filtered out; finished in 0.16s

     Running tests/session.rs (target/debug/deps/session-e37e24e280aa64af)

running 7 tests
test identity_secrets_are_rejected_before_persistence ... ok
test suspend_reconcile_preserves_task_pause_and_never_revives_run ... ok
test minimum_budget_failure_creates_no_emission ... ok
test expired_outer_budget_cannot_emit_ack_attach_or_change_epoch ... ok
test independent_sessions_boundaries_and_policy_reject_old_baselines ... ok
test rule_changes_and_deleted_paths_are_explicit ... ok
test explicit_ack_unchanged_delta_and_no_source_ledger ... ok

test result: ok. 7 passed; 0 failed; 0 ignored; 0 measured; 0 filtered out; finished in 0.14s

     Running tests/work_control.rs (target/debug/deps/work_control-8112bcadab3f8486)

running 11 tests
test database_rejects_event_modification_and_receipt_conflict ... ok
test external_report_is_an_allowed_claim_without_native_environment_authority ... ok
test zero_minimum_cannot_make_zero_tests_pass ... ok
test legacy_native_pass_without_authoritative_binding_is_not_current_evidence ... ok
test claims_reports_reassignment_and_cursor ... ok
test current_source_change_blocks_completion ... ok
test zero_tests_and_revision_conflict ... ok
test backup_restore_revokes_live_leases_and_preserves_pause ... ok
test evidence_gate_and_historical_completion ... ok
test schedule_v2_backup_strips_local_binding_and_restore_revokes_running_authority ... ok
test restore_preserves_session_history_without_ack_or_epoch_reuse ... ok

test result: ok. 11 passed; 0 failed; 0 ignored; 0 measured; 0 filtered out; finished in 0.35s

