    Checking pctx v0.1.0-dev (/Users/dev/PCTX)
error: this `if` statement can be collapsed
   --> tests/cli_refusal_envelope.rs:250:9
    |
250 | /         if path.is_dir() {
251 | |             if let Some(path) = find(&path, name) {
252 | |                 return Some(path);
253 | |             }
254 | |         }
    | |_________^
    |
    = help: for further information visit https://rust-lang.github.io/rust-clippy/rust-1.99.0/index.html#collapsible_if
    = note: `-D clippy::collapsible-if` implied by `-D warnings`
    = help: to override `-D warnings` add `#[allow(clippy::collapsible_if)]`
help: collapse nested if block
    |
250 ~         if path.is_dir()
251 ~             && let Some(path) = find(&path, name) {
252 |                 return Some(path);
253 ~             }
    |

error: could not compile `pctx` (test "cli_refusal_envelope") due to 1 previous error
warning: build failed, waiting for other jobs to finish...
