   Compiling pctx v0.1.0-dev (/Users/dev/PCTX)
    Finished `test` profile [unoptimized + debuginfo] target(s) in 2.36s
     Running tests/checkpoint_preflight.rs (target/debug/deps/checkpoint_preflight-84e094c99f03ba49)

running 3 tests
test checkpoint_producer_validation_precedes_writer_and_manifest ... FAILED
test invalid_checkpoint_arguments_have_no_project_or_response_effects ... FAILED
test checkpoint_display_names_and_dot_glob_scopes_remain_supported ... ok

failures:

---- checkpoint_producer_validation_precedes_writer_and_manifest stdout ----

thread 'checkpoint_producer_validation_precedes_writer_and_manifest' (8518165) panicked at tests/checkpoint_preflight.rs:162:9:
assertion `left == right` failed
  left: ("IO_ERROR", 7)
 right: ("INVALID_ARGUMENT", 2)
note: run with `RUST_BACKTRACE=1` environment variable to display a backtrace

---- invalid_checkpoint_arguments_have_no_project_or_response_effects stdout ----

thread 'invalid_checkpoint_arguments_have_no_project_or_response_effects' (8518166) panicked at tests/checkpoint_preflight.rs:80:5:
assertion `left == right` failed: Output { status: ExitStatus(unix_wait_status(1792)), stdout: "", stderr: "" }
  left: Some(7)
 right: Some(2)


failures:
    checkpoint_producer_validation_precedes_writer_and_manifest
    invalid_checkpoint_arguments_have_no_project_or_response_effects

test result: FAILED. 1 passed; 2 failed; 0 ignored; 0 measured; 0 filtered out; finished in 0.93s

error: test failed, to rerun pass `--test checkpoint_preflight`
