   Compiling pctx v0.1.0-dev (/Users/dev/PCTX)
    Finished `test` profile [unoptimized + debuginfo] target(s) in 8.88s
     Running tests/cli_coverage_contract.rs (target/debug/deps/cli_coverage_contract-6a1b71a32123ed05)

running 5 tests
test requested_json_filter_parse_failure_is_incomplete ... ok
test known_incomplete_inventory_and_corrupt_status_are_not_successful_empty ... ok
test frozen_families_empty_and_missing_are_distinct ... FAILED
test pack_optional_validation_differs_from_requested_but_unavailable_sources ... ok
test saved_output_zero_matches_and_incomplete_capture_are_distinct_without_rerun ... ok

failures:

---- frozen_families_empty_and_missing_are_distinct stdout ----

thread 'frozen_families_empty_and_missing_are_distinct' (9345208) panicked at tests/cli_coverage_contract.rs:39:9:
assertion `left == right` failed: ["repo", "status", "--fields", "branch"]/json: Output { status: ExitStatus(unix_wait_status(1536)), stdout: "{\"command\":\"repo status\",\"coverage\":{\"reasons\":[\"git_unavailable_for_workspace\"],\"status\":\"unsupported\"},\"data\":{\"age_ms\":28,\"authority\":\"git_local_observation\",\"cache_status\":\"hit\",\"coverage\":{\"reasons\":[\"git_unavailable_for_workspace\"],\"status\":\"unsupported\"},\"freshness\":\"current\",\"items\":{\"capability\":\"unsupported\",\"reason\":\"no_git_repository\"},\"network\":\"not_used\",\"observed_at\":\"2026-10-09T03:22:37.262+00:00\",\"permission_scope\":\"4c1029697ee358715d3a14a2add817c4b01651440de808371f78165ac90dc581\",\"refresh_status\":\"idle\",\"source_generation\":1,\"source_revision\":\"84e6334918be3d0c4298a5b84e39a7342d370f77dbcbf14337406100f2c28afb\",\"source_status\":\"unsupported\",\"workspace_atomic\":false},\"errors\":[{\"code\":\"UNSUPPORTED\",\"message\":\"Git status is unavailable for the current workspace\",\"retryable\":false}],\"generation_id\":null,\"project_id\":\"37ad7032-6c89-47fa-815c-04448b0929c6\",\"schema_version\":\"1.0\",\"status\":\"error\",\"truncation\":{\"reasons\":[],\"truncated\":false},\"validation\":{\"checked_at\":\"2026-10-09T03:22:37.290Z\",\"mode\":\"matched\",\"scope\":[],\"workspace_atomic\":false},\"warnings\":[],\"workspace_id\":\"WS-afc055f8-fb16-4ca9-b01e-4ef897207b6b\"}\n", stderr: "" }
  left: Some(6)
 right: Some(0)
note: run with `RUST_BACKTRACE=1` environment variable to display a backtrace


failures:
    frozen_families_empty_and_missing_are_distinct

test result: FAILED. 4 passed; 1 failed; 0 ignored; 0 measured; 0 filtered out; finished in 7.24s

error: test failed, to rerun pass `--test cli_coverage_contract`
