   Compiling pctx v0.1.0-dev (/Users/dev/PCTX)
    Finished `test` profile [unoptimized + debuginfo] target(s) in 1.04s
     Running tests/cli_contract.rs (target/debug/deps/cli_contract-7fe808194ea4872f)

running 14 tests
test invalid_json_cli_inputs_still_return_one_json_document ... ok
test minimum_error_budget_boundary_is_argument_validation_before_project_access ... ok
test invalid_capacity_is_json_even_for_markdown_and_never_writes_output ... ok
test inventory_cli_reports_static_candidates_without_execution_or_authority ... ok
test every_stdout_budget_route_rejects_tiny_capacity_without_child_or_local_files ... ok
test invalid_project_and_merged_user_policy_never_become_successful_empty_results ... ok
test security_applies_to_direct_reads_and_cached_metadata ... ok
test markdown_is_a_safe_document_and_unsupported_formats_precede_writes ... ok
test strict_lookup_retains_available_evidence_and_reports_incomplete_refresh ... ok
test valid_minimum_capacity_with_oversize_mandatory_rule_keeps_budget_exit_eight ... ok
test context_budget_is_exact_json_and_required_rules_are_not_cut ... ok
test non_git_exploration_changes_and_idempotent_init ... ok
test tiny_budgets_preserve_index_lease_checks_and_context_receipt_ledgers ... ok
test ndjson_snapshot_follow_and_resume_have_no_event_gap ... ok

test result: ok. 14 passed; 0 failed; 0 ignored; 0 measured; 0 filtered out; finished in 2.99s

     Running tests/cli_frontend.rs (target/debug/deps/cli_frontend-4948844b4d514170)

running 21 tests
test non_utf8_argument_returns_structured_error_without_panic_or_effect ... ok
test parser_diagnostics_mask_secrets_and_escape_control_characters ... ok
test help_and_version_are_successful_without_project_access ... ok
test parsed_run_preflight_refusals_attest_no_child_before_any_access ... ok
test no_color_suppresses_help_on_a_real_terminal_including_nested_help ... ok
test native_hook_invalid_transports_refuse_before_project_or_output_access ... ok
test parser_errors_respect_actual_json_option_and_do_not_load_project ... ok
test root_version_is_exact_and_ignores_project_output_and_query_options ... ok
test plain_parser_diagnostics_escape_bidi_c1_and_line_controls ... ok
test undeliverable_parser_capacity_semantic_and_timeout_refusals_return_io_exit ... ok
test undeliverable_plain_parser_diagnostic_returns_io_exit_without_panic ... ok
test semantic_refusals_are_one_safe_json_document_for_every_requested_format ... ok
test unsupported_ndjson_is_rejected_before_project_discovery_or_init ... ok
test singular_global_duplicates_are_rejected_before_project_and_output_effects ... ok
test nested_global_positions_select_the_same_root_format_and_timeout ... ok
test invalid_strict_queries_preserve_generation_database_sources_and_output_path ... ok
test valid_minimum_capacity_bounds_semantic_and_timeout_refusals_without_writes ... ok
test unsupported_markdown_refuses_before_response_files_and_stream_dispatch ... ok
test pack_artifact_output_is_required_once_and_works_at_every_command_depth ... ok
test outline_empty_unsupported_and_partial_are_distinct_in_every_representation ... ok
test every_visible_help_path_describes_schema_and_effects_without_project_access ... ok

test result: ok. 21 passed; 0 failed; 0 ignored; 0 measured; 0 filtered out; finished in 0.97s

     Running tests/render.rs (target/debug/deps/render-cc917b0b7eea1064)

running 11 tests
test budget_fallback_keeps_nested_execution_truth_and_retrieval_kind ... ok
test json_formats_are_one_minified_document_including_exact_final_newline ... ok
test errors_partial_scope_and_negative_report_are_explicit_without_success_claim ... ok
test budget_fallback_never_fabricates_child_truth_without_attestation ... ok
test signatures_and_outlines_are_visible_with_ranges_and_literal_control_escaping ... ok
test malicious_fences_and_controls_cannot_escape_literal_source_and_roundtrip_exactly ... ok
test terminal_hidden_unicode_is_json_escaped_without_changing_values ... ok
test preexisting_masking_and_unicode_are_not_changed_or_inferred ... ok
test support_is_exact_and_unsupported_markdown_returns_argument_error ... ok
test outline_and_handoff_display_source_provenance_and_keep_unknown_fields ... ok
test renderer_never_enforces_or_silently_cuts_a_reported_budget ... ok

test result: ok. 11 passed; 0 failed; 0 ignored; 0 measured; 0 filtered out; finished in 0.00s

     Running tests/search.rs (target/debug/deps/search-751f23ebc1208c2d)

running 27 tests
test expired_queries_fail_even_when_the_candidate_universe_is_empty ... ok
test boolean_complements_validate_candidates_without_positive_hits ... ok
test cached_policy_change_hides_metadata_and_boolean_remains_explicit ... ok
test alias_and_aggregate_regex_candidates_use_current_validation ... ok
test indexed_metadata_empty_generation_rejects_replaced_root_before_search ... ok
test indexed_metadata_invalid_policy_and_foreign_workspace_fail_closed ... ok
test indexed_body_search_does_not_follow_a_matching_or_complement_symlink ... ok
test indexed_metadata_matches_including_complements_authorize_before_limit_even_off ... ok
test markdown_sections_ignore_fenced_examples_and_link_parents ... ok
test invalid_policy_fails_even_without_metadata_candidates ... ok
test indexed_body_search_observes_new_text_and_boolean_complements_with_actual_hashes ... ok
test matched_metadata_validates_stale_candidates_without_discovering_new_names ... ok
test oversized_non_candidate_is_skipped_but_matching_candidate_fails ... ok
test indexed_body_search_filters_current_policy_scope_language_and_deleted_rows_without_counts ... ok
test indexed_metadata_search_hides_unopened_historical_counts_and_propagates_generation ... ok
test metadata_non_candidates_are_not_opened_as_source ... ok
test unsupported_is_distinct_from_empty_supported ... ok
test utf8_crlf_locations_and_version_ids ... ok
test stale_symbol_and_ambiguous_names_never_select_code ... ok
test indexed_body_search_validates_nonmatching_later_sources_before_limit_even_off ... ok
test structural_variants_use_real_grammar ... ok
test text_and_all_still_read_sources_without_metadata_hits_and_policy_hides_candidates ... ok
test indexed_metadata_staleness_and_body_only_discovery_keep_their_boundaries ... ok
test parsing_cancellation_is_timeout_instead_of_empty_or_partial_ast_success ... ok
test indexed_body_search_preserves_invalid_policy_workspace_and_shared_lock_deadlines ... ok
test candidate_scan_cap_remains_distinct_from_request_timeout ... ok
test deadline_partial_keeps_only_verified_matches_and_never_claims_complete_coverage ... ok

test result: ok. 27 passed; 0 failed; 0 ignored; 0 measured; 0 filtered out; finished in 0.53s

