   Compiling pctx v0.1.0-dev (/Users/dev/PCTX)
    Finished `test` profile [unoptimized + debuginfo] target(s) in 1.18s
     Running tests/cli_contract.rs (target/debug/deps/cli_contract-7fe808194ea4872f)

running 14 tests
test invalid_capacity_is_json_even_for_markdown_and_never_writes_output ... ok
test invalid_json_cli_inputs_still_return_one_json_document ... ok
test minimum_error_budget_boundary_is_argument_validation_before_project_access ... ok
test every_stdout_budget_route_rejects_tiny_capacity_without_child_or_local_files ... ok
test inventory_cli_reports_static_candidates_without_execution_or_authority ... ok
test valid_minimum_capacity_with_oversize_mandatory_rule_keeps_budget_exit_eight ... ok
test security_applies_to_direct_reads_and_cached_metadata ... ok
test invalid_project_and_merged_user_policy_never_become_successful_empty_results ... ok
test strict_lookup_retains_available_evidence_and_reports_incomplete_refresh ... ok
test markdown_is_a_safe_document_and_unsupported_formats_precede_writes ... ok
test context_budget_is_exact_json_and_required_rules_are_not_cut ... ok
test non_git_exploration_changes_and_idempotent_init ... ok
test tiny_budgets_preserve_index_lease_checks_and_context_receipt_ledgers ... ok
test ndjson_snapshot_follow_and_resume_have_no_event_gap ... ok

test result: ok. 14 passed; 0 failed; 0 ignored; 0 measured; 0 filtered out; finished in 2.81s

     Running tests/cli_frontend.rs (target/debug/deps/cli_frontend-4948844b4d514170)

running 5 tests
test non_utf8_argument_returns_structured_error_without_panic_or_effect ... ok
test unsupported_ndjson_is_rejected_before_project_discovery_or_init ... ok
test help_and_version_are_successful_without_project_access ... ok
test parser_errors_respect_actual_json_option_and_do_not_load_project ... ok
test invalid_strict_queries_preserve_generation_database_sources_and_output_path ... ok

test result: ok. 5 passed; 0 failed; 0 ignored; 0 measured; 0 filtered out; finished in 0.11s

     Running tests/query_deadline_cli.rs (target/debug/deps/query_deadline_cli-91fccc6ca25b7a4f)

running 6 tests
test invalid_or_inapplicable_timeout_has_no_project_effects ... ok
test finite_saved_routes_accept_timeout_and_reject_zero_before_project_effects ... ok
test strict_find_waits_only_remaining_budget_and_preserves_active_generation ... ok
test finite_ndjson_contention_preserves_error_code_without_creating_events ... ok
test doctor_contention_reports_timeout_with_original_budget_and_unchanged_database ... ok
test saved_cli_reread_never_reruns_and_failed_metering_preserves_delivery_truth ... ok

test result: ok. 6 passed; 0 failed; 0 ignored; 0 measured; 0 filtered out; finished in 0.55s

