   Compiling pctx v0.1.0-dev (/Users/dev/PCTX)
    Finished `test` profile [unoptimized + debuginfo] target(s) in 5.93s
     Running unittests src/lib.rs (target/debug/deps/pctx-ae897bec01e143c7)

running 49 tests
test input::identity_tests::explicit_file_transport_preserves_literal_dash_and_regular_file_symlink_semantics ... ok
test input::identity_tests::explicit_file_cap_detects_growth_after_metadata_at_each_caller_limit ... ok
test input::identity_tests::project_read_identity_rejects_replace_and_restore_even_with_same_bytes ... ok
test broker::tests::nul_names_rename_and_unborn_metadata_are_machine_parsed ... ok
test input::identity_tests::explicit_file_cap_rejects_large_archive_before_read_and_keeps_original_expiry ... ok
test inventory::deadline_tests::confirmation_and_partial_fallback_cannot_absorb_expired_or_changed_root ... ok
test filters::deadline_tests::explain_preserves_admitted_executable_symlink_denial_and_size_limit ... ok
test filters::deadline_tests::preview_default_scope_is_one_budget_over_all_actual_records ... ok
test output::capture_tests::incomplete_private_key_never_reaches_records ... ok
test operations::reporting_aggregation_tests::source_classification_changed_after_last_admission_is_not_emitted ... ok
test output::capture_tests::continuously_readable_capture_obeys_finalization_deadline ... ok
test filters::deadline_tests::original_budget_expires_during_actual_preview_record_admission ... ok
test output::capture_tests::registered_git_nul_capture_preserves_filename_controls_and_record_boundaries ... ok
test filters::deadline_tests::original_budget_expires_during_actual_loaded_input_record_admission ... ok
test output::capture_tests::split_secret_and_ansi_never_survive_normalization ... ok
test output::capture_tests::oversize_binary_invalid_utf8_and_record_counts_are_bounded ... ok
test output::capture_tests::native_job_receipt_failures_preserve_artifact_and_block_pass_evidence ... ok
test query_process::adapter_version_policy_tests::version_observation_does_not_admit_inference_or_extra_arguments ... ok
test query_process::managed_observation_policy_tests::schedule_queries_reject_mutations_wildcards_and_extra_arguments ... ok
test output::capture_tests::registered_native_callback_failures_preserve_processing_truth ... ok
test reader::search_candidate_tests::admitted_size_and_encoding_failures_are_errors ... ok
test reader::search_candidate_tests::authority_errors_never_become_absent_candidates ... ok
test reader::search_candidate_tests::deletion_and_identical_replacement_after_admission_are_fatal ... FAILED
test reader::search_candidate_tests::initial_local_missing_excluded_link_directory_fifo_and_permission_are_not_sources ... ok
test reader::search_candidate_tests::normal_body_hash_and_original_expired_deadline_are_preserved ... ok
test pack::validation_tests::committed_pause_during_source_validation_prevents_delivery_and_publication ... ok
test output::capture_tests::native_pipe_wait_and_worker_faults_preserve_surviving_capture ... ok
test pack::validation_tests::source_read_expiry_keeps_original_timeout_in_library_validation ... ok
test inventory::deadline_tests::profile_original_budget_expires_after_actual_confirmed_claims ... ok
test inventory::deadline_tests::audit_original_budget_expires_after_actual_claim_reads ... ok
test runner::auxiliary_deadline_tests::trust_plan_establishes_one_default_scope_and_preserves_supplied_scope ... ok
test runner::completion_contract_tests::backend_and_guardian_faults_keep_native_truth_and_conservative_ownership ... ok
test runner::stored_slot_contract_tests::stored_slot_decode_failure_preserves_ownership_and_acknowledgement_intent ... ok
test inventory::deadline_tests::scan_original_budget_expires_after_real_source_items_before_next_processing ... ok
test schedule::deadline_tests::stored_schedule_bridge_decode_retains_absence_and_changed_binding_order ... ok
test schedule::deadline_tests::stored_schedule_decision_decode_retains_expiry_and_original_deadline_order ... ok
test search::tests::boolean_precedence_and_bounds ... ok
test search::tests::literal_smart_case ... ok
test watch::tests::frame_delivery_and_flush_failures_propagate_io_errors ... ok
test watch::tests::frames_escape_hidden_controls_without_changing_ndjson_values ... ok
test schedule::deadline_tests::list_original_budget_expires_after_actual_rows_before_assembly ... ok
test operations::reporting_aggregation_tests::inbox_batch_drops_earlier_expired_admission_and_rechecks_earlier_sources ... ok
test operations::reporting_aggregation_tests::expiry_during_later_role_evaluation_never_accepts_earlier_admission ... ok
test runner::auxiliary_deadline_tests::opened_auxiliary_keeps_budget_for_subsequent_source_reads ... ok
test runner::auxiliary_deadline_tests::resource_status_retains_original_budget_after_native_identity_observation ... ok
test runner::auxiliary_deadline_tests::auxiliary_loading_expires_after_actual_config_admission ... ok
test runner::auxiliary_deadline_tests::registered_fingerprint_expires_after_actual_executable_chunk_read ... ok
test schedule::deadline_tests::native_observation_original_expiry_does_not_become_registration_absence ... ok
test quota::aggregation_deadline_tests::public_report_stops_real_aggregation_at_original_deadline_after_rows_admitted ... ok

failures:

---- reader::search_candidate_tests::deletion_and_identical_replacement_after_admission_are_fatal stdout ----

thread 'reader::search_candidate_tests::deletion_and_identical_replacement_after_admission_are_fatal' (9351550) panicked at src/reader.rs:1003:9:
assertion `left == right` failed
  left: "RESOURCE_NOT_FOUND"
 right: "IO_ERROR"


failures:
    reader::search_candidate_tests::deletion_and_identical_replacement_after_admission_are_fatal

test result: FAILED. 48 passed; 1 failed; 0 ignored; 0 measured; 0 filtered out; finished in 4.70s

error: test failed, to rerun pass `--lib`
