   Compiling pctx v0.1.0-dev (/Users/dev/PCTX)
    Finished `test` profile [unoptimized + debuginfo] target(s) in 1.00s
     Running tests/cli_run_exit.rs (target/debug/deps/cli_run_exit-6950b2b7b4cecebc)

running 11 tests
test missing_project_is_prelaunch_failure_in_both_modes_without_files ... ok
test project_refusal_near_minimum_keeps_original_exit_and_fits ... ok
test project_refusals_preserve_typed_exit_and_message_before_spawn ... ok
test actual_prelaunch_refusal_has_no_child_outcome_or_invocation ... ok
test admitted_small_run_budgets_preserve_prelaunch_truth_without_artifact ... ok
test actual_spawn_failure_never_becomes_success_or_child_exit ... ok
test incomplete_capture_is_partial_without_replacing_child_success ... ok
test publication_failure_preserves_child_outcome_and_never_retries ... ok
test actual_execution_timeout_preserves_observation_but_returns_wrapper_error ... ok
test actual_child_codes_and_signal_are_distinct_from_wrapper_status ... ok
test final_serialized_budget_preserves_actual_child_truth_and_full_reread ... ok

test result: ok. 11 passed; 0 failed; 0 ignored; 0 measured; 0 filtered out; finished in 3.70s

     Running tests/output.rs (target/debug/deps/output-6e0a106d5d0b7325)

running 10 tests
test opaque_shell_heavy_and_bad_identifiers_rejected ... ok
test agent_cannot_mint_execution_trust_and_git_helpers_are_unavailable ... ok
test typed_full_report_preserves_failed_counts_without_becoming_gate_evidence ... ok
test masking_is_before_storage_and_cr_preserves_error ... ok
test none_expiry_tamper_and_policy_change_cannot_restore_records ... ok
test exact_trust_child_exit_and_reread_without_execution ... ok
test diagnostic_extract_binds_original_source_and_rereads_without_execution ... ok
test nonzero_and_timeout_are_not_filter_success ... ok
test verbose_output_preserves_late_diagnostics_and_full_masked_denominator ... ok
test bounded_capture_retains_tail_and_original_record_positions ... ok

test result: ok. 10 passed; 0 failed; 0 ignored; 0 measured; 0 filtered out; finished in 1.20s

     Running tests/output_delivery_observation.rs (target/debug/deps/output_delivery_observation-513791f406dd7de4)

running 2 tests
test successful_full_delivery_counts_exact_stdout_including_final_newline ... ok
test observed_live_pipe_write_keeps_delivery_success_after_original_budget_expires ... ok

test result: ok. 2 passed; 0 failed; 0 ignored; 0 measured; 0 filtered out; finished in 1.40s

     Running tests/render.rs (target/debug/deps/render-cc917b0b7eea1064)

running 9 tests
test terminal_hidden_unicode_is_json_escaped_without_changing_values ... ok
test json_formats_are_one_minified_document_including_exact_final_newline ... ok
test signatures_and_outlines_are_visible_with_ranges_and_literal_control_escaping ... ok
test malicious_fences_and_controls_cannot_escape_literal_source_and_roundtrip_exactly ... ok
test errors_partial_scope_and_negative_report_are_explicit_without_success_claim ... ok
test preexisting_masking_and_unicode_are_not_changed_or_inferred ... ok
test outline_and_handoff_display_source_provenance_and_keep_unknown_fields ... ok
test support_is_exact_and_unsupported_markdown_returns_argument_error ... ok
test renderer_never_enforces_or_silently_cuts_a_reported_budget ... ok

test result: ok. 9 passed; 0 failed; 0 ignored; 0 measured; 0 filtered out; finished in 0.00s

