   Compiling pctx v0.1.0-dev (/Users/dev/PCTX)
    Finished `test` profile [unoptimized + debuginfo] target(s) in 0.69s
     Running tests/caller_input_contract.rs (target/debug/deps/caller_input_contract-08b980fca1808cc1)

running 13 tests
test handoff_metadata_syntax_is_distinct_from_permitted_raw_body_and_unvalidated_shape ... ok
test filter_manifest_refusals_precede_reports_and_external_pack_syntax_is_input_two ... ok
test caller_owner_and_task_revision_priorities_do_not_become_universal_input_first ... ok
test exact_file_caps_reach_json_decoder_and_overflow_preserves_existing_input_errors ... ok
test authored_inventory_profile_and_registry_refuse_schema_before_publication ... ok
test hook_required_shapes_and_unsupported_protocol_keep_distinct_refusals ... ok
test statusline_shape_and_version_refusals_precede_session_binding ... ok
Quota required-key minimum bytes:217;10000/10001 bounded transport refuses before observation/count semantics
test quota_count_ceiling_remains_subordinate_to_original_one_mib_file_cap ... ok
test typed_check_report_schema_is_validated_after_existing_check_and_lease ... ok
test quota_batch_schema_and_restore_identity_refusals_are_safe_input_errors ... ok
Caller syntax/shape native combinations:80
test caller_json_syntax_and_typed_shape_are_input_two_and_preserve_prepared_state ... ok
Authored Task/Schedule schema native combinations:72
test authored_task_and_schedule_schema_refusals_preserve_prepared_state ... ok
Operations raw/sanitized native combinations:100; cap20; owner2
test operations_raw_and_sanitized_consumers_reject_bad_json_before_effects ... ok

test result: ok. 13 passed; 0 failed; 0 ignored; 0 measured; 0 filtered out; finished in 2.31s

