   Compiling pctx v0.1.0-dev (/Users/dev/PCTX)
    Finished `test` profile [unoptimized + debuginfo] target(s) in 4.25s
     Running tests/cli_frontend.rs (target/debug/deps/cli_frontend-4948844b4d514170)

running 23 tests
test non_utf8_argument_returns_structured_error_without_panic_or_effect ... ok
test help_and_version_are_successful_without_project_access ... ok
test no_color_suppresses_help_on_a_real_terminal_including_nested_help ... ok
test parser_diagnostics_mask_secrets_and_escape_control_characters ... ok
test parser_errors_respect_actual_json_option_and_do_not_load_project ... ok
test parsed_run_preflight_refusals_attest_no_child_before_any_access ... ok
test plain_parser_diagnostics_escape_bidi_c1_and_line_controls ... ok
test native_hook_invalid_transports_refuse_before_project_or_output_access ... ok
test root_version_is_exact_and_ignores_project_output_and_query_options ... ok
test undeliverable_parser_capacity_semantic_and_timeout_refusals_return_io_exit ... ok
test semantic_refusals_are_one_safe_json_document_for_every_requested_format ... ok
test partial_refresh_does_not_claim_the_requested_outline_is_wholly_unsupported ... ok
test nested_global_positions_select_the_same_root_format_and_timeout ... ok
test singular_global_duplicates_are_rejected_before_project_and_output_effects ... ok
test unsupported_ndjson_is_rejected_before_project_discovery_or_init ... ok
test undeliverable_plain_parser_diagnostic_returns_io_exit_without_panic ... ok
test invalid_strict_queries_preserve_generation_database_sources_and_output_path ... ok
test valid_minimum_capacity_bounds_semantic_and_timeout_refusals_without_writes ... ok
test saved_output_invalid_arguments_refuse_before_project_and_response_access ... ok
test unsupported_markdown_refuses_before_response_files_and_stream_dispatch ... ok
test pack_artifact_output_is_required_once_and_works_at_every_command_depth ... ok
test outline_empty_unsupported_and_partial_are_distinct_in_every_representation ... ok
test every_visible_help_path_describes_schema_and_effects_without_project_access ... ok

test result: ok. 23 passed; 0 failed; 0 ignored; 0 measured; 0 filtered out; finished in 1.77s

     Running tests/inventory.rs (target/debug/deps/inventory-3ccb113965ac776c)

running 8 tests
test dynamic_invalid_and_unsupported_configs_are_explicit ... ok
test symlinks_and_budgets_are_not_traversed ... ok
test stale_documents_and_changed_source_only_need_review ... ok
test static_workspace_packages_and_checks_have_current_proof_without_execution ... ok
test audit_proposals_are_deterministic_hash_bound_and_do_not_write ... ok
test exclusions_and_redaction_apply_to_scan_and_current_audit ... ok
test unknown_selectors_and_code_structure_do_not_invent_facts ... ok
test profile_confirms_observation_not_owner_authority_and_detects_conflict_and_stale ... ok

test result: ok. 8 passed; 0 failed; 0 ignored; 0 measured; 0 filtered out; finished in 0.04s

     Running tests/inventory_deadline.rs (target/debug/deps/inventory_deadline-224421bc5547688e)

running 4 tests
test expired_direct_and_dispatch_queries_cannot_be_successful_partial ... ok
test fifo_profile_source_is_refused_without_waiting_or_effects ... ok
test semantic_scan_limits_precede_source_reads_and_default_empty_scan_has_no_effects ... ok
test missing_and_unsupported_items_remain_truthful_unconfirmed_claims ... ok

test result: ok. 4 passed; 0 failed; 0 ignored; 0 measured; 0 filtered out; finished in 0.02s

     Running tests/inventory_preflight.rs (target/debug/deps/inventory_preflight-07a39eacf3239e33)

running 4 tests
test expired_scan_limits_keep_original_timeout_priority ... ok
test direct_inventory_paths_precede_root_checks_and_preserve_original_expiry ... ok
test accepted_inventory_paths_preserve_profile_audit_scan_and_policy_contracts ... ok
test lexical_inventory_arguments_precede_project_and_response_effects ... ok

test result: ok. 4 passed; 0 failed; 0 ignored; 0 measured; 0 filtered out; finished in 0.37s

