    Finished `test` profile [unoptimized + debuginfo] target(s) in 0.04s
     Running tests/cli_run_exit.rs (target/debug/deps/cli_run_exit-6950b2b7b4cecebc)

running 11 tests
test missing_project_is_prelaunch_failure_in_both_modes_without_files ... ok
test project_refusal_near_minimum_keeps_original_exit_and_fits ... ok
test project_refusals_preserve_typed_exit_and_message_before_spawn ... ok
test actual_prelaunch_refusal_has_no_child_outcome_or_invocation ... ok
test admitted_small_run_budgets_preserve_prelaunch_truth_without_artifact ... ok
test actual_spawn_failure_never_becomes_success_or_child_exit ... ok
test publication_failure_preserves_child_outcome_and_never_retries ... ok
test actual_execution_timeout_preserves_observation_but_returns_wrapper_error ... ok
test incomplete_capture_is_partial_without_replacing_child_success ... ok
test actual_child_codes_and_signal_are_distinct_from_wrapper_status ... ok
test final_serialized_budget_preserves_actual_child_truth_and_full_reread ... ok

test result: ok. 11 passed; 0 failed; 0 ignored; 0 measured; 0 filtered out; finished in 4.13s

     Running tests/output.rs (target/debug/deps/output-6e0a106d5d0b7325)

running 10 tests
test opaque_shell_heavy_and_bad_identifiers_rejected ... ok
test agent_cannot_mint_execution_trust_and_git_helpers_are_unavailable ... ok
test typed_full_report_preserves_failed_counts_without_becoming_gate_evidence ... ok
test masking_is_before_storage_and_cr_preserves_error ... ok
test exact_trust_child_exit_and_reread_without_execution ... ok
test none_expiry_tamper_and_policy_change_cannot_restore_records ... ok
test diagnostic_extract_binds_original_source_and_rereads_without_execution ... ok
test nonzero_and_timeout_are_not_filter_success ... ok
test verbose_output_preserves_late_diagnostics_and_full_masked_denominator ... ok
test bounded_capture_retains_tail_and_original_record_positions ... ok

test result: ok. 10 passed; 0 failed; 0 ignored; 0 measured; 0 filtered out; finished in 1.24s

     Running tests/runner.rs (target/debug/deps/runner-262d46ab6960599b)

running 28 tests
test cloud_helper_is_only_durable_intent ... ok
test explicit_script_input_change_requires_new_trust ... ok
test changed_script_and_agent_forged_trust_are_denied ... ok
test check_plan_with_finite_budget_inspects_registered_auxiliary_workspace_without_launch ... ok
test legacy_lock_fixture ... ok
test finite_auxiliary_plan_refuses_fifo_metadata_without_waiting_or_launching ... ok
test inherited_canonical_descriptor_retains_lock_after_invalid_proof_and_parent_close ... ok
test check_alias_preserves_nested_timeout_processing_error ... ok
test legacy_bridge_absence_prevents_execution ... ok
test linked_slot_child_directory_cannot_redirect_state ... ok
test check_capture_partial_is_not_wrapper_success_in_either_route ... ok
test profile_change_during_execution_is_stale_at_report_recording ... ok
test native_pass_is_invalidated_by_external_executable_change_with_sources_unchanged ... ok
test observed_failed_check_is_distinct_from_processing_failure ... ok
test parent_exit_does_not_release_living_child ... ok
test synthetic_low_memory_defers_heavy_admission ... ok
test native_environment_change_or_missing_profile_invalidates_existing_pass ... ok
test timeout_is_observed_without_success_evidence ... ok
test trusted_typed_check_is_real_evidence ... ok
test user_created_host_state_symlink_is_denied ... ok
test unknown_memory_requires_disclosed_exact_owner_override ... ok
test cross_project_heavy_capacity_is_one ... ok
test unknown_and_zero_tests_do_not_pass ... ok
test source_mutation_during_check_is_stale ... ok
test local_auxiliary_provider_needs_registered_linked_workspace_and_capacity ... ok
test canonical_mutex_survives_main_parent_death ... ok
test killed_guardian_causes_negative_child_observation ... ok
test canonical_legacy_and_pctx_exclude_each_other ... ok

test result: ok. 28 passed; 0 failed; 0 ignored; 0 measured; 0 filtered out; finished in 25.03s

