   Compiling pctx v0.1.0-dev (/Users/dev/PCTX)
    Finished `test` profile [unoptimized + debuginfo] target(s) in 5.13s
     Running tests/activity_preflight.rs (target/debug/deps/activity_preflight-75d999e79acf25ab)

running 4 tests
test direct_activity_and_watch_refusal_keep_original_expiry_and_state ... ok
test accepted_activity_boundaries_return_empty_without_cursor_narrowing_or_new_clock ... ok
test malformed_activity_cursor_types_refuse_before_discovery_and_output ... ok
test native_negative_activity_cursor_precedes_discovery_without_changing_transport ... ok

test result: ok. 4 passed; 0 failed; 0 ignored; 0 measured; 0 filtered out; finished in 1.06s

     Running tests/persisted_error_contract.rs (target/debug/deps/persisted_error_contract-257962e0e1215410)

running 7 tests
test caller_json_syntax_remains_input_error_without_storage_effects ... ok
test corrupted_activity_syntax_is_storage_failure_on_every_existing_transport ... ok
test stored_create_receipt_preserves_replay_conflict_and_original_expiry ... ok
test stored_report_receipt_preserves_exact_replay_before_lease_and_hash_conflict_before_decode ... ok
test stored_task_fields_refuse_corruption_without_mutating_or_changing_input_errors ... ok
test valid_stored_json_values_and_later_page_failure_preserve_events_and_cursors ... ok
test busy_admission_is_retryable_but_original_request_expiry_is_not ... ok

test result: ok. 7 passed; 0 failed; 0 ignored; 0 measured; 0 filtered out; finished in 10.27s

     Running tests/work_control.rs (target/debug/deps/work_control-8112bcadab3f8486)

running 11 tests
test database_rejects_event_modification_and_receipt_conflict ... ok
test external_report_is_an_allowed_claim_without_native_environment_authority ... ok
test zero_minimum_cannot_make_zero_tests_pass ... ok
test legacy_native_pass_without_authoritative_binding_is_not_current_evidence ... ok
test claims_reports_reassignment_and_cursor ... ok
test zero_tests_and_revision_conflict ... ok
test current_source_change_blocks_completion ... ok
test backup_restore_revokes_live_leases_and_preserves_pause ... ok
test evidence_gate_and_historical_completion ... ok
test schedule_v2_backup_strips_local_binding_and_restore_revokes_running_authority ... ok
test restore_preserves_session_history_without_ack_or_epoch_reuse ... ok

test result: ok. 11 passed; 0 failed; 0 ignored; 0 measured; 0 filtered out; finished in 0.34s

     Running tests/work_quota_deadline.rs (target/debug/deps/work_quota_deadline-b12539874124d6ff)

running 5 tests
test already_expired_reads_do_not_initialize_control_storage_or_validate_missing_targets ... ok
test cpu_bound_sql_expires_inside_the_engine_under_the_original_budget ... ok
test reused_sql_connection_does_not_inherit_an_expired_prior_request_handler ... ok
test quota_read_exclusive_contention_returns_timeout_instead_of_empty_unknown_success ... ok
test work_read_transaction_contention_uses_remaining_budget_without_control_events ... ok

test result: ok. 5 passed; 0 failed; 0 ignored; 0 measured; 0 filtered out; finished in 0.20s

