   Compiling pctx v0.1.0-dev (/Users/dev/PCTX)
warning: struct `StdinFlags` is never constructed
   --> src/input.rs:461:8
    |
461 | struct StdinFlags {
    |        ^^^^^^^^^^
    |
    = note: `#[warn(dead_code)]` (part of `#[warn(unused)]`) on by default

warning: method `restore` is never used
   --> src/input.rs:468:8
    |
467 | impl StdinFlags {
    | --------------- method in this implementation
468 |     fn restore(&mut self) -> Result<()> {
    |        ^^^^^^^

warning: function `stdin_bytes` is never used
   --> src/input.rs:487:4
    |
487 | fn stdin_bytes(deadline: Deadline) -> Result<Vec<u8>> {
    |    ^^^^^^^^^^^

warning: `pctx` (lib) generated 3 warnings
    Finished `test` profile [unoptimized + debuginfo] target(s) in 2.50s
     Running tests/filter_deadline_cli.rs (target/debug/deps/filter_deadline_cli-5966f219f9da0f22)

running 1 test

thread 'stalled_partial_stdin_times_out_instead_of_waiting_for_eof' (8057857) panicked at tests/filter_deadline_cli.rs:112:13:
Finite stdin query exceeded owned three-second cleanup bound
note: run with `RUST_BACKTRACE=1` environment variable to display a backtrace
test stalled_partial_stdin_times_out_instead_of_waiting_for_eof ... FAILED

failures:

failures:
    stalled_partial_stdin_times_out_instead_of_waiting_for_eof

test result: FAILED. 0 passed; 1 failed; 0 ignored; 0 measured; 1 filtered out; finished in 3.87s

error: test failed, to rerun pass `--test filter_deadline_cli`
