    Checking pctx v0.1.0-dev (/Users/dev/PCTX)
error: this `if` statement can be collapsed
   --> src/output.rs:378:9
    |
378 | /         if let Ok(count) = &count {
379 | |             if *count > 0 {
380 | |                 hash_observation(HashPhase::ChunkRead, *count, p);
381 | |             }
382 | |         }
    | |_________^
    |
    = help: for further information visit https://rust-lang.github.io/rust-clippy/rust-1.99.0/index.html#collapsible_if
    = note: `-D clippy::collapsible-if` implied by `-D warnings`
    = help: to override `-D warnings` add `#[allow(clippy::collapsible_if)]`
help: collapse nested if block
    |
378 ~         if let Ok(count) = &count
379 ~             && *count > 0 {
380 |                 hash_observation(HashPhase::ChunkRead, *count, p);
381 ~             }
    |

error: could not compile `pctx` (lib test) due to 1 previous error
warning: build failed, waiting for other jobs to finish...
