   Compiling pctx v0.1.0-dev (/Users/dev/PCTX)
    Finished `test` profile [unoptimized + debuginfo] target(s) in 0.87s
     Running tests/cli_contract.rs (target/debug/deps/cli_contract-7fe808194ea4872f)

running 14 tests
test minimum_error_budget_boundary_is_argument_validation_before_project_access ... ok
test invalid_capacity_is_json_even_for_markdown_and_never_writes_output ... ok
test every_stdout_budget_route_rejects_tiny_capacity_without_child_or_local_files ... ok
test invalid_json_cli_inputs_still_return_one_json_document ... ok
test inventory_cli_reports_static_candidates_without_execution_or_authority ... ok
test security_applies_to_direct_reads_and_cached_metadata ... ok
test valid_minimum_capacity_with_oversize_mandatory_rule_keeps_budget_exit_eight ... ok
test invalid_project_and_merged_user_policy_never_become_successful_empty_results ... ok
test markdown_is_a_safe_document_and_unsupported_formats_precede_writes ... ok
test strict_lookup_retains_available_evidence_and_reports_incomplete_refresh ... ok
test context_budget_is_exact_json_and_required_rules_are_not_cut ... ok
test non_git_exploration_changes_and_idempotent_init ... ok
test tiny_budgets_preserve_index_lease_checks_and_context_receipt_ledgers ... ok
test ndjson_snapshot_follow_and_resume_have_no_event_gap ... ok

test result: ok. 14 passed; 0 failed; 0 ignored; 0 measured; 0 filtered out; finished in 2.95s

     Running tests/cli_frontend.rs (target/debug/deps/cli_frontend-4948844b4d514170)

running 13 tests
test non_utf8_argument_returns_structured_error_without_panic_or_effect ... ok
test parser_diagnostics_mask_secrets_and_escape_control_characters ... ok
test help_and_version_are_successful_without_project_access ... ok
test unsupported_ndjson_is_rejected_before_project_discovery_or_init ... ok
test undeliverable_parser_capacity_semantic_and_timeout_refusals_return_io_exit ... ok
test no_color_suppresses_help_on_a_real_terminal_including_nested_help ... ok
test parser_errors_respect_actual_json_option_and_do_not_load_project ... ok
test plain_parser_diagnostics_escape_bidi_c1_and_line_controls ... ok
test semantic_refusals_are_one_safe_json_document_for_every_requested_format ... ok
test valid_minimum_capacity_bounds_semantic_and_timeout_refusals_without_writes ... ok
test invalid_strict_queries_preserve_generation_database_sources_and_output_path ... ok
test unsupported_markdown_refuses_before_response_files_and_stream_dispatch ... ok
test every_visible_help_path_describes_schema_and_effects_without_project_access ... ok

test result: ok. 13 passed; 0 failed; 0 ignored; 0 measured; 0 filtered out; finished in 0.90s

     Running tests/render.rs (target/debug/deps/render-cc917b0b7eea1064)

running 9 tests
test malicious_fences_and_controls_cannot_escape_literal_source_and_roundtrip_exactly ... ok
test json_formats_are_one_minified_document_including_exact_final_newline ... ok
test terminal_hidden_unicode_is_json_escaped_without_changing_values ... ok
test signatures_and_outlines_are_visible_with_ranges_and_literal_control_escaping ... ok
test errors_partial_scope_and_negative_report_are_explicit_without_success_claim ... ok
test preexisting_masking_and_unicode_are_not_changed_or_inferred ... ok
test support_is_exact_and_unsupported_markdown_returns_argument_error ... ok
test outline_and_handoff_display_source_provenance_and_keep_unknown_fields ... ok
test renderer_never_enforces_or_silently_cuts_a_reported_budget ... ok

test result: ok. 9 passed; 0 failed; 0 ignored; 0 measured; 0 filtered out; finished in 0.00s

