   Compiling pctx v0.1.0-dev (/Users/dev/PCTX)
    Finished `test` profile [unoptimized + debuginfo] target(s) in 0.96s
     Running tests/argument_preflight.rs (target/debug/deps/argument_preflight-832306f7119f152d)

running 5 tests
test context_pure_contract_preserves_error_codes_and_task_source_exclusivity ... ok
test extract_preflight_keeps_multisource_and_artifact_only_requests_dynamic ... ok
test extract_static_location_errors_leave_dirty_index_and_sources_untouched ... ok
test graph_existing_depth_and_direction_limits_precede_path_authority ... ok
test invalid_context_does_not_wait_for_task_stdin_or_touch_storage ... ok

test result: ok. 5 passed; 0 failed; 0 ignored; 0 measured; 0 filtered out; finished in 0.03s

     Running tests/argument_preflight_cli.rs (target/debug/deps/argument_preflight_cli-8d5109e5406e1ac8)

running 3 tests
test malformed_read_build_extract_and_graph_inputs_refuse_before_discovery ... ok
test rejected_requests_do_not_refresh_dirty_index_or_write_response ... ok
test valid_read_aliases_line_clamping_and_outline_remain_available ... ok

test result: ok. 3 passed; 0 failed; 0 ignored; 0 measured; 0 filtered out; finished in 1.12s

     Running tests/cli_contract.rs (target/debug/deps/cli_contract-7fe808194ea4872f)

running 14 tests
test context_budget_is_exact_json_and_required_rules_are_not_cut ... ok
test every_stdout_budget_route_rejects_tiny_capacity_without_child_or_local_files ... ok
test invalid_capacity_is_json_even_for_markdown_and_never_writes_output ... ok
test invalid_json_cli_inputs_still_return_one_json_document ... ok
test invalid_project_and_merged_user_policy_never_become_successful_empty_results ... ok
test inventory_cli_reports_static_candidates_without_execution_or_authority ... ok
test markdown_is_a_safe_document_and_unsupported_formats_precede_writes ... ok
test minimum_error_budget_boundary_is_argument_validation_before_project_access ... ok
test ndjson_snapshot_follow_and_resume_have_no_event_gap ... ok
test non_git_exploration_changes_and_idempotent_init ... ok
test security_applies_to_direct_reads_and_cached_metadata ... ok
test strict_lookup_retains_available_evidence_and_reports_incomplete_refresh ... ok
test tiny_budgets_preserve_index_lease_checks_and_context_receipt_ledgers ... ok
test valid_minimum_capacity_with_oversize_mandatory_rule_keeps_budget_exit_eight ... ok

test result: ok. 14 passed; 0 failed; 0 ignored; 0 measured; 0 filtered out; finished in 3.11s

     Running tests/cli_frontend.rs (target/debug/deps/cli_frontend-4948844b4d514170)

running 8 tests
test every_visible_help_path_describes_schema_and_effects_without_project_access ... ok
test help_and_version_are_successful_without_project_access ... ok
test invalid_strict_queries_preserve_generation_database_sources_and_output_path ... ok
test no_color_suppresses_help_on_a_real_terminal_including_nested_help ... ok
test non_utf8_argument_returns_structured_error_without_panic_or_effect ... ok
test parser_diagnostics_mask_secrets_and_escape_control_characters ... ok
test parser_errors_respect_actual_json_option_and_do_not_load_project ... ok
test unsupported_ndjson_is_rejected_before_project_discovery_or_init ... ok

test result: ok. 8 passed; 0 failed; 0 ignored; 0 measured; 0 filtered out; finished in 1.01s

     Running tests/context_adaptive.rs (target/debug/deps/context_adaptive-70b876c348e77459)

running 7 tests
test adaptive_budget_uses_intermediate_tiers_and_accounts_final_overhead_deterministically ... ok
test excerpts_preserve_exact_original_ranges_and_unsupported_signature_is_explicit ... ok
test explicit_seed_survives_lower_priority_imports_under_tight_budget ... ok
test final_escaped_document_budget_and_unsupported_tokenizer_remain_truthful ... ok
test final_omissions_fit_without_cutting_mandatory_task_rules_or_decisions ... ok
test markdown_final_document_uses_the_same_exact_accounting ... ok
test multiline_signatures_have_verified_utf8_crlf_ranges_and_distinct_outlines ... ok

test result: ok. 7 passed; 0 failed; 0 ignored; 0 measured; 0 filtered out; finished in 0.80s

     Running tests/derived_query_deadline.rs (target/debug/deps/derived_query_deadline-b322265965e4a570)

running 4 tests
test expired_derived_entries_reject_before_index_or_source_changes ... ok
test extract_default_and_supplied_budget_preserve_source_span ... ok
test graph_default_and_supplied_budget_preserve_edges_and_inferred_impact ... ok
test nested_extract_refresh_cannot_restart_budget_while_writer_is_busy ... ok

test result: ok. 4 passed; 0 failed; 0 ignored; 0 measured; 0 filtered out; finished in 0.07s

     Running tests/graph.rs (target/debug/deps/graph-c4946a32891779f4)

running 4 tests
test alias_configuration_changes_invalidate_without_index_refresh ... ok
test import_cycles_have_bounded_traversal_and_reverse_impact_is_inferred ... ok
test workspace_exports_and_dynamic_import_are_explicit ... ok
test workspaces_and_policy_are_never_cross_used ... ok

test result: ok. 4 passed; 0 failed; 0 ignored; 0 measured; 0 filtered out; finished in 0.07s

     Running tests/search.rs (target/debug/deps/search-751f23ebc1208c2d)

running 27 tests
test alias_and_aggregate_regex_candidates_use_current_validation ... ok
test boolean_complements_validate_candidates_without_positive_hits ... ok
test cached_policy_change_hides_metadata_and_boolean_remains_explicit ... ok
test candidate_scan_cap_remains_distinct_from_request_timeout ... ok
test deadline_partial_keeps_only_verified_matches_and_never_claims_complete_coverage ... ok
test expired_queries_fail_even_when_the_candidate_universe_is_empty ... ok
test indexed_body_search_does_not_follow_a_matching_or_complement_symlink ... ok
test indexed_body_search_filters_current_policy_scope_language_and_deleted_rows_without_counts ... ok
test indexed_body_search_observes_new_text_and_boolean_complements_with_actual_hashes ... ok
test indexed_body_search_preserves_invalid_policy_workspace_and_shared_lock_deadlines ... ok
test indexed_body_search_validates_nonmatching_later_sources_before_limit_even_off ... ok
test indexed_metadata_empty_generation_rejects_replaced_root_before_search ... ok
test indexed_metadata_invalid_policy_and_foreign_workspace_fail_closed ... ok
test indexed_metadata_matches_including_complements_authorize_before_limit_even_off ... ok
test indexed_metadata_search_hides_unopened_historical_counts_and_propagates_generation ... ok
test indexed_metadata_staleness_and_body_only_discovery_keep_their_boundaries ... ok
test invalid_policy_fails_even_without_metadata_candidates ... ok
test markdown_sections_ignore_fenced_examples_and_link_parents ... ok
test matched_metadata_validates_stale_candidates_without_discovering_new_names ... ok
test metadata_non_candidates_are_not_opened_as_source ... ok
test oversized_non_candidate_is_skipped_but_matching_candidate_fails ... ok
test parsing_cancellation_is_timeout_instead_of_empty_or_partial_ast_success ... ok
test stale_symbol_and_ambiguous_names_never_select_code ... ok
test structural_variants_use_real_grammar ... ok
test text_and_all_still_read_sources_without_metadata_hits_and_policy_hides_candidates ... ok
test unsupported_is_distinct_from_empty_supported ... ok
test utf8_crlf_locations_and_version_ids ... ok

test result: ok. 27 passed; 0 failed; 0 ignored; 0 measured; 0 filtered out; finished in 0.94s

