   Compiling pctx v0.1.0-dev (/Users/dev/PCTX)
    Finished `test` profile [unoptimized + debuginfo] target(s) in 2.61s
     Running unittests src/lib.rs (target/debug/deps/pctx-ae897bec01e143c7)

running 1 test

thread 'runner::auxiliary_deadline_tests::resource_status_retains_original_budget_after_native_identity_observation' (8026777) panicked at src/runner.rs:2430:9:

running 1 test
test runner::auxiliary_deadline_tests::resource_status_retains_original_budget_after_native_identity_observation ... FAILED

failures:

failures:
    runner::auxiliary_deadline_tests::resource_status_retains_original_budget_after_native_identity_observation

test result: FAILED. 0 passed; 1 failed; 0 ignored; 0 measured; 24 filtered out; finished in 1.02s

 
thread 'runner::auxiliary_deadline_tests::resource_status_retains_original_budget_after_native_identity_observation' (8026779) panicked at src/runner.rs:2723:17:
Expired native identity must not pass its local admission guard
note: run with `RUST_BACKTRACE=1` environment variable to display a backtrace

note: run with `RUST_BACKTRACE=1` environment variable to display a backtrace
test runner::auxiliary_deadline_tests::resource_status_retains_original_budget_after_native_identity_observation ... FAILED

failures:

failures:
    runner::auxiliary_deadline_tests::resource_status_retains_original_budget_after_native_identity_observation

test result: FAILED. 0 passed; 1 failed; 0 ignored; 0 measured; 24 filtered out; finished in 1.04s

error: test failed, to rerun pass `--lib`
