   Compiling pctx v0.1.0-dev (/Users/dev/PCTX)
warning: unused variable: `expect_hash`
   --> src/adapter.rs:119:34
    |
119 | fn install_arguments(plan: &str, expect_hash: &str) -> Result<()> {
    |                                  ^^^^^^^^^^^ help: if this is intentional, prefix it with an underscore: `_expect_hash`
    |
    = note: `#[warn(unused_variables)]` (part of `#[warn(unused)]`) on by default

warning: `pctx` (lib) generated 1 warning (run `cargo fix --lib -p pctx` to apply 1 suggestion)
    Finished `test` profile [unoptimized + debuginfo] target(s) in 3.02s
     Running tests/adapter_install_preflight.rs (target/debug/deps/adapter_install_preflight-c596ba16db1decb6)

running 1 test
test install_hash_admission_preserves_exact_hex_grammar ... FAILED

failures:

---- install_hash_admission_preserves_exact_hex_grammar stdout ----

thread 'install_hash_admission_preserves_exact_hex_grammar' (8909655) panicked at tests/adapter_install_preflight.rs:210:79:
called `Result::unwrap_err()` on an `Ok` value: ()
note: run with `RUST_BACKTRACE=1` environment variable to display a backtrace


failures:
    install_hash_admission_preserves_exact_hex_grammar

test result: FAILED. 0 passed; 1 failed; 0 ignored; 0 measured; 4 filtered out; finished in 0.00s

error: test failed, to rerun pass `--test adapter_install_preflight`
