   Compiling pctx v0.1.0-dev (/Users/dev/PCTX)
    Finished `test` profile [unoptimized + debuginfo] target(s) in 4.93s
     Running tests/control_preflight.rs (target/debug/deps/control_preflight-1104ac0ed832cb66)

running 5 tests
test role_pure_arguments_precede_project_and_response_effects ... ok
test schedule_pure_arguments_precede_project_and_response_effects ... ok
test work_pure_arguments_precede_project_and_response_effects ... ok
test session_pure_arguments_precede_project_and_response_effects ... ok
test quota_pure_arguments_precede_project_and_response_effects ... ok

test result: ok. 5 passed; 0 failed; 0 ignored; 0 measured; 0 filtered out; finished in 1.11s

     Running tests/operations.rs (target/debug/deps/operations-530607f06d0857bd)

running 11 tests
test forged_agent_owner_decision_does_not_generate_grant ... ok
test omitted_action_role_cannot_bypass_registered_actor_pause ... ok
test silence_hides_topic_and_body_before_inbox_ranking ... ok
test owner_queue_honors_specific_recipients_and_owner_destination_without_globalizing_silence ... ok
test owner_queue_filters_oldest_hidden_actions_before_limit_without_disclosing_details ... ok
test role_pause_blocks_claim_without_mutating_task_or_run ... ok
test exact_decisions_deduplicate_but_changed_environment_amount_artifact_do_not ... ok
test mailbox_retry_is_queued_once_and_ack_is_recipient_bound ... ok
test unknown_cost_pause_and_silence_override_valid_grant ... ok
test owner_queue_delivery_barriers_survive_control_restore ... ok
test backup_restore_preserves_pause_silence_and_messages_but_revokes_grants ... ok

test result: ok. 11 passed; 0 failed; 0 ignored; 0 measured; 0 filtered out; finished in 0.23s

     Running tests/quota.rs (target/debug/deps/quota-2eee6f0607f85593)

running 7 tests
test first_unknown_baseline_and_missing_provider_do_not_become_zero_or_normal ... ok
test pools_are_isolated_and_manual_estimates_do_not_change_actual_usage ... ok
test reservations_share_pool_same_unit_and_are_soft_idempotent ... ok
test cumulative_counters_are_deltas_and_collector_sources_do_not_double_count ... ok
test epochs_resets_and_stale_counters_are_not_inherited ... ok
test quota_thresholds_reset_reobservation_and_persistent_pause_silence ... ok
test restored_quota_requires_fresh_observation_and_event_ledgers_stay_immutable ... ok

test result: ok. 7 passed; 0 failed; 0 ignored; 0 measured; 0 filtered out; finished in 0.16s

     Running tests/schedule.rs (target/debug/deps/schedule-2917b2dde9bd7c95)

running 17 tests
test non_read_job_requires_matching_operation_decision ... ok
test berlin_spring_gap_moves_to_next_valid_wall_time ... ok
test berlin_fall_back_occurs_once_per_local_date_and_restart_reuses_record ... ok
test project_private_bridge_staging_rejects_user_symlinks_without_changing_target ... ok
test elapsed_intervals_do_not_change_with_dst_and_missed_ticks_coalesce ... ok
test namespaces_and_cas_pause_updates_are_independent ... ok
test empty_readonly_tick_is_successful_without_notification_or_model_wake ... ok
test paused_role_blocks_actual_tick_and_loop_does_not_acquire_keep_awake ... ok
test reconcile_singleflight_and_managed_bridge_never_claim_install_or_success ... ok
test session_boundary_invalidates_binding_without_reinstall_or_epoch_inheritance ... ok
test role_pause_topic_silence_do_not_reactivate ... ok
test failed_attempt_is_recorded_and_retry_is_explicit_instead_of_synthetic_success ... ok
test tick_executes_once_and_only_changed_results_queue_a_local_notice ... ok
test running_owner_is_never_released_by_ttl_and_restored_binding_is_not_inherited ... ok
test staged_bridge_uninstall_removes_only_owned_files_and_missing_manifest_can_be_repaired ... ok
test managed_bridge_requires_current_reviewed_plan_and_preserves_user_changes ... ok
test actual_cli_concurrent_ticks_claim_one_occurrence_and_fixture_bridge_invokes_tick ... ok

test result: ok. 17 passed; 0 failed; 0 ignored; 0 measured; 0 filtered out; finished in 11.80s

     Running tests/session.rs (target/debug/deps/session-e37e24e280aa64af)

running 7 tests
test identity_secrets_are_rejected_before_persistence ... FAILED
test suspend_reconcile_preserves_task_pause_and_never_revives_run ... ok
test expired_outer_budget_cannot_emit_ack_attach_or_change_epoch ... ok
test minimum_budget_failure_creates_no_emission ... ok
test independent_sessions_boundaries_and_policy_reject_old_baselines ... ok
test rule_changes_and_deleted_paths_are_explicit ... ok
test explicit_ack_unchanged_delta_and_no_source_ledger ... ok

failures:

---- identity_secrets_are_rejected_before_persistence stdout ----

thread 'identity_secrets_are_rejected_before_persistence' (8604938) panicked at tests/session.rs:333:10:
called `Result::unwrap()` on an `Err` value: SqliteFailure(Error { code: Unknown, extended_code: 1 }, Some("no such table: pctx_sessions"))
note: run with `RUST_BACKTRACE=1` environment variable to display a backtrace


failures:
    identity_secrets_are_rejected_before_persistence

test result: FAILED. 6 passed; 1 failed; 0 ignored; 0 measured; 0 filtered out; finished in 0.15s

error: test failed, to rerun pass `--test session`
