   Compiling pctx v0.1.0-dev (/Users/dev/PCTX)
    Finished `test` profile [unoptimized + debuginfo] target(s) in 0.91s
     Running tests/persisted_error_contract.rs (target/debug/deps/persisted_error_contract-257962e0e1215410)

running 10 tests
test grouped_quota_receipt_and_prior_observation_decoders_preserve_conflict ... FAILED
test grouped_message_queue_payloads_and_receipts_keep_recipient_and_replay_priority ... FAILED
test grouped_decision_payloads_preserve_caller_errors_and_safe_storage_refusal ... ok
test grouped_index_metadata_and_checksum_matched_checkpoint_json_are_storage_errors ... ok
test grouped_broker_saved_snapshot_preserves_parser_priority ... ok
test grouped_private_credentials_keep_missing_mismatch_and_revoked_priority ... FAILED
test grouped_quota_observation_syntax_and_shape_are_storage_errors ... ok
test grouped_registry_pack_output_and_helper_metadata_refuse_without_publication ... ok
test grouped_schedule_stored_definition_and_receipt_preserve_replay_conflict ... ok
test grouped_context_selection_and_capsule_keep_identity_conflict_before_storage_decode ... ok

failures:

---- grouped_quota_receipt_and_prior_observation_decoders_preserve_conflict stdout ----

thread 'grouped_quota_receipt_and_prior_observation_decoders_preserve_conflict' (9099476) panicked at tests/persisted_error_contract.rs:337:9:
Output { status: ExitStatus(unix_wait_status(512)), stdout: "{\"command\":\"quota\",\"coverage\":{\"reasons\":[\"INVALID_ARGUMENT\"],\"status\":\"partial\"},\"data\":null,\"errors\":[{\"code\":\"INVALID_ARGUMENT\",\"message\":\"Usage needs task, session and context epoch attribution\",\"retryable\":false}],\"generation_id\":null,\"project_id\":null,\"schema_version\":\"1.0\",\"status\":\"error\",\"truncation\":{\"reasons\":[],\"truncated\":false},\"validation\":{\"checked_at\":\"2026-10-08T23:51:10.943Z\",\"mode\":\"matched\",\"scope\":[],\"workspace_atomic\":false},\"warnings\":[],\"workspace_id\":null}\n", stderr: "" }
note: run with `RUST_BACKTRACE=1` environment variable to display a backtrace

---- grouped_message_queue_payloads_and_receipts_keep_recipient_and_replay_priority stdout ----

thread 'grouped_message_queue_payloads_and_receipts_keep_recipient_and_replay_priority' (9099473) panicked at tests/persisted_error_contract.rs:337:9:
Output { status: ExitStatus(unix_wait_status(512)), stdout: "{\"command\":\"message\",\"coverage\":{\"reasons\":[\"INVALID_ARGUMENT\"],\"status\":\"partial\"},\"data\":null,\"errors\":[{\"code\":\"INVALID_ARGUMENT\",\"message\":\"Message schema/type/body/priority invalid\",\"retryable\":false}],\"generation_id\":null,\"project_id\":null,\"schema_version\":\"1.0\",\"status\":\"error\",\"truncation\":{\"reasons\":[],\"truncated\":false},\"validation\":{\"checked_at\":\"2026-10-08T23:51:11.003Z\",\"mode\":\"matched\",\"scope\":[],\"workspace_atomic\":false},\"warnings\":[],\"workspace_id\":null}\n", stderr: "" }

---- grouped_private_credentials_keep_missing_mismatch_and_revoked_priority stdout ----

thread 'grouped_private_credentials_keep_missing_mismatch_and_revoked_priority' (9099474) panicked at tests/persisted_error_contract.rs:1170:9:
Prepared filesystem state changed


failures:
    grouped_message_queue_payloads_and_receipts_keep_recipient_and_replay_priority
    grouped_private_credentials_keep_missing_mismatch_and_revoked_priority
    grouped_quota_receipt_and_prior_observation_decoders_preserve_conflict

test result: FAILED. 7 passed; 3 failed; 0 ignored; 0 measured; 7 filtered out; finished in 1.30s

error: test failed, to rerun pass `--test persisted_error_contract`
error: 1 target failed:
    `--test persisted_error_contract`
