   Compiling pctx v0.1.0-dev (/Users/dev/PCTX)
    Finished `test` profile [unoptimized + debuginfo] target(s) in 1.23s
     Running tests/cli_delivery.rs (target/debug/deps/cli_delivery-d6142b38e0664ae4)

running 4 tests
test failed_response_file_and_closed_diagnostic_are_io_error_without_overwrite ... FAILED
test undeliverable_stream_refusal_returns_io_exit_without_project_effects ... FAILED
test undeliverable_help_and_version_return_io_exit_without_project_effects ... FAILED
test undeliverable_native_hook_output_is_io_error_without_repeating_import ... FAILED

failures:

---- failed_response_file_and_closed_diagnostic_are_io_error_without_overwrite stdout ----

thread 'failed_response_file_and_closed_diagnostic_are_io_error_without_overwrite' (8375804) panicked at tests/support/delivery.rs:60:13:
assertion failed: killed == 0 ||
    std::io::Error::last_os_error().raw_os_error() == Some(libc::ESRCH)
note: run with `RUST_BACKTRACE=1` environment variable to display a backtrace

---- undeliverable_stream_refusal_returns_io_exit_without_project_effects stdout ----

thread 'undeliverable_stream_refusal_returns_io_exit_without_project_effects' (8375807) panicked at tests/support/delivery.rs:60:13:
assertion failed: killed == 0 ||
    std::io::Error::last_os_error().raw_os_error() == Some(libc::ESRCH)

---- undeliverable_help_and_version_return_io_exit_without_project_effects stdout ----

thread 'undeliverable_help_and_version_return_io_exit_without_project_effects' (8375805) panicked at tests/support/delivery.rs:60:13:
assertion failed: killed == 0 ||
    std::io::Error::last_os_error().raw_os_error() == Some(libc::ESRCH)

---- undeliverable_native_hook_output_is_io_error_without_repeating_import stdout ----

thread 'undeliverable_native_hook_output_is_io_error_without_repeating_import' (8375806) panicked at tests/support/delivery.rs:60:13:
assertion failed: killed == 0 ||
    std::io::Error::last_os_error().raw_os_error() == Some(libc::ESRCH)


failures:
    failed_response_file_and_closed_diagnostic_are_io_error_without_overwrite
    undeliverable_help_and_version_return_io_exit_without_project_effects
    undeliverable_native_hook_output_is_io_error_without_repeating_import
    undeliverable_stream_refusal_returns_io_exit_without_project_effects

test result: FAILED. 0 passed; 4 failed; 0 ignored; 0 measured; 0 filtered out; finished in 0.75s

error: test failed, to rerun pass `--test cli_delivery`
     Running tests/cli_frontend.rs (target/debug/deps/cli_frontend-4948844b4d514170)

running 20 tests
test non_utf8_argument_returns_structured_error_without_panic_or_effect ... ok
test parser_diagnostics_mask_secrets_and_escape_control_characters ... ok
test help_and_version_are_successful_without_project_access ... ok
test no_color_suppresses_help_on_a_real_terminal_including_nested_help ... ok
test root_version_is_exact_and_ignores_project_output_and_query_options ... ok
test parser_errors_respect_actual_json_option_and_do_not_load_project ... ok
test native_hook_invalid_transports_refuse_before_project_or_output_access ... ok
test parsed_run_preflight_refusals_attest_no_child_before_any_access ... ok
test plain_parser_diagnostics_escape_bidi_c1_and_line_controls ... ok
test undeliverable_parser_capacity_semantic_and_timeout_refusals_return_io_exit ... FAILED
test undeliverable_plain_parser_diagnostic_returns_io_exit_without_panic ... FAILED
test unsupported_ndjson_is_rejected_before_project_discovery_or_init ... ok
test nested_global_positions_select_the_same_root_format_and_timeout ... ok
test semantic_refusals_are_one_safe_json_document_for_every_requested_format ... ok
test singular_global_duplicates_are_rejected_before_project_and_output_effects ... ok
test invalid_strict_queries_preserve_generation_database_sources_and_output_path ... ok
test valid_minimum_capacity_bounds_semantic_and_timeout_refusals_without_writes ... ok
test unsupported_markdown_refuses_before_response_files_and_stream_dispatch ... ok
test pack_artifact_output_is_required_once_and_works_at_every_command_depth ... ok
test every_visible_help_path_describes_schema_and_effects_without_project_access ... ok

failures:

---- undeliverable_parser_capacity_semantic_and_timeout_refusals_return_io_exit stdout ----

thread 'undeliverable_parser_capacity_semantic_and_timeout_refusals_return_io_exit' (8375910) panicked at tests/support/delivery.rs:60:13:
assertion failed: killed == 0 ||
    std::io::Error::last_os_error().raw_os_error() == Some(libc::ESRCH)
note: run with `RUST_BACKTRACE=1` environment variable to display a backtrace

---- undeliverable_plain_parser_diagnostic_returns_io_exit_without_panic stdout ----

thread 'undeliverable_plain_parser_diagnostic_returns_io_exit_without_panic' (8375913) panicked at tests/support/delivery.rs:60:13:
assertion failed: killed == 0 ||
    std::io::Error::last_os_error().raw_os_error() == Some(libc::ESRCH)


failures:
    undeliverable_parser_capacity_semantic_and_timeout_refusals_return_io_exit
    undeliverable_plain_parser_diagnostic_returns_io_exit_without_panic

test result: FAILED. 18 passed; 2 failed; 0 ignored; 0 measured; 0 filtered out; finished in 0.96s

error: test failed, to rerun pass `--test cli_frontend`
     Running tests/delivery_isolation.rs (target/debug/deps/delivery_isolation-088b20bb0a629f1d)

running 1 test
test owned_worker_timeout_kills_enrolled_cli ... ok

test result: ok. 1 passed; 0 failed; 0 ignored; 0 measured; 0 filtered out; finished in 5.01s

     Running tests/query_deadline_cli.rs (target/debug/deps/query_deadline_cli-91fccc6ca25b7a4f)

running 9 tests
test invalid_or_inapplicable_timeout_has_no_project_effects ... ok
test runner_and_trust_read_budgets_validate_before_discovery ... ok
test resource_and_trust_plans_return_complete_envelopes_without_launching ... ok
test finite_saved_routes_accept_timeout_and_reject_zero_before_project_effects ... ok
test strict_find_waits_only_remaining_budget_and_preserves_active_generation ... ok
test finite_ndjson_contention_preserves_error_code_without_creating_events ... ok
test doctor_contention_reports_timeout_with_original_budget_and_unchanged_database ... ok
test saved_cli_reread_never_reruns_and_failed_metering_preserves_delivery_truth ... FAILED
test work_and_quota_reads_accept_request_budget_and_preserve_state_under_contention ... ok

failures:

---- saved_cli_reread_never_reruns_and_failed_metering_preserves_delivery_truth stdout ----

thread 'saved_cli_reread_never_reruns_and_failed_metering_preserves_delivery_truth' (8376239) panicked at tests/support/delivery.rs:60:13:
assertion failed: killed == 0 ||
    std::io::Error::last_os_error().raw_os_error() == Some(libc::ESRCH)
note: run with `RUST_BACKTRACE=1` environment variable to display a backtrace


failures:
    saved_cli_reread_never_reruns_and_failed_metering_preserves_delivery_truth

test result: FAILED. 8 passed; 1 failed; 0 ignored; 0 measured; 0 filtered out; finished in 1.07s

error: test failed, to rerun pass `--test query_deadline_cli`
error: 3 targets failed:
    `--test cli_delivery`
    `--test cli_frontend`
    `--test query_deadline_cli`
