   Compiling pctx v0.1.0-dev (/Users/dev/PCTX)
    Finished `test` profile [unoptimized + debuginfo] target(s) in 1.33s
     Running unittests src/main.rs (target/debug/deps/pctx-5861ab217462b7f0)

running 5 tests
test cli_help::tests::every_declared_leaf_has_an_explicit_effect_contract ... ok
test cli_args::tests::producer_repetition_and_literal_child_options_preserve_exact_values ... ok
test cli_args::tests::pack_artifact_output_and_global_output_share_one_singular_binding ... ok
test cli_args::tests::defaults_and_fresh_parses_do_not_count_as_duplicate_inputs ... ok
test finite_route_tests::finite_work_quota_adapter_reads_do_not_time_execution ... ok

test result: ok. 5 passed; 0 failed; 0 ignored; 0 measured; 0 filtered out; finished in 0.06s

     Running tests/cli_contract.rs (target/debug/deps/cli_contract-7fe808194ea4872f)

running 14 tests
test minimum_error_budget_boundary_is_argument_validation_before_project_access ... ok
test invalid_json_cli_inputs_still_return_one_json_document ... ok
test invalid_capacity_is_json_even_for_markdown_and_never_writes_output ... ok
test every_stdout_budget_route_rejects_tiny_capacity_without_child_or_local_files ... ok
test inventory_cli_reports_static_candidates_without_execution_or_authority ... ok
test valid_minimum_capacity_with_oversize_mandatory_rule_keeps_budget_exit_eight ... ok
test security_applies_to_direct_reads_and_cached_metadata ... ok
test invalid_project_and_merged_user_policy_never_become_successful_empty_results ... ok
test context_budget_is_exact_json_and_required_rules_are_not_cut ... ok
test markdown_is_a_safe_document_and_unsupported_formats_precede_writes ... ok
test strict_lookup_retains_available_evidence_and_reports_incomplete_refresh ... ok
test non_git_exploration_changes_and_idempotent_init ... ok
test tiny_budgets_preserve_index_lease_checks_and_context_receipt_ledgers ... ok
test ndjson_snapshot_follow_and_resume_have_no_event_gap ... ok

test result: ok. 14 passed; 0 failed; 0 ignored; 0 measured; 0 filtered out; finished in 3.00s

     Running tests/cli_frontend.rs (target/debug/deps/cli_frontend-4948844b4d514170)

running 17 tests
test non_utf8_argument_returns_structured_error_without_panic_or_effect ... ok
test parser_diagnostics_mask_secrets_and_escape_control_characters ... ok
test help_and_version_are_successful_without_project_access ... ok
test root_version_is_exact_and_ignores_project_output_and_query_options ... ok
test no_color_suppresses_help_on_a_real_terminal_including_nested_help ... ok
test parser_errors_respect_actual_json_option_and_do_not_load_project ... ok
test undeliverable_plain_parser_diagnostic_returns_io_exit_without_panic ... ok
test unsupported_ndjson_is_rejected_before_project_discovery_or_init ... ok
test undeliverable_parser_capacity_semantic_and_timeout_refusals_return_io_exit ... ok
test semantic_refusals_are_one_safe_json_document_for_every_requested_format ... ok
test plain_parser_diagnostics_escape_bidi_c1_and_line_controls ... ok
test singular_global_duplicates_are_rejected_before_project_and_output_effects ... ok
test nested_global_positions_select_the_same_root_format_and_timeout ... ok
test valid_minimum_capacity_bounds_semantic_and_timeout_refusals_without_writes ... ok
test invalid_strict_queries_preserve_generation_database_sources_and_output_path ... ok
test unsupported_markdown_refuses_before_response_files_and_stream_dispatch ... ok
test every_visible_help_path_describes_schema_and_effects_without_project_access ... ok

test result: ok. 17 passed; 0 failed; 0 ignored; 0 measured; 0 filtered out; finished in 0.93s

     Running tests/pack.rs (target/debug/deps/pack-8d09189cdcc06191)

running 11 tests
test giant_item_and_total_budget_fail_without_plans_or_publication ... ok
test inspection_reapplies_source_artifact_policy_and_masks_untrusted_manifest ... ok
test legacy_plan_requires_replanning_but_legacy_artifact_remains_readable ... ok
test stale_source_policy_task_and_wrong_expected_hash_do_not_publish ... ok
test racing_artifact_parent_symlink_never_reads_outside_marker ... ok
test forged_budgets_parts_and_json_complexity_are_rejected_before_load ... ok
test signatures_keep_notices_and_single_json_verifies ... ok
test symlink_output_input_overlap_and_overwrite_are_denied ... ok
test integrity_tamper_missing_parts_and_missing_original_are_distinct ... ok
test immutable_plan_has_no_source_metadata_default_and_full_masks_preserves_license ... ok
test task_or_parser_revision_changes_make_current_source_pack_stale ... ok

test result: ok. 11 passed; 0 failed; 0 ignored; 0 measured; 0 filtered out; finished in 0.69s

     Running tests/query_deadline_cli.rs (target/debug/deps/query_deadline_cli-91fccc6ca25b7a4f)

running 9 tests
test invalid_or_inapplicable_timeout_has_no_project_effects ... ok
test runner_and_trust_read_budgets_validate_before_discovery ... ok
test resource_and_trust_plans_return_complete_envelopes_without_launching ... ok
test finite_saved_routes_accept_timeout_and_reject_zero_before_project_effects ... ok
test strict_find_waits_only_remaining_budget_and_preserves_active_generation ... ok
test finite_ndjson_contention_preserves_error_code_without_creating_events ... ok
test doctor_contention_reports_timeout_with_original_budget_and_unchanged_database ... ok
test saved_cli_reread_never_reruns_and_failed_metering_preserves_delivery_truth ... ok
test work_and_quota_reads_accept_request_budget_and_preserve_state_under_contention ... ok

test result: ok. 9 passed; 0 failed; 0 ignored; 0 measured; 0 filtered out; finished in 1.02s

