   Compiling pctx v0.1.0-dev (/Users/dev/PCTX)
    Finished `test` profile [unoptimized + debuginfo] target(s) in 0.62s
     Running tests/persisted_error_contract.rs (target/debug/deps/persisted_error_contract-257962e0e1215410)

running 4 tests
test stored_task_fields_refuse_corruption_without_mutating_or_changing_input_errors ... FAILED
test stored_create_receipt_preserves_replay_conflict_and_original_expiry ... FAILED
test stored_report_receipt_preserves_exact_replay_before_lease_and_hash_conflict_before_decode ... FAILED
test valid_stored_json_values_and_later_page_failure_preserve_events_and_cursors ... ok

failures:

---- stored_task_fields_refuse_corruption_without_mutating_or_changing_input_errors stdout ----

thread 'stored_task_fields_refuse_corruption_without_mutating_or_changing_input_errors' (9054811) panicked at tests/persisted_error_contract.rs:350:13:
assertion `left == right` failed: Output { status: ExitStatus(unix_wait_status(512)), stdout: "{\"command\":\"task\",\"coverage\":{\"reasons\":[\"INVALID_ARGUMENT\"],\"status\":\"partial\"},\"data\":null,\"errors\":[{\"code\":\"INVALID_ARGUMENT\",\"message\":\"Invalid JSON data\",\"retryable\":false}],\"generation_id\":null,\"project_id\":null,\"schema_version\":\"1.0\",\"status\":\"error\",\"truncation\":{\"reasons\":[],\"truncated\":false},\"validation\":{\"checked_at\":\"2026-10-08T23:20:01.551Z\",\"mode\":\"matched\",\"scope\":[],\"workspace_atomic\":false},\"warnings\":[],\"workspace_id\":null}\n", stderr: "" }
  left: Some(2)
 right: Some(7)
note: run with `RUST_BACKTRACE=1` environment variable to display a backtrace

---- stored_create_receipt_preserves_replay_conflict_and_original_expiry stdout ----

thread 'stored_create_receipt_preserves_replay_conflict_and_original_expiry' (9054809) panicked at tests/persisted_error_contract.rs:350:13:
assertion `left == right` failed: Output { status: ExitStatus(unix_wait_status(512)), stdout: "{\"command\":\"task\",\"coverage\":{\"reasons\":[\"INVALID_ARGUMENT\"],\"status\":\"partial\"},\"data\":null,\"errors\":[{\"code\":\"INVALID_ARGUMENT\",\"message\":\"Invalid JSON data\",\"retryable\":false}],\"generation_id\":null,\"project_id\":null,\"schema_version\":\"1.0\",\"status\":\"error\",\"truncation\":{\"reasons\":[],\"truncated\":false},\"validation\":{\"checked_at\":\"2026-10-08T23:20:01.569Z\",\"mode\":\"matched\",\"scope\":[],\"workspace_atomic\":false},\"warnings\":[],\"workspace_id\":null}\n", stderr: "" }
  left: Some(2)
 right: Some(7)

---- stored_report_receipt_preserves_exact_replay_before_lease_and_hash_conflict_before_decode stdout ----

thread 'stored_report_receipt_preserves_exact_replay_before_lease_and_hash_conflict_before_decode' (9054810) panicked at tests/persisted_error_contract.rs:350:13:
assertion `left == right` failed: Output { status: ExitStatus(unix_wait_status(512)), stdout: "{\"command\":\"agent\",\"coverage\":{\"reasons\":[\"INVALID_ARGUMENT\"],\"status\":\"partial\"},\"data\":null,\"errors\":[{\"code\":\"INVALID_ARGUMENT\",\"message\":\"Invalid JSON data\",\"retryable\":false}],\"generation_id\":null,\"project_id\":null,\"schema_version\":\"1.0\",\"status\":\"error\",\"truncation\":{\"reasons\":[],\"truncated\":false},\"validation\":{\"checked_at\":\"2026-10-08T23:20:01.629Z\",\"mode\":\"matched\",\"scope\":[],\"workspace_atomic\":false},\"warnings\":[],\"workspace_id\":null}\n", stderr: "" }
  left: Some(2)
 right: Some(7)


failures:
    stored_create_receipt_preserves_replay_conflict_and_original_expiry
    stored_report_receipt_preserves_exact_replay_before_lease_and_hash_conflict_before_decode
    stored_task_fields_refuse_corruption_without_mutating_or_changing_input_errors

test result: FAILED. 1 passed; 3 failed; 0 ignored; 0 measured; 3 filtered out; finished in 1.48s

error: test failed, to rerun pass `--test persisted_error_contract`
