   Compiling pctx v0.1.0-dev (/Users/dev/PCTX)
    Finished `test` profile [unoptimized + debuginfo] target(s) in 0.45s
     Running tests/context_delivery_selection.rs (target/debug/deps/context_delivery_selection-2d942bfc32429490)

running 5 tests
test source_changed_during_delivery_preparation_cannot_publish_stale_spans ... ok
test consumer_overhead_cannot_remove_mandatory_rules_or_fake_a_fitting_packet ... ok
test consumer_envelope_and_escaped_overhead_drive_tiers_and_exact_capacity ... ok
test omitted_replacement_changed_during_delivery_invalidates_unchanged_selected_decision ... ok
test consumer_failure_and_original_deadline_cannot_publish_a_selection ... ok

test result: ok. 5 passed; 0 failed; 0 ignored; 0 measured; 0 filtered out; finished in 1.06s

     Running tests/project_documents.rs (target/debug/deps/project_documents-7b87e5d6e076ca8b)

running 10 tests
test tags_aliases_duplicate_ids_and_excess_nesting_are_rejected ... ok
test legacy_instructions_are_opaque_and_all_returned_metadata_is_masked ... ok
test rules_are_scoped_required_and_keep_source_provenance ... ok
test decision_lifecycle_never_promotes_retired_or_proposed_claims ... ok
test decisions_keep_superseded_records_and_report_unresolved_references ... ok
test structured_conflicts_fail_but_natural_contradictions_remain_data ... ok
test proposed_replacement_cannot_retire_current_claim_and_cancellation_cannot_revive_predecessor ... ok
test retirement_survives_replacement_deletion_and_explicit_reinstatement_is_required ... ok
test invalid_reinstatement_rolls_back_observations_and_workspace_history_is_isolated ... ok
test control_backup_preserves_lineage_without_reactivating_guidance ... ok

test result: ok. 10 passed; 0 failed; 0 ignored; 0 measured; 0 filtered out; finished in 0.16s

     Running tests/session.rs (target/debug/deps/session-e37e24e280aa64af)

running 7 tests
test identity_secrets_are_rejected_before_persistence ... ok
test suspend_reconcile_preserves_task_pause_and_never_revives_run ... ok
test expired_outer_budget_cannot_emit_ack_attach_or_change_epoch ... ok
test independent_sessions_boundaries_and_policy_reject_old_baselines ... ok
test minimum_budget_failure_creates_no_emission ... ok
test rule_changes_and_deleted_paths_are_explicit ... ok
test explicit_ack_unchanged_delta_and_no_source_ledger ... ok

test result: ok. 7 passed; 0 failed; 0 ignored; 0 measured; 0 filtered out; finished in 0.12s

     Running tests/session_render_budget.rs (target/debug/deps/session_render_budget-2e37552a4a4fa12a)

running 7 tests
test terminal_escape_overflow_is_rejected_before_context_emission_or_event ... ok
test exact_final_budget_and_representation_receipts_require_explicit_ack ... ok
test supersession_links_invalidate_unchanged_source_without_reviving_it_on_replacement_cancellation ... FAILED
test unchanged_git_does_not_hide_decision_or_memory_change_retirement_and_deletion ... ok
test adaptive_delta_resends_unreceived_body_and_reuses_acknowledged_receipts ... ok
test original_cli_budget_bounds_writer_admission_without_context_or_epoch_writes ... ok
test omitted_sources_are_not_acknowledged_and_later_delivery_is_explicit ... ok

failures:

---- supersession_links_invalidate_unchanged_source_without_reviving_it_on_replacement_cancellation stdout ----

thread 'supersession_links_invalidate_unchanged_source_without_reviving_it_on_replacement_cancellation' (7560777) panicked at tests/session_render_budget.rs:1153:5:
assertion `left == right` failed
  left: String("full_span")
 right: "full"
note: run with `RUST_BACKTRACE=1` environment variable to display a backtrace


failures:
    supersession_links_invalidate_unchanged_source_without_reviving_it_on_replacement_cancellation

test result: FAILED. 6 passed; 1 failed; 0 ignored; 0 measured; 0 filtered out; finished in 3.59s

error: test failed, to rerun pass `--test session_render_budget`
