   Compiling pctx v0.1.0-dev (/Users/dev/PCTX)
    Finished `test` profile [unoptimized + debuginfo] target(s) in 0.57s
     Running tests/project_deadline.rs (target/debug/deps/project_deadline-f7e8b9d913251d84)

running 14 tests
test deadline_project_loading_child_entry ... ok
test query_supervisor_rejects_mutation_before_spawn ... ok
test expired_loading_and_detection_do_not_touch_nonexistent_project ... ok
test expired_connection_does_not_even_create_initialization_lock ... ok
test actual_registered_project_loading_and_ancestor_discovery_keep_same_deadline ... ok
test connection_initialization_wait_respects_remaining_request_not_five_seconds ... ok
test busy_sqlite_read_is_bounded_by_remaining_request ... ok
test successive_database_connections_share_the_original_request_budget ... ok
test query_program_resolution_uses_captured_command_path ... ok
test relative_query_path_uses_child_cwd_and_skips_non_executable_path_entry ... FAILED
test simultaneous_streams_are_collected_and_overflow_never_infers_success ... FAILED
test concurrent_query_startup_preserves_group_streams_and_original_one_second_budget ... FAILED
test query_cannot_succeed_with_live_descendant_that_closed_both_streams ... ok
test query_deadline_includes_inherited_pipe_eof_after_root_exit ... ok

failures:

---- relative_query_path_uses_child_cwd_and_skips_non_executable_path_entry stdout ----

thread 'relative_query_path_uses_child_cwd_and_skips_non_executable_path_entry' (7596764) panicked at tests/project_deadline.rs:546:9:
Relative PATH query failed; evidence=/var/folders/dh/vzwzck1n4rx_bntdyff83ssc0000gp/T/.tmpmXTk4E

---- simultaneous_streams_are_collected_and_overflow_never_infers_success stdout ----

thread 'simultaneous_streams_are_collected_and_overflow_never_infers_success' (7596791) panicked at tests/project_deadline.rs:440:13:
Simple builtin query failed; evidence at /tmp/pctx-query-eof-failure-7mKb9k: {"diagnostic":"Request deadline expired (phase=wait_next_observation, elapsed_ms=1001, spawn_ms=0, iterations=141, stdout_eof=false, stderr_eof=false, stdout_bytes=0, stderr_bytes=0, root_exit_observed=false, waitid_signo=0, waitid_code=0, group_probes=0, group_has_others=None, root_pid=49415, native_child=Some(\"status=2,flags=20987920,pgid_matches=true,ppid_matches=true,start_sec=1791444307,start_usec=60423,threads=1,running=0,cpu_user=0,cpu_system=629,mach_calls=0,unix_calls=0,context_switches=2\"))","error_code":"TIMEOUT","root_exiting":false,"root_started":false}

---- concurrent_query_startup_preserves_group_streams_and_original_one_second_budget stdout ----

thread '<unnamed>' (7596756) panicked at tests/project_deadline.rs:584:26:
called `Result::unwrap()` on an `Err` value: Error { code: "TIMEOUT", message: "Request deadline expired (phase=wait_next_observation, elapsed_ms=999, spawn_ms=0, iterations=142, stdout_eof=false, stderr_eof=false, stdout_bytes=0, stderr_bytes=0, root_exit_observed=false, waitid_signo=0, waitid_code=0, group_probes=0, group_has_others=None, root_pid=49414, native_child=Some(\"status=2,flags=20987920,pgid_matches=true,ppid_matches=true,start_sec=1791444307,start_usec=52220,threads=1,running=0,cpu_user=0,cpu_system=273,mach_calls=0,unix_calls=0,context_switches=2\"))", retryable: false, exit: 7 }
note: run with `RUST_BACKTRACE=1` environment variable to display a backtrace

thread '<unnamed>' (7596760) panicked at tests/project_deadline.rs:584:26:
called `Result::unwrap()` on an `Err` value: Error { code: "TIMEOUT", message: "Request deadline expired (phase=wait_next_observation, elapsed_ms=999, spawn_ms=0, iterations=141, stdout_eof=false, stderr_eof=false, stdout_bytes=0, stderr_bytes=0, root_exit_observed=false, waitid_signo=0, waitid_code=0, group_probes=0, group_has_others=None, root_pid=49410, native_child=Some(\"status=2,flags=20987920,pgid_matches=true,ppid_matches=true,start_sec=1791444307,start_usec=52152,threads=1,running=0,cpu_user=0,cpu_system=336,mach_calls=0,unix_calls=0,context_switches=1\"))", retryable: false, exit: 7 }

thread '<unnamed>' (7596755) panicked at tests/project_deadline.rs:584:26:
called `Result::unwrap()` on an `Err` value: Error { code: "TIMEOUT", message: "Request deadline expired (phase=wait_next_observation, elapsed_ms=1000, spawn_ms=0, iterations=142, stdout_eof=false, stderr_eof=false, stdout_bytes=0, stderr_bytes=0, root_exit_observed=false, waitid_signo=0, waitid_code=0, group_probes=0, group_has_others=None, root_pid=49404, native_child=Some(\"status=2,flags=20987920,pgid_matches=true,ppid_matches=true,start_sec=1791444307,start_usec=52082,threads=1,running=0,cpu_user=0,cpu_system=1123,mach_calls=0,unix_calls=0,context_switches=2\"))", retryable: false, exit: 7 }

thread '<unnamed>' (7596753) panicked at tests/project_deadline.rs:584:26:
called `Result::unwrap()` on an `Err` value: Error { code: "TIMEOUT", message: "Request deadline expired (phase=wait_next_observation, elapsed_ms=1000, spawn_ms=0, iterations=141, stdout_eof=false, stderr_eof=false, stdout_bytes=0, stderr_bytes=0, root_exit_observed=false, waitid_signo=0, waitid_code=0, group_probes=0, group_has_others=None, root_pid=49412, native_child=Some(\"status=2,flags=20987920,pgid_matches=true,ppid_matches=true,start_sec=1791444307,start_usec=52198,threads=1,running=0,cpu_user=0,cpu_system=639,mach_calls=0,unix_calls=0,context_switches=1\"))", retryable: false, exit: 7 }

thread 'concurrent_query_startup_preserves_group_streams_and_original_one_second_budget' (7596744) panicked at tests/project_deadline.rs:593:27:
called `Result::unwrap()` on an `Err` value: Any { .. }

thread '<unnamed>' (7596758) panicked at tests/project_deadline.rs:584:26:
called `Result::unwrap()` on an `Err` value: Error { code: "TIMEOUT", message: "Request deadline expired (phase=wait_next_observation, elapsed_ms=1001, spawn_ms=0, iterations=140, stdout_eof=false, stderr_eof=false, stdout_bytes=0, stderr_bytes=0, root_exit_observed=false, waitid_signo=0, waitid_code=0, group_probes=0, group_has_others=None, root_pid=49406, native_child=Some(\"status=2,flags=20987920,pgid_matches=true,ppid_matches=true,start_sec=1791444307,start_usec=52100,threads=1,running=0,cpu_user=0,cpu_system=1010,mach_calls=0,unix_calls=0,context_switches=2\"))", retryable: false, exit: 7 }


failures:
    concurrent_query_startup_preserves_group_streams_and_original_one_second_budget
    relative_query_path_uses_child_cwd_and_skips_non_executable_path_entry
    simultaneous_streams_are_collected_and_overflow_never_infers_success

test result: FAILED. 11 passed; 3 failed; 0 ignored; 0 measured; 0 filtered out; finished in 3.01s

error: test failed, to rerun pass `--test project_deadline`
