   Compiling pctx v0.1.0-dev (/Users/dev/PCTX)
error[E0308]: mismatched types
   --> src/policy_controls.rs:802:19
    |
802 | ...rn Ok(decision(p, "held", "POLICY_CONFLICT", &json!({"request":hash(serde_json::to_vec(input)?),"source_classification_hash":source_hash}))?.data);
    |       -- ^^^^^^^^^^^^^^^^^^^^^^^^^^^^^^^^^^^^^^^^^^^^^^^^^^^^^^^^^^^^^^^^^^^^^^^^^^^^^^^^^^^^^^^^^^^^^^^^^^^^^^^^^^^^^^^^^^^^^^^^^^^^^^^^^^^^^^^^^^^ expected `ReportAdmission`, found `Value`
    |       |
    |       arguments to this enum variant are incorrect
    |
help: the type constructed contains `serde_json::Value` due to the type of the argument passed
   --> src/policy_controls.rs:802:16
    |
802 | ...rn Ok(decision(p, "held", "POLICY_CONFLICT", &json!({"request":hash(serde_json::to_vec(input)?),"source_classification_hash":source_hash}))?.data);
    |       ^^^-------------------------------------------------------------------------------------------------------------------------------------------^
    |          |
    |          this argument influences the type of `Ok`
note: tuple variant defined here
   --> /rustc/b940084d7eb6a299eb4bfeb8e34901bc051e7ac4/library/core/src/result.rs:562:4
help: consider removing the tuple struct field `data`
    |
802 -         return Ok(decision(p, "held", "POLICY_CONFLICT", &json!({"request":hash(serde_json::to_vec(input)?),"source_classification_hash":source_hash}))?.data);
802 +         return Ok(decision(p, "held", "POLICY_CONFLICT", &json!({"request":hash(serde_json::to_vec(input)?),"source_classification_hash":source_hash}))?);
    |

For more information about this error, try `rustc --explain E0308`.
error: could not compile `pctx` (lib) due to 1 previous error
