    Finished `test` profile [unoptimized + debuginfo] target(s) in 0.13s
     Running tests/runner.rs (target/debug/deps/runner-bd8ce8a4c22fbc6c)

running 20 tests
test legacy_lock_fixture ... ok
test inherited_canonical_descriptor_retains_lock_after_invalid_proof_and_parent_close ... ok
test cloud_helper_is_only_durable_intent ... ok
test legacy_bridge_absence_prevents_execution ... ok
test explicit_script_input_change_requires_new_trust ... ok
test linked_slot_child_directory_cannot_redirect_state ... ok
test changed_script_and_agent_forged_trust_are_denied ... ok
test synthetic_low_memory_defers_heavy_admission ... ok
test trusted_typed_check_is_real_evidence ... ok
test timeout_is_observed_without_success_evidence ... ok
test parent_exit_does_not_release_living_child ... ok
test user_created_host_state_symlink_is_denied ... ok
test unknown_memory_requires_disclosed_exact_owner_override ... ok
test unknown_and_zero_tests_do_not_pass ... ok
test source_mutation_during_check_is_stale ... ok
test cross_project_heavy_capacity_is_one ... ok
test local_auxiliary_provider_needs_registered_linked_workspace_and_capacity ... ok
test canonical_mutex_survives_main_parent_death ... ok
test killed_guardian_causes_negative_child_observation ... ok
test canonical_legacy_and_pctx_exclude_each_other ... ok

test result: ok. 20 passed; 0 failed; 0 ignored; 0 measured; 0 filtered out; finished in 17.08s

     Running tests/schedule.rs (target/debug/deps/schedule-02064f2e0224484c)

running 17 tests
test non_read_job_requires_matching_operation_decision ... ok
test berlin_spring_gap_moves_to_next_valid_wall_time ... ok
test berlin_fall_back_occurs_once_per_local_date_and_restart_reuses_record ... ok
test project_private_bridge_staging_rejects_user_symlinks_without_changing_target ... ok
test elapsed_intervals_do_not_change_with_dst_and_missed_ticks_coalesce ... ok
test namespaces_and_cas_pause_updates_are_independent ... ok
test empty_readonly_tick_is_successful_without_notification_or_model_wake ... ok
test paused_role_blocks_actual_tick_and_loop_does_not_acquire_keep_awake ... ok
test reconcile_singleflight_and_managed_bridge_never_claim_install_or_success ... ok
test failed_attempt_is_recorded_and_retry_is_explicit_instead_of_synthetic_success ... ok
test role_pause_topic_silence_do_not_reactivate ... ok
test session_boundary_invalidates_binding_without_reinstall_or_epoch_inheritance ... ok
test tick_executes_once_and_only_changed_results_queue_a_local_notice ... ok
test running_owner_is_never_released_by_ttl_and_restored_binding_is_not_inherited ... ok
test staged_bridge_uninstall_removes_only_owned_files_and_missing_manifest_can_be_repaired ... ok
test managed_bridge_requires_current_reviewed_plan_and_preserves_user_changes ... ok
test actual_cli_concurrent_ticks_claim_one_occurrence_and_fixture_bridge_invokes_tick ... ok

test result: ok. 17 passed; 0 failed; 0 ignored; 0 measured; 0 filtered out; finished in 10.91s

     Running tests/work_control.rs (target/debug/deps/work_control-42e8d2df30461b41)

running 9 tests
test database_rejects_event_modification_and_receipt_conflict ... ok
test schedule_v2_backup_strips_local_binding_and_restore_revokes_running_authority ... FAILED
test zero_minimum_cannot_make_zero_tests_pass ... ok
test claims_reports_reassignment_and_cursor ... ok
test zero_tests_and_revision_conflict ... ok
test current_source_change_blocks_completion ... ok
test backup_restore_revokes_live_leases_and_preserves_pause ... ok
test evidence_gate_and_historical_completion ... ok
test restore_preserves_session_history_without_ack_or_epoch_reuse ... ok

failures:

---- schedule_v2_backup_strips_local_binding_and_restore_revokes_running_authority stdout ----

thread 'schedule_v2_backup_strips_local_binding_and_restore_revokes_running_authority' (7144471) panicked at tests/work_control.rs:689:14:
called `Result::unwrap()` on an `Err` value: SqliteFailure(Error { code: Unknown, extended_code: 1 }, Some("no such table: schedule_bindings"))
note: run with `RUST_BACKTRACE=1` environment variable to display a backtrace


failures:
    schedule_v2_backup_strips_local_binding_and_restore_revokes_running_authority

test result: FAILED. 8 passed; 1 failed; 0 ignored; 0 measured; 0 filtered out; finished in 0.24s

error: test failed, to rerun pass `--test work_control`
