   Compiling pctx v0.1.0-dev (/Users/dev/PCTX)
    Finished `test` profile [unoptimized + debuginfo] target(s) in 2.07s
     Running tests/cli_contract.rs (target/debug/deps/cli_contract-b5c67c1361178a48)

running 6 tests
test invalid_json_cli_inputs_still_return_one_json_document ... ok
test inventory_cli_reports_static_candidates_without_execution_or_authority ... ok
test security_applies_to_direct_reads_and_cached_metadata ... ok
test context_budget_is_exact_json_and_required_rules_are_not_cut ... ok
test non_git_exploration_changes_and_idempotent_init ... ok
test ndjson_snapshot_follow_and_resume_have_no_event_gap ... ok

test result: ok. 6 passed; 0 failed; 0 ignored; 0 measured; 0 filtered out; finished in 2.96s

     Running tests/inventory.rs (target/debug/deps/inventory-a959f95ef8fb8ce5)

running 8 tests
test symlinks_and_budgets_are_not_traversed ... ok
test stale_documents_and_changed_source_only_need_review ... ok
test dynamic_invalid_and_unsupported_configs_are_explicit ... ok
test static_workspace_packages_and_checks_have_current_proof_without_execution ... ok
test audit_proposals_are_deterministic_hash_bound_and_do_not_write ... ok
test unknown_selectors_and_code_structure_do_not_invent_facts ... ok
test exclusions_and_redaction_apply_to_scan_and_current_audit ... ok
test profile_confirms_observation_not_owner_authority_and_detects_conflict_and_stale ... ok

test result: ok. 8 passed; 0 failed; 0 ignored; 0 measured; 0 filtered out; finished in 0.05s

     Running tests/operations.rs (target/debug/deps/operations-463dea714da5ea5e)

running 11 tests
test forged_agent_owner_decision_does_not_generate_grant ... ok
test owner_queue_filters_oldest_hidden_actions_before_limit_without_disclosing_details ... ok
test owner_queue_honors_specific_recipients_and_owner_destination_without_globalizing_silence ... ok
test silence_hides_topic_and_body_before_inbox_ranking ... ok
test omitted_action_role_cannot_bypass_registered_actor_pause ... ok
test role_pause_blocks_claim_without_mutating_task_or_run ... ok
test exact_decisions_deduplicate_but_changed_environment_amount_artifact_do_not ... ok
test mailbox_retry_is_queued_once_and_ack_is_recipient_bound ... ok
test unknown_cost_pause_and_silence_override_valid_grant ... ok
test owner_queue_delivery_barriers_survive_control_restore ... ok
test backup_restore_preserves_pause_silence_and_messages_but_revokes_grants ... ok

test result: ok. 11 passed; 0 failed; 0 ignored; 0 measured; 0 filtered out; finished in 0.20s

     Running tests/output.rs (target/debug/deps/output-a63d2159d5d69d4f)

running 10 tests
test opaque_shell_heavy_and_bad_identifiers_rejected ... ok
test agent_cannot_mint_execution_trust_and_git_helpers_are_unavailable ... ok
test typed_full_report_preserves_failed_counts_without_becoming_gate_evidence ... ok
test masking_is_before_storage_and_cr_preserves_error ... ok
test exact_trust_child_exit_and_reread_without_execution ... ok
test none_expiry_tamper_and_policy_change_cannot_restore_records ... ok
test diagnostic_extract_binds_original_source_and_rereads_without_execution ... ok
test nonzero_and_timeout_are_not_filter_success ... ok
test verbose_output_preserves_late_diagnostics_and_full_masked_denominator ... ok
test bounded_capture_retains_tail_and_original_record_positions ... ok

test result: ok. 10 passed; 0 failed; 0 ignored; 0 measured; 0 filtered out; finished in 1.25s

     Running tests/parsers.rs (target/debug/deps/parsers-b9689c3406aa041f)

running 15 tests
test native_complete_claim_is_never_gate_evidence ... ok
test eslint_count_drift_or_metadata_wrapper_is_partial ... ok
test duplicate_json_keys_never_override_failure_into_pass ... ok
test git_nul_status_preserves_rename_whitespace_and_conflicts ... ok
test eslint_keeps_error_warning_fatal_ranges_and_distinct_files ... ok
test missing_final_and_unknown_assertions_are_partial ... ok
test git_log_selected_fields_and_diff_ranges_remain_review_only ... ok
test malformed_complex_oversize_and_unknown_inputs_fail_safely ... ok
test retries_prior_failures_and_suite_crash_are_preserved ... ok
test native_capture_timeout_or_missing_final_never_pass ... ok
test test_report_counts_survive_but_retry_history_is_not_invented ... ok
test test_zero_all_skipped_and_observed_nonzero_never_pass ... ok
test native_zero_all_skipped_nonzero_and_exit_mismatch_cannot_pass ... ok
test typescript_diagnostics_keep_codes_locations_and_record_provenance ... ok
test diagnostic_limit_keeps_total_counts_and_masks_messages ... ok

test result: ok. 15 passed; 0 failed; 0 ignored; 0 measured; 0 filtered out; finished in 0.02s

     Running tests/runner.rs (target/debug/deps/runner-bd8ce8a4c22fbc6c)

running 20 tests
test legacy_lock_fixture ... ok
test inherited_canonical_descriptor_retains_lock_after_invalid_proof_and_parent_close ... ok
test cloud_helper_is_only_durable_intent ... ok
test legacy_bridge_absence_prevents_execution ... ok
test changed_script_and_agent_forged_trust_are_denied ... ok
test explicit_script_input_change_requires_new_trust ... ok
test linked_slot_child_directory_cannot_redirect_state ... ok
test synthetic_low_memory_defers_heavy_admission ... ok
test trusted_typed_check_is_real_evidence ... ok
test parent_exit_does_not_release_living_child ... ok
test timeout_is_observed_without_success_evidence ... ok
test user_created_host_state_symlink_is_denied ... ok
test unknown_memory_requires_disclosed_exact_owner_override ... ok
test unknown_and_zero_tests_do_not_pass ... ok
test source_mutation_during_check_is_stale ... ok
test cross_project_heavy_capacity_is_one ... ok
test local_auxiliary_provider_needs_registered_linked_workspace_and_capacity ... ok
test canonical_mutex_survives_main_parent_death ... FAILED
test canonical_legacy_and_pctx_exclude_each_other ... FAILED
test killed_guardian_causes_negative_child_observation ... FAILED

failures:

---- canonical_mutex_survives_main_parent_death stdout ----

thread 'canonical_mutex_survives_main_parent_death' (7142801) panicked at tests/runner.rs:171:17:
Runner did not durably acknowledge guardian attachment; elapsed_ms=5556 status=Some(ExitStatus(unix_wait_status(1536))) latest_slot=None stdout={"command":"runner","coverage":{"reasons":["CAPABILITY_UNAVAILABLE"],"status":"partial"},"data":null,"errors":[{"code":"CAPABILITY_UNAVAILABLE","message":"Native host boot identity cannot be observed; canonical bridge is disabled","retryable":false}],"generation_id":null,"project_id":null,"schema_version":"1.0","status":"error","truncation":{"reasons":[],"truncated":false},"validation":{"checked_at":"2026-10-08T01:21:01.803179+00:00","mode":"matched","scope":[],"workspace_atomic":false},"warnings":[],"workspace_id":null}
 bounded_stage_stderr=PCTX-RUNNER-PHASE-v1 pid=89452 elapsed_ms=0 phase=planned_profile_begin
PCTX-RUNNER-PHASE-v1 pid=89452 elapsed_ms=1376 phase=planned_profile_ready
PCTX-RUNNER-PHASE-v1 pid=89452 elapsed_ms=1376 phase=current_profile_begin
PCTX-RUNNER-PHASE-v1 pid=89452 elapsed_ms=2737 phase=current_profile_ready
PCTX-RUNNER-PHASE-v1 pid=89452 elapsed_ms=2773 phase=host_slots_acquired
PCTX-RUNNER-PHASE-v1 pid=89452 elapsed_ms=2804 phase=final_profile_begin
PCTX-RUNNER-PHASE-v1 pid=89452 elapsed_ms=4168 phase=final_profile_ready
PCTX-RUNNER-PHASE-v1 pid=89452 elapsed_ms=4168 phase=guardian_admission_begin
. Native boot/start identity must be observable; sandbox denial does not qualify as bridge support.
note: run with `RUST_BACKTRACE=1` environment variable to display a backtrace

---- canonical_legacy_and_pctx_exclude_each_other stdout ----

thread 'canonical_legacy_and_pctx_exclude_each_other' (7142800) panicked at tests/runner.rs:433:5:
stdout={"command":"runner","coverage":{"reasons":["CAPABILITY_UNAVAILABLE"],"status":"partial"},"data":null,"errors":[{"code":"CAPABILITY_UNAVAILABLE","message":"Native host boot identity cannot be observed; canonical bridge is disabled","retryable":false}],"generation_id":null,"project_id":null,"schema_version":"1.0","status":"error","truncation":{"reasons":[],"truncated":false},"validation":{"checked_at":"2026-10-08T01:21:01.835212+00:00","mode":"matched","scope":[],"workspace_atomic":false},"warnings":[],"workspace_id":null}
 stderr=PCTX-RUNNER-PHASE-v1 pid=89455 elapsed_ms=0 phase=planned_profile_begin
PCTX-RUNNER-PHASE-v1 pid=89455 elapsed_ms=1370 phase=planned_profile_ready
PCTX-RUNNER-PHASE-v1 pid=89455 elapsed_ms=1370 phase=current_profile_begin
PCTX-RUNNER-PHASE-v1 pid=89455 elapsed_ms=2732 phase=current_profile_ready
PCTX-RUNNER-PHASE-v1 pid=89455 elapsed_ms=2788 phase=host_slots_acquired
PCTX-RUNNER-PHASE-v1 pid=89455 elapsed_ms=2795 phase=final_profile_begin
PCTX-RUNNER-PHASE-v1 pid=89455 elapsed_ms=4158 phase=final_profile_ready
PCTX-RUNNER-PHASE-v1 pid=89455 elapsed_ms=4158 phase=guardian_admission_begin


---- killed_guardian_causes_negative_child_observation stdout ----

thread 'killed_guardian_causes_negative_child_observation' (7142807) panicked at tests/runner.rs:171:17:
Runner did not durably acknowledge guardian attachment; elapsed_ms=5557 status=Some(ExitStatus(unix_wait_status(1536))) latest_slot=None stdout={"command":"runner","coverage":{"reasons":["CAPABILITY_UNAVAILABLE"],"status":"partial"},"data":null,"errors":[{"code":"CAPABILITY_UNAVAILABLE","message":"Native host boot identity cannot be observed; canonical bridge is disabled","retryable":false}],"generation_id":null,"project_id":null,"schema_version":"1.0","status":"error","truncation":{"reasons":[],"truncated":false},"validation":{"checked_at":"2026-10-08T01:21:01.830917+00:00","mode":"matched","scope":[],"workspace_atomic":false},"warnings":[],"workspace_id":null}
 bounded_stage_stderr=PCTX-RUNNER-PHASE-v1 pid=89454 elapsed_ms=0 phase=planned_profile_begin
PCTX-RUNNER-PHASE-v1 pid=89454 elapsed_ms=1368 phase=planned_profile_ready
PCTX-RUNNER-PHASE-v1 pid=89454 elapsed_ms=1368 phase=current_profile_begin
PCTX-RUNNER-PHASE-v1 pid=89454 elapsed_ms=2724 phase=current_profile_ready
PCTX-RUNNER-PHASE-v1 pid=89454 elapsed_ms=2775 phase=host_slots_acquired
PCTX-RUNNER-PHASE-v1 pid=89454 elapsed_ms=2789 phase=final_profile_begin
PCTX-RUNNER-PHASE-v1 pid=89454 elapsed_ms=4154 phase=final_profile_ready
PCTX-RUNNER-PHASE-v1 pid=89454 elapsed_ms=4154 phase=guardian_admission_begin
. Native boot/start identity must be observable; sandbox denial does not qualify as bridge support.


failures:
    canonical_legacy_and_pctx_exclude_each_other
    canonical_mutex_survives_main_parent_death
    killed_guardian_causes_negative_child_observation

test result: FAILED. 17 passed; 3 failed; 0 ignored; 0 measured; 0 filtered out; finished in 8.88s

error: test failed, to rerun pass `--test runner`
