2026-10-08T02:40:48.9590250Z Current runner version: '2.337.0'
2026-10-08T02:40:48.9614739Z ##[group]Runner Image Provisioner
2026-10-08T02:40:48.9615772Z Hosted Compute Agent
2026-10-08T02:40:48.9616374Z Version: 20261002.596
2026-10-08T02:40:48.9617076Z Commit: c3d12f3313a95f25162a1503be624f3b0617f8c0
2026-10-08T02:40:48.9617820Z Build Date: 2026-10-02T22:28:27Z
2026-10-08T02:40:48.9618551Z Worker ID: {3d6ebce3-3e78-4850-b361-9ac7a34f6cfb}
2026-10-08T02:40:48.9619303Z Region: westus
2026-10-08T02:40:48.9619855Z Cloud: Azure
2026-10-08T02:40:48.9620501Z ##[endgroup]
2026-10-08T02:40:48.9622137Z ##[group]Operating System
2026-10-08T02:40:48.9622833Z Ubuntu
2026-10-08T02:40:48.9623440Z 24.04.5
2026-10-08T02:40:48.9624165Z LTS
2026-10-08T02:40:48.9624692Z ##[endgroup]
2026-10-08T02:40:48.9625327Z ##[group]Runner Image
2026-10-08T02:40:48.9625964Z Image: ubuntu-24.04
2026-10-08T02:40:48.9626573Z Version: 20261004.327.1
2026-10-08T02:40:48.9627896Z Included Software: https://github.com/actions/runner-images/blob/ubuntu24/20261004.327/images/ubuntu/Ubuntu2404-Readme.md
2026-10-08T02:40:48.9629522Z Image Release: https://github.com/actions/runner-images/releases/tag/ubuntu24%2F20261004.327
2026-10-08T02:40:48.9630560Z ##[endgroup]
2026-10-08T02:40:48.9632090Z ##[group]GITHUB_TOKEN Permissions
2026-10-08T02:40:48.9634598Z Contents: read
2026-10-08T02:40:48.9635364Z Metadata: read
2026-10-08T02:40:48.9635971Z ##[endgroup]
2026-10-08T02:40:48.9637996Z Secret source: Actions
2026-10-08T02:40:48.9639025Z Cache mode: write
2026-10-08T02:40:48.9639759Z Prepare workflow directory
2026-10-08T02:40:49.0000016Z Prepare all required actions
2026-10-08T02:40:49.0074916Z Getting action download info
2026-10-08T02:40:49.3399973Z Download action repository 'actions/checkout@v4' (SHA:11d5960a326750d5838078e36cf38b85af677262)
2026-10-08T02:40:49.4456150Z Download action repository 'dtolnay/rust-toolchain@stable' (SHA:89b12181fb390509a0842a86cc55eeb8eb928c1d)
2026-10-08T02:40:49.7702544Z Complete job name: validate (ubuntu-latest)
2026-10-08T02:40:49.8475817Z ##[group]Run actions/checkout@v4
2026-10-08T02:40:49.8476718Z with:
2026-10-08T02:40:49.8477160Z   repository: Jung95/pctx
2026-10-08T02:40:49.8481130Z   token: ***
2026-10-08T02:40:49.8481568Z   ssh-strict: true
2026-10-08T02:40:49.8482002Z   ssh-user: git
2026-10-08T02:40:49.8482447Z   persist-credentials: true
2026-10-08T02:40:49.8482938Z   clean: true
2026-10-08T02:40:49.8483385Z   sparse-checkout-cone-mode: true
2026-10-08T02:40:49.8484087Z   fetch-depth: 1
2026-10-08T02:40:49.8484521Z   fetch-tags: false
2026-10-08T02:40:49.8485004Z   show-progress: true
2026-10-08T02:40:49.8485444Z   lfs: false
2026-10-08T02:40:49.8485850Z   submodules: false
2026-10-08T02:40:49.8486299Z   set-safe-directory: true
2026-10-08T02:40:49.8486796Z   allow-unsafe-pr-checkout: false
2026-10-08T02:40:49.8487578Z ##[endgroup]
2026-10-08T02:40:49.9525954Z Syncing repository: Jung95/pctx
2026-10-08T02:40:49.9528349Z ##[group]Getting Git version info
2026-10-08T02:40:49.9529479Z Working directory is '/home/runner/work/pctx/pctx'
2026-10-08T02:40:49.9531012Z [command]/usr/bin/git version
2026-10-08T02:40:49.9604569Z git version 2.55.0
2026-10-08T02:40:49.9634432Z ##[endgroup]
2026-10-08T02:40:49.9661465Z Temporarily overriding HOME='/home/runner/work/_temp/c1b02dd4-1d39-4b68-a3d3-3b392ed6d7ae' before making global git config changes
2026-10-08T02:40:49.9662961Z Adding repository directory to the temporary git global config as a safe directory
2026-10-08T02:40:49.9664385Z [command]/usr/bin/git config --global --add safe.directory /home/runner/work/pctx/pctx
2026-10-08T02:40:49.9773871Z Deleting the contents of '/home/runner/work/pctx/pctx'
2026-10-08T02:40:49.9779293Z ##[group]Initializing the repository
2026-10-08T02:40:49.9783104Z [command]/usr/bin/git init /home/runner/work/pctx/pctx
2026-10-08T02:40:49.9913205Z hint: Using 'master' as the name for the initial branch. This default branch name
2026-10-08T02:40:49.9915237Z hint: will change to "main" in Git 3.0. To configure the initial branch name
2026-10-08T02:40:49.9917983Z hint: to use in all of your new repositories, which will suppress this warning,
2026-10-08T02:40:49.9919555Z hint: call:
2026-10-08T02:40:49.9920557Z hint:
2026-10-08T02:40:49.9921353Z hint: 	git config --global init.defaultBranch <name>
2026-10-08T02:40:49.9922382Z hint:
2026-10-08T02:40:49.9923354Z hint: Names commonly chosen instead of 'master' are 'main', 'trunk' and
2026-10-08T02:40:49.9925127Z hint: 'development'. The just-created branch can be renamed via this command:
2026-10-08T02:40:49.9926338Z hint:
2026-10-08T02:40:49.9927085Z hint: 	git branch -m <name>
2026-10-08T02:40:49.9927908Z hint:
2026-10-08T02:40:49.9929181Z hint: Disable this message with "git config set advice.defaultBranchName false"
2026-10-08T02:40:49.9930765Z Initialized empty Git repository in /home/runner/work/pctx/pctx/.git/
2026-10-08T02:40:49.9933593Z [command]/usr/bin/git remote add origin https://github.com/Jung95/pctx
2026-10-08T02:40:49.9977507Z ##[endgroup]
2026-10-08T02:40:49.9978728Z ##[group]Disabling automatic garbage collection
2026-10-08T02:40:49.9981001Z [command]/usr/bin/git config --local gc.auto 0
2026-10-08T02:40:50.0016473Z ##[endgroup]
2026-10-08T02:40:50.0017591Z ##[group]Setting up auth
2026-10-08T02:40:50.0022106Z [command]/usr/bin/git config --local --name-only --get-regexp core\.sshCommand
2026-10-08T02:40:50.0058424Z [command]/usr/bin/git submodule foreach --recursive sh -c "git config --local --name-only --get-regexp 'core\.sshCommand' && git config --local --unset-all 'core.sshCommand' || :"
2026-10-08T02:40:50.0470707Z [command]/usr/bin/git config --local --name-only --get-regexp http\.https\:\/\/github\.com\/\.extraheader
2026-10-08T02:40:50.0502426Z [command]/usr/bin/git submodule foreach --recursive sh -c "git config --local --name-only --get-regexp 'http\.https\:\/\/github\.com\/\.extraheader' && git config --local --unset-all 'http.https://github.com/.extraheader' || :"
2026-10-08T02:40:50.0758163Z [command]/usr/bin/git config --local --name-only --get-regexp ^includeIf\.gitdir:
2026-10-08T02:40:50.0804057Z [command]/usr/bin/git submodule foreach --recursive git config --local --show-origin --name-only --get-regexp remote.origin.url
2026-10-08T02:40:50.1043630Z [command]/usr/bin/git config --local http.https://github.com/.extraheader AUTHORIZATION: basic ***
2026-10-08T02:40:50.1085040Z ##[endgroup]
2026-10-08T02:40:50.1086317Z ##[group]Fetching the repository
2026-10-08T02:40:50.1095917Z [command]/usr/bin/git -c protocol.version=2 fetch --no-tags --prune --no-recurse-submodules --depth=1 origin +96c79a63609057222a59fbbf7ad1468237f055a9:refs/remotes/origin/main
2026-10-08T02:40:50.7015576Z From https://github.com/Jung95/pctx
2026-10-08T02:40:50.7017322Z  * [new ref]         96c79a63609057222a59fbbf7ad1468237f055a9 -> origin/main
2026-10-08T02:40:50.7021600Z ##[endgroup]
2026-10-08T02:40:50.7023460Z ##[group]Determining the checkout info
2026-10-08T02:40:50.7025877Z ##[endgroup]
2026-10-08T02:40:50.7031928Z [command]/usr/bin/git sparse-checkout disable
2026-10-08T02:40:50.7090348Z [command]/usr/bin/git config --local --unset-all extensions.worktreeConfig
2026-10-08T02:40:50.7122896Z ##[group]Checking out the ref
2026-10-08T02:40:50.7129542Z [command]/usr/bin/git checkout --progress --force -B main refs/remotes/origin/main
2026-10-08T02:40:50.7324940Z Switched to a new branch 'main'
2026-10-08T02:40:50.7330764Z branch 'main' set up to track 'origin/main'.
2026-10-08T02:40:50.7337884Z ##[endgroup]
2026-10-08T02:40:50.7381443Z [command]/usr/bin/git log -1 --format=%H
2026-10-08T02:40:50.7409120Z 96c79a63609057222a59fbbf7ad1468237f055a9
2026-10-08T02:40:50.7833340Z ##[group]Run dtolnay/rust-toolchain@stable
2026-10-08T02:40:50.7834345Z with:
2026-10-08T02:40:50.7834839Z   components: rustfmt, clippy
2026-10-08T02:40:50.7835368Z   toolchain: stable
2026-10-08T02:40:50.7835820Z ##[endgroup]
2026-10-08T02:40:50.7986810Z ##[start-action display=Parse toolchain version;id=__dtolnay_rust-toolchain.parse]
2026-10-08T02:40:50.8052272Z ##[group]Run if [[ -z $toolchain ]]; then
2026-10-08T02:40:50.8052956Z if [[ -z $toolchain ]]; then
2026-10-08T02:40:50.8054599Z   # GitHub does not enforce `required: true` inputs itself. https://github.com/actions/runner/issues/1070
2026-10-08T02:40:50.8055642Z   echo "'toolchain' is a required input" >&2
2026-10-08T02:40:50.8056236Z   exit 1
2026-10-08T02:40:50.8056887Z elif [[ $toolchain =~ ^stable' '[0-9]+' '(year|month|week|day)s?' 'ago$ ]]; then
2026-10-08T02:40:50.8057678Z   if [[ Linux == macOS ]]; then
2026-10-08T02:40:50.8058655Z     echo "toolchain=1.$((($(date -v-$(sed 's/stable \([0-9]*\) \(.\).*/\1\2/' <<< $toolchain) +%s)/60/60/24-16569)/7/6))" >> $GITHUB_OUTPUT
2026-10-08T02:40:50.8059590Z   else
2026-10-08T02:40:50.8060360Z     echo "toolchain=1.$((($(date --date "${toolchain#stable }" +%s)/60/60/24-16569)/7/6))" >> $GITHUB_OUTPUT
2026-10-08T02:40:50.8061235Z   fi
2026-10-08T02:40:50.8061835Z elif [[ $toolchain =~ ^stable' 'minus' '[0-9]+' 'releases?$ ]]; then
2026-10-08T02:40:50.8062828Z   echo "toolchain=1.$((($(date +%s)/60/60/24-16569)/7/6-${toolchain//[^0-9]/}))" >> $GITHUB_OUTPUT
2026-10-08T02:40:50.8063723Z elif [[ $toolchain =~ ^1\.[0-9]+$ ]]; then
2026-10-08T02:40:50.8065210Z   echo "toolchain=1.$((i=${toolchain#1.}, c=($(date +%s)/60/60/24-16569)/7/6, i+9*i*(10*i<=c)+90*i*(100*i<=c)))" >> $GITHUB_OUTPUT
2026-10-08T02:40:50.8066130Z else
2026-10-08T02:40:50.8066639Z   echo "toolchain=$toolchain" >> $GITHUB_OUTPUT
2026-10-08T02:40:50.8067239Z fi
2026-10-08T02:40:50.8326149Z shell: /usr/bin/bash --noprofile --norc -e -o pipefail {0}
2026-10-08T02:40:50.8326936Z env:
2026-10-08T02:40:50.8327401Z   toolchain: stable
2026-10-08T02:40:50.8327900Z ##[endgroup]
2026-10-08T02:40:50.8481197Z ##[end-action id=__dtolnay_rust-toolchain.parse;outcome=success;conclusion=success;duration_ms=49]
2026-10-08T02:40:50.8495465Z ##[start-action display=Construct rustup command line;id=__dtolnay_rust-toolchain.flags]
2026-10-08T02:40:50.8556094Z ##[group]Run echo "targets=$(for t in ${targets//,/ }; do echo -n ' --target' $t; done)" >> $GITHUB_OUTPUT
2026-10-08T02:40:50.8557276Z echo "targets=$(for t in ${targets//,/ }; do echo -n ' --target' $t; done)" >> $GITHUB_OUTPUT
2026-10-08T02:40:50.8558440Z echo "components=$(for c in ${components//,/ }; do echo -n ' --component' $c; done)" >> $GITHUB_OUTPUT
2026-10-08T02:40:50.8559344Z echo "downgrade=" >> $GITHUB_OUTPUT
2026-10-08T02:40:50.8620105Z shell: /usr/bin/bash --noprofile --norc -e -o pipefail {0}
2026-10-08T02:40:50.8620764Z env:
2026-10-08T02:40:50.8621160Z   targets: 
2026-10-08T02:40:50.8621583Z   components: rustfmt, clippy
2026-10-08T02:40:50.8622072Z ##[endgroup]
2026-10-08T02:40:50.8723814Z ##[end-action id=__dtolnay_rust-toolchain.flags;outcome=success;conclusion=success;duration_ms=22]
2026-10-08T02:40:50.8728161Z ##[start-action display=Set $CARGO_HOME;id=__dtolnay_rust-toolchain.__run]
2026-10-08T02:40:50.8756403Z ##[group]Run echo CARGO_HOME=${CARGO_HOME:-"$HOME/.cargo"} >> $GITHUB_ENV
2026-10-08T02:40:50.8757295Z echo CARGO_HOME=${CARGO_HOME:-"$HOME/.cargo"} >> $GITHUB_ENV
2026-10-08T02:40:50.8816421Z shell: /usr/bin/bash --noprofile --norc -e -o pipefail {0}
2026-10-08T02:40:50.8817096Z ##[endgroup]
2026-10-08T02:40:50.8912046Z ##[end-action id=__dtolnay_rust-toolchain.__run;outcome=success;conclusion=success;duration_ms=18]
2026-10-08T02:40:50.8916511Z ##[start-action display=Install rustup if needed;id=__dtolnay_rust-toolchain.__run_2]
2026-10-08T02:40:50.8952198Z ##[group]Run if ! command -v rustup &>/dev/null; then
2026-10-08T02:40:50.8952882Z if ! command -v rustup &>/dev/null; then
2026-10-08T02:40:50.8954443Z   curl --proto '=https' --tlsv1.2 --retry 10 --retry-connrefused --location --silent --show-error --fail https://sh.rustup.rs | sh -s -- --default-toolchain none -y
2026-10-08T02:40:50.8955767Z   echo "$CARGO_HOME/bin" >> $GITHUB_PATH
2026-10-08T02:40:50.8956351Z fi
2026-10-08T02:40:50.9016022Z shell: /usr/bin/bash --noprofile --norc -e -o pipefail {0}
2026-10-08T02:40:50.9016682Z env:
2026-10-08T02:40:50.9017096Z   CARGO_HOME: /home/runner/.cargo
2026-10-08T02:40:50.9017606Z ##[endgroup]
2026-10-08T02:40:50.9112838Z ##[end-action id=__dtolnay_rust-toolchain.__run_2;outcome=success;conclusion=success;duration_ms=19]
2026-10-08T02:40:50.9116959Z ##[start-action display=Install rustup if needed on windows;id=__dtolnay_rust-toolchain.__run_3]
2026-10-08T02:40:50.9127069Z ##[end-action id=__dtolnay_rust-toolchain.__run_3;outcome=skipped;conclusion=skipped;duration_ms=0]
2026-10-08T02:40:50.9141371Z ##[start-action display=rustup toolchain install stable;id=__dtolnay_rust-toolchain.__run_4]
2026-10-08T02:40:50.9173675Z ##[group]Run log=$(mktemp)
2026-10-08T02:40:50.9174582Z log=$(mktemp)
2026-10-08T02:40:50.9175080Z trap 'rm -f "$log"' EXIT
2026-10-08T02:40:50.9175618Z for attempt in 1 2 3 4 5; do
2026-10-08T02:40:50.9176812Z   if rustup toolchain install stable --component rustfmt --component clippy --profile minimal --no-self-update --force-non-host 2>&1 | tee "$log"; then
2026-10-08T02:40:50.9178015Z     break
2026-10-08T02:40:50.9178451Z   else
2026-10-08T02:40:50.9178910Z     status=$?
2026-10-08T02:40:50.9179356Z   fi
2026-10-08T02:40:50.9179927Z   if [[ $attempt == 5 ]] || ! grep -Fq 'checksum failed for ' "$log" \
2026-10-08T02:40:50.9180941Z       || ! grep -Fq 'this is likely due to an ongoing update of the official release server' "$log"; then
2026-10-08T02:40:50.9181806Z     exit "$status"
2026-10-08T02:40:50.9182271Z   fi
2026-10-08T02:40:50.9182969Z   echo "Retrying rustup toolchain install in 30 seconds (retry $attempt of 4)" >&2
2026-10-08T02:40:50.9183772Z   sleep 30
2026-10-08T02:40:50.9184489Z done
2026-10-08T02:40:50.9244162Z shell: /usr/bin/bash --noprofile --norc -e -o pipefail {0}
2026-10-08T02:40:50.9244879Z env:
2026-10-08T02:40:50.9245297Z   CARGO_HOME: /home/runner/.cargo
2026-10-08T02:40:50.9245827Z   RUSTUP_PERMIT_COPY_RENAME: 1
2026-10-08T02:40:50.9246318Z ##[endgroup]
2026-10-08T02:40:51.1240280Z info: syncing channel updates for stable-x86_64-unknown-linux-gnu
2026-10-08T02:40:51.2266509Z info: latest update on 2026-10-01 for version 1.99.0 (b940084d7 2026-09-28)
2026-10-08T02:40:51.2392913Z info: component clippy is up to date
2026-10-08T02:40:51.2394338Z info: component rustfmt is up to date
2026-10-08T02:40:51.2405696Z 
2026-10-08T02:40:51.2485788Z   stable-x86_64-unknown-linux-gnu unchanged - rustc 1.99.0 (b940084d7 2026-09-28)
2026-10-08T02:40:51.2486823Z 
2026-10-08T02:40:51.2538068Z ##[end-action id=__dtolnay_rust-toolchain.__run_4;outcome=success;conclusion=success;duration_ms=339]
2026-10-08T02:40:51.2547844Z ##[start-action display=rustup default stable;id=__dtolnay_rust-toolchain.__run_5]
2026-10-08T02:40:51.2596452Z ##[group]Run rustup default stable --force-non-host
2026-10-08T02:40:51.2598286Z rustup default stable --force-non-host
2026-10-08T02:40:51.2665082Z shell: /usr/bin/bash --noprofile --norc -e -o pipefail {0}
2026-10-08T02:40:51.2666780Z env:
2026-10-08T02:40:51.2667829Z   CARGO_HOME: /home/runner/.cargo
2026-10-08T02:40:51.2669087Z ##[endgroup]
2026-10-08T02:40:51.2807782Z info: using existing install for stable-x86_64-unknown-linux-gnu
2026-10-08T02:40:51.2816972Z info: default toolchain set to stable-x86_64-unknown-linux-gnu
2026-10-08T02:40:51.2818636Z 
2026-10-08T02:40:51.2890817Z   stable-x86_64-unknown-linux-gnu unchanged - rustc 1.99.0 (b940084d7 2026-09-28)
2026-10-08T02:40:51.2892824Z 
2026-10-08T02:40:51.2918070Z ##[end-action id=__dtolnay_rust-toolchain.__run_5;outcome=success;conclusion=success;duration_ms=36]
2026-10-08T02:40:51.2926261Z ##[start-action display=Create cachekey;id=__dtolnay_rust-toolchain.rustc-version]
2026-10-08T02:40:51.2975809Z ##[group]Run DATE=$(rustc +stable --version --verbose | sed -ne 's/^commit-date: \(20[0-9][0-9]\)-\([01][0-9]\)-\([0-3][0-9]\)$/\1\2\3/p')
2026-10-08T02:40:51.2979750Z DATE=$(rustc +stable --version --verbose | sed -ne 's/^commit-date: \(20[0-9][0-9]\)-\([01][0-9]\)-\([0-3][0-9]\)$/\1\2\3/p')
2026-10-08T02:40:51.2982753Z HASH=$(rustc +stable --version --verbose | sed -ne 's/^commit-hash: //p')
2026-10-08T02:40:51.2985355Z echo "cachekey=$(echo $DATE$HASH | head -c12)" >> $GITHUB_OUTPUT
2026-10-08T02:40:51.3049678Z shell: /usr/bin/bash --noprofile --norc -e -o pipefail {0}
2026-10-08T02:40:51.3051185Z env:
2026-10-08T02:40:51.3052068Z   CARGO_HOME: /home/runner/.cargo
2026-10-08T02:40:51.3053203Z ##[endgroup]
2026-10-08T02:40:51.3438622Z ##[end-action id=__dtolnay_rust-toolchain.rustc-version;outcome=success;conclusion=success;duration_ms=50]
2026-10-08T02:40:51.3447040Z ##[start-action display=Disable incremental compilation;id=__dtolnay_rust-toolchain.__run_6]
2026-10-08T02:40:51.3493107Z ##[group]Run if [ -z "${CARGO_INCREMENTAL+set}" ]; then
2026-10-08T02:40:51.3494969Z if [ -z "${CARGO_INCREMENTAL+set}" ]; then
2026-10-08T02:40:51.3496484Z   echo CARGO_INCREMENTAL=0 >> $GITHUB_ENV
2026-10-08T02:40:51.3497797Z fi
2026-10-08T02:40:51.3561482Z shell: /usr/bin/bash --noprofile --norc -e -o pipefail {0}
2026-10-08T02:40:51.3562952Z env:
2026-10-08T02:40:51.3563843Z   CARGO_HOME: /home/runner/.cargo
2026-10-08T02:40:51.3565281Z ##[endgroup]
2026-10-08T02:40:51.3672598Z ##[end-action id=__dtolnay_rust-toolchain.__run_6;outcome=success;conclusion=success;duration_ms=22]
2026-10-08T02:40:51.3680250Z ##[start-action display=Enable colors in Cargo output;id=__dtolnay_rust-toolchain.__run_7]
2026-10-08T02:40:51.3725378Z ##[group]Run if [ -z "${CARGO_TERM_COLOR+set}" ]; then
2026-10-08T02:40:51.3726921Z if [ -z "${CARGO_TERM_COLOR+set}" ]; then
2026-10-08T02:40:51.3728442Z   echo CARGO_TERM_COLOR=always >> $GITHUB_ENV
2026-10-08T02:40:51.3729808Z fi
2026-10-08T02:40:51.3791074Z shell: /usr/bin/bash --noprofile --norc -e -o pipefail {0}
2026-10-08T02:40:51.3792565Z env:
2026-10-08T02:40:51.3793443Z   CARGO_HOME: /home/runner/.cargo
2026-10-08T02:40:51.3794877Z   CARGO_INCREMENTAL: 0
2026-10-08T02:40:51.3795855Z ##[endgroup]
2026-10-08T02:40:51.3923819Z ##[end-action id=__dtolnay_rust-toolchain.__run_7;outcome=success;conclusion=success;duration_ms=24]
2026-10-08T02:40:51.3931355Z ##[start-action display=Enable Cargo sparse registry;id=__dtolnay_rust-toolchain.__run_8]
2026-10-08T02:40:51.3977880Z ##[group]Run # implemented in 1.66, stabilized in 1.68, made default in 1.70
2026-10-08T02:40:51.3979997Z # implemented in 1.66, stabilized in 1.68, made default in 1.70
2026-10-08T02:40:51.3983047Z if [ -z "${CARGO_REGISTRIES_CRATES_IO_PROTOCOL+set}" -o -f "/home/runner/work/_temp"/.implicit_cargo_registries_crates_io_protocol ]; then
2026-10-08T02:40:51.3986506Z   if rustc +stable --version --verbose | grep -q '^release: 1\.6[89]\.'; then
2026-10-08T02:40:51.3989062Z     touch "/home/runner/work/_temp"/.implicit_cargo_registries_crates_io_protocol || true
2026-10-08T02:40:51.3991477Z     echo CARGO_REGISTRIES_CRATES_IO_PROTOCOL=sparse >> $GITHUB_ENV
2026-10-08T02:40:51.3993708Z   elif rustc +stable --version --verbose | grep -q '^release: 1\.6[67]\.'; then
2026-10-08T02:40:51.3996528Z     touch "/home/runner/work/_temp"/.implicit_cargo_registries_crates_io_protocol || true
2026-10-08T02:40:51.3999059Z     echo CARGO_REGISTRIES_CRATES_IO_PROTOCOL=git >> $GITHUB_ENV
2026-10-08T02:40:51.4000647Z   fi
2026-10-08T02:40:51.4001519Z fi
2026-10-08T02:40:51.4061569Z shell: /usr/bin/bash --noprofile --norc -e -o pipefail {0}
2026-10-08T02:40:51.4063015Z env:
2026-10-08T02:40:51.4064144Z   CARGO_HOME: /home/runner/.cargo
2026-10-08T02:40:51.4065310Z   CARGO_INCREMENTAL: 0
2026-10-08T02:40:51.4066320Z   CARGO_TERM_COLOR: always
2026-10-08T02:40:51.4067338Z ##[endgroup]
2026-10-08T02:40:51.4425185Z ##[end-action id=__dtolnay_rust-toolchain.__run_8;outcome=success;conclusion=success;duration_ms=49]
2026-10-08T02:40:51.4433068Z ##[start-action display=Work around spurious network errors in curl 8.0;id=__dtolnay_rust-toolchain.__run_9]
2026-10-08T02:40:51.4479804Z ##[group]Run # https://rust-lang.zulipchat.com/#narrow/stream/246057-t-cargo/topic/timeout.20investigation
2026-10-08T02:40:51.4482729Z # https://rust-lang.zulipchat.com/#narrow/stream/246057-t-cargo/topic/timeout.20investigation
2026-10-08T02:40:51.4485566Z if rustc +stable --version --verbose | grep -q '^release: 1\.7[01]\.'; then
2026-10-08T02:40:51.4487510Z   echo CARGO_HTTP_MULTIPLEXING=false >> $GITHUB_ENV
2026-10-08T02:40:51.4488859Z fi
2026-10-08T02:40:51.4552552Z shell: /usr/bin/bash --noprofile --norc -e -o pipefail {0}
2026-10-08T02:40:51.4554158Z env:
2026-10-08T02:40:51.4555035Z   CARGO_HOME: /home/runner/.cargo
2026-10-08T02:40:51.4556124Z   CARGO_INCREMENTAL: 0
2026-10-08T02:40:51.4557084Z   CARGO_TERM_COLOR: always
2026-10-08T02:40:51.4558076Z ##[endgroup]
2026-10-08T02:40:51.4781561Z ##[end-action id=__dtolnay_rust-toolchain.__run_9;outcome=success;conclusion=success;duration_ms=34]
2026-10-08T02:40:51.4790168Z ##[start-action display=rustc +stable --version --verbose;id=__dtolnay_rust-toolchain.__run_10]
2026-10-08T02:40:51.4832798Z ##[group]Run rustc +stable --version --verbose
2026-10-08T02:40:51.4834314Z rustc +stable --version --verbose
2026-10-08T02:40:51.4896234Z shell: /usr/bin/bash --noprofile --norc -e -o pipefail {0}
2026-10-08T02:40:51.4897583Z env:
2026-10-08T02:40:51.4898409Z   CARGO_HOME: /home/runner/.cargo
2026-10-08T02:40:51.4899460Z   CARGO_INCREMENTAL: 0
2026-10-08T02:40:51.4900370Z   CARGO_TERM_COLOR: always
2026-10-08T02:40:51.4901307Z ##[endgroup]
2026-10-08T02:40:51.5093280Z rustc 1.99.0 (b940084d7 2026-09-28)
2026-10-08T02:40:51.5095701Z binary: rustc
2026-10-08T02:40:51.5098145Z commit-hash: b940084d7eb6a299eb4bfeb8e34901bc051e7ac4
2026-10-08T02:40:51.5101219Z commit-date: 2026-09-28
2026-10-08T02:40:51.5103508Z host: x86_64-unknown-linux-gnu
2026-10-08T02:40:51.5105551Z release: 1.99.0
2026-10-08T02:40:51.5107042Z LLVM version: 23.1.1
2026-10-08T02:40:51.5126294Z ##[end-action id=__dtolnay_rust-toolchain.__run_10;outcome=success;conclusion=success;duration_ms=33]
2026-10-08T02:40:51.5224905Z ##[group]Run cargo fmt --all -- --check
2026-10-08T02:40:51.5226128Z cargo fmt --all -- --check
2026-10-08T02:40:51.5287834Z shell: /usr/bin/bash -e {0}
2026-10-08T02:40:51.5288807Z env:
2026-10-08T02:40:51.5289630Z   CARGO_HOME: /home/runner/.cargo
2026-10-08T02:40:51.5290690Z   CARGO_INCREMENTAL: 0
2026-10-08T02:40:51.5291616Z   CARGO_TERM_COLOR: always
2026-10-08T02:40:51.5292554Z ##[endgroup]
2026-10-08T02:40:52.1724644Z ##[group]Run cargo clippy --all-targets --locked -- -D warnings
2026-10-08T02:40:52.1726393Z cargo clippy --all-targets --locked -- -D warnings
2026-10-08T02:40:52.1792900Z shell: /usr/bin/bash -e {0}
2026-10-08T02:40:52.1794094Z env:
2026-10-08T02:40:52.1795081Z   CARGO_HOME: /home/runner/.cargo
2026-10-08T02:40:52.1796142Z   CARGO_INCREMENTAL: 0
2026-10-08T02:40:52.1797065Z   CARGO_TERM_COLOR: always
2026-10-08T02:40:52.1798011Z ##[endgroup]
2026-10-08T02:40:52.2776408Z     Updating crates.io index
2026-10-08T02:40:52.4867640Z  Downloading crates ...
2026-10-08T02:40:52.5450731Z   Downloaded autocfg v1.5.1
2026-10-08T02:40:52.5477497Z   Downloaded crossbeam-deque v0.8.8
2026-10-08T02:40:52.5496862Z   Downloaded digest v0.10.7
2026-10-08T02:40:52.5516852Z   Downloaded phf_shared v0.12.1
2026-10-08T02:40:52.5527412Z   Downloaded clap_derive v4.6.7
2026-10-08T02:40:52.5550011Z   Downloaded crossbeam-utils v0.8.23
2026-10-08T02:40:52.5578562Z   Downloaded toml_writer v1.1.2+spec-1.1.0
2026-10-08T02:40:52.5591901Z   Downloaded crossbeam-epoch v0.9.21
2026-10-08T02:40:52.5616549Z   Downloaded num-traits v0.2.19
2026-10-08T02:40:52.5642246Z   Downloaded crypto-common v0.1.7
2026-10-08T02:40:52.5651398Z   Downloaded clap v4.6.7
2026-10-08T02:40:52.5753508Z   Downloaded clap_builder v4.6.7
2026-10-08T02:40:52.5820560Z   Downloaded sha2 v0.10.9
2026-10-08T02:40:52.5846592Z   Downloaded typenum v1.20.1
2026-10-08T02:40:52.5881859Z   Downloaded regex-syntax v0.8.11
2026-10-08T02:40:52.5948019Z   Downloaded aho-corasick v1.1.5
2026-10-08T02:40:52.6000019Z   Downloaded rustix v1.1.5
2026-10-08T02:40:52.6276255Z   Downloaded clap_lex v1.1.1
2026-10-08T02:40:52.6288820Z   Downloaded version_check v0.9.5
2026-10-08T02:40:52.6324397Z   Downloaded equivalent v1.0.2
2026-10-08T02:40:52.6351631Z   Downloaded fallible-streaming-iterator v0.1.9
2026-10-08T02:40:52.6371581Z   Downloaded fastrand v2.5.0
2026-10-08T02:40:52.6396426Z   Downloaded shlex v2.0.1
2026-10-08T02:40:52.6416946Z   Downloaded globset v0.4.20
2026-10-08T02:40:52.6440328Z   Downloaded fallible-iterator v0.3.0
2026-10-08T02:40:52.6460281Z   Downloaded itoa v1.0.18
2026-10-08T02:40:52.6481553Z   Downloaded hashlink v0.12.2
2026-10-08T02:40:52.6513285Z   Downloaded phf v0.12.1
2026-10-08T02:40:52.6530550Z   Downloaded heck v0.5.0
2026-10-08T02:40:52.6544334Z   Downloaded foldhash v0.2.0
2026-10-08T02:40:52.6556498Z   Downloaded generic-array v0.14.7
2026-10-08T02:40:52.6570450Z   Downloaded is_terminal_polyfill v1.70.2
2026-10-08T02:40:52.6579729Z   Downloaded utf8parse v0.2.2
2026-10-08T02:40:52.6589460Z   Downloaded anstream v1.0.0
2026-10-08T02:40:52.6609618Z   Downloaded siphasher v1.0.4
2026-10-08T02:40:52.6624398Z   Downloaded strsim v0.11.1
2026-10-08T02:40:52.6637426Z   Downloaded anstyle-query v1.1.5
2026-10-08T02:40:52.6648724Z   Downloaded quote v1.0.47
2026-10-08T02:40:52.6675766Z   Downloaded tree-sitter-language v0.1.8
2026-10-08T02:40:52.6692969Z   Downloaded block-buffer v0.10.4
2026-10-08T02:40:52.6703661Z   Downloaded anstyle-parse v1.0.0
2026-10-08T02:40:52.6719895Z   Downloaded colorchoice v1.0.5
2026-10-08T02:40:52.6729627Z   Downloaded find-msvc-tools v0.1.14
2026-10-08T02:40:52.6746960Z   Downloaded same-file v1.0.6
2026-10-08T02:40:52.6759844Z   Downloaded cfg-if v1.0.5
2026-10-08T02:40:52.6772497Z   Downloaded walkdir v2.5.0
2026-10-08T02:40:52.6794054Z   Downloaded toml_datetime v0.7.5+spec-1.1.0
2026-10-08T02:40:52.6812262Z   Downloaded serde_spanned v1.1.1
2026-10-08T02:40:52.6828612Z   Downloaded errno v0.3.14
2026-10-08T02:40:52.6851389Z   Downloaded getrandom v0.4.3
2026-10-08T02:40:52.6909980Z   Downloaded fs2 v0.4.3
2026-10-08T02:40:52.6927166Z   Downloaded pkg-config v0.3.34
2026-10-08T02:40:52.6948767Z   Downloaded zmij v1.0.23
2026-10-08T02:40:52.6976002Z   Downloaded anstyle v1.0.14
2026-10-08T02:40:52.6996364Z   Downloaded cpufeatures v0.2.17
2026-10-08T02:40:52.7016489Z   Downloaded serde v1.0.229
2026-10-08T02:40:52.7069656Z   Downloaded smallvec v1.16.2
2026-10-08T02:40:52.7085105Z   Downloaded ryu v1.0.23
2026-10-08T02:40:52.7119886Z   Downloaded ignore v0.4.33
2026-10-08T02:40:52.7145945Z   Downloaded streaming-iterator v0.1.9
2026-10-08T02:40:52.7160224Z   Downloaded iana-time-zone v0.1.65
2026-10-08T02:40:52.7190517Z   Downloaded tempfile v3.27.0
2026-10-08T02:40:52.7217685Z   Downloaded once_cell v1.21.4
2026-10-08T02:40:52.7244267Z   Downloaded serde_json v1.0.151
2026-10-08T02:40:52.7319293Z   Downloaded toml v0.9.12+spec-1.1.0
2026-10-08T02:40:52.7362110Z   Downloaded toml_parser v1.1.3+spec-1.1.0
2026-10-08T02:40:52.7385993Z   Downloaded bitflags v2.13.2
2026-10-08T02:40:52.7431941Z   Downloaded serde_derive v1.0.229
2026-10-08T02:40:52.7462564Z   Downloaded log v0.4.34
2026-10-08T02:40:52.7487470Z   Downloaded unicode-ident v1.0.26
2026-10-08T02:40:52.7515921Z   Downloaded uuid v1.27.0
2026-10-08T02:40:52.7545790Z   Downloaded serde_yaml_ng v0.10.0
2026-10-08T02:40:52.7578729Z   Downloaded memchr v2.8.3
2026-10-08T02:40:52.7634836Z   Downloaded proc-macro2 v1.0.107
2026-10-08T02:40:52.7664419Z   Downloaded rusqlite v0.40.2
2026-10-08T02:40:52.7732754Z   Downloaded serde_core v1.0.229
2026-10-08T02:40:52.7760612Z   Downloaded unsafe-libyaml v0.2.11
2026-10-08T02:40:52.7792993Z   Downloaded indexmap v2.14.2
2026-10-08T02:40:52.7837347Z   Downloaded cc v1.6.0
2026-10-08T02:40:52.7871476Z   Downloaded regex v1.13.1
2026-10-08T02:40:52.7925778Z   Downloaded hashbrown v0.17.1
2026-10-08T02:40:52.7978665Z   Downloaded winnow v0.7.15
2026-10-08T02:40:52.8075787Z   Downloaded tree-sitter-javascript v0.25.0
2026-10-08T02:40:52.8132457Z   Downloaded tree-sitter-python v0.25.0
2026-10-08T02:40:52.8194561Z   Downloaded winnow v1.0.4
2026-10-08T02:40:52.8293618Z   Downloaded tree-sitter v0.25.10
2026-10-08T02:40:52.8354326Z   Downloaded chrono v0.4.45
2026-10-08T02:40:52.8420909Z   Downloaded vcpkg v0.2.15
2026-10-08T02:40:52.8971816Z   Downloaded syn v3.0.6
2026-10-08T02:40:52.9077971Z   Downloaded bstr v1.13.1
2026-10-08T02:40:52.9155441Z   Downloaded regex-automata v0.4.18
2026-10-08T02:40:52.9298709Z   Downloaded chrono-tz v0.10.4
2026-10-08T02:40:52.9453561Z   Downloaded tree-sitter-typescript v0.23.2
2026-10-08T02:40:52.9700621Z   Downloaded libc v0.2.190
2026-10-08T02:40:53.0194391Z   Downloaded linux-raw-sys v0.12.1
2026-10-08T02:40:53.0826675Z   Downloaded libsqlite3-sys v0.38.2
2026-10-08T02:40:53.1861458Z    Compiling shlex v2.0.1
2026-10-08T02:40:53.1862351Z    Compiling find-msvc-tools v0.1.14
2026-10-08T02:40:53.1863498Z    Compiling serde_core v1.0.229
2026-10-08T02:40:53.1864854Z    Compiling proc-macro2 v1.0.107
2026-10-08T02:40:53.5675649Z    Compiling cc v1.6.0
2026-10-08T02:40:53.5908818Z    Compiling quote v1.0.47
2026-10-08T02:40:53.7605690Z    Compiling unicode-ident v1.0.26
2026-10-08T02:40:53.7827573Z    Compiling tree-sitter-language v0.1.8
2026-10-08T02:40:53.9145216Z    Compiling zmij v1.0.23
2026-10-08T02:40:54.0496137Z     Checking memchr v2.8.3
2026-10-08T02:40:54.4716145Z    Compiling version_check v0.9.5
2026-10-08T02:40:54.6294594Z    Compiling syn v3.0.6
2026-10-08T02:40:54.6670419Z    Compiling generic-array v0.14.7
2026-10-08T02:40:54.7655728Z    Compiling libc v0.2.190
2026-10-08T02:40:55.1922353Z     Checking aho-corasick v1.1.5
2026-10-08T02:40:55.2485663Z    Compiling crossbeam-utils v0.8.23
2026-10-08T02:40:55.4185459Z    Compiling serde_json v1.0.151
2026-10-08T02:40:55.5175256Z    Compiling autocfg v1.5.1
2026-10-08T02:40:55.6885711Z     Checking typenum v1.20.1
2026-10-08T02:40:55.8165884Z    Compiling equivalent v1.0.2
2026-10-08T02:40:55.8505326Z    Compiling hashbrown v0.17.1
2026-10-08T02:40:55.9325438Z     Checking regex-syntax v0.8.11
2026-10-08T02:40:56.3005440Z     Checking foldhash v0.2.0
2026-10-08T02:40:56.3665970Z    Compiling serde v1.0.229
2026-10-08T02:40:56.5431836Z    Compiling indexmap v2.14.2
2026-10-08T02:40:57.1695434Z    Compiling num-traits v0.2.19
2026-10-08T02:40:57.2355898Z     Checking regex-automata v0.4.18
2026-10-08T02:40:58.2825953Z    Compiling serde_derive v1.0.229
2026-10-08T02:40:58.6386162Z    Compiling crossbeam-epoch v0.9.21
2026-10-08T02:40:58.7625281Z    Compiling getrandom v0.4.3
2026-10-08T02:40:58.8837711Z    Compiling pkg-config v0.3.34
2026-10-08T02:40:59.2965638Z    Compiling itoa v1.0.18
2026-10-08T02:40:59.3175616Z     Checking utf8parse v0.2.2
2026-10-08T02:40:59.3545183Z    Compiling vcpkg v0.2.15
2026-10-08T02:40:59.4052730Z     Checking cfg-if v1.0.5
2026-10-08T02:40:59.4605403Z     Checking anstyle-parse v1.0.0
2026-10-08T02:40:59.9085803Z    Compiling libsqlite3-sys v0.38.2
2026-10-08T02:40:59.9403340Z     Checking bitflags v2.13.2
2026-10-08T02:41:00.0455574Z     Checking anstyle v1.0.14
2026-10-08T02:41:00.1085428Z     Checking colorchoice v1.0.5
2026-10-08T02:41:00.1426802Z    Compiling crossbeam-deque v0.8.8
2026-10-08T02:41:00.1735378Z     Checking siphasher v1.0.4
2026-10-08T02:41:00.2725319Z     Checking anstyle-query v1.1.5
2026-10-08T02:41:00.2835268Z     Checking is_terminal_polyfill v1.70.2
2026-10-08T02:41:00.3120844Z     Checking phf_shared v0.12.1
2026-10-08T02:41:00.3150948Z     Checking anstream v1.0.0
2026-10-08T02:41:00.5227913Z    Compiling tree-sitter v0.25.10
2026-10-08T02:41:00.8776193Z     Checking block-buffer v0.10.4
2026-10-08T02:41:00.9425788Z     Checking crypto-common v0.1.7
2026-10-08T02:41:00.9805710Z    Compiling tree-sitter-typescript v0.23.2
2026-10-08T02:41:00.9832389Z    Compiling tree-sitter-python v0.25.0
2026-10-08T02:41:01.1046119Z    Compiling tree-sitter-javascript v0.25.0
2026-10-08T02:41:01.1120427Z     Checking bstr v1.13.1
2026-10-08T02:41:01.3597558Z     Checking strsim v0.11.1
2026-10-08T02:41:01.4185541Z     Checking iana-time-zone v0.1.65
2026-10-08T02:41:01.4540333Z     Checking clap_lex v1.1.1
2026-10-08T02:41:01.4765368Z     Checking log v0.4.34
2026-10-08T02:41:01.4795542Z     Checking same-file v1.0.6
2026-10-08T02:41:01.5268328Z    Compiling heck v0.5.0
2026-10-08T02:41:01.5586289Z    Compiling chrono-tz v0.10.4
2026-10-08T02:41:01.6305170Z     Checking winnow v1.0.4
2026-10-08T02:41:01.6513126Z    Compiling clap_derive v4.6.7
2026-10-08T02:41:01.6665285Z     Checking globset v0.4.20
2026-10-08T02:41:01.8580241Z     Checking clap_builder v4.6.7
2026-10-08T02:41:01.8760124Z     Checking toml_parser v1.1.3+spec-1.1.0
2026-10-08T02:41:02.1705427Z     Checking walkdir v2.5.0
2026-10-08T02:41:02.2715844Z     Checking chrono v0.4.45
2026-10-08T02:41:04.6769047Z     Checking digest v0.10.7
2026-10-08T02:41:04.7819896Z     Checking phf v0.12.1
2026-10-08T02:41:04.8715199Z     Checking regex v1.13.1
2026-10-08T02:41:05.0825513Z     Checking hashlink v0.12.2
2026-10-08T02:41:05.2865321Z     Checking serde_spanned v1.1.1
2026-10-08T02:41:05.3435566Z     Checking toml_datetime v0.7.5+spec-1.1.0
2026-10-08T02:41:05.6785118Z     Checking ryu v1.0.23
2026-10-08T02:41:05.7535313Z     Checking streaming-iterator v0.1.9
2026-10-08T02:41:05.9765568Z     Checking winnow v0.7.15
2026-10-08T02:41:06.1605731Z     Checking toml_writer v1.1.2+spec-1.1.0
2026-10-08T02:41:06.2645373Z     Checking smallvec v1.16.2
2026-10-08T02:41:06.2835550Z     Checking unsafe-libyaml v0.2.11
2026-10-08T02:41:06.3875597Z    Compiling rustix v1.1.5
2026-10-08T02:41:06.5816226Z     Checking fallible-streaming-iterator v0.1.9
2026-10-08T02:41:06.6535312Z     Checking cpufeatures v0.2.17
2026-10-08T02:41:06.6785810Z     Checking fallible-iterator v0.3.0
2026-10-08T02:41:06.8075751Z     Checking serde_yaml_ng v0.10.0
2026-10-08T02:41:06.9115410Z     Checking sha2 v0.10.9
2026-10-08T02:41:07.2895911Z     Checking toml v0.9.12+spec-1.1.0
2026-10-08T02:41:07.8788672Z     Checking ignore v0.4.33
2026-10-08T02:41:08.1305439Z     Checking clap v4.6.7
2026-10-08T02:41:08.1615272Z     Checking uuid v1.27.0
2026-10-08T02:41:08.2815635Z     Checking fs2 v0.4.3
2026-10-08T02:41:08.3385320Z     Checking linux-raw-sys v0.12.1
2026-10-08T02:41:08.3806917Z     Checking fastrand v2.5.0
2026-10-08T02:41:08.4885561Z     Checking once_cell v1.21.4
2026-10-08T02:41:09.8516552Z     Checking tempfile v3.27.0
2026-10-08T02:41:09.8895102Z     Checking rusqlite v0.40.2
2026-10-08T02:41:10.7308935Z     Checking pctx v0.1.0-dev (/home/runner/work/pctx/pctx)
2026-10-08T02:41:16.5262491Z     Finished `dev` profile [unoptimized + debuginfo] target(s) in 24.30s
2026-10-08T02:41:16.5715915Z ##[group]Run cargo test --locked
2026-10-08T02:41:16.5716257Z cargo test --locked
2026-10-08T02:41:16.5781390Z shell: /usr/bin/bash -e {0}
2026-10-08T02:41:16.5781664Z env:
2026-10-08T02:41:16.5781883Z   CARGO_HOME: /home/runner/.cargo
2026-10-08T02:41:16.5782181Z   CARGO_INCREMENTAL: 0
2026-10-08T02:41:16.5782432Z   CARGO_TERM_COLOR: always
2026-10-08T02:41:16.5782680Z ##[endgroup]
2026-10-08T02:41:16.6882833Z    Compiling serde_core v1.0.229
2026-10-08T02:41:16.6883690Z    Compiling memchr v2.8.3
2026-10-08T02:41:16.6908457Z    Compiling equivalent v1.0.2
2026-10-08T02:41:16.6909107Z    Compiling itoa v1.0.18
2026-10-08T02:41:16.7213631Z    Compiling zmij v1.0.23
2026-10-08T02:41:16.8146426Z    Compiling foldhash v0.2.0
2026-10-08T02:41:16.9187124Z    Compiling regex-syntax v0.8.11
2026-10-08T02:41:17.0160187Z    Compiling typenum v1.20.1
2026-10-08T02:41:17.4685545Z    Compiling aho-corasick v1.1.5
2026-10-08T02:41:17.8285908Z    Compiling generic-array v0.14.7
2026-10-08T02:41:18.3772880Z    Compiling hashbrown v0.17.1
2026-10-08T02:41:18.9275741Z    Compiling regex-automata v0.4.18
2026-10-08T02:41:18.9605367Z    Compiling indexmap v2.14.2
2026-10-08T02:41:19.5577929Z    Compiling libc v0.2.190
2026-10-08T02:41:19.5820563Z    Compiling tree-sitter-language v0.1.8
2026-10-08T02:41:19.6155534Z    Compiling utf8parse v0.2.2
2026-10-08T02:41:19.6535720Z    Compiling cfg-if v1.0.5
2026-10-08T02:41:19.6875122Z    Compiling anstyle-parse v1.0.0
2026-10-08T02:41:19.7967942Z    Compiling serde_json v1.0.151
2026-10-08T02:41:19.8165745Z    Compiling serde v1.0.229
2026-10-08T02:41:20.3507032Z    Compiling crossbeam-utils v0.8.23
2026-10-08T02:41:20.5885462Z    Compiling siphasher v1.0.4
2026-10-08T02:41:20.7275768Z    Compiling is_terminal_polyfill v1.70.2
2026-10-08T02:41:20.7628256Z    Compiling bitflags v2.13.2
2026-10-08T02:41:20.7875818Z    Compiling anstyle-query v1.1.5
2026-10-08T02:41:20.8325475Z    Compiling anstyle v1.0.14
2026-10-08T02:41:20.9027309Z    Compiling colorchoice v1.0.5
2026-10-08T02:41:20.9245646Z    Compiling tree-sitter v0.25.10
2026-10-08T02:41:20.9495852Z    Compiling phf_shared v0.12.1
2026-10-08T02:41:20.9827106Z    Compiling anstream v1.0.0
2026-10-08T02:41:21.0575356Z    Compiling crossbeam-epoch v0.9.21
2026-10-08T02:41:21.0666117Z    Compiling getrandom v0.4.3
2026-10-08T02:41:21.1705460Z    Compiling num-traits v0.2.19
2026-10-08T02:41:21.2176234Z    Compiling block-buffer v0.10.4
2026-10-08T02:41:21.2865290Z    Compiling crypto-common v0.1.7
2026-10-08T02:41:21.3330002Z    Compiling bstr v1.13.1
2026-10-08T02:41:21.3365386Z    Compiling iana-time-zone v0.1.65
2026-10-08T02:41:21.5205382Z    Compiling strsim v0.11.1
2026-10-08T02:41:21.7668507Z    Compiling clap_lex v1.1.1
2026-10-08T02:41:21.8026032Z    Compiling log v0.4.34
2026-10-08T02:41:21.8405355Z    Compiling same-file v1.0.6
2026-10-08T02:41:21.9139282Z    Compiling winnow v1.0.4
2026-10-08T02:41:21.9190974Z    Compiling globset v0.4.20
2026-10-08T02:41:21.9254830Z    Compiling walkdir v2.5.0
2026-10-08T02:41:22.2026463Z    Compiling toml_parser v1.1.3+spec-1.1.0
2026-10-08T02:41:22.2317080Z    Compiling clap_builder v4.6.7
2026-10-08T02:41:22.7433010Z    Compiling chrono v0.4.45
2026-10-08T02:41:22.8735369Z    Compiling digest v0.10.7
2026-10-08T02:41:22.9563747Z    Compiling crossbeam-deque v0.8.8
2026-10-08T02:41:23.0175777Z    Compiling libsqlite3-sys v0.38.2
2026-10-08T02:41:23.1863504Z    Compiling phf v0.12.1
2026-10-08T02:41:23.2785532Z    Compiling regex v1.13.1
2026-10-08T02:41:24.2705868Z    Compiling hashlink v0.12.2
2026-10-08T02:41:24.3375703Z    Compiling serde_spanned v1.1.1
2026-10-08T02:41:24.4095630Z    Compiling toml_datetime v0.7.5+spec-1.1.0
2026-10-08T02:41:24.5018506Z    Compiling unsafe-libyaml v0.2.11
2026-10-08T02:41:24.5095442Z    Compiling streaming-iterator v0.1.9
2026-10-08T02:41:24.6445239Z    Compiling smallvec v1.16.2
2026-10-08T02:41:24.7735483Z    Compiling winnow v0.7.15
2026-10-08T02:41:24.8055273Z    Compiling toml_writer v1.1.2+spec-1.1.0
2026-10-08T02:41:24.9485512Z    Compiling cpufeatures v0.2.17
2026-10-08T02:41:24.9765869Z    Compiling fallible-streaming-iterator v0.1.9
2026-10-08T02:41:25.0665577Z    Compiling ryu v1.0.23
2026-10-08T02:41:25.1972743Z    Compiling fallible-iterator v0.3.0
2026-10-08T02:41:25.3445543Z    Compiling serde_yaml_ng v0.10.0
2026-10-08T02:41:25.4765256Z    Compiling rusqlite v0.40.2
2026-10-08T02:41:26.2476051Z    Compiling toml v0.9.12+spec-1.1.0
2026-10-08T02:41:26.2904220Z    Compiling sha2 v0.10.9
2026-10-08T02:41:26.8276812Z    Compiling clap v4.6.7
2026-10-08T02:41:26.8646061Z    Compiling chrono-tz v0.10.4
2026-10-08T02:41:27.1625475Z    Compiling ignore v0.4.33
2026-10-08T02:41:27.3125592Z    Compiling tree-sitter-javascript v0.25.0
2026-10-08T02:41:27.3505332Z    Compiling tree-sitter-typescript v0.23.2
2026-10-08T02:41:27.3915423Z    Compiling tree-sitter-python v0.25.0
2026-10-08T02:41:27.9235570Z    Compiling uuid v1.27.0
2026-10-08T02:41:28.3303235Z    Compiling fs2 v0.4.3
2026-10-08T02:41:28.4185389Z    Compiling linux-raw-sys v0.12.1
2026-10-08T02:41:28.6306351Z    Compiling once_cell v1.21.4
2026-10-08T02:41:28.7295064Z    Compiling rustix v1.1.5
2026-10-08T02:41:28.7685422Z    Compiling fastrand v2.5.0
2026-10-08T02:41:29.7795984Z    Compiling tempfile v3.27.0
2026-10-08T02:41:30.5776755Z    Compiling pctx v0.1.0-dev (/home/runner/work/pctx/pctx)
2026-10-08T02:41:45.2568642Z     Finished `test` profile [unoptimized + debuginfo] target(s) in 28.66s
2026-10-08T02:41:45.3862844Z      Running unittests src/lib.rs (target/debug/deps/pctx-e2763bd1894f4e75)
2026-10-08T02:41:45.3879114Z 
2026-10-08T02:41:45.3879330Z running 7 tests
2026-10-08T02:41:45.3911143Z test output::capture_tests::incomplete_private_key_never_reaches_records ... ok
2026-10-08T02:41:45.3967619Z test broker::tests::nul_names_rename_and_unborn_metadata_are_machine_parsed ... ok
2026-10-08T02:41:45.3972603Z test search::tests::boolean_precedence_and_bounds ... ok
2026-10-08T02:41:45.3973532Z test search::tests::literal_smart_case ... ok
2026-10-08T02:41:45.3975419Z test output::capture_tests::split_secret_and_ansi_never_survive_normalization ... ok
2026-10-08T02:41:45.3979964Z test output::capture_tests::registered_git_nul_capture_preserves_filename_controls_and_record_boundaries ... ok
2026-10-08T02:41:45.4789661Z test output::capture_tests::oversize_binary_invalid_utf8_and_record_counts_are_bounded ... ok
2026-10-08T02:41:45.4790327Z 
2026-10-08T02:41:45.4790754Z test result: ok. 7 passed; 0 failed; 0 ignored; 0 measured; 0 filtered out; finished in 0.09s
2026-10-08T02:41:45.4791330Z 
2026-10-08T02:41:45.4798632Z      Running unittests src/main.rs (target/debug/deps/pctx-5ffb36ebe86a6ae8)
2026-10-08T02:41:45.4809850Z 
2026-10-08T02:41:45.4810060Z running 0 tests
2026-10-08T02:41:45.4810305Z 
2026-10-08T02:41:45.4810735Z test result: ok. 0 passed; 0 failed; 0 ignored; 0 measured; 0 filtered out; finished in 0.00s
2026-10-08T02:41:45.4811327Z 
2026-10-08T02:41:45.4814472Z      Running tests/adapter.rs (target/debug/deps/adapter-15893ad9f4390564)
2026-10-08T02:41:45.4827775Z 
2026-10-08T02:41:45.4828045Z running 10 tests
2026-10-08T02:41:45.6134574Z test malformed_and_version_variation_are_rejected_without_mutation ... ok
2026-10-08T02:41:45.6206628Z test permission_events_are_observation_only ... ok
2026-10-08T02:41:45.6235443Z test edited_owned_hook_conflicts_without_partial_removal ... ok
2026-10-08T02:41:45.6342513Z test pretool_decisions_never_rewrite_or_execute_declared_commands ... ok
2026-10-08T02:41:45.6353690Z test plans_are_hash_bound_and_preserve_existing_settings ... ok
2026-10-08T02:41:45.6365001Z test stale_plans_do_not_change_config ... ok
2026-10-08T02:41:45.6479629Z test symlink_configuration_is_rejected ... ok
2026-10-08T02:41:45.6497681Z test events_delegate_epoch_and_never_ack_or_store_dialogue ... ok
2026-10-08T02:41:45.6578977Z test uninstall_preserves_user_changes_and_only_removes_new_entries ... ok
2026-10-08T02:41:45.6680806Z test statusline_cost_is_estimate_context_is_snapshot_and_epoch_is_checked ... ok
2026-10-08T02:41:45.6681392Z 
2026-10-08T02:41:45.6681831Z test result: ok. 10 passed; 0 failed; 0 ignored; 0 measured; 0 filtered out; finished in 0.19s
2026-10-08T02:41:45.6682369Z 
2026-10-08T02:41:45.6688156Z      Running tests/broker.rs (target/debug/deps/broker-05231579109f1e61)
2026-10-08T02:41:45.6703201Z 
2026-10-08T02:41:45.6703356Z running 7 tests
2026-10-08T02:41:45.7255539Z test field_selection_and_nul_filenames_do_not_emit_paths_or_source ... ok
2026-10-08T02:41:45.7721083Z test non_git_is_unsupported_and_corrupt_git_is_never_empty_or_clean ... ok
2026-10-08T02:41:45.8355886Z test proven_dead_refresh_owner_can_be_reclaimed_without_ttl_guessing ... ok
2026-10-08T02:41:45.8678746Z test repo_fsmonitor_script_is_never_executed ... ok
2026-10-08T02:41:45.9266271Z test concurrent_refresh_is_shared_but_workspace_and_policy_keys_are_isolated ... ok
2026-10-08T02:41:46.2451919Z test live_refresh_owner_is_not_stolen_by_age_and_returns_pending ... ok
2026-10-08T02:41:46.3838835Z test five_actual_cli_processes_share_one_refresh ... FAILED
2026-10-08T02:41:46.3839487Z 
2026-10-08T02:41:46.3839663Z failures:
2026-10-08T02:41:46.3839926Z 
2026-10-08T02:41:46.3840260Z ---- five_actual_cli_processes_share_one_refresh stdout ----
2026-10-08T02:41:46.3840825Z 
2026-10-08T02:41:46.3841490Z thread 'five_actual_cli_processes_share_one_refresh' (4892) panicked at tests/broker.rs:258:13:
2026-10-08T02:41:46.3848396Z repo status=exit status: 3 stdout={"command":"repo status","coverage":{"reasons":["request_incomplete"],"status":"partial"},"data":{"age_ms":null,"authority":"git_local_observation","cache_status":"last_known","coverage":{"reasons":[],"status":"partial"},"freshness":"stale","items":{},"network":"not_used","observed_at":null,"permission_scope":"4c1029697ee358715d3a14a2add817c4b01651440de808371f78165ac90dc581","refresh_status":"refresh_pending","source_generation":null,"source_revision":null,"source_status":"unavailable","workspace_atomic":false},"errors":[],"generation_id":null,"project_id":"0860c667-47cd-4ede-9804-fb599c34ac09","schema_version":"1.0","status":"partial","truncation":{"reasons":[],"truncated":false},"validation":{"checked_at":"2026-10-08T02:41:46.214098862+00:00","mode":"matched","scope":[],"workspace_atomic":false},"warnings":[],"workspace_id":"WS-b0a57cd4-bdf5-4b97-a74d-fabd3dc88bda"}
2026-10-08T02:41:46.3854602Z  stderr=
2026-10-08T02:41:46.3855203Z note: run with `RUST_BACKTRACE=1` environment variable to display a backtrace
2026-10-08T02:41:46.3855739Z 
2026-10-08T02:41:46.3855746Z 
2026-10-08T02:41:46.3855890Z failures:
2026-10-08T02:41:46.3856274Z     five_actual_cli_processes_share_one_refresh
2026-10-08T02:41:46.3856634Z 
2026-10-08T02:41:46.3857118Z test result: FAILED. 6 passed; 1 failed; 0 ignored; 0 measured; 0 filtered out; finished in 0.71s
2026-10-08T02:41:46.3857770Z 
2026-10-08T02:41:46.3858344Z error: test failed, to rerun pass `--test broker`
2026-10-08T02:41:46.3903690Z ##[error]Process completed with exit code 101.
2026-10-08T02:41:46.4042558Z Post job cleanup.
2026-10-08T02:41:46.4914702Z [command]/usr/bin/git version
2026-10-08T02:41:46.4959632Z git version 2.55.0
2026-10-08T02:41:46.5001771Z Temporarily overriding HOME='/home/runner/work/_temp/f97732f1-477a-4485-b8aa-8febf61281b7' before making global git config changes
2026-10-08T02:41:46.5003661Z Adding repository directory to the temporary git global config as a safe directory
2026-10-08T02:41:46.5008082Z [command]/usr/bin/git config --global --add safe.directory /home/runner/work/pctx/pctx
2026-10-08T02:41:46.5048070Z [command]/usr/bin/git config --local --name-only --get-regexp core\.sshCommand
2026-10-08T02:41:46.5085660Z [command]/usr/bin/git submodule foreach --recursive sh -c "git config --local --name-only --get-regexp 'core\.sshCommand' && git config --local --unset-all 'core.sshCommand' || :"
2026-10-08T02:41:46.5336312Z [command]/usr/bin/git config --local --name-only --get-regexp http\.https\:\/\/github\.com\/\.extraheader
2026-10-08T02:41:46.5374660Z http.https://github.com/.extraheader
2026-10-08T02:41:46.5386896Z [command]/usr/bin/git config --local --unset-all http.https://github.com/.extraheader
2026-10-08T02:41:46.5424351Z [command]/usr/bin/git submodule foreach --recursive sh -c "git config --local --name-only --get-regexp 'http\.https\:\/\/github\.com\/\.extraheader' && git config --local --unset-all 'http.https://github.com/.extraheader' || :"
2026-10-08T02:41:46.5680481Z [command]/usr/bin/git config --local --name-only --get-regexp ^includeIf\.gitdir:
2026-10-08T02:41:46.5723254Z [command]/usr/bin/git submodule foreach --recursive git config --local --show-origin --name-only --get-regexp remote.origin.url
2026-10-08T02:41:46.6143363Z Cleaning up orphan processes
2026-10-08T02:41:46.6413811Z ##[warning]Node.js 20 is deprecated. The following actions target Node.js 20 but are being forced to run on Node.js 24: actions/checkout@v4. For more information see: https://github.blog/changelog/2025-09-19-deprecation-of-node-20-on-github-actions-runners/
