2026-10-08T02:44:45.2945039Z Current runner version: '2.337.0'
2026-10-08T02:44:45.2971217Z ##[group]Runner Image Provisioner
2026-10-08T02:44:45.2972059Z Hosted Compute Agent
2026-10-08T02:44:45.2972677Z Version: 20260901.588
2026-10-08T02:44:45.2973426Z Commit: f88ec8081b781fac6c440065ac7ff9e710ce3d0b
2026-10-08T02:44:45.2974146Z Build Date: 2026-09-01T19:56:44Z
2026-10-08T02:44:45.2974894Z Worker ID: {3d3666c6-5234-4cbc-9235-43a1f2f083cd}
2026-10-08T02:44:45.2975663Z Azure Region: northcentralus
2026-10-08T02:44:45.2976251Z ##[endgroup]
2026-10-08T02:44:45.2977649Z ##[group]Operating System
2026-10-08T02:44:45.2978323Z Microsoft Windows Server 2025
2026-10-08T02:44:45.2978965Z 10.0.26100
2026-10-08T02:44:45.2979499Z Datacenter
2026-10-08T02:44:45.2980334Z ##[endgroup]
2026-10-08T02:44:45.2981009Z ##[group]Runner Image
2026-10-08T02:44:45.2981816Z Image: windows-2025-vs2026
2026-10-08T02:44:45.2982406Z Version: 20260925.250.1
2026-10-08T02:44:45.2983925Z Included Software: https://github.com/actions/runner-images/blob/win25-vs2026/20260925.250/images/windows/Windows2025-VS2026-Readme.md
2026-10-08T02:44:45.2985648Z Image Release: https://github.com/actions/runner-images/releases/tag/win25-vs2026%2F20260925.250
2026-10-08T02:44:45.2986689Z ##[endgroup]
2026-10-08T02:44:45.2987744Z ##[group]GITHUB_TOKEN Permissions
2026-10-08T02:44:45.2989667Z Contents: read
2026-10-08T02:44:45.2990258Z Metadata: read
2026-10-08T02:44:45.2990860Z ##[endgroup]
2026-10-08T02:44:45.2992945Z Secret source: Actions
2026-10-08T02:44:45.2993931Z Cache mode: write
2026-10-08T02:44:45.2994615Z Prepare workflow directory
2026-10-08T02:44:45.3403975Z Prepare all required actions
2026-10-08T02:44:45.3452490Z Getting action download info
2026-10-08T02:44:45.5375684Z Download action repository 'actions/checkout@v4' (SHA:11d5960a326750d5838078e36cf38b85af677262)
2026-10-08T02:44:45.6709361Z Download action repository 'dtolnay/rust-toolchain@stable' (SHA:89b12181fb390509a0842a86cc55eeb8eb928c1d)
2026-10-08T02:44:45.9901681Z Complete job name: validate (windows-latest)
2026-10-08T02:44:46.1499654Z ##[group]Run actions/checkout@v4
2026-10-08T02:44:46.1500703Z with:
2026-10-08T02:44:46.1501128Z   repository: Jung95/pctx
2026-10-08T02:44:46.1505401Z   token: ***
2026-10-08T02:44:46.1505808Z   ssh-strict: true
2026-10-08T02:44:46.1506209Z   ssh-user: git
2026-10-08T02:44:46.1506611Z   persist-credentials: true
2026-10-08T02:44:46.1507056Z   clean: true
2026-10-08T02:44:46.1507456Z   sparse-checkout-cone-mode: true
2026-10-08T02:44:46.1507971Z   fetch-depth: 1
2026-10-08T02:44:46.1508353Z   fetch-tags: false
2026-10-08T02:44:46.1508763Z   show-progress: true
2026-10-08T02:44:46.1509173Z   lfs: false
2026-10-08T02:44:46.1509540Z   submodules: false
2026-10-08T02:44:46.1509944Z   set-safe-directory: true
2026-10-08T02:44:46.1510410Z   allow-unsafe-pr-checkout: false
2026-10-08T02:44:46.1511170Z ##[endgroup]
2026-10-08T02:44:46.3026710Z Syncing repository: Jung95/pctx
2026-10-08T02:44:46.3029946Z ##[group]Getting Git version info
2026-10-08T02:44:46.3031093Z Working directory is 'D:\a\pctx\pctx'
2026-10-08T02:44:46.4155384Z [command]"C:\Program Files\Git\bin\git.exe" version
2026-10-08T02:44:46.7395994Z git version 2.55.0.windows.5
2026-10-08T02:44:46.7454020Z ##[endgroup]
2026-10-08T02:44:46.7479502Z Temporarily overriding HOME='D:\a\_temp\01a1220c-7211-44ef-af59-038d3021b4af' before making global git config changes
2026-10-08T02:44:46.7482227Z Adding repository directory to the temporary git global config as a safe directory
2026-10-08T02:44:46.7490127Z [command]"C:\Program Files\Git\bin\git.exe" config --global --add safe.directory D:\a\pctx\pctx
2026-10-08T02:44:46.8101400Z Deleting the contents of 'D:\a\pctx\pctx'
2026-10-08T02:44:46.8107470Z ##[group]Initializing the repository
2026-10-08T02:44:46.8117464Z [command]"C:\Program Files\Git\bin\git.exe" init D:\a\pctx\pctx
2026-10-08T02:44:46.8968824Z Initialized empty Git repository in D:/a/pctx/pctx/.git/
2026-10-08T02:44:46.9015538Z [command]"C:\Program Files\Git\bin\git.exe" remote add origin https://github.com/Jung95/pctx
2026-10-08T02:44:46.9618698Z ##[endgroup]
2026-10-08T02:44:46.9619924Z ##[group]Disabling automatic garbage collection
2026-10-08T02:44:46.9627535Z [command]"C:\Program Files\Git\bin\git.exe" config --local gc.auto 0
2026-10-08T02:44:46.9936132Z ##[endgroup]
2026-10-08T02:44:46.9937360Z ##[group]Setting up auth
2026-10-08T02:44:46.9949513Z [command]"C:\Program Files\Git\bin\git.exe" config --local --name-only --get-regexp core\.sshCommand
2026-10-08T02:44:47.0324391Z [command]"C:\Program Files\Git\bin\git.exe" submodule foreach --recursive "sh -c \"git config --local --name-only --get-regexp 'core\.sshCommand' && git config --local --unset-all 'core.sshCommand' || :\""
2026-10-08T02:44:48.4333425Z [command]"C:\Program Files\Git\bin\git.exe" config --local --name-only --get-regexp http\.https\:\/\/github\.com\/\.extraheader
2026-10-08T02:44:48.4667627Z [command]"C:\Program Files\Git\bin\git.exe" submodule foreach --recursive "sh -c \"git config --local --name-only --get-regexp 'http\.https\:\/\/github\.com\/\.extraheader' && git config --local --unset-all 'http.https://github.com/.extraheader' || :\""
2026-10-08T02:44:49.0383659Z [command]"C:\Program Files\Git\bin\git.exe" config --local --name-only --get-regexp ^includeIf\.gitdir:
2026-10-08T02:44:49.0713769Z [command]"C:\Program Files\Git\bin\git.exe" submodule foreach --recursive "git config --local --show-origin --name-only --get-regexp remote.origin.url"
2026-10-08T02:44:49.6413983Z [command]"C:\Program Files\Git\bin\git.exe" config --local http.https://github.com/.extraheader "AUTHORIZATION: basic ***"
2026-10-08T02:44:49.6764980Z ##[endgroup]
2026-10-08T02:44:49.6766062Z ##[group]Fetching the repository
2026-10-08T02:44:49.6779214Z [command]"C:\Program Files\Git\bin\git.exe" -c protocol.version=2 fetch --no-tags --prune --no-recurse-submodules --depth=1 origin +96c79a63609057222a59fbbf7ad1468237f055a9:refs/remotes/origin/main
2026-10-08T02:44:50.6965616Z From https://github.com/Jung95/pctx
2026-10-08T02:44:50.6969425Z  * [new ref]         96c79a63609057222a59fbbf7ad1468237f055a9 -> origin/main
2026-10-08T02:44:50.7013418Z ##[endgroup]
2026-10-08T02:44:50.7014149Z ##[group]Determining the checkout info
2026-10-08T02:44:50.7016649Z ##[endgroup]
2026-10-08T02:44:50.7027370Z [command]"C:\Program Files\Git\bin\git.exe" sparse-checkout disable
2026-10-08T02:44:50.7469058Z [command]"C:\Program Files\Git\bin\git.exe" config --local --unset-all extensions.worktreeConfig
2026-10-08T02:44:50.7792566Z ##[group]Checking out the ref
2026-10-08T02:44:50.7801568Z [command]"C:\Program Files\Git\bin\git.exe" checkout --progress --force -B main refs/remotes/origin/main
2026-10-08T02:44:50.8861981Z Switched to a new branch 'main'
2026-10-08T02:44:50.8922320Z branch 'main' set up to track 'origin/main'.
2026-10-08T02:44:50.9386023Z ##[endgroup]
2026-10-08T02:44:50.9392467Z [command]"C:\Program Files\Git\bin\git.exe" log -1 --format=%H
2026-10-08T02:44:50.9668985Z 96c79a63609057222a59fbbf7ad1468237f055a9
2026-10-08T02:44:51.0286319Z ##[group]Run dtolnay/rust-toolchain@stable
2026-10-08T02:44:51.0286690Z with:
2026-10-08T02:44:51.0286900Z   components: rustfmt, clippy
2026-10-08T02:44:51.0287129Z   toolchain: stable
2026-10-08T02:44:51.0287319Z ##[endgroup]
2026-10-08T02:44:51.0356911Z ##[start-action display=Parse toolchain version;id=__dtolnay_rust-toolchain.parse]
2026-10-08T02:44:51.0614962Z ##[group]Run if [[ -z $toolchain ]]; then
2026-10-08T02:44:51.0615398Z if [[ -z $toolchain ]]; then
2026-10-08T02:44:51.0616191Z   # GitHub does not enforce `required: true` inputs itself. https://github.com/actions/runner/issues/1070
2026-10-08T02:44:51.0616772Z   echo "'toolchain' is a required input" >&2
2026-10-08T02:44:51.0617072Z   exit 1
2026-10-08T02:44:51.0617399Z elif [[ $toolchain =~ ^stable' '[0-9]+' '(year|month|week|day)s?' 'ago$ ]]; then
2026-10-08T02:44:51.0617812Z   if [[ Windows == macOS ]]; then
2026-10-08T02:44:51.0619504Z     echo "toolchain=1.$((($(date -v-$(sed 's/stable \([0-9]*\) \(.\).*/\1\2/' <<< $toolchain) +%s)/60/60/24-16569)/7/6))" >> $GITHUB_OUTPUT
2026-10-08T02:44:51.0620021Z   else
2026-10-08T02:44:51.0620412Z     echo "toolchain=1.$((($(date --date "${toolchain#stable }" +%s)/60/60/24-16569)/7/6))" >> $GITHUB_OUTPUT
2026-10-08T02:44:51.0620857Z   fi
2026-10-08T02:44:51.0621130Z elif [[ $toolchain =~ ^stable' 'minus' '[0-9]+' 'releases?$ ]]; then
2026-10-08T02:44:51.0621655Z   echo "toolchain=1.$((($(date +%s)/60/60/24-16569)/7/6-${toolchain//[^0-9]/}))" >> $GITHUB_OUTPUT
2026-10-08T02:44:51.0622103Z elif [[ $toolchain =~ ^1\.[0-9]+$ ]]; then
2026-10-08T02:44:51.0622620Z   echo "toolchain=1.$((i=${toolchain#1.}, c=($(date +%s)/60/60/24-16569)/7/6, i+9*i*(10*i<=c)+90*i*(100*i<=c)))" >> $GITHUB_OUTPUT
2026-10-08T02:44:51.0623125Z else
2026-10-08T02:44:51.0623393Z   echo "toolchain=$toolchain" >> $GITHUB_OUTPUT
2026-10-08T02:44:51.0623676Z fi
2026-10-08T02:44:51.0649303Z shell: C:\Program Files\Git\bin\bash.EXE --noprofile --norc -e -o pipefail {0}
2026-10-08T02:44:51.0649738Z env:
2026-10-08T02:44:51.0649936Z   toolchain: stable
2026-10-08T02:44:51.0650139Z ##[endgroup]
2026-10-08T02:44:51.2327868Z ##[end-action id=__dtolnay_rust-toolchain.parse;outcome=success;conclusion=success;duration_ms=196]
2026-10-08T02:44:51.2342700Z ##[start-action display=Construct rustup command line;id=__dtolnay_rust-toolchain.flags]
2026-10-08T02:44:51.2515553Z ##[group]Run echo "targets=$(for t in ${targets//,/ }; do echo -n ' --target' $t; done)" >> $GITHUB_OUTPUT
2026-10-08T02:44:51.2516231Z echo "targets=$(for t in ${targets//,/ }; do echo -n ' --target' $t; done)" >> $GITHUB_OUTPUT
2026-10-08T02:44:51.2516855Z echo "components=$(for c in ${components//,/ }; do echo -n ' --component' $c; done)" >> $GITHUB_OUTPUT
2026-10-08T02:44:51.2517341Z echo "downgrade=" >> $GITHUB_OUTPUT
2026-10-08T02:44:51.2535231Z shell: C:\Program Files\Git\bin\bash.EXE --noprofile --norc -e -o pipefail {0}
2026-10-08T02:44:51.2535651Z env:
2026-10-08T02:44:51.2535825Z   targets: 
2026-10-08T02:44:51.2536007Z   components: rustfmt, clippy
2026-10-08T02:44:51.2536233Z ##[endgroup]
2026-10-08T02:44:51.3264921Z ##[end-action id=__dtolnay_rust-toolchain.flags;outcome=success;conclusion=success;duration_ms=92]
2026-10-08T02:44:51.3267556Z ##[start-action display=Set $CARGO_HOME;id=__dtolnay_rust-toolchain.__run]
2026-10-08T02:44:51.3407240Z ##[group]Run echo CARGO_HOME=${CARGO_HOME:-"$USERPROFILE\.cargo"} >> $GITHUB_ENV
2026-10-08T02:44:51.3407761Z echo CARGO_HOME=${CARGO_HOME:-"$USERPROFILE\.cargo"} >> $GITHUB_ENV
2026-10-08T02:44:51.3424320Z shell: C:\Program Files\Git\bin\bash.EXE --noprofile --norc -e -o pipefail {0}
2026-10-08T02:44:51.3424729Z ##[endgroup]
2026-10-08T02:44:51.3867143Z ##[end-action id=__dtolnay_rust-toolchain.__run;outcome=success;conclusion=success;duration_ms=59]
2026-10-08T02:44:51.3871229Z ##[start-action display=Install rustup if needed;id=__dtolnay_rust-toolchain.__run_2]
2026-10-08T02:44:51.3886456Z ##[end-action id=__dtolnay_rust-toolchain.__run_2;outcome=skipped;conclusion=skipped;duration_ms=0]
2026-10-08T02:44:51.3889784Z ##[start-action display=Install rustup if needed on windows;id=__dtolnay_rust-toolchain.__run_3]
2026-10-08T02:44:51.4058411Z ##[group]Run if ! command -v rustup &>/dev/null; then
2026-10-08T02:44:51.4058785Z if ! command -v rustup &>/dev/null; then
2026-10-08T02:44:51.4059568Z   curl --proto '=https' --tlsv1.2 --retry 10 --retry-connrefused --location --silent --show-error --fail https://win.rustup.rs/x86_64 --output 'D:\a\_temp\rustup-init.exe'
2026-10-08T02:44:51.4060439Z   'D:\a\_temp\rustup-init.exe' --default-toolchain none --no-modify-path -y
2026-10-08T02:44:51.4060860Z   echo "$CARGO_HOME\bin" >> $GITHUB_PATH
2026-10-08T02:44:51.4061130Z fi
2026-10-08T02:44:51.4078120Z shell: C:\Program Files\Git\bin\bash.EXE --noprofile --norc -e -o pipefail {0}
2026-10-08T02:44:51.4078531Z env:
2026-10-08T02:44:51.4078727Z   CARGO_HOME: C:\Users\runneradmin\.cargo
2026-10-08T02:44:51.4078983Z ##[endgroup]
2026-10-08T02:44:51.4620824Z ##[end-action id=__dtolnay_rust-toolchain.__run_3;outcome=success;conclusion=success;duration_ms=72]
2026-10-08T02:44:51.4634053Z ##[start-action display=rustup toolchain install stable;id=__dtolnay_rust-toolchain.__run_4]
2026-10-08T02:44:51.4776201Z ##[group]Run log=$(mktemp)
2026-10-08T02:44:51.4776481Z log=$(mktemp)
2026-10-08T02:44:51.4776695Z trap 'rm -f "$log"' EXIT
2026-10-08T02:44:51.4776942Z for attempt in 1 2 3 4 5; do
2026-10-08T02:44:51.4777596Z   if rustup toolchain install stable --component rustfmt --component clippy --profile minimal --no-self-update --force-non-host 2>&1 | tee "$log"; then
2026-10-08T02:44:51.4778249Z     break
2026-10-08T02:44:51.4778440Z   else
2026-10-08T02:44:51.4778626Z     status=$?
2026-10-08T02:44:51.4778823Z   fi
2026-10-08T02:44:51.4779491Z   if [[ $attempt == 5 ]] || ! grep -Fq 'checksum failed for ' "$log" \
2026-10-08T02:44:51.4780062Z       || ! grep -Fq 'this is likely due to an ongoing update of the official release server' "$log"; then
2026-10-08T02:44:51.4780526Z     exit "$status"
2026-10-08T02:44:51.4780729Z   fi
2026-10-08T02:44:51.4781061Z   echo "Retrying rustup toolchain install in 30 seconds (retry $attempt of 4)" >&2
2026-10-08T02:44:51.4781467Z   sleep 30
2026-10-08T02:44:51.4781650Z done
2026-10-08T02:44:51.4797288Z shell: C:\Program Files\Git\bin\bash.EXE --noprofile --norc -e -o pipefail {0}
2026-10-08T02:44:51.4797696Z env:
2026-10-08T02:44:51.4797895Z   CARGO_HOME: C:\Users\runneradmin\.cargo
2026-10-08T02:44:51.4798160Z   RUSTUP_PERMIT_COPY_RENAME: 1
2026-10-08T02:44:51.4798380Z ##[endgroup]
2026-10-08T02:44:54.7399844Z info: syncing channel updates for stable-x86_64-pc-windows-msvc
2026-10-08T02:44:55.4031472Z info: latest update on 2026-10-01 for version 1.99.0 (b940084d7 2026-09-28)
2026-10-08T02:44:55.4345822Z info: removing previous version of component rustfmt
2026-10-08T02:44:55.4665483Z info: removing previous version of component clippy
2026-10-08T02:44:55.4978609Z info: removing previous version of component rust-std for target x86_64-pc-windows-gnu
2026-10-08T02:44:55.6244713Z info: removing previous version of component rust-std for target i686-pc-windows-msvc
2026-10-08T02:44:55.7036584Z info: removing previous version of component cargo
2026-10-08T02:44:55.7988610Z info: removing previous version of component rust-std
2026-10-08T02:44:55.8936565Z info: removing previous version of component rustc
2026-10-08T02:44:56.0521131Z info: downloading 7 components
2026-10-08T02:45:09.5998348Z 
2026-10-08T02:45:09.6312844Z   stable-x86_64-pc-windows-msvc updated - rustc 1.99.0 (b940084d7 2026-09-28) (from rustc 1.98.1 (48a229cea 2026-09-01))
2026-10-08T02:45:09.6313920Z 
2026-10-08T02:45:09.8512520Z ##[end-action id=__dtolnay_rust-toolchain.__run_4;outcome=success;conclusion=success;duration_ms=18387]
2026-10-08T02:45:09.8520875Z ##[start-action display=rustup default stable;id=__dtolnay_rust-toolchain.__run_5]
2026-10-08T02:45:09.8675731Z ##[group]Run rustup default stable --force-non-host
2026-10-08T02:45:09.8676088Z rustup default stable --force-non-host
2026-10-08T02:45:09.8692639Z shell: C:\Program Files\Git\bin\bash.EXE --noprofile --norc -e -o pipefail {0}
2026-10-08T02:45:09.8693025Z env:
2026-10-08T02:45:09.8693214Z   CARGO_HOME: C:\Users\runneradmin\.cargo
2026-10-08T02:45:09.8693473Z ##[endgroup]
2026-10-08T02:45:09.9423386Z info: using existing install for stable-x86_64-pc-windows-msvc
2026-10-08T02:45:09.9479936Z info: default toolchain set to stable-x86_64-pc-windows-msvc
2026-10-08T02:45:09.9480336Z 
2026-10-08T02:45:09.9705862Z   stable-x86_64-pc-windows-msvc unchanged - rustc 1.99.0 (b940084d7 2026-09-28)
2026-10-08T02:45:09.9706614Z 
2026-10-08T02:45:09.9802162Z ##[end-action id=__dtolnay_rust-toolchain.__run_5;outcome=success;conclusion=success;duration_ms=128]
2026-10-08T02:45:09.9805090Z ##[start-action display=Create cachekey;id=__dtolnay_rust-toolchain.rustc-version]
2026-10-08T02:45:09.9950529Z ##[group]Run DATE=$(rustc +stable --version --verbose | sed -ne 's/^commit-date: \(20[0-9][0-9]\)-\([01][0-9]\)-\([0-3][0-9]\)$/\1\2\3/p')
2026-10-08T02:45:09.9951394Z DATE=$(rustc +stable --version --verbose | sed -ne 's/^commit-date: \(20[0-9][0-9]\)-\([01][0-9]\)-\([0-3][0-9]\)$/\1\2\3/p')
2026-10-08T02:45:09.9952029Z HASH=$(rustc +stable --version --verbose | sed -ne 's/^commit-hash: //p')
2026-10-08T02:45:09.9952509Z echo "cachekey=$(echo $DATE$HASH | head -c12)" >> $GITHUB_OUTPUT
2026-10-08T02:45:09.9968855Z shell: C:\Program Files\Git\bin\bash.EXE --noprofile --norc -e -o pipefail {0}
2026-10-08T02:45:09.9969277Z env:
2026-10-08T02:45:09.9969467Z   CARGO_HOME: C:\Users\runneradmin\.cargo
2026-10-08T02:45:09.9969718Z ##[endgroup]
2026-10-08T02:45:10.7606410Z ##[end-action id=__dtolnay_rust-toolchain.rustc-version;outcome=success;conclusion=success;duration_ms=780]
2026-10-08T02:45:10.7610655Z ##[start-action display=Disable incremental compilation;id=__dtolnay_rust-toolchain.__run_6]
2026-10-08T02:45:10.7757306Z ##[group]Run if [ -z "${CARGO_INCREMENTAL+set}" ]; then
2026-10-08T02:45:10.7757684Z if [ -z "${CARGO_INCREMENTAL+set}" ]; then
2026-10-08T02:45:10.7757991Z   echo CARGO_INCREMENTAL=0 >> $GITHUB_ENV
2026-10-08T02:45:10.7758257Z fi
2026-10-08T02:45:10.7773376Z shell: C:\Program Files\Git\bin\bash.EXE --noprofile --norc -e -o pipefail {0}
2026-10-08T02:45:10.7773771Z env:
2026-10-08T02:45:10.7773964Z   CARGO_HOME: C:\Users\runneradmin\.cargo
2026-10-08T02:45:10.7774222Z ##[endgroup]
2026-10-08T02:45:10.8194157Z ##[end-action id=__dtolnay_rust-toolchain.__run_6;outcome=success;conclusion=success;duration_ms=58]
2026-10-08T02:45:10.8197003Z ##[start-action display=Enable colors in Cargo output;id=__dtolnay_rust-toolchain.__run_7]
2026-10-08T02:45:10.8341532Z ##[group]Run if [ -z "${CARGO_TERM_COLOR+set}" ]; then
2026-10-08T02:45:10.8341906Z if [ -z "${CARGO_TERM_COLOR+set}" ]; then
2026-10-08T02:45:10.8342221Z   echo CARGO_TERM_COLOR=always >> $GITHUB_ENV
2026-10-08T02:45:10.8342487Z fi
2026-10-08T02:45:10.8359108Z shell: C:\Program Files\Git\bin\bash.EXE --noprofile --norc -e -o pipefail {0}
2026-10-08T02:45:10.8359509Z env:
2026-10-08T02:45:10.8359700Z   CARGO_HOME: C:\Users\runneradmin\.cargo
2026-10-08T02:45:10.8359954Z   CARGO_INCREMENTAL: 0
2026-10-08T02:45:10.8360141Z ##[endgroup]
2026-10-08T02:45:10.8800108Z ##[end-action id=__dtolnay_rust-toolchain.__run_7;outcome=success;conclusion=success;duration_ms=60]
2026-10-08T02:45:10.8802698Z ##[start-action display=Enable Cargo sparse registry;id=__dtolnay_rust-toolchain.__run_8]
2026-10-08T02:45:10.8951906Z ##[group]Run # implemented in 1.66, stabilized in 1.68, made default in 1.70
2026-10-08T02:45:10.8952443Z # implemented in 1.66, stabilized in 1.68, made default in 1.70
2026-10-08T02:45:10.8953433Z if [ -z "${CARGO_REGISTRIES_CRATES_IO_PROTOCOL+set}" -o -f "D:\a\_temp"/.implicit_cargo_registries_crates_io_protocol ]; then
2026-10-08T02:45:10.8954115Z   if rustc +stable --version --verbose | grep -q '^release: 1\.6[89]\.'; then
2026-10-08T02:45:10.8954614Z     touch "D:\a\_temp"/.implicit_cargo_registries_crates_io_protocol || true
2026-10-08T02:45:10.8955095Z     echo CARGO_REGISTRIES_CRATES_IO_PROTOCOL=sparse >> $GITHUB_ENV
2026-10-08T02:45:10.8955576Z   elif rustc +stable --version --verbose | grep -q '^release: 1\.6[67]\.'; then
2026-10-08T02:45:10.8956075Z     touch "D:\a\_temp"/.implicit_cargo_registries_crates_io_protocol || true
2026-10-08T02:45:10.8956802Z     echo CARGO_REGISTRIES_CRATES_IO_PROTOCOL=git >> $GITHUB_ENV
2026-10-08T02:45:10.8957986Z   fi
2026-10-08T02:45:10.8958153Z fi
2026-10-08T02:45:10.8976538Z shell: C:\Program Files\Git\bin\bash.EXE --noprofile --norc -e -o pipefail {0}
2026-10-08T02:45:10.8976933Z env:
2026-10-08T02:45:10.8977122Z   CARGO_HOME: C:\Users\runneradmin\.cargo
2026-10-08T02:45:10.8977374Z   CARGO_INCREMENTAL: 0
2026-10-08T02:45:10.8977568Z   CARGO_TERM_COLOR: always
2026-10-08T02:45:10.8977766Z ##[endgroup]
2026-10-08T02:45:11.0935691Z ##[end-action id=__dtolnay_rust-toolchain.__run_8;outcome=success;conclusion=success;duration_ms=213]
2026-10-08T02:45:11.0938194Z ##[start-action display=Work around spurious network errors in curl 8.0;id=__dtolnay_rust-toolchain.__run_9]
2026-10-08T02:45:11.1072468Z ##[group]Run # https://rust-lang.zulipchat.com/#narrow/stream/246057-t-cargo/topic/timeout.20investigation
2026-10-08T02:45:11.1073226Z # https://rust-lang.zulipchat.com/#narrow/stream/246057-t-cargo/topic/timeout.20investigation
2026-10-08T02:45:11.1073870Z if rustc +stable --version --verbose | grep -q '^release: 1\.7[01]\.'; then
2026-10-08T02:45:11.1074316Z   echo CARGO_HTTP_MULTIPLEXING=false >> $GITHUB_ENV
2026-10-08T02:45:11.1074605Z fi
2026-10-08T02:45:11.1091117Z shell: C:\Program Files\Git\bin\bash.EXE --noprofile --norc -e -o pipefail {0}
2026-10-08T02:45:11.1091507Z env:
2026-10-08T02:45:11.1091700Z   CARGO_HOME: C:\Users\runneradmin\.cargo
2026-10-08T02:45:11.1091967Z   CARGO_INCREMENTAL: 0
2026-10-08T02:45:11.1092164Z   CARGO_TERM_COLOR: always
2026-10-08T02:45:11.1092381Z ##[endgroup]
2026-10-08T02:45:11.2220394Z ##[end-action id=__dtolnay_rust-toolchain.__run_9;outcome=success;conclusion=success;duration_ms=128]
2026-10-08T02:45:11.2224226Z ##[start-action display=rustc +stable --version --verbose;id=__dtolnay_rust-toolchain.__run_10]
2026-10-08T02:45:11.2378784Z ##[group]Run rustc +stable --version --verbose
2026-10-08T02:45:11.2379132Z rustc +stable --version --verbose
2026-10-08T02:45:11.2395060Z shell: C:\Program Files\Git\bin\bash.EXE --noprofile --norc -e -o pipefail {0}
2026-10-08T02:45:11.2395460Z env:
2026-10-08T02:45:11.2395656Z   CARGO_HOME: C:\Users\runneradmin\.cargo
2026-10-08T02:45:11.2395917Z   CARGO_INCREMENTAL: 0
2026-10-08T02:45:11.2396128Z   CARGO_TERM_COLOR: always
2026-10-08T02:45:11.2396342Z ##[endgroup]
2026-10-08T02:45:11.3256878Z rustc 1.99.0 (b940084d7 2026-09-28)
2026-10-08T02:45:11.3257404Z binary: rustc
2026-10-08T02:45:11.3257796Z commit-hash: b940084d7eb6a299eb4bfeb8e34901bc051e7ac4
2026-10-08T02:45:11.3258308Z commit-date: 2026-09-28
2026-10-08T02:45:11.3258655Z host: x86_64-pc-windows-msvc
2026-10-08T02:45:11.3259005Z release: 1.99.0
2026-10-08T02:45:11.3259792Z LLVM version: 23.1.1
2026-10-08T02:45:11.3397093Z ##[end-action id=__dtolnay_rust-toolchain.__run_10;outcome=success;conclusion=success;duration_ms=117]
2026-10-08T02:45:11.3580828Z ##[group]Run cargo fmt --all -- --check
2026-10-08T02:45:11.3581232Z cargo fmt --all -- --check
2026-10-08T02:45:11.4116315Z shell: C:\Program Files\PowerShell\7\pwsh.EXE -command ". '{0}'"
2026-10-08T02:45:11.4116725Z env:
2026-10-08T02:45:11.4116944Z   CARGO_HOME: C:\Users\runneradmin\.cargo
2026-10-08T02:45:11.4117237Z   CARGO_INCREMENTAL: 0
2026-10-08T02:45:11.4117458Z   CARGO_TERM_COLOR: always
2026-10-08T02:45:11.4117685Z ##[endgroup]
2026-10-08T02:45:13.8861682Z ##[group]Run cargo test --locked --test windows_process
2026-10-08T02:45:13.8862178Z cargo test --locked --test windows_process
2026-10-08T02:45:13.8954491Z shell: C:\Program Files\PowerShell\7\pwsh.EXE -command ". '{0}'"
2026-10-08T02:45:13.8955186Z env:
2026-10-08T02:45:13.8955650Z   CARGO_HOME: C:\Users\runneradmin\.cargo
2026-10-08T02:45:13.8956219Z   CARGO_INCREMENTAL: 0
2026-10-08T02:45:13.8956691Z   CARGO_TERM_COLOR: always
2026-10-08T02:45:13.8957156Z ##[endgroup]
2026-10-08T02:45:14.3091659Z     Updating crates.io index
2026-10-08T02:45:14.7231681Z  Downloading crates ...
2026-10-08T02:45:14.8012192Z   Downloaded anstyle-query v1.1.5
2026-10-08T02:45:14.8138085Z   Downloaded anstyle-wincon v3.0.11
2026-10-08T02:45:14.8244658Z   Downloaded crypto-common v0.1.7
2026-10-08T02:45:14.8360722Z   Downloaded anstream v1.0.0
2026-10-08T02:45:14.8575666Z   Downloaded anstyle-parse v1.0.0
2026-10-08T02:45:14.8695728Z   Downloaded anstyle v1.0.14
2026-10-08T02:45:14.8819884Z   Downloaded winapi-util v0.1.11
2026-10-08T02:45:14.9068060Z   Downloaded equivalent v1.0.2
2026-10-08T02:45:14.9202882Z   Downloaded toml_writer v1.1.2+spec-1.1.0
2026-10-08T02:45:14.9888715Z   Downloaded num-traits v0.2.19
2026-10-08T02:45:15.0167127Z   Downloaded cpufeatures v0.2.17
2026-10-08T02:45:15.0304522Z   Downloaded block-buffer v0.10.4
2026-10-08T02:45:15.0402574Z   Downloaded hashbrown v0.17.1
2026-10-08T02:45:15.0839980Z   Downloaded digest v0.10.7
2026-10-08T02:45:15.1057691Z   Downloaded heck v0.5.0
2026-10-08T02:45:15.1220419Z   Downloaded is_terminal_polyfill v1.70.2
2026-10-08T02:45:15.1301999Z   Downloaded aho-corasick v1.1.5
2026-10-08T02:45:15.1739595Z   Downloaded itoa v1.0.18
2026-10-08T02:45:15.1879282Z   Downloaded crossbeam-deque v0.8.8
2026-10-08T02:45:15.2032232Z   Downloaded fastrand v2.5.0
2026-10-08T02:45:15.2150087Z   Downloaded globset v0.4.20
2026-10-08T02:45:15.2286040Z   Downloaded cc v1.6.0
2026-10-08T02:45:15.2610107Z   Downloaded foldhash v0.2.0
2026-10-08T02:45:15.2728932Z   Downloaded crossbeam-utils v0.8.23
2026-10-08T02:45:15.3059140Z   Downloaded fallible-iterator v0.3.0
2026-10-08T02:45:15.3170901Z   Downloaded hashlink v0.12.2
2026-10-08T02:45:15.3393808Z   Downloaded autocfg v1.5.1
2026-10-08T02:45:15.3569108Z   Downloaded cfg-if v1.0.5
2026-10-08T02:45:15.3720659Z   Downloaded chrono v0.4.45
2026-10-08T02:45:15.4219556Z   Downloaded fallible-streaming-iterator v0.1.9
2026-10-08T02:45:15.4304923Z   Downloaded fs2 v0.4.3
2026-10-08T02:45:15.4414529Z   Downloaded ignore v0.4.33
2026-10-08T02:45:15.4619153Z   Downloaded utf8parse v0.2.2
2026-10-08T02:45:15.4752179Z   Downloaded bitflags v2.13.2
2026-10-08T02:45:15.5271429Z   Downloaded find-msvc-tools v0.1.14
2026-10-08T02:45:15.5459420Z   Downloaded generic-array v0.14.7
2026-10-08T02:45:15.5661174Z   Downloaded getrandom v0.4.3
2026-10-08T02:45:16.1154692Z   Downloaded indexmap v2.14.2
2026-10-08T02:45:16.1552082Z   Downloaded clap_lex v1.1.1
2026-10-08T02:45:16.1726155Z   Downloaded colorchoice v1.0.5
2026-10-08T02:45:16.1811623Z   Downloaded log v0.4.34
2026-10-08T02:45:16.2133038Z   Downloaded streaming-iterator v0.1.9
2026-10-08T02:45:16.2234998Z   Downloaded crossbeam-epoch v0.9.21
2026-10-08T02:45:16.2512696Z   Downloaded once_cell_polyfill v1.70.2
2026-10-08T02:45:16.2604182Z   Downloaded shlex v2.0.1
2026-10-08T02:45:16.2720888Z   Downloaded phf_shared v0.12.1
2026-10-08T02:45:16.2830791Z   Downloaded sha2 v0.10.9
2026-10-08T02:45:16.3106522Z   Downloaded serde_spanned v1.1.1
2026-10-08T02:45:16.3250312Z   Downloaded windows-link v0.2.1
2026-10-08T02:45:16.3328653Z   Downloaded siphasher v1.0.4
2026-10-08T02:45:16.3489670Z   Downloaded tree-sitter-language v0.1.8
2026-10-08T02:45:16.3715722Z   Downloaded walkdir v2.5.0
2026-10-08T02:45:16.3881227Z   Downloaded same-file v1.0.6
2026-10-08T02:45:16.4016499Z   Downloaded tempfile v3.27.0
2026-10-08T02:45:16.4286734Z   Downloaded version_check v0.9.5
2026-10-08T02:45:16.4456648Z   Downloaded clap v4.6.7
2026-10-08T02:45:16.5931356Z   Downloaded serde v1.0.229
2026-10-08T02:45:16.6291865Z   Downloaded strsim v0.11.1
2026-10-08T02:45:16.6477578Z   Downloaded toml_datetime v0.7.5+spec-1.1.0
2026-10-08T02:45:16.6611546Z   Downloaded zmij v1.0.23
2026-10-08T02:45:16.6786227Z   Downloaded quote v1.0.47
2026-10-08T02:45:16.7142929Z   Downloaded phf v0.12.1
2026-10-08T02:45:16.7269476Z   Downloaded proc-macro2 v1.0.107
2026-10-08T02:45:16.7618940Z   Downloaded smallvec v1.16.2
2026-10-08T02:45:16.7776267Z   Downloaded toml_parser v1.1.3+spec-1.1.0
2026-10-08T02:45:16.7984454Z   Downloaded unicode-ident v1.0.26
2026-10-08T02:45:16.8305672Z   Downloaded bstr v1.13.1
2026-10-08T02:45:16.8911235Z   Downloaded clap_derive v4.6.7
2026-10-08T02:45:16.9136126Z   Downloaded toml v0.9.12+spec-1.1.0
2026-10-08T02:45:16.9500297Z   Downloaded once_cell v1.21.4
2026-10-08T02:45:16.9779891Z   Downloaded pkg-config v0.3.34
2026-10-08T02:45:17.0180649Z   Downloaded serde_core v1.0.229
2026-10-08T02:45:17.3734590Z   Downloaded serde_derive v1.0.229
2026-10-08T02:45:17.4101352Z   Downloaded serde_yaml_ng v0.10.0
2026-10-08T02:45:17.4476566Z   Downloaded typenum v1.20.1
2026-10-08T02:45:17.4761520Z   Downloaded ryu v1.0.23
2026-10-08T02:45:17.5143034Z   Downloaded unsafe-libyaml v0.2.11
2026-10-08T02:45:17.5492014Z   Downloaded uuid v1.27.0
2026-10-08T02:45:17.5747067Z   Downloaded memchr v2.8.3
2026-10-08T02:45:17.6310424Z   Downloaded tree-sitter-javascript v0.25.0
2026-10-08T02:45:17.6650549Z   Downloaded regex v1.13.1
2026-10-08T02:45:17.7128954Z   Downloaded clap_builder v4.6.7
2026-10-08T02:45:17.7749653Z   Downloaded rusqlite v0.40.2
2026-10-08T02:45:17.8547174Z   Downloaded serde_json v1.0.151
2026-10-08T02:45:18.0803535Z   Downloaded tree-sitter-python v0.25.0
2026-10-08T02:45:18.2017392Z   Downloaded winnow v0.7.15
2026-10-08T02:45:19.0758441Z   Downloaded winnow v1.0.4
2026-10-08T02:45:19.4549161Z   Downloaded tree-sitter v0.25.10
2026-10-08T02:45:19.5705334Z   Downloaded vcpkg v0.2.15
2026-10-08T02:45:21.6704627Z   Downloaded regex-syntax v0.8.11
2026-10-08T02:45:21.7130317Z   Downloaded syn v3.0.6
2026-10-08T02:45:21.8083348Z   Downloaded regex-automata v0.4.18
2026-10-08T02:45:21.9314573Z   Downloaded libc v0.2.190
2026-10-08T02:45:22.3922740Z   Downloaded chrono-tz v0.10.4
2026-10-08T02:45:22.4360096Z   Downloaded tree-sitter-typescript v0.23.2
2026-10-08T02:45:22.4905357Z   Downloaded winapi v0.3.9
2026-10-08T02:45:23.3165229Z   Downloaded windows-sys v0.61.2
2026-10-08T02:45:23.9371822Z   Downloaded libsqlite3-sys v0.38.2
2026-10-08T02:45:24.5111264Z    Compiling shlex v2.0.1
2026-10-08T02:45:24.5112085Z    Compiling find-msvc-tools v0.1.14
2026-10-08T02:45:24.5114031Z    Compiling windows-link v0.2.1
2026-10-08T02:45:24.5114805Z    Compiling proc-macro2 v1.0.107
2026-10-08T02:45:24.5743058Z    Compiling serde_core v1.0.229
2026-10-08T02:45:24.7373321Z    Compiling windows-sys v0.61.2
2026-10-08T02:45:25.5535059Z    Compiling cc v1.6.0
2026-10-08T02:45:26.6825393Z    Compiling unicode-ident v1.0.26
2026-10-08T02:45:26.8138828Z    Compiling quote v1.0.47
2026-10-08T02:45:26.8769513Z    Compiling tree-sitter-language v0.1.8
2026-10-08T02:45:27.5305957Z    Compiling memchr v2.8.3
2026-10-08T02:45:28.3011155Z    Compiling equivalent v1.0.2
2026-10-08T02:45:28.3728555Z    Compiling syn v3.0.6
2026-10-08T02:45:28.4540150Z    Compiling zmij v1.0.23
2026-10-08T02:45:28.7927257Z    Compiling version_check v0.9.5
2026-10-08T02:45:28.8587933Z    Compiling itoa v1.0.18
2026-10-08T02:45:29.1818540Z    Compiling generic-array v0.14.7
2026-10-08T02:45:29.5093029Z    Compiling aho-corasick v1.1.5
2026-10-08T02:45:29.9770545Z    Compiling serde_json v1.0.151
2026-10-08T02:45:30.2400986Z    Compiling crossbeam-utils v0.8.23
2026-10-08T02:45:30.6387963Z    Compiling typenum v1.20.1
2026-10-08T02:45:30.8751784Z    Compiling serde v1.0.229
2026-10-08T02:45:31.2485149Z    Compiling regex-syntax v0.8.11
2026-10-08T02:45:31.8369050Z    Compiling hashbrown v0.17.1
2026-10-08T02:45:32.7053871Z    Compiling foldhash v0.2.0
2026-10-08T02:45:32.9390927Z    Compiling autocfg v1.5.1
2026-10-08T02:45:33.4808356Z    Compiling num-traits v0.2.19
2026-10-08T02:45:33.7421977Z    Compiling indexmap v2.14.2
2026-10-08T02:45:34.6101251Z    Compiling regex-automata v0.4.18
2026-10-08T02:45:34.6102120Z    Compiling serde_derive v1.0.229
2026-10-08T02:45:36.9568294Z    Compiling once_cell_polyfill v1.70.2
2026-10-08T02:45:37.0474921Z    Compiling utf8parse v0.2.2
2026-10-08T02:45:37.1432905Z    Compiling pkg-config v0.3.34
2026-10-08T02:45:37.9274369Z    Compiling getrandom v0.4.3
2026-10-08T02:45:38.2510136Z    Compiling cfg-if v1.0.5
2026-10-08T02:45:38.3063557Z    Compiling anstyle v1.0.14
2026-10-08T02:45:38.6036821Z    Compiling crossbeam-epoch v0.9.21
2026-10-08T02:45:38.8919422Z    Compiling vcpkg v0.2.15
2026-10-08T02:45:39.9218956Z    Compiling libsqlite3-sys v0.38.2
2026-10-08T02:45:40.4186070Z    Compiling anstyle-wincon v3.0.11
2026-10-08T02:45:40.4398599Z    Compiling anstyle-parse v1.0.0
2026-10-08T02:45:40.9528536Z    Compiling winapi-util v0.1.11
2026-10-08T02:45:41.2612304Z    Compiling anstyle-query v1.1.5
2026-10-08T02:45:41.4453792Z    Compiling winapi v0.3.9
2026-10-08T02:45:41.4738632Z    Compiling is_terminal_polyfill v1.70.2
2026-10-08T02:45:41.5539495Z    Compiling siphasher v1.0.4
2026-10-08T02:45:41.8066993Z    Compiling crossbeam-deque v0.8.8
2026-10-08T02:45:41.9667625Z    Compiling colorchoice v1.0.5
2026-10-08T02:45:42.0346059Z    Compiling anstream v1.0.0
2026-10-08T02:45:42.0737403Z    Compiling tree-sitter v0.25.10
2026-10-08T02:45:42.1254091Z    Compiling phf_shared v0.12.1
2026-10-08T02:45:42.3650953Z    Compiling same-file v1.0.6
2026-10-08T02:45:42.6967591Z    Compiling block-buffer v0.10.4
2026-10-08T02:45:42.7771678Z    Compiling crypto-common v0.1.7
2026-10-08T02:45:42.8281748Z    Compiling bstr v1.13.1
2026-10-08T02:45:42.8785317Z    Compiling tree-sitter-python v0.25.0
2026-10-08T02:45:43.1488439Z    Compiling tree-sitter-javascript v0.25.0
2026-10-08T02:45:43.4084064Z    Compiling tree-sitter-typescript v0.23.2
2026-10-08T02:45:43.4233257Z    Compiling chrono-tz v0.10.4
2026-10-08T02:45:43.6088418Z    Compiling winnow v1.0.4
2026-10-08T02:45:43.6813457Z    Compiling clap_lex v1.1.1
2026-10-08T02:45:43.8228487Z    Compiling libc v0.2.190
2026-10-08T02:45:44.0047518Z    Compiling log v0.4.34
2026-10-08T02:45:44.0986343Z    Compiling heck v0.5.0
2026-10-08T02:45:44.2228036Z    Compiling strsim v0.11.1
2026-10-08T02:45:44.3478653Z    Compiling clap_derive v4.6.7
2026-10-08T02:45:44.4102397Z    Compiling globset v0.4.20
2026-10-08T02:45:44.8230960Z    Compiling clap_builder v4.6.7
2026-10-08T02:45:45.9241052Z    Compiling toml_parser v1.1.3+spec-1.1.0
2026-10-08T02:45:48.0880046Z    Compiling chrono v0.4.45
2026-10-08T02:45:49.8216016Z    Compiling digest v0.10.7
2026-10-08T02:45:50.2830932Z    Compiling walkdir v2.5.0
2026-10-08T02:45:50.7283667Z    Compiling phf v0.12.1
2026-10-08T02:45:50.8977309Z    Compiling regex v1.13.1
2026-10-08T02:45:51.5624863Z    Compiling hashlink v0.12.2
2026-10-08T02:45:51.9696076Z    Compiling serde_spanned v1.1.1
2026-10-08T02:45:52.1173144Z    Compiling toml_datetime v0.7.5+spec-1.1.0
2026-10-08T02:45:52.4383936Z    Compiling fallible-iterator v0.3.0
2026-10-08T02:45:52.5894798Z    Compiling streaming-iterator v0.1.9
2026-10-08T02:45:52.6616119Z    Compiling fallible-streaming-iterator v0.1.9
2026-10-08T02:45:52.8148445Z    Compiling bitflags v2.13.2
2026-10-08T02:45:52.8970913Z    Compiling unsafe-libyaml v0.2.11
2026-10-08T02:45:52.9009966Z    Compiling smallvec v1.16.2
2026-10-08T02:45:53.0034313Z    Compiling toml_writer v1.1.2+spec-1.1.0
2026-10-08T02:45:53.1192066Z    Compiling cpufeatures v0.2.17
2026-10-08T02:45:53.1737563Z    Compiling winnow v0.7.15
2026-10-08T02:45:53.1771487Z    Compiling ryu v1.0.23
2026-10-08T02:45:53.2636800Z    Compiling sha2 v0.10.9
2026-10-08T02:45:53.4311541Z    Compiling rusqlite v0.40.2
2026-10-08T02:45:53.8461094Z    Compiling serde_yaml_ng v0.10.0
2026-10-08T02:45:55.5853241Z    Compiling toml v0.9.12+spec-1.1.0
2026-10-08T02:45:55.6654190Z    Compiling fs2 v0.4.3
2026-10-08T02:45:56.0464820Z    Compiling ignore v0.4.33
2026-10-08T02:45:57.5345494Z    Compiling clap v4.6.7
2026-10-08T02:45:58.9589214Z    Compiling uuid v1.27.0
2026-10-08T02:45:59.6954090Z    Compiling fastrand v2.5.0
2026-10-08T02:45:59.8603875Z    Compiling once_cell v1.21.4
2026-10-08T02:46:00.0837970Z    Compiling tempfile v3.27.0
2026-10-08T02:46:02.2390076Z    Compiling pctx v0.1.0-dev (D:\a\pctx\pctx)
2026-10-08T02:46:03.9455210Z warning: unreachable statement
2026-10-08T02:46:03.9456140Z    --> src\output.rs:881:5
2026-10-08T02:46:03.9456723Z     |
2026-10-08T02:46:03.9457477Z 875 | /         return Err(err(
2026-10-08T02:46:03.9458501Z 876 | |             "CAPABILITY_UNAVAILABLE",
2026-10-08T02:46:03.9460327Z 877 | |             "Supervised manual capture is currently verified only on Unix",
2026-10-08T02:46:03.9461465Z 878 | |             6,
2026-10-08T02:46:03.9462464Z 879 | |         ));
2026-10-08T02:46:03.9463450Z     | |__________- any code following this expression is unreachable
2026-10-08T02:46:03.9464566Z 880 |       }
2026-10-08T02:46:03.9465119Z 881 |       let registered = expected_binding.is_some();
2026-10-08T02:46:03.9465865Z     |       ^^^^^^^^^^^^^^^^^^^^^^^^^^^^^^^^^^^^^^^^^^^^ unreachable statement
2026-10-08T02:46:03.9466389Z     |
2026-10-08T02:46:03.9467317Z     = note: `#[warn(unreachable_code)]` (part of `#[warn(unused)]`) on by default
2026-10-08T02:46:03.9467820Z 
2026-10-08T02:46:05.1517970Z warning: unreachable statement
2026-10-08T02:46:05.1518810Z    --> src\runner.rs:984:13
2026-10-08T02:46:05.1520059Z     |
2026-10-08T02:46:05.1520673Z 978 | /                 return Err(error(
2026-10-08T02:46:05.1521615Z 979 | |                     "CAPABILITY_UNAVAILABLE",
2026-10-08T02:46:05.1522916Z 980 | |                     "Registered process supervision is supported only on verified Unix backend",
2026-10-08T02:46:05.1524064Z 981 | |                     6,
2026-10-08T02:46:05.1524804Z 982 | |                 ));
2026-10-08T02:46:05.1525806Z     | |__________________- any code following this expression is unreachable
2026-10-08T02:46:05.1526699Z 983 |               }
2026-10-08T02:46:05.1527440Z 984 | /             if *budget_bytes < 8192 {
2026-10-08T02:46:05.1528298Z 985 | |                 return Err(error(
2026-10-08T02:46:05.1529549Z 986 | |                     "BUDGET_TOO_SMALL",
2026-10-08T02:46:05.1530748Z 987 | |                     "Registered evidence metadata requires 8192-byte minimum before execution",
2026-10-08T02:46:05.1531862Z 988 | |                     8,
2026-10-08T02:46:05.1532601Z 989 | |                 ));
2026-10-08T02:46:05.1533290Z 990 | |             }
2026-10-08T02:46:05.1534038Z     | |_____________^ unreachable statement
2026-10-08T02:46:05.1534507Z 
2026-10-08T02:46:06.0334459Z warning: variable does not need to be mutable
2026-10-08T02:46:06.0335526Z    --> src\output.rs:856:5
2026-10-08T02:46:06.0336229Z     |
2026-10-08T02:46:06.0337073Z 856 |     mut on_spawn: Option<&mut dyn FnMut(u32) -> Result<()>>,
2026-10-08T02:46:06.0337916Z     |     ----^^^^^^^^
2026-10-08T02:46:06.0338500Z     |     |
2026-10-08T02:46:06.0339075Z     |     help: remove this `mut`
2026-10-08T02:46:06.0339683Z     |
2026-10-08T02:46:06.0340504Z     = note: `#[warn(unused_mut)]` (part of `#[warn(unused)]`) on by default
2026-10-08T02:46:06.0341110Z 
2026-10-08T02:46:06.0341524Z warning: variable does not need to be mutable
2026-10-08T02:46:06.0342225Z    --> src\output.rs:857:5
2026-10-08T02:46:06.0342576Z     |
2026-10-08T02:46:06.0343218Z 857 |     mut on_poll: Option<&mut dyn FnMut() -> Result<()>>,
2026-10-08T02:46:06.0343985Z     |     ----^^^^^^^
2026-10-08T02:46:06.0344342Z     |     |
2026-10-08T02:46:06.0344918Z     |     help: remove this `mut`
2026-10-08T02:46:06.0345260Z 
2026-10-08T02:46:06.0345601Z warning: unused variable: `p`
2026-10-08T02:46:06.0346029Z    --> src\output.rs:851:5
2026-10-08T02:46:06.0347714Z     |
2026-10-08T02:46:06.0348538Z 851 |     p: &Project,
2026-10-08T02:46:06.0349502Z     |     ^ help: if this is intentional, prefix it with an underscore: `_p`
2026-10-08T02:46:06.0350390Z     |
2026-10-08T02:46:06.0351132Z     = note: `#[warn(unused_variables)]` (part of `#[warn(unused)]`) on by default
2026-10-08T02:46:06.0351757Z 
2026-10-08T02:46:06.0352070Z warning: unused variable: `cwd`
2026-10-08T02:46:06.0352657Z    --> src\output.rs:853:5
2026-10-08T02:46:06.0353404Z     |
2026-10-08T02:46:06.0353819Z 853 |     cwd: &str,
2026-10-08T02:46:06.0354707Z     |     ^^^ help: if this is intentional, prefix it with an underscore: `_cwd`
2026-10-08T02:46:06.0355347Z 
2026-10-08T02:46:06.0355734Z warning: unused variable: `environment`
2026-10-08T02:46:06.0356410Z    --> src\output.rs:854:5
2026-10-08T02:46:06.0356875Z     |
2026-10-08T02:46:06.0357446Z 854 |     environment: &BTreeMap<String, String>,
2026-10-08T02:46:06.0358627Z     |     ^^^^^^^^^^^ help: if this is intentional, prefix it with an underscore: `_environment`
2026-10-08T02:46:06.0359345Z 
2026-10-08T02:46:06.0359737Z warning: unused variable: `expected_binding`
2026-10-08T02:46:06.0360440Z    --> src\output.rs:855:5
2026-10-08T02:46:06.0360908Z     |
2026-10-08T02:46:06.0361438Z 855 |     expected_binding: Option<&str>,
2026-10-08T02:46:06.0362617Z     |     ^^^^^^^^^^^^^^^^ help: if this is intentional, prefix it with an underscore: `_expected_binding`
2026-10-08T02:46:06.0363375Z 
2026-10-08T02:46:06.0363738Z warning: unused variable: `on_spawn`
2026-10-08T02:46:06.0364393Z    --> src\output.rs:856:5
2026-10-08T02:46:06.0364869Z     |
2026-10-08T02:46:06.0365538Z 856 |     mut on_spawn: Option<&mut dyn FnMut(u32) -> Result<()>>,
2026-10-08T02:46:06.0366692Z     |     ^^^^^^^^^^^^ help: if this is intentional, prefix it with an underscore: `_on_spawn`
2026-10-08T02:46:06.0367364Z 
2026-10-08T02:46:06.0367696Z warning: unused variable: `on_poll`
2026-10-08T02:46:06.0368293Z    --> src\output.rs:857:5
2026-10-08T02:46:06.0369136Z     |
2026-10-08T02:46:06.0369743Z 857 |     mut on_poll: Option<&mut dyn FnMut() -> Result<()>>,
2026-10-08T02:46:06.0370893Z     |     ^^^^^^^^^^^ help: if this is intentional, prefix it with an underscore: `_on_poll`
2026-10-08T02:46:06.0371586Z 
2026-10-08T02:46:06.0371982Z warning: unused variable: `parser_identity`
2026-10-08T02:46:06.0372678Z    --> src\output.rs:858:5
2026-10-08T02:46:06.0373142Z     |
2026-10-08T02:46:06.0373656Z 858 |     parser_identity: Option<&str>,
2026-10-08T02:46:06.0374805Z     |     ^^^^^^^^^^^^^^^ help: if this is intentional, prefix it with an underscore: `_parser_identity`
2026-10-08T02:46:06.0375568Z 
2026-10-08T02:46:06.1536122Z warning: variable does not need to be mutable
2026-10-08T02:46:06.1536725Z    --> src\reader.rs:171:13
2026-10-08T02:46:06.1537119Z     |
2026-10-08T02:46:06.1537516Z 171 |         let mut stable = same_instance
2026-10-08T02:46:06.1538059Z     |             ----^^^^^^
2026-10-08T02:46:06.1538490Z     |             |
2026-10-08T02:46:06.1539266Z     |             help: remove this `mut`
2026-10-08T02:46:06.1539576Z 
2026-10-08T02:46:07.5932637Z warning: unused variable: `job`
2026-10-08T02:46:07.5933193Z    --> src\runner.rs:812:15
2026-10-08T02:46:07.5933558Z     |
2026-10-08T02:46:07.5933975Z 812 | fn group_gone(job: &Job) -> bool {
2026-10-08T02:46:07.5934779Z     |               ^^^ help: if this is intentional, prefix it with an underscore: `_job`
2026-10-08T02:46:07.5935283Z 
2026-10-08T02:46:07.6151484Z warning: unused variable: `task_id`
2026-10-08T02:46:07.6153681Z    --> src\runner.rs:971:13
2026-10-08T02:46:07.6154163Z     |
2026-10-08T02:46:07.6154620Z 971 |             task_id,
2026-10-08T02:46:07.6155451Z     |             ^^^^^^^ help: try ignoring the field: `task_id: _`
2026-10-08T02:46:07.6156035Z 
2026-10-08T02:46:07.6156356Z warning: unused variable: `key`
2026-10-08T02:46:07.6156968Z    --> src\runner.rs:972:13
2026-10-08T02:46:07.6157428Z     |
2026-10-08T02:46:07.6157835Z 972 |             key,
2026-10-08T02:46:07.6158588Z     |             ^^^ help: try ignoring the field: `key: _`
2026-10-08T02:46:07.6159094Z 
2026-10-08T02:46:07.6159394Z warning: unused variable: `run`
2026-10-08T02:46:07.6159979Z    --> src\runner.rs:973:13
2026-10-08T02:46:07.6160444Z     |
2026-10-08T02:46:07.6160846Z 973 |             run,
2026-10-08T02:46:07.6161602Z     |             ^^^ help: try ignoring the field: `run: _`
2026-10-08T02:46:07.6162117Z 
2026-10-08T02:46:07.6162484Z warning: unused variable: `budget_bytes`
2026-10-08T02:46:07.6163258Z    --> src\runner.rs:974:13
2026-10-08T02:46:07.6163806Z     |
2026-10-08T02:46:07.6164251Z 974 |             budget_bytes,
2026-10-08T02:46:07.6165124Z     |             ^^^^^^^^^^^^ help: try ignoring the field: `budget_bytes: _`
2026-10-08T02:46:07.6165715Z 
2026-10-08T02:46:07.9016077Z warning: unused variable: `s`
2026-10-08T02:46:07.9016573Z     --> src\schedule.rs:2008:9
2026-10-08T02:46:07.9016912Z      |
2026-10-08T02:46:07.9017310Z 2008 |     let s = get(&tx, namespace, id)?;
2026-10-08T02:46:07.9018082Z      |         ^ help: if this is intentional, prefix it with an underscore: `_s`
2026-10-08T02:46:07.9018541Z 
2026-10-08T02:46:08.2937277Z warning: function `artifact_policy` is never used
2026-10-08T02:46:08.2938108Z     --> src\pack.rs:1060:4
2026-10-08T02:46:08.2938687Z      |
2026-10-08T02:46:08.2939559Z 1060 | fn artifact_policy(p: &Project, manifest: &Value) -> Result<()> {
2026-10-08T02:46:08.2940521Z      |    ^^^^^^^^^^^^^^^
2026-10-08T02:46:08.2941020Z      |
2026-10-08T02:46:08.2941703Z      = note: `#[warn(dead_code)]` (part of `#[warn(unused)]`) on by default
2026-10-08T02:46:08.2942328Z 
2026-10-08T02:46:08.2942726Z warning: function `read_bytes` is never used
2026-10-08T02:46:08.2943420Z     --> src\pack.rs:1122:4
2026-10-08T02:46:08.2943921Z      |
2026-10-08T02:46:08.2948558Z 1122 | fn read_bytes(mut file: fs::File, remaining: usize) -> Result<Vec<u8>> {
2026-10-08T02:46:08.2949564Z      |    ^^^^^^^^^^
2026-10-08T02:46:08.2949772Z 
2026-10-08T02:46:08.2950288Z warning: function `read_single` is never used
2026-10-08T02:46:08.2950734Z     --> src\pack.rs:1302:4
2026-10-08T02:46:08.2951012Z      |
2026-10-08T02:46:08.2951440Z 1302 | fn read_single(p: &Project, bytes: Vec<u8>) -> Result<Artifact> {
2026-10-08T02:46:08.2951916Z      |    ^^^^^^^^^^^
2026-10-08T02:46:08.2952108Z 
2026-10-08T02:46:17.7980456Z warning: `pctx` (lib) generated 21 warnings (run `cargo fix --lib -p pctx` to apply 16 suggestions)
2026-10-08T02:46:20.0224303Z     Finished `test` profile [unoptimized + debuginfo] target(s) in 1m 05s
2026-10-08T02:46:20.0504967Z      Running tests\windows_process.rs (target\debug\deps\windows_process-00ba62cae2c40696.exe)
2026-10-08T02:46:20.0720598Z 
2026-10-08T02:46:20.0720874Z running 13 tests
2026-10-08T02:46:20.0727859Z test fixture_child_entry ... ok
2026-10-08T02:46:20.0734540Z test missing_job_is_unknown_never_empty ... ok
2026-10-08T02:46:20.0743421Z test native_access_denial_is_unknown ... ok
2026-10-08T02:46:20.0745854Z test broad_native_dacl_cannot_impersonate_private_job ... ok
2026-10-08T02:46:20.0746992Z test foreign_receipt_and_malformed_names_do_not_open ... ok
2026-10-08T02:46:20.0751157Z test owned_process_pins_unsigned_creation_identity_and_detects_mismatch ... ok
2026-10-08T02:46:20.0752539Z test native_empty_job_reopens_with_private_security_and_zero_limits ... ok
2026-10-08T02:46:20.0757984Z test query_handle_retains_object_then_final_drop_destroys_empty_job ... ok
2026-10-08T02:46:20.0782664Z test native_admission_rejects_ambiguous_environment_and_relative_executable ... ok
2026-10-08T02:46:20.0868123Z test rejection_of_suspended_child_observes_empty_without_executing_marker ... ok
2026-10-08T02:46:20.1035738Z test signaled_native_exit_259_is_an_exit_code_not_liveness ... ok
2026-10-08T02:46:20.1172252Z test descendant_stays_contained_after_root_exit_until_explicit_cancellation ... ok
2026-10-08T02:46:20.1991849Z test suspended_native_admission_roundtrips_crt_unicode_arguments_and_pipes ... ok
2026-10-08T02:46:20.1992525Z 
2026-10-08T02:46:20.1992804Z test result: ok. 13 passed; 0 failed; 0 ignored; 0 measured; 0 filtered out; finished in 0.13s
2026-10-08T02:46:20.1993202Z 
2026-10-08T02:46:20.3310717Z ##[group]Run cargo test --locked --test reader_policy_cache --test cli_contract
2026-10-08T02:46:20.3311705Z cargo test --locked --test reader_policy_cache --test cli_contract
2026-10-08T02:46:20.3431196Z shell: C:\Program Files\PowerShell\7\pwsh.EXE -command ". '{0}'"
2026-10-08T02:46:20.3431789Z env:
2026-10-08T02:46:20.3432131Z   CARGO_HOME: C:\Users\runneradmin\.cargo
2026-10-08T02:46:20.3432590Z   CARGO_INCREMENTAL: 0
2026-10-08T02:46:20.3432946Z   CARGO_TERM_COLOR: always
2026-10-08T02:46:20.3433299Z ##[endgroup]
2026-10-08T02:46:20.7801557Z warning: unreachable statement
2026-10-08T02:46:20.7802418Z    --> src\output.rs:881:5
2026-10-08T02:46:20.7803194Z     |
2026-10-08T02:46:20.7803805Z 875 | /         return Err(err(
2026-10-08T02:46:20.7804732Z 876 | |             "CAPABILITY_UNAVAILABLE",
2026-10-08T02:46:20.7806062Z 877 | |             "Supervised manual capture is currently verified only on Unix",
2026-10-08T02:46:20.7807177Z 878 | |             6,
2026-10-08T02:46:20.7807910Z 879 | |         ));
2026-10-08T02:46:20.7825143Z     | |__________- any code following this expression is unreachable
2026-10-08T02:46:20.7826057Z 880 |       }
2026-10-08T02:46:20.7826801Z 881 |       let registered = expected_binding.is_some();
2026-10-08T02:46:20.7827816Z     |       ^^^^^^^^^^^^^^^^^^^^^^^^^^^^^^^^^^^^^^^^^^^^ unreachable statement
2026-10-08T02:46:20.7828564Z     |
2026-10-08T02:46:20.7829367Z     = note: `#[warn(unreachable_code)]` (part of `#[warn(unused)]`) on by default
2026-10-08T02:46:20.7830014Z 
2026-10-08T02:46:20.7830370Z warning: unreachable statement
2026-10-08T02:46:20.7831324Z    --> src\runner.rs:984:13
2026-10-08T02:46:20.7831872Z     |
2026-10-08T02:46:20.7832478Z 978 | /                 return Err(error(
2026-10-08T02:46:20.7833422Z 979 | |                     "CAPABILITY_UNAVAILABLE",
2026-10-08T02:46:20.7835126Z 980 | |                     "Registered process supervision is supported only on verified Unix backend",
2026-10-08T02:46:20.7836375Z 981 | |                     6,
2026-10-08T02:46:20.7839164Z 982 | |                 ));
2026-10-08T02:46:20.7841641Z     | |__________________- any code following this expression is unreachable
2026-10-08T02:46:20.7844433Z 983 |               }
2026-10-08T02:46:20.7846889Z 984 | /             if *budget_bytes < 8192 {
2026-10-08T02:46:20.7847822Z 985 | |                 return Err(error(
2026-10-08T02:46:20.7849161Z 986 | |                     "BUDGET_TOO_SMALL",
2026-10-08T02:46:20.7850379Z 987 | |                     "Registered evidence metadata requires 8192-byte minimum before execution",
2026-10-08T02:46:20.7851496Z 988 | |                     8,
2026-10-08T02:46:20.7852196Z 989 | |                 ));
2026-10-08T02:46:20.7852918Z 990 | |             }
2026-10-08T02:46:20.7853649Z     | |_____________^ unreachable statement
2026-10-08T02:46:20.7854109Z 
2026-10-08T02:46:20.7857005Z warning: variable does not need to be mutable
2026-10-08T02:46:20.7857851Z    --> src\output.rs:856:5
2026-10-08T02:46:20.7858707Z     |
2026-10-08T02:46:20.7859377Z 856 |     mut on_spawn: Option<&mut dyn FnMut(u32) -> Result<()>>,
2026-10-08T02:46:20.7860184Z     |     ----^^^^^^^^
2026-10-08T02:46:20.7860755Z     |     |
2026-10-08T02:46:20.7861379Z     |     help: remove this `mut`
2026-10-08T02:46:20.7861912Z     |
2026-10-08T02:46:20.7862667Z     = note: `#[warn(unused_mut)]` (part of `#[warn(unused)]`) on by default
2026-10-08T02:46:20.7863626Z 
2026-10-08T02:46:20.7864063Z warning: variable does not need to be mutable
2026-10-08T02:46:20.7864801Z    --> src\output.rs:857:5
2026-10-08T02:46:20.7865304Z     |
2026-10-08T02:46:20.7865948Z 857 |     mut on_poll: Option<&mut dyn FnMut() -> Result<()>>,
2026-10-08T02:46:20.7866772Z     |     ----^^^^^^^
2026-10-08T02:46:20.7867393Z     |     |
2026-10-08T02:46:20.7867915Z     |     help: remove this `mut`
2026-10-08T02:46:20.7868143Z 
2026-10-08T02:46:20.7868329Z warning: unused variable: `p`
2026-10-08T02:46:20.7868686Z    --> src\output.rs:851:5
2026-10-08T02:46:20.7868952Z     |
2026-10-08T02:46:20.7869226Z 851 |     p: &Project,
2026-10-08T02:46:20.7869752Z     |     ^ help: if this is intentional, prefix it with an underscore: `_p`
2026-10-08T02:46:20.7870207Z     |
2026-10-08T02:46:20.7870629Z     = note: `#[warn(unused_variables)]` (part of `#[warn(unused)]`) on by default
2026-10-08T02:46:20.7870969Z 
2026-10-08T02:46:20.7871192Z warning: unused variable: `cwd`
2026-10-08T02:46:20.7871529Z    --> src\output.rs:853:5
2026-10-08T02:46:20.7871795Z     |
2026-10-08T02:46:20.7872037Z 853 |     cwd: &str,
2026-10-08T02:46:20.7872951Z     |     ^^^ help: if this is intentional, prefix it with an underscore: `_cwd`
2026-10-08T02:46:20.7873541Z 
2026-10-08T02:46:20.7873824Z warning: unused variable: `environment`
2026-10-08T02:46:20.7874508Z    --> src\output.rs:854:5
2026-10-08T02:46:20.7874925Z     |
2026-10-08T02:46:20.7886812Z 854 |     environment: &BTreeMap<String, String>,
2026-10-08T02:46:20.7888515Z     |     ^^^^^^^^^^^ help: if this is intentional, prefix it with an underscore: `_environment`
2026-10-08T02:46:20.7889360Z 
2026-10-08T02:46:20.7889799Z warning: unused variable: `expected_binding`
2026-10-08T02:46:20.7890488Z    --> src\output.rs:855:5
2026-10-08T02:46:20.7890789Z     |
2026-10-08T02:46:20.7891464Z 855 |     expected_binding: Option<&str>,
2026-10-08T02:46:20.7892198Z     |     ^^^^^^^^^^^^^^^^ help: if this is intentional, prefix it with an underscore: `_expected_binding`
2026-10-08T02:46:20.7892662Z 
2026-10-08T02:46:20.7892859Z warning: unused variable: `on_spawn`
2026-10-08T02:46:20.7893230Z    --> src\output.rs:856:5
2026-10-08T02:46:20.7893498Z     |
2026-10-08T02:46:20.7893885Z 856 |     mut on_spawn: Option<&mut dyn FnMut(u32) -> Result<()>>,
2026-10-08T02:46:20.7894575Z     |     ^^^^^^^^^^^^ help: if this is intentional, prefix it with an underscore: `_on_spawn`
2026-10-08T02:46:20.7894967Z 
2026-10-08T02:46:20.7895828Z warning: unused variable: `on_poll`
2026-10-08T02:46:20.7896259Z    --> src\output.rs:857:5
2026-10-08T02:46:20.7896532Z     |
2026-10-08T02:46:20.7896976Z 857 |     mut on_poll: Option<&mut dyn FnMut() -> Result<()>>,
2026-10-08T02:46:20.7897951Z     |     ^^^^^^^^^^^ help: if this is intentional, prefix it with an underscore: `_on_poll`
2026-10-08T02:46:20.7898380Z 
2026-10-08T02:46:20.7898602Z warning: unused variable: `parser_identity`
2026-10-08T02:46:20.7898982Z    --> src\output.rs:858:5
2026-10-08T02:46:20.7899244Z     |
2026-10-08T02:46:20.7899549Z 858 |     parser_identity: Option<&str>,
2026-10-08T02:46:20.7900199Z     |     ^^^^^^^^^^^^^^^ help: if this is intentional, prefix it with an underscore: `_parser_identity`
2026-10-08T02:46:20.7900628Z 
2026-10-08T02:46:20.7900842Z warning: variable does not need to be mutable
2026-10-08T02:46:20.7901480Z    --> src\reader.rs:171:13
2026-10-08T02:46:20.7901970Z     |
2026-10-08T02:46:20.7902496Z 171 |         let mut stable = same_instance
2026-10-08T02:46:20.7902931Z     |             ----^^^^^^
2026-10-08T02:46:20.7903294Z     |             |
2026-10-08T02:46:20.7903644Z     |             help: remove this `mut`
2026-10-08T02:46:20.7903858Z 
2026-10-08T02:46:20.7904031Z warning: unused variable: `job`
2026-10-08T02:46:20.7904440Z    --> src\runner.rs:812:15
2026-10-08T02:46:20.7904946Z     |
2026-10-08T02:46:20.7905498Z 812 | fn group_gone(job: &Job) -> bool {
2026-10-08T02:46:20.7906584Z     |               ^^^ help: if this is intentional, prefix it with an underscore: `_job`
2026-10-08T02:46:20.7907275Z 
2026-10-08T02:46:20.7907623Z warning: unused variable: `task_id`
2026-10-08T02:46:20.7908281Z    --> src\runner.rs:971:13
2026-10-08T02:46:20.7908756Z     |
2026-10-08T02:46:20.7909200Z 971 |             task_id,
2026-10-08T02:46:20.7910267Z     |             ^^^^^^^ help: try ignoring the field: `task_id: _`
2026-10-08T02:46:20.7910828Z 
2026-10-08T02:46:20.7911133Z warning: unused variable: `key`
2026-10-08T02:46:20.7912205Z    --> src\runner.rs:972:13
2026-10-08T02:46:20.7912701Z     |
2026-10-08T02:46:20.7913196Z 972 |             key,
2026-10-08T02:46:20.7914060Z     |             ^^^ help: try ignoring the field: `key: _`
2026-10-08T02:46:20.7914537Z 
2026-10-08T02:46:20.7914781Z warning: unused variable: `run`
2026-10-08T02:46:20.7915298Z    --> src\runner.rs:973:13
2026-10-08T02:46:20.7915764Z     |
2026-10-08T02:46:20.7916131Z 973 |             run,
2026-10-08T02:46:20.7916824Z     |             ^^^ help: try ignoring the field: `run: _`
2026-10-08T02:46:20.7917223Z 
2026-10-08T02:46:20.7917438Z warning: unused variable: `budget_bytes`
2026-10-08T02:46:20.7917814Z    --> src\runner.rs:974:13
2026-10-08T02:46:20.7918085Z     |
2026-10-08T02:46:20.7918349Z 974 |             budget_bytes,
2026-10-08T02:46:20.7918853Z     |             ^^^^^^^^^^^^ help: try ignoring the field: `budget_bytes: _`
2026-10-08T02:46:20.7919271Z 
2026-10-08T02:46:20.7919544Z warning: unused variable: `s`
2026-10-08T02:46:20.7920145Z     --> src\schedule.rs:2008:9
2026-10-08T02:46:20.7920839Z      |
2026-10-08T02:46:20.7921362Z 2008 |     let s = get(&tx, namespace, id)?;
2026-10-08T02:46:20.7922405Z      |         ^ help: if this is intentional, prefix it with an underscore: `_s`
2026-10-08T02:46:20.7923081Z 
2026-10-08T02:46:20.7923528Z warning: function `artifact_policy` is never used
2026-10-08T02:46:20.7924249Z     --> src\pack.rs:1060:4
2026-10-08T02:46:20.7924671Z      |
2026-10-08T02:46:20.7925379Z 1060 | fn artifact_policy(p: &Project, manifest: &Value) -> Result<()> {
2026-10-08T02:46:20.7926198Z      |    ^^^^^^^^^^^^^^^
2026-10-08T02:46:20.7926674Z      |
2026-10-08T02:46:20.7927356Z      = note: `#[warn(dead_code)]` (part of `#[warn(unused)]`) on by default
2026-10-08T02:46:20.7927937Z 
2026-10-08T02:46:20.7928318Z warning: function `read_bytes` is never used
2026-10-08T02:46:20.7928986Z     --> src\pack.rs:1122:4
2026-10-08T02:46:20.7929435Z      |
2026-10-08T02:46:20.7930358Z 1122 | fn read_bytes(mut file: fs::File, remaining: usize) -> Result<Vec<u8>> {
2026-10-08T02:46:20.7931020Z      |    ^^^^^^^^^^
2026-10-08T02:46:20.7931344Z 
2026-10-08T02:46:20.7931987Z warning: function `read_single` is never used
2026-10-08T02:46:20.7932658Z     --> src\pack.rs:1302:4
2026-10-08T02:46:20.7933098Z      |
2026-10-08T02:46:20.7933770Z 1302 | fn read_single(p: &Project, bytes: Vec<u8>) -> Result<Artifact> {
2026-10-08T02:46:20.7934569Z      |    ^^^^^^^^^^^
2026-10-08T02:46:20.7934866Z 
2026-10-08T02:46:20.7935492Z warning: `pctx` (lib) generated 21 warnings (run `cargo fix --lib -p pctx` to apply 16 suggestions)
2026-10-08T02:46:20.7936498Z    Compiling pctx v0.1.0-dev (D:\a\pctx\pctx)
2026-10-08T02:46:22.2421765Z     Finished `test` profile [unoptimized + debuginfo] target(s) in 1.60s
2026-10-08T02:46:22.2506008Z      Running tests\cli_contract.rs (target\debug\deps\cli_contract-01e85f71d5deda3e.exe)
2026-10-08T02:46:22.2618345Z 
2026-10-08T02:46:22.2618957Z running 14 tests
2026-10-08T02:46:22.2863226Z test invalid_json_cli_inputs_still_return_one_json_document ... ok
2026-10-08T02:46:22.3014696Z test invalid_capacity_is_json_even_for_markdown_and_never_writes_output ... ok
2026-10-08T02:46:22.3037376Z test context_budget_is_exact_json_and_required_rules_are_not_cut ... FAILED
2026-10-08T02:46:22.3259478Z test invalid_project_and_merged_user_policy_never_become_successful_empty_results ... FAILED
2026-10-08T02:46:22.3300981Z test inventory_cli_reports_static_candidates_without_execution_or_authority ... FAILED
2026-10-08T02:46:22.3437283Z test markdown_is_a_safe_document_and_unsupported_formats_precede_writes ... FAILED
2026-10-08T02:46:22.3573423Z test ndjson_snapshot_follow_and_resume_have_no_event_gap ... FAILED
2026-10-08T02:46:22.3712713Z test non_git_exploration_changes_and_idempotent_init ... FAILED
2026-10-08T02:46:22.3722740Z test minimum_error_budget_boundary_is_argument_validation_before_project_access ... ok
2026-10-08T02:46:22.4069224Z test security_applies_to_direct_reads_and_cached_metadata ... FAILED
2026-10-08T02:46:22.4074327Z test every_stdout_budget_route_rejects_tiny_capacity_without_child_or_local_files ... ok
2026-10-08T02:46:22.4112045Z test strict_lookup_retains_available_evidence_and_reports_incomplete_refresh ... FAILED
2026-10-08T02:46:22.4117424Z test tiny_budgets_preserve_index_lease_checks_and_context_receipt_ledgers ... FAILED
2026-10-08T02:46:22.4309228Z test valid_minimum_capacity_with_oversize_mandatory_rule_keeps_budget_exit_eight ... FAILED
2026-10-08T02:46:22.4310311Z 
2026-10-08T02:46:22.4310479Z failures:
2026-10-08T02:46:22.4311197Z 
2026-10-08T02:46:22.4312051Z ---- context_budget_is_exact_json_and_required_rules_are_not_cut stdout ----
2026-10-08T02:46:22.4312587Z 
2026-10-08T02:46:22.4312951Z thread 'context_budget_is_exact_json_and_required_rules_are_not_cut' (4496) panicked at tests\cli_contract.rs:33:9:
2026-10-08T02:46:22.4314960Z ["init"]: {"command":"init","coverage":{"reasons":["IO_ERROR"],"status":"partial"},"data":null,"errors":[{"code":"IO_ERROR","message":"Filesystem operation failed","retryable":false}],"generation_id":null,"project_id":null,"schema_version":"1.0","status":"error","truncation":{"reasons":[],"truncated":false},"validation":{"checked_at":"2026-10-08T02:46:22.298837+00:00","mode":"matched","scope":[],"workspace_atomic":false},"warnings":[],"workspace_id":null}
2026-10-08T02:46:22.4317148Z  
2026-10-08T02:46:22.4317459Z note: run with `RUST_BACKTRACE=1` environment variable to display a backtrace
2026-10-08T02:46:22.4317767Z 
2026-10-08T02:46:22.4318045Z ---- invalid_project_and_merged_user_policy_never_become_successful_empty_results stdout ----
2026-10-08T02:46:22.4318413Z 
2026-10-08T02:46:22.4318807Z thread 'invalid_project_and_merged_user_policy_never_become_successful_empty_results' (8528) panicked at tests\cli_contract.rs:33:9:
2026-10-08T02:46:22.4320680Z ["init"]: {"command":"init","coverage":{"reasons":["IO_ERROR"],"status":"partial"},"data":null,"errors":[{"code":"IO_ERROR","message":"Filesystem operation failed","retryable":false}],"generation_id":null,"project_id":null,"schema_version":"1.0","status":"error","truncation":{"reasons":[],"truncated":false},"validation":{"checked_at":"2026-10-08T02:46:22.316237400+00:00","mode":"matched","scope":[],"workspace_atomic":false},"warnings":[],"workspace_id":null}
2026-10-08T02:46:22.4322211Z  
2026-10-08T02:46:22.4322292Z 
2026-10-08T02:46:22.4322529Z ---- inventory_cli_reports_static_candidates_without_execution_or_authority stdout ----
2026-10-08T02:46:22.4322869Z 
2026-10-08T02:46:22.4323250Z thread 'inventory_cli_reports_static_candidates_without_execution_or_authority' (6500) panicked at tests\cli_contract.rs:33:9:
2026-10-08T02:46:22.4325086Z ["init"]: {"command":"init","coverage":{"reasons":["IO_ERROR"],"status":"partial"},"data":null,"errors":[{"code":"IO_ERROR","message":"Filesystem operation failed","retryable":false}],"generation_id":null,"project_id":null,"schema_version":"1.0","status":"error","truncation":{"reasons":[],"truncated":false},"validation":{"checked_at":"2026-10-08T02:46:22.326084900+00:00","mode":"matched","scope":[],"workspace_atomic":false},"warnings":[],"workspace_id":null}
2026-10-08T02:46:22.4328136Z  
2026-10-08T02:46:22.4328283Z 
2026-10-08T02:46:22.4328665Z ---- markdown_is_a_safe_document_and_unsupported_formats_precede_writes stdout ----
2026-10-08T02:46:22.4329232Z 
2026-10-08T02:46:22.4329880Z thread 'markdown_is_a_safe_document_and_unsupported_formats_precede_writes' (10044) panicked at tests\cli_contract.rs:33:9:
2026-10-08T02:46:22.4333450Z ["init"]: {"command":"init","coverage":{"reasons":["IO_ERROR"],"status":"partial"},"data":null,"errors":[{"code":"IO_ERROR","message":"Filesystem operation failed","retryable":false}],"generation_id":null,"project_id":null,"schema_version":"1.0","status":"error","truncation":{"reasons":[],"truncated":false},"validation":{"checked_at":"2026-10-08T02:46:22.338628+00:00","mode":"matched","scope":[],"workspace_atomic":false},"warnings":[],"workspace_id":null}
2026-10-08T02:46:22.4336062Z  
2026-10-08T02:46:22.4336218Z 
2026-10-08T02:46:22.4336507Z ---- ndjson_snapshot_follow_and_resume_have_no_event_gap stdout ----
2026-10-08T02:46:22.4336964Z 
2026-10-08T02:46:22.4337478Z thread 'ndjson_snapshot_follow_and_resume_have_no_event_gap' (9312) panicked at tests\cli_contract.rs:33:9:
2026-10-08T02:46:22.4341623Z ["init"]: {"command":"init","coverage":{"reasons":["IO_ERROR"],"status":"partial"},"data":null,"errors":[{"code":"IO_ERROR","message":"Filesystem operation failed","retryable":false}],"generation_id":null,"project_id":null,"schema_version":"1.0","status":"error","truncation":{"reasons":[],"truncated":false},"validation":{"checked_at":"2026-10-08T02:46:22.352487500+00:00","mode":"matched","scope":[],"workspace_atomic":false},"warnings":[],"workspace_id":null}
2026-10-08T02:46:22.4344442Z  
2026-10-08T02:46:22.4344599Z 
2026-10-08T02:46:22.4344879Z ---- non_git_exploration_changes_and_idempotent_init stdout ----
2026-10-08T02:46:22.4345976Z error: test failed, to rerun pass `--test cli_contract`
2026-10-08T02:46:22.4346461Z 
2026-10-08T02:46:22.4347018Z thread 'non_git_exploration_changes_and_idempotent_init' (2740) panicked at tests\cli_contract.rs:33:9:
2026-10-08T02:46:22.4350221Z ["init"]: {"command":"init","coverage":{"reasons":["IO_ERROR"],"status":"partial"},"data":null,"errors":[{"code":"IO_ERROR","message":"Filesystem operation failed","retryable":false}],"generation_id":null,"project_id":null,"schema_version":"1.0","status":"error","truncation":{"reasons":[],"truncated":false},"validation":{"checked_at":"2026-10-08T02:46:22.366986500+00:00","mode":"matched","scope":[],"workspace_atomic":false},"warnings":[],"workspace_id":null}
2026-10-08T02:46:22.4353250Z  
2026-10-08T02:46:22.4353399Z 
2026-10-08T02:46:22.4353691Z ---- security_applies_to_direct_reads_and_cached_metadata stdout ----
2026-10-08T02:46:22.4354145Z 
2026-10-08T02:46:22.4354670Z thread 'security_applies_to_direct_reads_and_cached_metadata' (9488) panicked at tests\cli_contract.rs:33:9:
2026-10-08T02:46:22.4357665Z ["init"]: {"command":"init","coverage":{"reasons":["IO_ERROR"],"status":"partial"},"data":null,"errors":[{"code":"IO_ERROR","message":"Filesystem operation failed","retryable":false}],"generation_id":null,"project_id":null,"schema_version":"1.0","status":"error","truncation":{"reasons":[],"truncated":false},"validation":{"checked_at":"2026-10-08T02:46:22.387523700+00:00","mode":"matched","scope":[],"workspace_atomic":false},"warnings":[],"workspace_id":null}
2026-10-08T02:46:22.4360309Z  
2026-10-08T02:46:22.4360438Z 
2026-10-08T02:46:22.4360838Z ---- strict_lookup_retains_available_evidence_and_reports_incomplete_refresh stdout ----
2026-10-08T02:46:22.4361452Z 
2026-10-08T02:46:22.4362127Z thread 'strict_lookup_retains_available_evidence_and_reports_incomplete_refresh' (6016) panicked at tests\cli_contract.rs:33:9:
2026-10-08T02:46:22.4365354Z ["init"]: {"command":"init","coverage":{"reasons":["IO_ERROR"],"status":"partial"},"data":null,"errors":[{"code":"IO_ERROR","message":"Filesystem operation failed","retryable":false}],"generation_id":null,"project_id":null,"schema_version":"1.0","status":"error","truncation":{"reasons":[],"truncated":false},"validation":{"checked_at":"2026-10-08T02:46:22.407377900+00:00","mode":"matched","scope":[],"workspace_atomic":false},"warnings":[],"workspace_id":null}
2026-10-08T02:46:22.4368177Z  
2026-10-08T02:46:22.4368319Z 
2026-10-08T02:46:22.4368701Z ---- tiny_budgets_preserve_index_lease_checks_and_context_receipt_ledgers stdout ----
2026-10-08T02:46:22.4369641Z 
2026-10-08T02:46:22.4370300Z thread 'tiny_budgets_preserve_index_lease_checks_and_context_receipt_ledgers' (6280) panicked at tests\cli_contract.rs:33:9:
2026-10-08T02:46:22.4373543Z ["init"]: {"command":"init","coverage":{"reasons":["IO_ERROR"],"status":"partial"},"data":null,"errors":[{"code":"IO_ERROR","message":"Filesystem operation failed","retryable":false}],"generation_id":null,"project_id":null,"schema_version":"1.0","status":"error","truncation":{"reasons":[],"truncated":false},"validation":{"checked_at":"2026-10-08T02:46:22.407895400+00:00","mode":"matched","scope":[],"workspace_atomic":false},"warnings":[],"workspace_id":null}
2026-10-08T02:46:22.4376202Z  
2026-10-08T02:46:22.4376339Z 
2026-10-08T02:46:22.4376799Z ---- valid_minimum_capacity_with_oversize_mandatory_rule_keeps_budget_exit_eight stdout ----
2026-10-08T02:46:22.4377424Z 
2026-10-08T02:46:22.4378112Z thread 'valid_minimum_capacity_with_oversize_mandatory_rule_keeps_budget_exit_eight' (10124) panicked at tests\cli_contract.rs:33:9:
2026-10-08T02:46:22.4381489Z ["init"]: {"command":"init","coverage":{"reasons":["IO_ERROR"],"status":"partial"},"data":null,"errors":[{"code":"IO_ERROR","message":"Filesystem operation failed","retryable":false}],"generation_id":null,"project_id":null,"schema_version":"1.0","status":"error","truncation":{"reasons":[],"truncated":false},"validation":{"checked_at":"2026-10-08T02:46:22.427381500+00:00","mode":"matched","scope":[],"workspace_atomic":false},"warnings":[],"workspace_id":null}
2026-10-08T02:46:22.4384050Z  
2026-10-08T02:46:22.4384141Z 
2026-10-08T02:46:22.4384145Z 
2026-10-08T02:46:22.4384219Z failures:
2026-10-08T02:46:22.4384571Z     context_budget_is_exact_json_and_required_rules_are_not_cut
2026-10-08T02:46:22.4385400Z     invalid_project_and_merged_user_policy_never_become_successful_empty_results
2026-10-08T02:46:22.4386115Z     inventory_cli_reports_static_candidates_without_execution_or_authority
2026-10-08T02:46:22.4386592Z     markdown_is_a_safe_document_and_unsupported_formats_precede_writes
2026-10-08T02:46:22.4386988Z     ndjson_snapshot_follow_and_resume_have_no_event_gap
2026-10-08T02:46:22.4387319Z     non_git_exploration_changes_and_idempotent_init
2026-10-08T02:46:22.4387651Z     security_applies_to_direct_reads_and_cached_metadata
2026-10-08T02:46:22.4388056Z     strict_lookup_retains_available_evidence_and_reports_incomplete_refresh
2026-10-08T02:46:22.4388526Z     tiny_budgets_preserve_index_lease_checks_and_context_receipt_ledgers
2026-10-08T02:46:22.4389002Z     valid_minimum_capacity_with_oversize_mandatory_rule_keeps_budget_exit_eight
2026-10-08T02:46:22.4389313Z 
2026-10-08T02:46:22.4389911Z test result: FAILED. 4 passed; 10 failed; 0 ignored; 0 measured; 0 filtered out; finished in 0.17s
2026-10-08T02:46:22.4390282Z 
2026-10-08T02:46:22.5655756Z ##[error]Process completed with exit code 1.
2026-10-08T02:46:22.5910577Z Post job cleanup.
2026-10-08T02:46:22.7813102Z [command]"C:\Program Files\Git\bin\git.exe" version
2026-10-08T02:46:22.8107914Z git version 2.55.0.windows.5
2026-10-08T02:46:22.8186654Z Temporarily overriding HOME='D:\a\_temp\445eaeff-c1da-4d46-bdce-8e9cc3ec6abe' before making global git config changes
2026-10-08T02:46:22.8187960Z Adding repository directory to the temporary git global config as a safe directory
2026-10-08T02:46:22.8198991Z [command]"C:\Program Files\Git\bin\git.exe" config --global --add safe.directory D:\a\pctx\pctx
2026-10-08T02:46:22.8573871Z [command]"C:\Program Files\Git\bin\git.exe" config --local --name-only --get-regexp core\.sshCommand
2026-10-08T02:46:22.8942286Z [command]"C:\Program Files\Git\bin\git.exe" submodule foreach --recursive "sh -c \"git config --local --name-only --get-regexp 'core\.sshCommand' && git config --local --unset-all 'core.sshCommand' || :\""
2026-10-08T02:46:23.4662640Z [command]"C:\Program Files\Git\bin\git.exe" config --local --name-only --get-regexp http\.https\:\/\/github\.com\/\.extraheader
2026-10-08T02:46:23.4925267Z http.https://github.com/.extraheader
2026-10-08T02:46:23.4971293Z [command]"C:\Program Files\Git\bin\git.exe" config --local --unset-all http.https://github.com/.extraheader
2026-10-08T02:46:23.5273929Z [command]"C:\Program Files\Git\bin\git.exe" submodule foreach --recursive "sh -c \"git config --local --name-only --get-regexp 'http\.https\:\/\/github\.com\/\.extraheader' && git config --local --unset-all 'http.https://github.com/.extraheader' || :\""
2026-10-08T02:46:24.0392265Z [command]"C:\Program Files\Git\bin\git.exe" config --local --name-only --get-regexp ^includeIf\.gitdir:
2026-10-08T02:46:24.0697240Z [command]"C:\Program Files\Git\bin\git.exe" submodule foreach --recursive "git config --local --show-origin --name-only --get-regexp remote.origin.url"
2026-10-08T02:46:24.6379163Z Cleaning up orphan processes
2026-10-08T02:46:24.6660475Z Terminate orphan process: pid (3440) (vctip)
2026-10-08T02:46:24.6768188Z ##[warning]Node.js 20 is deprecated. The following actions target Node.js 20 but are being forced to run on Node.js 24: actions/checkout@v4. For more information see: https://github.blog/changelog/2025-09-19-deprecation-of-node-20-on-github-actions-runners/
