   Compiling pctx v0.1.0-dev (/Users/dev/PCTX)
    Finished `test` profile [unoptimized + debuginfo] target(s) in 3.96s
     Running tests/pack.rs (target/debug/deps/pack-8d09189cdcc06191)

running 11 tests
test giant_item_and_total_budget_fail_without_plans_or_publication ... ok
test inspection_reapplies_source_artifact_policy_and_masks_untrusted_manifest ... ok
test forged_budgets_parts_and_json_complexity_are_rejected_before_load ... ok
test stale_source_policy_task_and_wrong_expected_hash_do_not_publish ... ok
test signatures_keep_notices_and_single_json_verifies ... ok
test legacy_plan_requires_replanning_but_legacy_artifact_remains_readable ... ok
test racing_artifact_parent_symlink_never_reads_outside_marker ... ok
test integrity_tamper_missing_parts_and_missing_original_are_distinct ... ok
test symlink_output_input_overlap_and_overwrite_are_denied ... ok
test immutable_plan_has_no_source_metadata_default_and_full_masks_preserves_license ... ok
test task_or_parser_revision_changes_make_current_source_pack_stale ... ok

test result: ok. 11 passed; 0 failed; 0 ignored; 0 measured; 0 filtered out; finished in 0.72s

     Running tests/project_documents.rs (target/debug/deps/project_documents-7b87e5d6e076ca8b)

running 12 tests
test rules_are_scoped_required_and_keep_source_provenance ... ok
test legacy_instructions_are_opaque_and_all_returned_metadata_is_masked ... ok
test decision_lifecycle_never_promotes_retired_or_proposed_claims ... ok
test corrupt_lineage_cannot_silently_promote_current_guidance ... ok
test decisions_keep_superseded_records_and_report_unresolved_references ... ok
test proposed_replacement_cannot_retire_current_claim_and_cancellation_cannot_revive_predecessor ... ok
test tags_aliases_duplicate_ids_and_excess_nesting_are_rejected ... ok
test structured_conflicts_fail_but_natural_contradictions_remain_data ... ok
test invalid_reinstatement_rolls_back_observations_and_workspace_history_is_isolated ... ok
test retirement_survives_replacement_deletion_and_explicit_reinstatement_is_required ... ok
test control_backup_preserves_lineage_without_reactivating_guidance ... ok
test lineage_payload_byte_limit_precedes_materialization_and_rolls_back_new_edges ... ok

test result: ok. 12 passed; 0 failed; 0 ignored; 0 measured; 0 filtered out; finished in 0.16s

     Running tests/session_render_budget.rs (target/debug/deps/session_render_budget-2e37552a4a4fa12a)

running 11 tests
test managed_decision_topics_and_handoff_sources_are_not_packet_topic_overrides ... ok
test terminal_escape_overflow_is_rejected_before_context_emission_or_event ... ok
test source_topics_cannot_be_bypassed_by_public_packet_seed_or_pack_scope ... ok
test exact_final_budget_and_representation_receipts_require_explicit_ack ... ok
test adaptive_delta_resends_unreceived_body_and_reuses_acknowledged_receipts ... ok
test original_cli_budget_bounds_writer_admission_without_context_or_epoch_writes ... ok
test supersession_links_invalidate_unchanged_source_without_reviving_it_on_replacement_cancellation ... ok
test registered_role_and_topic_controls_precede_context_and_resume_requires_fresh_baseline ... ok
test unchanged_git_does_not_hide_decision_or_memory_change_retirement_and_deletion ... ok
test pack_consumer_binding_uses_actual_agent_lease_and_cannot_survive_policy_or_epoch_change ... ok
test omitted_sources_are_not_acknowledged_and_later_delivery_is_explicit ... ok

test result: ok. 11 passed; 0 failed; 0 ignored; 0 measured; 0 filtered out; finished in 4.02s

     Running tests/source_delivery.rs (target/debug/deps/source_delivery-44cd435aa4e14b0e)

running 11 tests
test default_empty_policy_serialization_preserves_existing_hash_input ... ok
test linked_or_oversized_current_configuration_is_never_a_missing_fixture ... ok
test captured_policy_cannot_authorize_changed_current_project_configuration ... ok
test configuration_scope_and_label_bounds_fail_before_delivery_effects ... ok
test expired_original_budget_and_noncanonical_paths_never_gain_authority ... ok
test initialized_registry_marker_prevents_missing_configuration_fixture_exception ... ok
test retained_policy_detects_configuration_deletion_creation_and_policy_changes ... ok
test unknown_without_quiet_controls_is_allowed_but_bound_to_path_and_classification ... ok
test overlapping_owner_assignments_union_and_public_cannot_declassify_quiet_source ... ok
test wildcard_pause_rechecks_explicit_public_sources_after_policy_construction ... ok
test unknown_source_under_quiet_controls_is_denied_even_inside_public_packet ... ok

test result: ok. 11 passed; 0 failed; 0 ignored; 0 measured; 0 filtered out; finished in 0.04s

