   Compiling pctx v0.1.0-dev (/Users/dev/PCTX)
    Finished `test` profile [unoptimized + debuginfo] target(s) in 2.78s
     Running unittests src/lib.rs (target/debug/deps/pctx-5b890fbe8b9ccc68)

running 7 tests
test search::tests::literal_smart_case ... ok
test output::capture_tests::incomplete_private_key_never_reaches_records ... ok
test search::tests::boolean_precedence_and_bounds ... ok
test broker::tests::nul_names_rename_and_unborn_metadata_are_machine_parsed ... ok
test output::capture_tests::split_secret_and_ansi_never_survive_normalization ... ok
test output::capture_tests::registered_git_nul_capture_preserves_filename_controls_and_record_boundaries ... ok
test output::capture_tests::oversize_binary_invalid_utf8_and_record_counts_are_bounded ... ok

test result: ok. 7 passed; 0 failed; 0 ignored; 0 measured; 0 filtered out; finished in 0.04s

     Running unittests src/main.rs (target/debug/deps/pctx-cffd0a6122448b81)

running 0 tests

test result: ok. 0 passed; 0 failed; 0 ignored; 0 measured; 0 filtered out; finished in 0.00s

     Running tests/adapter.rs (target/debug/deps/adapter-da99c1fbd598d921)

running 10 tests
test symlink_configuration_is_rejected ... ok
test malformed_and_version_variation_are_rejected_without_mutation ... ok
test pretool_decisions_never_rewrite_or_execute_declared_commands ... ok
test stale_plans_do_not_change_config ... ok
test permission_events_are_observation_only ... ok
test plans_are_hash_bound_and_preserve_existing_settings ... ok
test edited_owned_hook_conflicts_without_partial_removal ... ok
test uninstall_preserves_user_changes_and_only_removes_new_entries ... ok
test events_delegate_epoch_and_never_ack_or_store_dialogue ... ok
test statusline_cost_is_estimate_context_is_snapshot_and_epoch_is_checked ... ok

test result: ok. 10 passed; 0 failed; 0 ignored; 0 measured; 0 filtered out; finished in 0.24s

     Running tests/broker.rs (target/debug/deps/broker-9b8db9b464717d10)

running 7 tests
test non_git_is_unsupported_and_corrupt_git_is_never_empty_or_clean ... ok
test field_selection_and_nul_filenames_do_not_emit_paths_or_source ... ok
test repo_fsmonitor_script_is_never_executed ... ok
test proven_dead_refresh_owner_can_be_reclaimed_without_ttl_guessing ... ok
test concurrent_refresh_is_shared_but_workspace_and_policy_keys_are_isolated ... ok
test live_refresh_owner_is_not_stolen_by_age_and_returns_pending ... ok
test five_actual_cli_processes_share_one_refresh ... ok

test result: ok. 7 passed; 0 failed; 0 ignored; 0 measured; 0 filtered out; finished in 0.83s

     Running tests/cli_contract.rs (target/debug/deps/cli_contract-b5c67c1361178a48)

running 7 tests
test invalid_json_cli_inputs_still_return_one_json_document ... ok
test inventory_cli_reports_static_candidates_without_execution_or_authority ... ok
test security_applies_to_direct_reads_and_cached_metadata ... ok
test markdown_is_a_safe_document_and_unsupported_formats_precede_writes ... FAILED
test context_budget_is_exact_json_and_required_rules_are_not_cut ... ok
test non_git_exploration_changes_and_idempotent_init ... ok
test ndjson_snapshot_follow_and_resume_have_no_event_gap ... ok

failures:

---- markdown_is_a_safe_document_and_unsupported_formats_precede_writes stdout ----

thread 'markdown_is_a_safe_document_and_unsupported_formats_precede_writes' (7189080) panicked at tests/cli_contract.rs:317:66:
called `Result::unwrap()` on an `Err` value: Error("expected value", line: 1, column: 1)
note: run with `RUST_BACKTRACE=1` environment variable to display a backtrace


failures:
    markdown_is_a_safe_document_and_unsupported_formats_precede_writes

test result: FAILED. 6 passed; 1 failed; 0 ignored; 0 measured; 0 filtered out; finished in 2.19s

error: test failed, to rerun pass `--test cli_contract`
